
> venbook@0.1.0 typecheck
> tsc --noEmit

generated/prisma/edge.js(38,1): error TS2740: Type 'typeof Prisma' is missing the following properties from type 'typeof Prisma': TransactionIsolationLevel, ModelScalarFieldEnum, HotelScalarFieldEnum, UserScalarFieldEnum, and 16 more.
generated/prisma/edge.js(352,8): error TS2339: Property 'runtimeDataModel' does not exist on type '{ previewFeatures: never[]; clientVersion: string; engineVersion: string; activeProvider: string; inlineSchema: string; }'.
generated/prisma/edge.js(353,43): error TS2339: Property 'runtimeDataModel' does not exist on type '{ previewFeatures: never[]; clientVersion: string; engineVersion: string; activeProvider: string; inlineSchema: string; }'.
generated/prisma/edge.js(354,8): error TS2339: Property 'compilerWasm' does not exist on type '{ previewFeatures: never[]; clientVersion: string; engineVersion: string; activeProvider: string; inlineSchema: string; }'.
generated/prisma/edge.js(362,42): error TS7053: Element implicitly has an 'any' type because expression of type '"DEBUG"' can't be used to index type 'typeof globalThis'.
  Property 'DEBUG' does not exist on type 'typeof globalThis'.
generated/prisma/edge.js(363,53): error TS7053: Element implicitly has an 'any' type because expression of type '"DEBUG"' can't be used to index type 'typeof globalThis'.
  Property 'DEBUG' does not exist on type 'typeof globalThis'.
generated/prisma/index-browser.js(17,3): error TS2305: Module '"./runtime/index-browser.js"' has no exported member 'skip'.
generated/prisma/index-browser.js(23,1): error TS2740: Type 'typeof Prisma' is missing the following properties from type 'typeof Prisma': TransactionIsolationLevel, ModelScalarFieldEnum, HotelScalarFieldEnum, UserScalarFieldEnum, and 16 more.
generated/prisma/index.js(38,1): error TS2740: Type 'typeof Prisma' is missing the following properties from type 'typeof Prisma': TransactionIsolationLevel, ModelScalarFieldEnum, HotelScalarFieldEnum, UserScalarFieldEnum, and 16 more.
generated/prisma/index.js(353,8): error TS2339: Property 'runtimeDataModel' does not exist on type '{ previewFeatures: never[]; clientVersion: string; engineVersion: string; activeProvider: string; inlineSchema: string; }'.
generated/prisma/index.js(354,43): error TS2339: Property 'runtimeDataModel' does not exist on type '{ previewFeatures: never[]; clientVersion: string; engineVersion: string; activeProvider: string; inlineSchema: string; }'.
generated/prisma/index.js(355,8): error TS2339: Property 'compilerWasm' does not exist on type '{ previewFeatures: never[]; clientVersion: string; engineVersion: string; activeProvider: string; inlineSchema: string; }'.
generated/prisma/index.js(366,38): error TS2345: Argument of type '{ previewFeatures: never[]; clientVersion: string; engineVersion: string; activeProvider: string; inlineSchema: string; }' is not assignable to parameter of type 'GetPrismaClientConfig'.
  Property 'runtimeDataModel' is missing in type '{ previewFeatures: never[]; clientVersion: string; engineVersion: string; activeProvider: string; inlineSchema: string; }' but required in type 'GetPrismaClientConfig'.
generated/prisma/query_compiler_bg.js(1,158): error TS7006: Parameter 'e' implicitly has an 'any' type.
generated/prisma/query_compiler_bg.js(1,160): error TS7006: Parameter 't' implicitly has an 'any' type.
generated/prisma/query_compiler_bg.js(1,216): error TS7006: Parameter 'e' implicitly has an 'any' type.
generated/prisma/query_compiler_bg.js(1,218): error TS7006: Parameter 't' implicitly has an 'any' type.
generated/prisma/query_compiler_bg.js(1,220): error TS7006: Parameter 'n' implicitly has an 'any' type.
generated/prisma/query_compiler_bg.js(1,222): error TS7006: Parameter '_' implicitly has an 'any' type.
generated/prisma/query_compiler_bg.js(1,388): error TS7006: Parameter 'e' implicitly has an 'any' type.
generated/prisma/query_compiler_bg.js(1,2086): error TS7034: Variable 'o' implicitly has type 'any' in some locations where its type cannot be determined.
generated/prisma/query_compiler_bg.js(1,2099): error TS7006: Parameter 'e' implicitly has an 'any' type.
generated/prisma/query_compiler_bg.js(1,2110): error TS7034: Variable 'p' implicitly has type 'any' in some locations where its type cannot be determined.
generated/prisma/query_compiler_bg.js(1,2137): error TS7005: Variable 'p' implicitly has an 'any' type.
generated/prisma/query_compiler_bg.js(1,2147): error TS7005: Variable 'p' implicitly has an 'any' type.
generated/prisma/query_compiler_bg.js(1,2184): error TS7005: Variable 'o' implicitly has an 'any' type.
generated/prisma/query_compiler_bg.js(1,2202): error TS7005: Variable 'p' implicitly has an 'any' type.
generated/prisma/query_compiler_bg.js(1,2308): error TS7006: Parameter 'e' implicitly has an 'any' type.
generated/prisma/query_compiler_bg.js(1,2310): error TS7006: Parameter 't' implicitly has an 'any' type.
generated/prisma/query_compiler_bg.js(1,2440): error TS7006: Parameter 'e' implicitly has an 'any' type.
generated/prisma/query_compiler_bg.js(1,2442): error TS7006: Parameter 't' implicitly has an 'any' type.
generated/prisma/query_compiler_bg.js(1,2520): error TS2339: Property 'encodeInto' does not exist on type 'never'.
generated/prisma/query_compiler_bg.js(1,2540): error TS7006: Parameter 'e' implicitly has an 'any' type.
generated/prisma/query_compiler_bg.js(1,2542): error TS7006: Parameter 't' implicitly has an 'any' type.
generated/prisma/query_compiler_bg.js(1,2555): error TS2339: Property 'encode' does not exist on type 'never'.
generated/prisma/query_compiler_bg.js(1,2627): error TS7006: Parameter 'e' implicitly has an 'any' type.
generated/prisma/query_compiler_bg.js(1,2629): error TS7006: Parameter 't' implicitly has an 'any' type.
generated/prisma/query_compiler_bg.js(1,2631): error TS7006: Parameter 'n' implicitly has an 'any' type.
generated/prisma/query_compiler_bg.js(1,3012): error TS7034: Variable 'b' implicitly has type 'any' in some locations where its type cannot be determined.
generated/prisma/query_compiler_bg.js(1,3039): error TS7005: Variable 'b' implicitly has an 'any' type.
generated/prisma/query_compiler_bg.js(1,3049): error TS7005: Variable 'b' implicitly has an 'any' type.
generated/prisma/query_compiler_bg.js(1,3073): error TS7005: Variable 'b' implicitly has an 'any' type.
generated/prisma/query_compiler_bg.js(1,3101): error TS7005: Variable 'b' implicitly has an 'any' type.
generated/prisma/query_compiler_bg.js(1,3112): error TS7005: Variable 'o' implicitly has an 'any' type.
generated/prisma/query_compiler_bg.js(1,3146): error TS7005: Variable 'o' implicitly has an 'any' type.
generated/prisma/query_compiler_bg.js(1,3164): error TS7005: Variable 'b' implicitly has an 'any' type.
generated/prisma/query_compiler_bg.js(1,3177): error TS7006: Parameter 'e' implicitly has an 'any' type.
generated/prisma/query_compiler_bg.js(1,3206): error TS7006: Parameter 'e' implicitly has an 'any' type.
generated/prisma/query_compiler_bg.js(2,26): error TS7006: Parameter 'e' implicitly has an 'any' type.
generated/prisma/query_compiler_bg.js(2,28): error TS7006: Parameter 't' implicitly has an 'any' type.
generated/prisma/query_compiler_bg.js(2,81): error TS7006: Parameter 'e' implicitly has an 'any' type.
generated/prisma/query_compiler_bg.js(2,92): error TS7005: Variable 'o' implicitly has an 'any' type.
generated/prisma/query_compiler_bg.js(2,130): error TS7005: Variable 'o' implicitly has an 'any' type.
generated/prisma/query_compiler_bg.js(2,267): error TS7005: Variable 'o' implicitly has an 'any' type.
generated/prisma/query_compiler_bg.js(2,442): error TS7005: Variable 'o' implicitly has an 'any' type.
generated/prisma/query_compiler_bg.js(2,487): error TS7006: Parameter 't' implicitly has an 'any' type.
generated/prisma/query_compiler_bg.js(2,502): error TS7005: Variable 'o' implicitly has an 'any' type.
generated/prisma/query_compiler_bg.js(2,522): error TS7005: Variable 'o' implicitly has an 'any' type.
generated/prisma/query_compiler_bg.js(2,550): error TS7005: Variable 'o' implicitly has an 'any' type.
generated/prisma/query_compiler_bg.js(2,648): error TS7006: Parameter 't' implicitly has an 'any' type.
generated/prisma/query_compiler_bg.js(2,659): error TS7005: Variable 'o' implicitly has an 'any' type.
generated/prisma/query_compiler_bg.js(2,785): error TS7006: Parameter 't' implicitly has an 'any' type.
generated/prisma/query_compiler_bg.js(2,800): error TS7005: Variable 'o' implicitly has an 'any' type.
generated/prisma/query_compiler_bg.js(2,820): error TS7005: Variable 'o' implicitly has an 'any' type.
generated/prisma/query_compiler_bg.js(2,848): error TS7005: Variable 'o' implicitly has an 'any' type.
generated/prisma/query_compiler_bg.js(2,947): error TS7053: Element implicitly has an 'any' type because expression of type 'unique symbol' can't be used to index type 'F'.
  Property '[SymbolConstructor.dispose]' does not exist on type 'F'.
generated/prisma/query_compiler_bg.js(2,1004): error TS7006: Parameter 'e' implicitly has an 'any' type.
generated/prisma/query_compiler_bg.js(2,1006): error TS7006: Parameter 't' implicitly has an 'any' type.
generated/prisma/query_compiler_bg.js(2,1041): error TS7006: Parameter 'e' implicitly has an 'any' type.
generated/prisma/query_compiler_bg.js(2,1072): error TS7006: Parameter 'e' implicitly has an 'any' type.
generated/prisma/query_compiler_bg.js(2,1074): error TS7006: Parameter 't' implicitly has an 'any' type.
generated/prisma/query_compiler_bg.js(2,1101): error TS7005: Variable 'o' implicitly has an 'any' type.
generated/prisma/query_compiler_bg.js(2,1121): error TS7005: Variable 'o' implicitly has an 'any' type.
generated/prisma/query_compiler_bg.js(2,1208): error TS7006: Parameter 'e' implicitly has an 'any' type.
generated/prisma/query_compiler_bg.js(2,1290): error TS7006: Parameter 'e' implicitly has an 'any' type.
generated/prisma/query_compiler_bg.js(2,1292): error TS7006: Parameter 't' implicitly has an 'any' type.
generated/prisma/query_compiler_bg.js(2,1314): error TS7005: Variable 'o' implicitly has an 'any' type.
generated/prisma/query_compiler_bg.js(2,1334): error TS7005: Variable 'o' implicitly has an 'any' type.
generated/prisma/query_compiler_bg.js(2,1421): error TS7006: Parameter 'e' implicitly has an 'any' type.
generated/prisma/query_compiler_bg.js(2,1423): error TS7006: Parameter 't' implicitly has an 'any' type.
generated/prisma/query_compiler_bg.js(2,1451): error TS7006: Parameter 'e' implicitly has an 'any' type.
generated/prisma/query_compiler_bg.js(2,1511): error TS7006: Parameter 'e' implicitly has an 'any' type.
generated/prisma/query_compiler_bg.js(2,1551): error TS7006: Parameter 'e' implicitly has an 'any' type.
generated/prisma/query_compiler_bg.js(2,1583): error TS7006: Parameter 'e' implicitly has an 'any' type.
generated/prisma/query_compiler_bg.js(2,1585): error TS7006: Parameter 't' implicitly has an 'any' type.
generated/prisma/query_compiler_bg.js(2,1611): error TS7006: Parameter 'e' implicitly has an 'any' type.
generated/prisma/query_compiler_bg.js(2,1613): error TS7006: Parameter 't' implicitly has an 'any' type.
generated/prisma/query_compiler_bg.js(2,1730): error TS7006: Parameter 'e' implicitly has an 'any' type.
generated/prisma/query_compiler_bg.js(2,1732): error TS7006: Parameter 't' implicitly has an 'any' type.
generated/prisma/query_compiler_bg.js(2,1792): error TS7005: Variable 'o' implicitly has an 'any' type.
generated/prisma/query_compiler_bg.js(2,1812): error TS7005: Variable 'o' implicitly has an 'any' type.
generated/prisma/query_compiler_bg.js(2,1899): error TS7006: Parameter 'e' implicitly has an 'any' type.
generated/prisma/query_compiler_bg.js(2,1901): error TS7006: Parameter 't' implicitly has an 'any' type.
generated/prisma/query_compiler_bg.js(2,1939): error TS7006: Parameter 'e' implicitly has an 'any' type.
generated/prisma/query_compiler_bg.js(2,1978): error TS7006: Parameter 'e' implicitly has an 'any' type.
generated/prisma/query_compiler_bg.js(2,2011): error TS7006: Parameter 'e' implicitly has an 'any' type.
generated/prisma/query_compiler_bg.js(2,2013): error TS7006: Parameter 't' implicitly has an 'any' type.
generated/prisma/query_compiler_bg.js(2,2043): error TS7006: Parameter 'e' implicitly has an 'any' type.
generated/prisma/query_compiler_bg.js(2,2045): error TS7006: Parameter 't' implicitly has an 'any' type.
generated/prisma/query_compiler_bg.js(2,2072): error TS7006: Parameter 'e' implicitly has an 'any' type.
generated/prisma/query_compiler_bg.js(2,2144): error TS7006: Parameter 'e' implicitly has an 'any' type.
generated/prisma/query_compiler_bg.js(2,2215): error TS7006: Parameter 'e' implicitly has an 'any' type.
generated/prisma/query_compiler_bg.js(2,2261): error TS7006: Parameter 'e' implicitly has an 'any' type.
generated/prisma/query_compiler_bg.js(2,2292): error TS7006: Parameter 'e' implicitly has an 'any' type.
generated/prisma/query_compiler_bg.js(2,2385): error TS7006: Parameter 'e' implicitly has an 'any' type.
generated/prisma/query_compiler_bg.js(2,2485): error TS7006: Parameter 'e' implicitly has an 'any' type.
generated/prisma/query_compiler_bg.js(2,2487): error TS7006: Parameter 't' implicitly has an 'any' type.
generated/prisma/query_compiler_bg.js(2,2489): error TS7006: Parameter 'n' implicitly has an 'any' type.
generated/prisma/query_compiler_bg.js(2,2544): error TS7006: Parameter 'e' implicitly has an 'any' type.
generated/prisma/query_compiler_bg.js(2,2546): error TS7006: Parameter 't' implicitly has an 'any' type.
generated/prisma/query_compiler_bg.js(2,2548): error TS7006: Parameter 'n' implicitly has an 'any' type.
generated/prisma/query_compiler_bg.js(2,2570): error TS7006: Parameter 'e' implicitly has an 'any' type.
generated/prisma/query_compiler_bg.js(2,2572): error TS7006: Parameter 't' implicitly has an 'any' type.
generated/prisma/query_compiler_bg.js(2,2574): error TS7006: Parameter 'n' implicitly has an 'any' type.
generated/prisma/query_compiler_bg.js(2,2607): error TS7006: Parameter 'e' implicitly has an 'any' type.
generated/prisma/query_compiler_bg.js(2,2609): error TS7006: Parameter 't' implicitly has an 'any' type.
generated/prisma/query_compiler_bg.js(2,2611): error TS7006: Parameter 'n' implicitly has an 'any' type.
generated/prisma/query_compiler_bg.js(2,2637): error TS7006: Parameter 'e' implicitly has an 'any' type.
generated/prisma/query_compiler_bg.js(2,2639): error TS7006: Parameter 't' implicitly has an 'any' type.
generated/prisma/query_compiler_bg.js(2,2649): error TS7017: Element implicitly has an 'any' type because type 'typeof globalThis' has no index signature.
generated/prisma/query_compiler_bg.js(2,2708): error TS7006: Parameter 'e' implicitly has an 'any' type.
generated/prisma/query_compiler_bg.js(2,2710): error TS7006: Parameter 't' implicitly has an 'any' type.
generated/prisma/query_compiler_bg.js(2,2739): error TS7006: Parameter 'e' implicitly has an 'any' type.
generated/prisma/query_compiler_bg.js(2,2782): error TS7006: Parameter 'e' implicitly has an 'any' type.
generated/prisma/query_compiler_bg.js(2,2806): error TS7006: Parameter 'e' implicitly has an 'any' type.
generated/prisma/query_compiler_bg.js(2,2840): error TS7005: Variable 'o' implicitly has an 'any' type.
generated/prisma/query_compiler_bg.js(2,2974): error TS2303: Circular definition of import alias 'QueryCompiler'.
generated/prisma/query_compiler_bg.js(2,2974): error TS18004: No value exists in scope for the shorthand property 'QueryCompiler'. Either declare one or provide an initializer.
generated/prisma/query_compiler_bg.js(2,2988): error TS2303: Circular definition of import alias '__wbg_Error_e83987f665cf5504'.
generated/prisma/query_compiler_bg.js(2,2988): error TS18004: No value exists in scope for the shorthand property '__wbg_Error_e83987f665cf5504'. Either declare one or provide an initializer.
generated/prisma/query_compiler_bg.js(2,3017): error TS2303: Circular definition of import alias '__wbg_Number_bb48ca12f395cd08'.
generated/prisma/query_compiler_bg.js(2,3017): error TS18004: No value exists in scope for the shorthand property '__wbg_Number_bb48ca12f395cd08'. Either declare one or provide an initializer.
generated/prisma/query_compiler_bg.js(2,3047): error TS2303: Circular definition of import alias '__wbg_String_8f0eb39a4a4c2f66'.
generated/prisma/query_compiler_bg.js(2,3047): error TS18004: No value exists in scope for the shorthand property '__wbg_String_8f0eb39a4a4c2f66'. Either declare one or provide an initializer.
generated/prisma/query_compiler_bg.js(2,3077): error TS2303: Circular definition of import alias '__wbg___wbindgen_boolean_get_6d5a1ee65bab5f68'.
generated/prisma/query_compiler_bg.js(2,3077): error TS18004: No value exists in scope for the shorthand property '__wbg___wbindgen_boolean_get_6d5a1ee65bab5f68'. Either declare one or provide an initializer.
generated/prisma/query_compiler_bg.js(2,3123): error TS2303: Circular definition of import alias '__wbg___wbindgen_debug_string_df47ffb5e35e6763'.
generated/prisma/query_compiler_bg.js(2,3123): error TS18004: No value exists in scope for the shorthand property '__wbg___wbindgen_debug_string_df47ffb5e35e6763'. Either declare one or provide an initializer.
generated/prisma/query_compiler_bg.js(2,3170): error TS2303: Circular definition of import alias '__wbg___wbindgen_in_bb933bd9e1b3bc0f'.
generated/prisma/query_compiler_bg.js(2,3170): error TS18004: No value exists in scope for the shorthand property '__wbg___wbindgen_in_bb933bd9e1b3bc0f'. Either declare one or provide an initializer.
generated/prisma/query_compiler_bg.js(2,3207): error TS2303: Circular definition of import alias '__wbg___wbindgen_is_object_c818261d21f283a4'.
generated/prisma/query_compiler_bg.js(2,3207): error TS18004: No value exists in scope for the shorthand property '__wbg___wbindgen_is_object_c818261d21f283a4'. Either declare one or provide an initializer.
generated/prisma/query_compiler_bg.js(2,3251): error TS2303: Circular definition of import alias '__wbg___wbindgen_is_string_fbb76cb2940daafd'.
generated/prisma/query_compiler_bg.js(2,3251): error TS18004: No value exists in scope for the shorthand property '__wbg___wbindgen_is_string_fbb76cb2940daafd'. Either declare one or provide an initializer.
generated/prisma/query_compiler_bg.js(2,3295): error TS2303: Circular definition of import alias '__wbg___wbindgen_is_undefined_2d472862bd29a478'.
generated/prisma/query_compiler_bg.js(2,3295): error TS18004: No value exists in scope for the shorthand property '__wbg___wbindgen_is_undefined_2d472862bd29a478'. Either declare one or provide an initializer.
generated/prisma/query_compiler_bg.js(2,3342): error TS2303: Circular definition of import alias '__wbg___wbindgen_jsval_loose_eq_b664b38a2f582147'.
generated/prisma/query_compiler_bg.js(2,3342): error TS18004: No value exists in scope for the shorthand property '__wbg___wbindgen_jsval_loose_eq_b664b38a2f582147'. Either declare one or provide an initializer.
generated/prisma/query_compiler_bg.js(2,3391): error TS2303: Circular definition of import alias '__wbg___wbindgen_number_get_a20bf9b85341449d'.
generated/prisma/query_compiler_bg.js(2,3391): error TS18004: No value exists in scope for the shorthand property '__wbg___wbindgen_number_get_a20bf9b85341449d'. Either declare one or provide an initializer.
generated/prisma/query_compiler_bg.js(2,3436): error TS2303: Circular definition of import alias '__wbg___wbindgen_string_get_e4f06c90489ad01b'.
generated/prisma/query_compiler_bg.js(2,3436): error TS18004: No value exists in scope for the shorthand property '__wbg___wbindgen_string_get_e4f06c90489ad01b'. Either declare one or provide an initializer.
generated/prisma/query_compiler_bg.js(2,3481): error TS2303: Circular definition of import alias '__wbg___wbindgen_throw_b855445ff6a94295'.
generated/prisma/query_compiler_bg.js(2,3481): error TS18004: No value exists in scope for the shorthand property '__wbg___wbindgen_throw_b855445ff6a94295'. Either declare one or provide an initializer.
generated/prisma/query_compiler_bg.js(2,3521): error TS2303: Circular definition of import alias '__wbg_entries_e171b586f8f6bdbf'.
generated/prisma/query_compiler_bg.js(2,3521): error TS18004: No value exists in scope for the shorthand property '__wbg_entries_e171b586f8f6bdbf'. Either declare one or provide an initializer.
generated/prisma/query_compiler_bg.js(2,3552): error TS2303: Circular definition of import alias '__wbg_getTime_14776bfb48a1bff9'.
generated/prisma/query_compiler_bg.js(2,3552): error TS18004: No value exists in scope for the shorthand property '__wbg_getTime_14776bfb48a1bff9'. Either declare one or provide an initializer.
generated/prisma/query_compiler_bg.js(2,3583): error TS2303: Circular definition of import alias '__wbg_get_7bed016f185add81'.
generated/prisma/query_compiler_bg.js(2,3583): error TS18004: No value exists in scope for the shorthand property '__wbg_get_7bed016f185add81'. Either declare one or provide an initializer.
generated/prisma/query_compiler_bg.js(2,3610): error TS2303: Circular definition of import alias '__wbg_get_with_ref_key_1dc361bd10053bfe'.
generated/prisma/query_compiler_bg.js(2,3610): error TS18004: No value exists in scope for the shorthand property '__wbg_get_with_ref_key_1dc361bd10053bfe'. Either declare one or provide an initializer.
generated/prisma/query_compiler_bg.js(2,3650): error TS2303: Circular definition of import alias '__wbg_instanceof_ArrayBuffer_70beb1189ca63b38'.
generated/prisma/query_compiler_bg.js(2,3650): error TS18004: No value exists in scope for the shorthand property '__wbg_instanceof_ArrayBuffer_70beb1189ca63b38'. Either declare one or provide an initializer.
generated/prisma/query_compiler_bg.js(2,3696): error TS2303: Circular definition of import alias '__wbg_instanceof_Uint8Array_20c8e73002f7af98'.
generated/prisma/query_compiler_bg.js(2,3696): error TS18004: No value exists in scope for the shorthand property '__wbg_instanceof_Uint8Array_20c8e73002f7af98'. Either declare one or provide an initializer.
generated/prisma/query_compiler_bg.js(2,3741): error TS2303: Circular definition of import alias '__wbg_isSafeInteger_d216eda7911dde36'.
generated/prisma/query_compiler_bg.js(2,3741): error TS18004: No value exists in scope for the shorthand property '__wbg_isSafeInteger_d216eda7911dde36'. Either declare one or provide an initializer.
generated/prisma/query_compiler_bg.js(2,3778): error TS2303: Circular definition of import alias '__wbg_length_69bca3cb64fc8748'.
generated/prisma/query_compiler_bg.js(2,3778): error TS18004: No value exists in scope for the shorthand property '__wbg_length_69bca3cb64fc8748'. Either declare one or provide an initializer.
generated/prisma/query_compiler_bg.js(2,3808): error TS2303: Circular definition of import alias '__wbg_length_cdd215e10d9dd507'.
generated/prisma/query_compiler_bg.js(2,3808): error TS18004: No value exists in scope for the shorthand property '__wbg_length_cdd215e10d9dd507'. Either declare one or provide an initializer.
generated/prisma/query_compiler_bg.js(2,3838): error TS2303: Circular definition of import alias '__wbg_new_0_f9740686d739025c'.
generated/prisma/query_compiler_bg.js(2,3838): error TS18004: No value exists in scope for the shorthand property '__wbg_new_0_f9740686d739025c'. Either declare one or provide an initializer.
generated/prisma/query_compiler_bg.js(2,3867): error TS2303: Circular definition of import alias '__wbg_new_1acc0b6eea89d040'.
generated/prisma/query_compiler_bg.js(2,3867): error TS18004: No value exists in scope for the shorthand property '__wbg_new_1acc0b6eea89d040'. Either declare one or provide an initializer.
generated/prisma/query_compiler_bg.js(2,3894): error TS2303: Circular definition of import alias '__wbg_new_5a79be3ab53b8aa5'.
generated/prisma/query_compiler_bg.js(2,3894): error TS18004: No value exists in scope for the shorthand property '__wbg_new_5a79be3ab53b8aa5'. Either declare one or provide an initializer.
generated/prisma/query_compiler_bg.js(2,3921): error TS2303: Circular definition of import alias '__wbg_new_68651c719dcda04e'.
generated/prisma/query_compiler_bg.js(2,3921): error TS18004: No value exists in scope for the shorthand property '__wbg_new_68651c719dcda04e'. Either declare one or provide an initializer.
generated/prisma/query_compiler_bg.js(2,3948): error TS2303: Circular definition of import alias '__wbg_new_e17d9f43105b08be'.
generated/prisma/query_compiler_bg.js(2,3948): error TS18004: No value exists in scope for the shorthand property '__wbg_new_e17d9f43105b08be'. Either declare one or provide an initializer.
generated/prisma/query_compiler_bg.js(2,3975): error TS2303: Circular definition of import alias '__wbg_prototypesetcall_2a6620b6922694b2'.
generated/prisma/query_compiler_bg.js(2,3975): error TS18004: No value exists in scope for the shorthand property '__wbg_prototypesetcall_2a6620b6922694b2'. Either declare one or provide an initializer.
generated/prisma/query_compiler_bg.js(2,4015): error TS2303: Circular definition of import alias '__wbg_set_3f1d0b984ed272ed'.
generated/prisma/query_compiler_bg.js(2,4015): error TS18004: No value exists in scope for the shorthand property '__wbg_set_3f1d0b984ed272ed'. Either declare one or provide an initializer.
generated/prisma/query_compiler_bg.js(2,4042): error TS2303: Circular definition of import alias '__wbg_set_907fb406c34a251d'.
generated/prisma/query_compiler_bg.js(2,4042): error TS18004: No value exists in scope for the shorthand property '__wbg_set_907fb406c34a251d'. Either declare one or provide an initializer.
generated/prisma/query_compiler_bg.js(2,4069): error TS2303: Circular definition of import alias '__wbg_set_c213c871859d6500'.
generated/prisma/query_compiler_bg.js(2,4069): error TS18004: No value exists in scope for the shorthand property '__wbg_set_c213c871859d6500'. Either declare one or provide an initializer.
generated/prisma/query_compiler_bg.js(2,4096): error TS2303: Circular definition of import alias '__wbg_set_message_82ae475bb413aa5c'.
generated/prisma/query_compiler_bg.js(2,4096): error TS18004: No value exists in scope for the shorthand property '__wbg_set_message_82ae475bb413aa5c'. Either declare one or provide an initializer.
generated/prisma/query_compiler_bg.js(2,4131): error TS2303: Circular definition of import alias '__wbg_set_wasm'.
generated/prisma/query_compiler_bg.js(2,4131): error TS18004: No value exists in scope for the shorthand property '__wbg_set_wasm'. Either declare one or provide an initializer.
generated/prisma/query_compiler_bg.js(2,4146): error TS2303: Circular definition of import alias '__wbindgen_cast_2241b6af4c4b2941'.
generated/prisma/query_compiler_bg.js(2,4146): error TS18004: No value exists in scope for the shorthand property '__wbindgen_cast_2241b6af4c4b2941'. Either declare one or provide an initializer.
generated/prisma/query_compiler_bg.js(2,4179): error TS2303: Circular definition of import alias '__wbindgen_cast_4625c577ab2ec9ee'.
generated/prisma/query_compiler_bg.js(2,4179): error TS18004: No value exists in scope for the shorthand property '__wbindgen_cast_4625c577ab2ec9ee'. Either declare one or provide an initializer.
generated/prisma/query_compiler_bg.js(2,4212): error TS2303: Circular definition of import alias '__wbindgen_cast_9ae0607507abb057'.
generated/prisma/query_compiler_bg.js(2,4212): error TS18004: No value exists in scope for the shorthand property '__wbindgen_cast_9ae0607507abb057'. Either declare one or provide an initializer.
generated/prisma/query_compiler_bg.js(2,4245): error TS2303: Circular definition of import alias '__wbindgen_cast_d6cd19b81560fd6e'.
generated/prisma/query_compiler_bg.js(2,4245): error TS18004: No value exists in scope for the shorthand property '__wbindgen_cast_d6cd19b81560fd6e'. Either declare one or provide an initializer.
generated/prisma/query_compiler_bg.js(2,4278): error TS2303: Circular definition of import alias '__wbindgen_init_externref_table'.
generated/prisma/query_compiler_bg.js(2,4278): error TS18004: No value exists in scope for the shorthand property '__wbindgen_init_externref_table'. Either declare one or provide an initializer.
generated/prisma/runtime/client.js(5,209): error TS7006: Parameter 'e' implicitly has an 'any' type.
generated/prisma/runtime/client.js(5,211): error TS7006: Parameter 't' implicitly has an 'any' type.
generated/prisma/runtime/client.js(5,244): error TS7006: Parameter 'e' implicitly has an 'any' type.
generated/prisma/runtime/client.js(5,246): error TS7006: Parameter 't' implicitly has an 'any' type.
generated/prisma/runtime/client.js(5,303): error TS7006: Parameter 'e' implicitly has an 'any' type.
generated/prisma/runtime/client.js(5,305): error TS7006: Parameter 't' implicitly has an 'any' type.
generated/prisma/runtime/client.js(5,363): error TS7006: Parameter 'e' implicitly has an 'any' type.
generated/prisma/runtime/client.js(5,365): error TS7006: Parameter 't' implicitly has an 'any' type.
generated/prisma/runtime/client.js(5,367): error TS7006: Parameter 'r' implicitly has an 'any' type.
generated/prisma/runtime/client.js(5,369): error TS7006: Parameter 'n' implicitly has an 'any' type.
generated/prisma/runtime/client.js(5,540): error TS7006: Parameter 'e' implicitly has an 'any' type.
generated/prisma/runtime/client.js(5,542): error TS7006: Parameter 't' implicitly has an 'any' type.
generated/prisma/runtime/client.js(5,544): error TS7006: Parameter 'r' implicitly has an 'any' type.
generated/prisma/runtime/client.js(5,645): error TS7006: Parameter 'e' implicitly has an 'any' type.
generated/prisma/runtime/client.js(5,695): error TS7006: Parameter 'Pm' implicitly has an 'any' type.
generated/prisma/runtime/client.js(5,698): error TS7006: Parameter 'Gl' implicitly has an 'any' type.
generated/prisma/runtime/client.js(5,1216): error TS7006: Parameter 'Vt' implicitly has an 'any' type.
generated/prisma/runtime/client.js(5,1366): error TS7006: Parameter 'Sm' implicitly has an 'any' type.
generated/prisma/runtime/client.js(5,1369): error TS7006: Parameter 'Pi' implicitly has an 'any' type.
generated/prisma/runtime/client.js(5,1399): error TS7006: Parameter 'e' implicitly has an 'any' type.
generated/prisma/runtime/client.js(5,1455): error TS7006: Parameter 'r' implicitly has an 'any' type.
generated/prisma/runtime/client.js(5,1457): error TS7006: Parameter 'n' implicitly has an 'any' type.
generated/prisma/runtime/client.js(5,1502): error TS7006: Parameter 'Rm' implicitly has an 'any' type.
generated/prisma/runtime/client.js(5,1505): error TS7006: Parameter 'Ri' implicitly has an 'any' type.
generated/prisma/runtime/client.js(5,1536): error TS7006: Parameter 'e' implicitly has an 'any' type.
generated/prisma/runtime/client.js(5,1542): error TS7006: Parameter 'r' implicitly has an 'any' type.
generated/prisma/runtime/client.js(5,2039): error TS7006: Parameter 'Nm' implicitly has an 'any' type.
generated/prisma/runtime/client.js(5,2042): error TS7006: Parameter 'jt' implicitly has an 'any' type.
generated/prisma/runtime/client.js(5,2092): error TS2339: Property 'repoUrl' does not exist on type '{}'.
generated/prisma/runtime/client.js(5,2104): error TS2339: Property 'repoUrl' does not exist on type '{}'.
generated/prisma/runtime/client.js(5,2122): error TS2339: Property 'user' does not exist on type '{}'.
generated/prisma/runtime/client.js(5,2130): error TS2339: Property 'repo' does not exist on type '{}'.
generated/prisma/runtime/client.js(5,2161): error TS2339: Property 'user' does not exist on type '{}'.
generated/prisma/runtime/client.js(5,2171): error TS2339: Property 'repo' does not exist on type '{}'.
generated/prisma/runtime/client.js(5,2416): error TS7053: Element implicitly has an 'any' type because expression of type 'string' can't be used to index type '{}'.
  No index signature with a parameter of type 'string' was found on type '{}'.
generated/prisma/runtime/client.js(5,2654): error TS7006: Parameter 'Cf' implicitly has an 'any' type.
generated/prisma/runtime/client.js(5,2657): error TS7006: Parameter 'qi' implicitly has an 'any' type.
generated/prisma/runtime/client.js(5,2709): error TS7006: Parameter 't' implicitly has an 'any' type.
generated/prisma/runtime/client.js(5,2711): error TS7006: Parameter 'r' implicitly has an 'any' type.
generated/prisma/runtime/client.js(5,2713): error TS7006: Parameter 'n' implicitly has an 'any' type.
generated/prisma/runtime/client.js(5,2715): error TS7006: Parameter 'i' implicitly has an 'any' type.
generated/prisma/runtime/client.js(5,2717): error TS7006: Parameter 'o' implicitly has an 'any' type.
generated/prisma/runtime/client.js(5,2776): error TS7006: Parameter 't' implicitly has an 'any' type.
generated/prisma/runtime/client.js(5,2778): error TS7006: Parameter 'r' implicitly has an 'any' type.
generated/prisma/runtime/client.js(5,3535): error TS7006: Parameter 'he' implicitly has an 'any' type.
generated/prisma/runtime/client.js(5,3682): error TS7006: Parameter 'e' implicitly has an 'any' type.
generated/prisma/runtime/client.js(5,3783): error TS7006: Parameter 'e' implicitly has an 'any' type.
generated/prisma/runtime/client.js(5,3887): error TS7006: Parameter 'e' implicitly has an 'any' type.
generated/prisma/runtime/client.js(5,3889): error TS7019: Rest parameter 't' implicitly has an 'any[]' type.
generated/prisma/runtime/client.js(5,4070): error TS7006: Parameter 'e' implicitly has an 'any' type.
generated/prisma/runtime/client.js(5,4236): error TS7006: Parameter 'e' implicitly has an 'any' type.
generated/prisma/runtime/client.js(5,4397): error TS7006: Parameter 'e' implicitly has an 'any' type.
generated/prisma/runtime/client.js(5,4399): error TS7006: Parameter 't' implicitly has an 'any' type.
generated/prisma/runtime/client.js(5,4528): error TS7006: Parameter 'm' implicitly has an 'any' type.
generated/prisma/runtime/client.js(5,4847): error TS7006: Parameter 'e' implicitly has an 'any' type.
generated/prisma/runtime/client.js(5,4952): error TS7006: Parameter 'e' implicitly has an 'any' type.
generated/prisma/runtime/client.js(5,5110): error TS7006: Parameter 'e' implicitly has an 'any' type.
generated/prisma/runtime/client.js(5,5112): error TS7006: Parameter 't' implicitly has an 'any' type.
generated/prisma/runtime/client.js(5,5167): error TS7006: Parameter 'e' implicitly has an 'any' type.
generated/prisma/runtime/client.js(5,5169): error TS7006: Parameter 't' implicitly has an 'any' type.
generated/prisma/runtime/client.js(5,5171): error TS7006: Parameter 'r' implicitly has an 'any' type.
generated/prisma/runtime/client.js(5,5200): error TS7006: Parameter 'e' implicitly has an 'any' type.
generated/prisma/runtime/client.js(5,5202): error TS7006: Parameter 't' implicitly has an 'any' type.
generated/prisma/runtime/client.js(5,5204): error TS7006: Parameter 'r' implicitly has an 'any' type.
generated/prisma/runtime/client.js(5,5241): error TS7006: Parameter 'e' implicitly has an 'any' type.
generated/prisma/runtime/client.js(5,5243): error TS7006: Parameter 't' implicitly has an 'any' type.
generated/prisma/runtime/client.js(5,5245): error TS7006: Parameter 'r' implicitly has an 'any' type.
generated/prisma/runtime/client.js(5,5283): error TS7006: Parameter 'e' implicitly has an 'any' type.
generated/prisma/runtime/client.js(5,5285): error TS7006: Parameter 't' implicitly has an 'any' type.
generated/prisma/runtime/client.js(5,5287): error TS7006: Parameter 'r' implicitly has an 'any' type.
generated/prisma/runtime/client.js(5,5325): error TS7006: Parameter 'e' implicitly has an 'any' type.
generated/prisma/runtime/client.js(5,5327): error TS7006: Parameter 't' implicitly has an 'any' type.
generated/prisma/runtime/client.js(5,5329): error TS7006: Parameter 'r' implicitly has an 'any' type.
generated/prisma/runtime/client.js(5,5370): error TS7006: Parameter 'e' implicitly has an 'any' type.
generated/prisma/runtime/client.js(5,5372): error TS7006: Parameter 't' implicitly has an 'any' type.
generated/prisma/runtime/client.js(5,5374): error TS7006: Parameter 'r' implicitly has an 'any' type.
generated/prisma/runtime/client.js(5,5415): error TS7006: Parameter 'e' implicitly has an 'any' type.
generated/prisma/runtime/client.js(5,5417): error TS7006: Parameter 't' implicitly has an 'any' type.
generated/prisma/runtime/client.js(5,5444): error TS7006: Parameter 'e' implicitly has an 'any' type.
generated/prisma/runtime/client.js(5,5446): error TS7006: Parameter 't' implicitly has an 'any' type.
generated/prisma/runtime/client.js(5,5473): error TS7006: Parameter 'e' implicitly has an 'any' type.
generated/prisma/runtime/client.js(5,5475): error TS7006: Parameter 't' implicitly has an 'any' type.
generated/prisma/runtime/client.js(5,5477): error TS7006: Parameter 'r' implicitly has an 'any' type.
generated/prisma/runtime/client.js(5,5515): error TS7006: Parameter 'e' implicitly has an 'any' type.
generated/prisma/runtime/client.js(5,5517): error TS7006: Parameter 't' implicitly has an 'any' type.
generated/prisma/runtime/client.js(5,5519): error TS7006: Parameter 'r' implicitly has an 'any' type.
generated/prisma/runtime/client.js(5,5557): error TS7006: Parameter 'e' implicitly has an 'any' type.
generated/prisma/runtime/client.js(5,5559): error TS7006: Parameter 't' implicitly has an 'any' type.
generated/prisma/runtime/client.js(5,5561): error TS7006: Parameter 'r' implicitly has an 'any' type.
generated/prisma/runtime/client.js(5,5602): error TS7006: Parameter 'e' implicitly has an 'any' type.
generated/prisma/runtime/client.js(5,5604): error TS7006: Parameter 't' implicitly has an 'any' type.
generated/prisma/runtime/client.js(5,5606): error TS7006: Parameter 'r' implicitly has an 'any' type.
generated/prisma/runtime/client.js(5,5651): error TS7006: Parameter 'e' implicitly has an 'any' type.
generated/prisma/runtime/client.js(5,5653): error TS7006: Parameter 't' implicitly has an 'any' type.
generated/prisma/runtime/client.js(5,5655): error TS7006: Parameter 'r' implicitly has an 'any' type.
generated/prisma/runtime/client.js(5,5657): error TS7006: Parameter 'n' implicitly has an 'any' type.
generated/prisma/runtime/client.js(5,5724): error TS7006: Parameter 'e' implicitly has an 'any' type.
generated/prisma/runtime/client.js(5,5726): error TS7006: Parameter 't' implicitly has an 'any' type.
generated/prisma/runtime/client.js(5,5728): error TS7006: Parameter 'r' implicitly has an 'any' type.
generated/prisma/runtime/client.js(5,5775): error TS7006: Parameter 'e' implicitly has an 'any' type.
generated/prisma/runtime/client.js(5,5777): error TS7006: Parameter 't' implicitly has an 'any' type.
generated/prisma/runtime/client.js(5,5779): error TS7006: Parameter 'r' implicitly has an 'any' type.
generated/prisma/runtime/client.js(5,5781): error TS7006: Parameter 'n' implicitly has an 'any' type.
generated/prisma/runtime/client.js(5,5824): error TS7006: Parameter 'e' implicitly has an 'any' type.
generated/prisma/runtime/client.js(5,5826): error TS7006: Parameter 't' implicitly has an 'any' type.
generated/prisma/runtime/client.js(5,5828): error TS7006: Parameter 'r' implicitly has an 'any' type.
generated/prisma/runtime/client.js(5,5830): error TS7006: Parameter 'n' implicitly has an 'any' type.
generated/prisma/runtime/client.js(5,5885): error TS7006: Parameter 'e' implicitly has an 'any' type.
generated/prisma/runtime/client.js(5,5887): error TS7006: Parameter 't' implicitly has an 'any' type.
generated/prisma/runtime/client.js(5,5889): error TS7006: Parameter 'r' implicitly has an 'any' type.
generated/prisma/runtime/client.js(5,5891): error TS7006: Parameter 'n' implicitly has an 'any' type.
generated/prisma/runtime/client.js(5,5893): error TS7006: Parameter 'i' implicitly has an 'any' type.
generated/prisma/runtime/client.js(5,5938): error TS7006: Parameter 'e' implicitly has an 'any' type.
generated/prisma/runtime/client.js(5,5940): error TS7006: Parameter 't' implicitly has an 'any' type.
generated/prisma/runtime/client.js(5,5942): error TS7006: Parameter 'r' implicitly has an 'any' type.
generated/prisma/runtime/client.js(5,5944): error TS7006: Parameter 'n' implicitly has an 'any' type.
generated/prisma/runtime/client.js(5,5946): error TS7006: Parameter 'i' implicitly has an 'any' type.
generated/prisma/runtime/client.js(5,6009): error TS7006: Parameter 'e' implicitly has an 'any' type.
generated/prisma/runtime/client.js(5,6011): error TS7006: Parameter 't' implicitly has an 'any' type.
generated/prisma/runtime/client.js(5,6013): error TS7006: Parameter 'r' implicitly has an 'any' type.
generated/prisma/runtime/client.js(5,6015): error TS7006: Parameter 'n' implicitly has an 'any' type.
generated/prisma/runtime/client.js(5,6017): error TS7006: Parameter 'i' implicitly has an 'any' type.
generated/prisma/runtime/client.js(5,6019): error TS7006: Parameter 'o' implicitly has an 'any' type.
generated/prisma/runtime/client.js(5,6301): error TS7006: Parameter 'hr' implicitly has an 'any' type.
generated/prisma/runtime/client.js(5,6546): error TS7006: Parameter 'x' implicitly has an 'any' type.
generated/prisma/runtime/client.js(5,6995): error TS7006: Parameter 'e' implicitly has an 'any' type.
generated/prisma/runtime/client.js(5,7099): error TS7006: Parameter 'e' implicitly has an 'any' type.
generated/prisma/runtime/client.js(5,7172): error TS7006: Parameter 'e' implicitly has an 'any' type.
generated/prisma/runtime/client.js(5,7260): error TS7006: Parameter 'e' implicitly has an 'any' type.
generated/prisma/runtime/client.js(5,7331): error TS7006: Parameter 'e' implicitly has an 'any' type.
generated/prisma/runtime/client.js(5,7333): error TS7006: Parameter 't' implicitly has an 'any' type.
generated/prisma/runtime/client.js(5,7369): error TS7006: Parameter 'e' implicitly has an 'any' type.
generated/prisma/runtime/client.js(5,7371): error TS7006: Parameter 't' implicitly has an 'any' type.
generated/prisma/runtime/client.js(5,7478): error TS7006: Parameter 'e' implicitly has an 'any' type.
generated/prisma/runtime/client.js(5,7564): error TS7006: Parameter 'e' implicitly has an 'any' type.
generated/prisma/runtime/client.js(5,7569): error TS7006: Parameter 'e' implicitly has an 'any' type.
generated/prisma/runtime/client.js(5,7590): error TS7006: Parameter 'e' implicitly has an 'any' type.
generated/prisma/runtime/client.js(5,7716): error TS7006: Parameter 'e' implicitly has an 'any' type.
generated/prisma/runtime/client.js(5,7847): error TS7006: Parameter 'e' implicitly has an 'any' type.
generated/prisma/runtime/client.js(5,7977): error TS7006: Parameter 'e' implicitly has an 'any' type.
generated/prisma/runtime/client.js(5,8291): error TS2532: Object is possibly 'undefined'.
generated/prisma/runtime/client.js(5,8296): error TS2532: Object is possibly 'undefined'.
generated/prisma/runtime/client.js(5,8457): error TS7006: Parameter 'e' implicitly has an 'any' type.
generated/prisma/runtime/client.js(5,8459): error TS7006: Parameter 't' implicitly has an 'any' type.
generated/prisma/runtime/client.js(5,8461): error TS7006: Parameter 'r' implicitly has an 'any' type.
generated/prisma/runtime/client.js(5,8579): error TS7006: Parameter 'e' implicitly has an 'any' type.
generated/prisma/runtime/client.js(5,8729): error TS7006: Parameter 'e' implicitly has an 'any' type.
generated/prisma/runtime/client.js(5,8800): error TS7019: Rest parameter 'e' implicitly has an 'any[]' type.
generated/prisma/runtime/client.js(5,9014): error TS2339: Property '_cloneInto' does not exist on type 'Sn'.
generated/prisma/runtime/client.js(5,9051): error TS7006: Parameter 'e' implicitly has an 'any' type.
generated/prisma/runtime/client.js(5,9053): error TS7006: Parameter 't' implicitly has an 'any' type.
generated/prisma/runtime/client.js(5,9206): error TS7006: Parameter 'e' implicitly has an 'any' type.
generated/prisma/runtime/client.js(5,9215): error TS7006: Parameter 'n' implicitly has an 'any' type.
generated/prisma/runtime/client.js(5,9335): error TS7006: Parameter 'e' implicitly has an 'any' type.
generated/prisma/runtime/client.js(5,9345): error TS7006: Parameter 'n' implicitly has an 'any' type.
generated/prisma/runtime/client.js(5,9347): error TS7006: Parameter 'i' implicitly has an 'any' type.
generated/prisma/runtime/client.js(5,9449): error TS7006: Parameter 'n' implicitly has an 'any' type.
generated/prisma/runtime/client.js(5,9471): error TS7006: Parameter 'e' implicitly has an 'any' type.
generated/prisma/runtime/client.js(5,9481): error TS7006: Parameter 'n' implicitly has an 'any' type.
generated/prisma/runtime/client.js(5,9483): error TS7006: Parameter 'i' implicitly has an 'any' type.
generated/prisma/runtime/client.js(5,9585): error TS7006: Parameter 'n' implicitly has an 'any' type.
generated/prisma/runtime/client.js(5,9881): error TS7006: Parameter 'S' implicitly has an 'any' type.
generated/prisma/runtime/client.js(5,10122): error TS7034: Variable 'Ns' implicitly has type 'any[]' in some locations where its type cannot be determined.
generated/prisma/runtime/client.js(5,10128): error TS7034: Variable '_s' implicitly has type 'any[]' in some locations where its type cannot be determined.
generated/prisma/runtime/client.js(5,10457): error TS7006: Parameter 'e' implicitly has an 'any' type.
generated/prisma/runtime/client.js(5,10459): error TS7006: Parameter 't' implicitly has an 'any' type.
generated/prisma/runtime/client.js(5,10461): error TS7006: Parameter 'r' implicitly has an 'any' type.
generated/prisma/runtime/client.js(5,10516): error TS7006: Parameter 'e' implicitly has an 'any' type.
generated/prisma/runtime/client.js(5,10518): error TS7006: Parameter 't' implicitly has an 'any' type.
generated/prisma/runtime/client.js(5,10520): error TS7006: Parameter 'r' implicitly has an 'any' type.
generated/prisma/runtime/client.js(5,10583): error TS7006: Parameter 'e' implicitly has an 'any' type.
generated/prisma/runtime/client.js(5,10782): error TS2532: Object is possibly 'undefined'.
generated/prisma/runtime/client.js(5,10799): error TS2532: Object is possibly 'undefined'.
generated/prisma/runtime/client.js(5,10897): error TS7005: Variable '_s' implicitly has an 'any[]' type.
generated/prisma/runtime/client.js(5,10929): error TS7005: Variable 'Ns' implicitly has an 'any[]' type.
generated/prisma/runtime/client.js(5,11054): error TS2532: Object is possibly 'undefined'.
generated/prisma/runtime/client.js(5,11066): error TS2532: Object is possibly 'undefined'.
generated/prisma/runtime/client.js(5,11155): error TS7006: Parameter 't' implicitly has an 'any' type.
generated/prisma/runtime/client.js(5,11157): error TS7006: Parameter 'r' implicitly has an 'any' type.
generated/prisma/runtime/client.js(5,11159): error TS7006: Parameter 'n' implicitly has an 'any' type.
generated/prisma/runtime/client.js(5,11655): error TS7006: Parameter 't' implicitly has an 'any' type.
generated/prisma/runtime/client.js(5,11812): error TS2532: Object is possibly 'undefined'.
generated/prisma/runtime/client.js(5,11968): error TS2532: Object is possibly 'undefined'.
generated/prisma/runtime/client.js(5,12012): error TS2532: Object is possibly 'undefined'.
generated/prisma/runtime/client.js(5,12048): error TS7006: Parameter 't' implicitly has an 'any' type.
generated/prisma/runtime/client.js(5,12318): error TS7006: Parameter 't' implicitly has an 'any' type.
generated/prisma/runtime/client.js(5,12426): error TS7006: Parameter 't' implicitly has an 'any' type.
generated/prisma/runtime/client.js(5,12496): error TS7006: Parameter 't' implicitly has an 'any' type.
generated/prisma/runtime/client.js(5,12750): error TS7006: Parameter 't' implicitly has an 'any' type.
generated/prisma/runtime/client.js(5,13037): error TS7006: Parameter 'e' implicitly has an 'any' type.
generated/prisma/runtime/client.js(5,13039): error TS7006: Parameter 't' implicitly has an 'any' type.
generated/prisma/runtime/client.js(5,13041): error TS7006: Parameter 'r' implicitly has an 'any' type.
generated/prisma/runtime/client.js(5,13317): error TS7006: Parameter 'e' implicitly has an 'any' type.
generated/prisma/runtime/client.js(5,13319): error TS7006: Parameter 't' implicitly has an 'any' type.
generated/prisma/runtime/client.js(5,13321): error TS7006: Parameter 'r' implicitly has an 'any' type.
generated/prisma/runtime/client.js(5,13380): error TS2339: Property 'dkLen' does not exist on type '{}'.
generated/prisma/runtime/client.js(5,13399): error TS2339: Property 'dkLen' does not exist on type '{}'.
generated/prisma/runtime/client.js(5,13478): error TS7006: Parameter 'dx' implicitly has an 'any' type.
generated/prisma/runtime/client.js(5,13481): error TS7006: Parameter 'pe' implicitly has an 'any' type.
generated/prisma/runtime/client.js(5,13643): error TS7006: Parameter 'e' implicitly has an 'any' type.
generated/prisma/runtime/client.js(5,13831): error TS7006: Parameter 'e' implicitly has an 'any' type.
generated/prisma/runtime/client.js(5,14058): error TS7006: Parameter 'e' implicitly has an 'any' type.
generated/prisma/runtime/client.js(5,14328): error TS7006: Parameter 'e' implicitly has an 'any' type.
generated/prisma/runtime/client.js(5,14698): error TS7006: Parameter 'mx' implicitly has an 'any' type.
generated/prisma/runtime/client.js(5,14701): error TS7006: Parameter 'vt' implicitly has an 'any' type.
generated/prisma/runtime/client.js(5,15964): error TS7006: Parameter 'e' implicitly has an 'any' type.
generated/prisma/runtime/client.js(5,15997): error TS7006: Parameter 't' implicitly has an 'any' type.
generated/prisma/runtime/client.js(5,16026): error TS7006: Parameter 'e' implicitly has an 'any' type.
generated/prisma/runtime/client.js(5,16086): error TS7019: Rest parameter 'e' implicitly has an 'any[]' type.
generated/prisma/runtime/client.js(5,16099): error TS7006: Parameter 't' implicitly has an 'any' type.
generated/prisma/runtime/client.js(5,16133): error TS7006: Parameter 't' implicitly has an 'any' type.
generated/prisma/runtime/client.js(5,16171): error TS7006: Parameter 't' implicitly has an 'any' type.
generated/prisma/runtime/client.js(5,16173): error TS7006: Parameter 'r' implicitly has an 'any' type.
generated/prisma/runtime/client.js(5,16215): error TS7006: Parameter 't' implicitly has an 'any' type.
generated/prisma/runtime/client.js(5,16217): error TS7006: Parameter 'r' implicitly has an 'any' type.
generated/prisma/runtime/client.js(5,16310): error TS7006: Parameter 'e' implicitly has an 'any' type.
generated/prisma/runtime/client.js(5,16378): error TS7006: Parameter 'e' implicitly has an 'any' type.
generated/prisma/runtime/client.js(5,16380): error TS7006: Parameter 't' implicitly has an 'any' type.
generated/prisma/runtime/client.js(5,16419): error TS7053: Element implicitly has an 'any' type because expression of type 'any' can't be used to index type '{}'.
generated/prisma/runtime/client.js(5,16447): error TS7006: Parameter 'e' implicitly has an 'any' type.
generated/prisma/runtime/client.js(5,16454): error TS7034: Variable 't' implicitly has type 'any' in some locations where its type cannot be determined.
generated/prisma/runtime/client.js(5,16476): error TS7005: Variable 't' implicitly has an 'any' type.
generated/prisma/runtime/client.js(5,16517): error TS7006: Parameter 'e' implicitly has an 'any' type.
generated/prisma/runtime/client.js(5,16596): error TS7006: Parameter 'e' implicitly has an 'any' type.
generated/prisma/runtime/client.js(5,16633): error TS7053: Element implicitly has an 'any' type because expression of type 'any' can't be used to index type '{}'.
generated/prisma/runtime/client.js(5,17326): error TS7006: Parameter 'e' implicitly has an 'any' type.
generated/prisma/runtime/client.js(5,17328): error TS7006: Parameter 't' implicitly has an 'any' type.
generated/prisma/runtime/client.js(5,17415): error TS7006: Parameter 'o' implicitly has an 'any' type.
generated/prisma/runtime/client.js(5,17860): error TS7034: Variable 'rt' implicitly has type 'any[]' in some locations where its type cannot be determined.
generated/prisma/runtime/client.js(5,17933): error TS7017: Element implicitly has an 'any' type because type 'typeof globalThis' has no index signature.
generated/prisma/runtime/client.js(5,17944): error TS2339: Property 'DEBUG' does not exist on type '{}'.
generated/prisma/runtime/client.js(5,17965): error TS7017: Element implicitly has an 'any' type because type 'typeof globalThis' has no index signature.
generated/prisma/runtime/client.js(5,17983): error TS2339: Property 'DEBUG_COLORS' does not exist on type '{}'.
generated/prisma/runtime/client.js(5,17999): error TS2339: Property 'DEBUG_COLORS' does not exist on type '{}'.
generated/prisma/runtime/client.js(5,18039): error TS7006: Parameter 'e' implicitly has an 'any' type.
generated/prisma/runtime/client.js(5,18074): error TS7017: Element implicitly has an 'any' type because type 'typeof globalThis' has no index signature.
generated/prisma/runtime/client.js(5,18111): error TS7017: Element implicitly has an 'any' type because type 'typeof globalThis' has no index signature.
generated/prisma/runtime/client.js(5,18135): error TS7017: Element implicitly has an 'any' type because type 'typeof globalThis' has no index signature.
generated/prisma/runtime/client.js(5,18155): error TS7006: Parameter 'e' implicitly has an 'any' type.
generated/prisma/runtime/client.js(5,18175): error TS7017: Element implicitly has an 'any' type because type 'typeof globalThis' has no index signature.
generated/prisma/runtime/client.js(5,18196): error TS7006: Parameter 'i' implicitly has an 'any' type.
generated/prisma/runtime/client.js(5,18248): error TS7006: Parameter 'i' implicitly has an 'any' type.
generated/prisma/runtime/client.js(5,18328): error TS7006: Parameter 'i' implicitly has an 'any' type.
generated/prisma/runtime/client.js(5,18427): error TS7019: Rest parameter 'e' implicitly has an 'any[]' type.
generated/prisma/runtime/client.js(5,18525): error TS7006: Parameter 'e' implicitly has an 'any' type.
generated/prisma/runtime/client.js(5,18623): error TS7019: Rest parameter 'n' implicitly has an 'any[]' type.
generated/prisma/runtime/client.js(5,18723): error TS7005: Variable 'rt' implicitly has an 'any[]' type.
generated/prisma/runtime/client.js(5,18844): error TS7017: Element implicitly has an 'any' type because type 'typeof globalThis' has no index signature.
generated/prisma/runtime/client.js(5,18862): error TS2538: Type 'undefined' cannot be used as an index type.
generated/prisma/runtime/client.js(5,18879): error TS2538: Type 'undefined' cannot be used as an index type.
generated/prisma/runtime/client.js(5,18931): error TS7053: Element implicitly has an 'any' type because expression of type 'string | symbol' can't be used to index type '{ color: string | undefined; enabled: any; namespace: any; log: (...e: any[]) => void; extend: () => void; }'.
  No index signature with a parameter of type 'string' was found on type '{ color: string | undefined; enabled: any; namespace: any; log: (...e: any[]) => void; extend: () => void; }'.
generated/prisma/runtime/client.js(5,18949): error TS7053: Element implicitly has an 'any' type because expression of type 'string | symbol' can't be used to index type '{ color: string | undefined; enabled: any; namespace: any; log: (...e: any[]) => void; extend: () => void; }'.
  No index signature with a parameter of type 'string' was found on type '{ color: string | undefined; enabled: any; namespace: any; log: (...e: any[]) => void; extend: () => void; }'.
generated/prisma/runtime/client.js(5,18989): error TS7053: Element implicitly has an 'any' type because expression of type 'string | symbol' can't be used to index type '{ enable(e: any): void; disable(): any; enabled(e: any): any; log: (...e: any[]) => void; formatters: {}; }'.
  No index signature with a parameter of type 'string' was found on type '{ enable(e: any): void; disable(): any; enabled(e: any): any; log: (...e: any[]) => void; formatters: {}; }'.
generated/prisma/runtime/client.js(5,19008): error TS7053: Element implicitly has an 'any' type because expression of type 'string | symbol' can't be used to index type '{ enable(e: any): void; disable(): any; enabled(e: any): any; log: (...e: any[]) => void; formatters: {}; }'.
  No index signature with a parameter of type 'string' was found on type '{ enable(e: any): void; disable(): any; enabled(e: any): any; log: (...e: any[]) => void; formatters: {}; }'.
generated/prisma/runtime/client.js(5,19030): error TS7006: Parameter 'e' implicitly has an 'any' type.
generated/prisma/runtime/client.js(5,19244): error TS7005: Variable 'rt' implicitly has an 'any[]' type.
generated/prisma/runtime/client.js(5,19277): error TS7006: Parameter 'i' implicitly has an 'any' type.
generated/prisma/runtime/client.js(6,91): error TS7006: Parameter 'e' implicitly has an 'any' type.
generated/prisma/runtime/client.js(6,247): error TS7006: Parameter 'e' implicitly has an 'any' type.
generated/prisma/runtime/client.js(6,309): error TS7006: Parameter 'e' implicitly has an 'any' type.
generated/prisma/runtime/client.js(6,704): error TS7019: Rest parameter 'e' implicitly has an 'any[]' type.
generated/prisma/runtime/client.js(6,740): error TS7006: Parameter 'e' implicitly has an 'any' type.
generated/prisma/runtime/client.js(6,742): error TS7019: Rest parameter 't' implicitly has an 'any[]' type.
generated/prisma/runtime/client.js(6,808): error TS7006: Parameter 'e' implicitly has an 'any' type.
generated/prisma/runtime/client.js(6,810): error TS7019: Rest parameter 't' implicitly has an 'any[]' type.
generated/prisma/runtime/client.js(6,865): error TS7006: Parameter 'e' implicitly has an 'any' type.
generated/prisma/runtime/client.js(6,867): error TS7019: Rest parameter 't' implicitly has an 'any[]' type.
generated/prisma/runtime/client.js(6,924): error TS7006: Parameter 'e' implicitly has an 'any' type.
generated/prisma/runtime/client.js(6,926): error TS7019: Rest parameter 't' implicitly has an 'any[]' type.
generated/prisma/runtime/client.js(6,980): error TS7006: Parameter 'e' implicitly has an 'any' type.
generated/prisma/runtime/client.js(6,982): error TS7006: Parameter 't' implicitly has an 'any' type.
generated/prisma/runtime/client.js(6,1326): error TS7006: Parameter 'e' implicitly has an 'any' type.
generated/prisma/runtime/client.js(6,1484): error TS7006: Parameter 'e' implicitly has an 'any' type.
generated/prisma/runtime/client.js(6,1597): error TS7006: Parameter 'e' implicitly has an 'any' type.
generated/prisma/runtime/client.js(6,1599): error TS7006: Parameter 't' implicitly has an 'any' type.
generated/prisma/runtime/client.js(6,1663): error TS7006: Parameter 'e' implicitly has an 'any' type.
generated/prisma/runtime/client.js(6,1665): error TS7006: Parameter 't' implicitly has an 'any' type.
generated/prisma/runtime/client.js(6,1705): error TS7053: Element implicitly has an 'any' type because expression of type 'string' can't be used to index type '{}'.
  No index signature with a parameter of type 'string' was found on type '{}'.
generated/prisma/runtime/client.js(6,1741): error TS7006: Parameter 'e' implicitly has an 'any' type.
generated/prisma/runtime/client.js(6,1743): error TS7006: Parameter 't' implicitly has an 'any' type.
generated/prisma/runtime/client.js(6,1850): error TS7006: Parameter 'e' implicitly has an 'any' type.
generated/prisma/runtime/client.js(6,1852): error TS7006: Parameter 't' implicitly has an 'any' type.
generated/prisma/runtime/client.js(6,1932): error TS7006: Parameter 'e' implicitly has an 'any' type.
generated/prisma/runtime/client.js(6,1934): error TS7006: Parameter 't' implicitly has an 'any' type.
generated/prisma/runtime/client.js(6,1936): error TS7019: Rest parameter 'r' implicitly has an 'any[]' type.
generated/prisma/runtime/client.js(6,1991): error TS7006: Parameter 'e' implicitly has an 'any' type.
generated/prisma/runtime/client.js(6,2084): error TS7006: Parameter 'e' implicitly has an 'any' type.
generated/prisma/runtime/client.js(6,2183): error TS7006: Parameter 'e' implicitly has an 'any' type.
generated/prisma/runtime/client.js(6,2512): error TS7006: Parameter 'e' implicitly has an 'any' type.
generated/prisma/runtime/client.js(6,2552): error TS7006: Parameter 't' implicitly has an 'any' type.
generated/prisma/runtime/client.js(6,2607): error TS7006: Parameter 'e' implicitly has an 'any' type.
generated/prisma/runtime/client.js(6,2647): error TS7006: Parameter 't' implicitly has an 'any' type.
generated/prisma/runtime/client.js(6,2674): error TS7022: 'Re' implicitly has type 'any' because it does not have a type annotation and is referenced directly or indirectly in its own initializer.
generated/prisma/runtime/client.js(6,3269): error TS7006: Parameter 'e' implicitly has an 'any' type.
generated/prisma/runtime/client.js(6,3328): error TS7006: Parameter 'e' implicitly has an 'any' type.
generated/prisma/runtime/client.js(6,3347): error TS7006: Parameter 'e' implicitly has an 'any' type.
generated/prisma/runtime/client.js(6,3398): error TS7006: Parameter 'e' implicitly has an 'any' type.
generated/prisma/runtime/client.js(6,3427): error TS2339: Property 'Prism' does not exist on type '{}'.
generated/prisma/runtime/client.js(6,3437): error TS2339: Property 'Prism' does not exist on type '{}'.
generated/prisma/runtime/client.js(6,3481): error TS2339: Property 'Prism' does not exist on type '{}'.
generated/prisma/runtime/client.js(6,3491): error TS2339: Property 'Prism' does not exist on type '{}'.
generated/prisma/runtime/client.js(6,3531): error TS7023: 'encode' implicitly has return type 'any' because it does not have a return type annotation and is referenced directly or indirectly in one of its return expressions.
generated/prisma/runtime/client.js(6,3547): error TS7006: Parameter 'e' implicitly has an 'any' type.
generated/prisma/runtime/client.js(6,3764): error TS7006: Parameter 'e' implicitly has an 'any' type.
generated/prisma/runtime/client.js(6,3836): error TS7006: Parameter 'e' implicitly has an 'any' type.
generated/prisma/runtime/client.js(6,3924): error TS7006: Parameter 't' implicitly has an 'any' type.
generated/prisma/runtime/client.js(6,3926): error TS7006: Parameter 'r' implicitly has an 'any' type.
generated/prisma/runtime/client.js(6,3933): error TS7034: Variable 'n' implicitly has type 'any[]' in some locations where its type cannot be determined.
generated/prisma/runtime/client.js(6,4072): error TS7053: Element implicitly has an 'any' type because expression of type 'string' can't be used to index type '{}'.
  No index signature with a parameter of type 'string' was found on type '{}'.
generated/prisma/runtime/client.js(6,4155): error TS7005: Variable 'n' implicitly has an 'any[]' type.
generated/prisma/runtime/client.js(6,4176): error TS7006: Parameter 's' implicitly has an 'any' type.
generated/prisma/runtime/client.js(6,4178): error TS7006: Parameter 'a' implicitly has an 'any' type.
generated/prisma/runtime/client.js(6,4195): error TS7005: Variable 'n' implicitly has an 'any[]' type.
generated/prisma/runtime/client.js(6,4245): error TS7006: Parameter 'e' implicitly has an 'any' type.
generated/prisma/runtime/client.js(6,4247): error TS7006: Parameter 't' implicitly has an 'any' type.
generated/prisma/runtime/client.js(6,4269): error TS7053: Element implicitly has an 'any' type because expression of type 'any' can't be used to index type '{ extend: (e: any, t: any) => any; insertBefore: (e: any, t: any, r: any, n: any) => {}; DFS: (t: any, r: any, n: any, i: any) => void; }'.
generated/prisma/runtime/client.js(6,4342): error TS7006: Parameter 'e' implicitly has an 'any' type.
generated/prisma/runtime/client.js(6,4344): error TS7006: Parameter 't' implicitly has an 'any' type.
generated/prisma/runtime/client.js(6,4346): error TS7006: Parameter 'r' implicitly has an 'any' type.
generated/prisma/runtime/client.js(6,4348): error TS7006: Parameter 'n' implicitly has an 'any' type.
generated/prisma/runtime/client.js(6,4468): error TS7053: Element implicitly has an 'any' type because expression of type 'string' can't be used to index type '{}'.
  No index signature with a parameter of type 'string' was found on type '{}'.
generated/prisma/runtime/client.js(6,4501): error TS7053: Element implicitly has an 'any' type because expression of type 'string' can't be used to index type '{}'.
  No index signature with a parameter of type 'string' was found on type '{}'.
generated/prisma/runtime/client.js(6,4574): error TS7006: Parameter 'a' implicitly has an 'any' type.
generated/prisma/runtime/client.js(6,4576): error TS7006: Parameter 'l' implicitly has an 'any' type.
generated/prisma/runtime/client.js(6,4593): error TS7053: Element implicitly has an 'any' type because expression of type 'any' can't be used to index type '(Anonymous function)'.
generated/prisma/runtime/client.js(6,4624): error TS7006: Parameter 't' implicitly has an 'any' type.
generated/prisma/runtime/client.js(6,4626): error TS7006: Parameter 'r' implicitly has an 'any' type.
generated/prisma/runtime/client.js(6,4628): error TS7006: Parameter 'n' implicitly has an 'any' type.
generated/prisma/runtime/client.js(6,4630): error TS7006: Parameter 'i' implicitly has an 'any' type.
generated/prisma/runtime/client.js(6,4879): error TS7006: Parameter 'e' implicitly has an 'any' type.
generated/prisma/runtime/client.js(6,4881): error TS7006: Parameter 't' implicitly has an 'any' type.
generated/prisma/runtime/client.js(6,4883): error TS7006: Parameter 'r' implicitly has an 'any' type.
generated/prisma/runtime/client.js(6,4964): error TS2339: Property 'tokens' does not exist on type '{ code: any; grammar: any; language: any; }'.
generated/prisma/runtime/client.js(6,5060): error TS2339: Property 'tokens' does not exist on type '{ code: any; grammar: any; language: any; }'.
generated/prisma/runtime/client.js(6,5103): error TS7006: Parameter 'e' implicitly has an 'any' type.
generated/prisma/runtime/client.js(6,5105): error TS7006: Parameter 't' implicitly has an 'any' type.
generated/prisma/runtime/client.js(6,5107): error TS7006: Parameter 'r' implicitly has an 'any' type.
generated/prisma/runtime/client.js(6,5109): error TS7006: Parameter 'n' implicitly has an 'any' type.
generated/prisma/runtime/client.js(6,5111): error TS7006: Parameter 'i' implicitly has an 'any' type.
generated/prisma/runtime/client.js(6,5113): error TS7006: Parameter 'o' implicitly has an 'any' type.
generated/prisma/runtime/client.js(6,5115): error TS7006: Parameter 's' implicitly has an 'any' type.
generated/prisma/runtime/client.js(6,6190): error TS2345: Argument of type 'any[]' is not assignable to parameter of type '[start: number, deleteCount: number, ...items: any[]]'.
  Source provides no match for required element at position 0 in target.
generated/prisma/runtime/client.js(6,6262): error TS7006: Parameter 'e' implicitly has an 'any' type.
generated/prisma/runtime/client.js(6,6264): error TS7006: Parameter 't' implicitly has an 'any' type.
generated/prisma/runtime/client.js(6,6397): error TS7006: Parameter 'e' implicitly has an 'any' type.
generated/prisma/runtime/client.js(6,6399): error TS7006: Parameter 't' implicitly has an 'any' type.
generated/prisma/runtime/client.js(6,6420): error TS7053: Element implicitly has an 'any' type because expression of type 'any' can't be used to index type '{}'.
generated/prisma/runtime/client.js(6,6425): error TS7053: Element implicitly has an 'any' type because expression of type 'any' can't be used to index type '{}'.
generated/prisma/runtime/client.js(6,6434): error TS7053: Element implicitly has an 'any' type because expression of type 'any' can't be used to index type '{}'.
generated/prisma/runtime/client.js(6,6461): error TS7006: Parameter 'e' implicitly has an 'any' type.
generated/prisma/runtime/client.js(6,6463): error TS7006: Parameter 't' implicitly has an 'any' type.
generated/prisma/runtime/client.js(6,6472): error TS7053: Element implicitly has an 'any' type because expression of type 'any' can't be used to index type '{}'.
generated/prisma/runtime/client.js(6,6559): error TS2339: Property 'clike' does not exist on type '{ extend: (e: any, t: any) => any; insertBefore: (e: any, t: any, r: any, n: any) => {}; DFS: (t: any, r: any, n: any, i: any) => void; }'.
generated/prisma/runtime/client.js(6,7264): error TS2339: Property 'javascript' does not exist on type '{ extend: (e: any, t: any) => any; insertBefore: (e: any, t: any, r: any, n: any) => {}; DFS: (t: any, r: any, n: any, i: any) => void; }'.
generated/prisma/runtime/client.js(6,7329): error TS2339: Property 'clike' does not exist on type '{ extend: (e: any, t: any) => any; insertBefore: (e: any, t: any, r: any, n: any) => {}; DFS: (t: any, r: any, n: any, i: any) => void; }'.
generated/prisma/runtime/client.js(6,8363): error TS2339: Property 'javascript' does not exist on type '{ extend: (e: any, t: any) => any; insertBefore: (e: any, t: any, r: any, n: any) => {}; DFS: (t: any, r: any, n: any, i: any) => void; }'.
generated/prisma/runtime/client.js(6,9044): error TS2339: Property 'javascript' does not exist on type '{ extend: (e: any, t: any) => any; insertBefore: (e: any, t: any, r: any, n: any) => {}; DFS: (t: any, r: any, n: any, i: any) => void; }'.
generated/prisma/runtime/client.js(6,9132): error TS2339: Property 'javascript' does not exist on type '{ extend: (e: any, t: any) => any; insertBefore: (e: any, t: any, r: any, n: any) => {}; DFS: (t: any, r: any, n: any, i: any) => void; }'.
generated/prisma/runtime/client.js(6,9238): error TS2339: Property 'javascript' does not exist on type '{ extend: (e: any, t: any) => any; insertBefore: (e: any, t: any, r: any, n: any) => {}; DFS: (t: any, r: any, n: any, i: any) => void; }'.
generated/prisma/runtime/client.js(6,9745): error TS2339: Property 'javascript' does not exist on type '{ extend: (e: any, t: any) => any; insertBefore: (e: any, t: any, r: any, n: any) => {}; DFS: (t: any, r: any, n: any, i: any) => void; }'.
generated/prisma/runtime/client.js(6,9809): error TS2339: Property 'markup' does not exist on type '{ extend: (e: any, t: any) => any; insertBefore: (e: any, t: any, r: any, n: any) => {}; DFS: (t: any, r: any, n: any, i: any) => void; }'.
generated/prisma/runtime/client.js(6,9829): error TS2339: Property 'markup' does not exist on type '{ extend: (e: any, t: any) => any; insertBefore: (e: any, t: any, r: any, n: any) => {}; DFS: (t: any, r: any, n: any, i: any) => void; }'.
generated/prisma/runtime/client.js(6,9886): error TS2339: Property 'js' does not exist on type '{ extend: (e: any, t: any) => any; insertBefore: (e: any, t: any, r: any, n: any) => {}; DFS: (t: any, r: any, n: any, i: any) => void; }'.
generated/prisma/runtime/client.js(6,9901): error TS2339: Property 'javascript' does not exist on type '{ extend: (e: any, t: any) => any; insertBefore: (e: any, t: any, r: any, n: any) => {}; DFS: (t: any, r: any, n: any, i: any) => void; }'.
generated/prisma/runtime/client.js(6,9924): error TS2339: Property 'typescript' does not exist on type '{ extend: (e: any, t: any) => any; insertBefore: (e: any, t: any, r: any, n: any) => {}; DFS: (t: any, r: any, n: any, i: any) => void; }'.
generated/prisma/runtime/client.js(6,10481): error TS2339: Property 'ts' does not exist on type '{ extend: (e: any, t: any) => any; insertBefore: (e: any, t: any, r: any, n: any) => {}; DFS: (t: any, r: any, n: any, i: any) => void; }'.
generated/prisma/runtime/client.js(6,10496): error TS2339: Property 'typescript' does not exist on type '{ extend: (e: any, t: any) => any; insertBefore: (e: any, t: any, r: any, n: any) => {}; DFS: (t: any, r: any, n: any, i: any) => void; }'.
generated/prisma/runtime/client.js(6,10518): error TS7006: Parameter 'e' implicitly has an 'any' type.
generated/prisma/runtime/client.js(6,10520): error TS7006: Parameter 't' implicitly has an 'any' type.
generated/prisma/runtime/client.js(6,10522): error TS7006: Parameter 'r' implicitly has an 'any' type.
generated/prisma/runtime/client.js(6,10524): error TS7006: Parameter 'n' implicitly has an 'any' type.
generated/prisma/runtime/client.js(6,10526): error TS7006: Parameter 'i' implicitly has an 'any' type.
generated/prisma/runtime/client.js(6,10616): error TS7023: 'stringify' implicitly has return type 'any' because it does not have a return type annotation and is referenced directly or indirectly in one of its return expressions.
generated/prisma/runtime/client.js(6,10635): error TS7006: Parameter 'e' implicitly has an 'any' type.
generated/prisma/runtime/client.js(6,10637): error TS7006: Parameter 't' implicitly has an 'any' type.
generated/prisma/runtime/client.js(6,10691): error TS7024: Function implicitly has return type 'any' because it does not have a return type annotation and is referenced directly or indirectly in one of its return expressions.
generated/prisma/runtime/client.js(6,10773): error TS7006: Parameter 'e' implicitly has an 'any' type.
generated/prisma/runtime/client.js(6,10783): error TS7053: Element implicitly has an 'any' type because expression of type 'any' can't be used to index type '{ keyword: (o: any) => any; entity: (o: any) => any; value: (e: any) => any; punctuation: (o: any) => any; directive: (o: any) => any; function: (o: any) => any; variable: (e: any) => any; string: (e: any) => any; boolean: (o: any) => any; number: (o: any) => any; comment: (o: any) => any; }'.
generated/prisma/runtime/client.js(6,10805): error TS7006: Parameter 'e' implicitly has an 'any' type.
generated/prisma/runtime/client.js(6,10832): error TS2339: Property 'javascript' does not exist on type '{ extend: (e: any, t: any) => any; insertBefore: (e: any, t: any, r: any, n: any) => {}; DFS: (t: any, r: any, n: any, i: any) => void; }'.
generated/prisma/runtime/client.js(6,10856): error TS7006: Parameter 'e' implicitly has an 'any' type.
generated/prisma/runtime/client.js(6,10858): error TS7006: Parameter 't' implicitly has an 'any' type.
generated/prisma/runtime/client.js(6,10928): error TS7006: Parameter 'e' implicitly has an 'any' type.
generated/prisma/runtime/client.js(6,10993): error TS7006: Parameter 't' implicitly has an 'any' type.
generated/prisma/runtime/client.js(6,11104): error TS7006: Parameter 't' implicitly has an 'any' type.
generated/prisma/runtime/client.js(6,11160): error TS7006: Parameter 't' implicitly has an 'any' type.
generated/prisma/runtime/client.js(6,11162): error TS7006: Parameter 'r' implicitly has an 'any' type.
generated/prisma/runtime/client.js(6,11280): error TS7006: Parameter 't' implicitly has an 'any' type.
generated/prisma/runtime/client.js(6,11282): error TS7006: Parameter 'r' implicitly has an 'any' type.
generated/prisma/runtime/client.js(6,11471): error TS7006: Parameter 't' implicitly has an 'any' type.
generated/prisma/runtime/client.js(6,11524): error TS7006: Parameter 'r' implicitly has an 'any' type.
generated/prisma/runtime/client.js(6,11526): error TS7006: Parameter 'n' implicitly has an 'any' type.
generated/prisma/runtime/client.js(6,11567): error TS7006: Parameter 't' implicitly has an 'any' type.
generated/prisma/runtime/client.js(6,11628): error TS7006: Parameter 't' implicitly has an 'any' type.
generated/prisma/runtime/client.js(6,11630): error TS7006: Parameter 'r' implicitly has an 'any' type.
generated/prisma/runtime/client.js(6,11655): error TS7006: Parameter 'n' implicitly has an 'any' type.
generated/prisma/runtime/client.js(6,11657): error TS7006: Parameter 'i' implicitly has an 'any' type.
generated/prisma/runtime/client.js(6,11695): error TS7006: Parameter 't' implicitly has an 'any' type.
generated/prisma/runtime/client.js(6,11697): error TS7006: Parameter 'r' implicitly has an 'any' type.
generated/prisma/runtime/client.js(10,72): error TS7006: Parameter 'e' implicitly has an 'any' type.
generated/prisma/runtime/client.js(10,98): error TS7006: Parameter 'e' implicitly has an 'any' type.
generated/prisma/runtime/client.js(10,108): error TS7006: Parameter 'e' implicitly has an 'any' type.
generated/prisma/runtime/client.js(10,117): error TS7006: Parameter 'e' implicitly has an 'any' type.
generated/prisma/runtime/client.js(10,127): error TS7006: Parameter 'e' implicitly has an 'any' type.
generated/prisma/runtime/client.js(10,142): error TS7006: Parameter 'e' implicitly has an 'any' type.
generated/prisma/runtime/client.js(10,163): error TS7006: Parameter 'e' implicitly has an 'any' type.
generated/prisma/runtime/client.js(10,190): error TS7031: Binding element 'e' implicitly has an 'any' type.
generated/prisma/runtime/client.js(10,207): error TS7031: Binding element 't' implicitly has an 'any' type.
generated/prisma/runtime/client.js(10,217): error TS7031: Binding element 'r' implicitly has an 'any' type.
generated/prisma/runtime/client.js(10,233): error TS7031: Binding element 'n' implicitly has an 'any' type.
generated/prisma/runtime/client.js(10,336): error TS7031: Binding element 'e' implicitly has an 'any' type.
generated/prisma/runtime/client.js(10,346): error TS7031: Binding element 't' implicitly has an 'any' type.
generated/prisma/runtime/client.js(10,363): error TS7031: Binding element 'r' implicitly has an 'any' type.
generated/prisma/runtime/client.js(10,373): error TS7031: Binding element 'n' implicitly has an 'any' type.
generated/prisma/runtime/client.js(10,389): error TS7031: Binding element 'i' implicitly has an 'any' type.
generated/prisma/runtime/client.js(10,392): error TS7006: Parameter 'o' implicitly has an 'any' type.
generated/prisma/runtime/client.js(10,778): error TS2339: Property 'location' does not exist on type '{ functionName: string; message: any; isPanic: any; callArguments: any; }'.
generated/prisma/runtime/client.js(10,820): error TS7006: Parameter 'g' implicitly has an 'any' type.
generated/prisma/runtime/client.js(10,892): error TS18048: 'c' is possibly 'undefined'.
generated/prisma/runtime/client.js(10,922): error TS2339: Property 'contextLines' does not exist on type '{ functionName: string; message: any; isPanic: any; callArguments: any; }'.
generated/prisma/runtime/client.js(10,935): error TS18048: 'c' is possibly 'undefined'.
generated/prisma/runtime/client.js(10,947): error TS7006: Parameter 'g' implicitly has an 'any' type.
generated/prisma/runtime/client.js(10,949): error TS7006: Parameter 'E' implicitly has an 'any' type.
generated/prisma/runtime/client.js(10,999): error TS7006: Parameter 'g' implicitly has an 'any' type.
generated/prisma/runtime/client.js(10,1153): error TS7006: Parameter 'e' implicitly has an 'any' type.
generated/prisma/runtime/client.js(10,1366): error TS7006: Parameter 'e' implicitly has an 'any' type.
generated/prisma/runtime/client.js(10,1474): error TS7031: Binding element 'e' implicitly has an 'any' type.
generated/prisma/runtime/client.js(10,1485): error TS7031: Binding element 't' implicitly has an 'any' type.
generated/prisma/runtime/client.js(10,1495): error TS7031: Binding element 'r' implicitly has an 'any' type.
generated/prisma/runtime/client.js(10,1505): error TS7031: Binding element 'n' implicitly has an 'any' type.
generated/prisma/runtime/client.js(10,1520): error TS7031: Binding element 'i' implicitly has an 'any' type.
generated/prisma/runtime/client.js(10,1536): error TS7031: Binding element 'o' implicitly has an 'any' type.
generated/prisma/runtime/client.js(10,1539): error TS7006: Parameter 's' implicitly has an 'any' type.
generated/prisma/runtime/client.js(11,16): error TS7006: Parameter 'e' implicitly has an 'any' type.
generated/prisma/runtime/client.js(11,159): error TS7006: Parameter 'e' implicitly has an 'any' type.
generated/prisma/runtime/client.js(11,209): error TS2345: Argument of type '{ functionName: string; message: any; isPanic: any; callArguments: any; }' is not assignable to parameter of type '{ functionName: any; location: any; message: any; isPanic: any; contextLines: any; callArguments: any; }'.
  Type '{ functionName: string; message: any; isPanic: any; callArguments: any; }' is missing the following properties from type '{ functionName: any; location: any; message: any; isPanic: any; contextLines: any; callArguments: any; }': location, contextLines
generated/prisma/runtime/client.js(11,241): error TS7006: Parameter 'e' implicitly has an 'any' type.
generated/prisma/runtime/client.js(11,243): error TS7006: Parameter 't' implicitly has an 'any' type.
generated/prisma/runtime/client.js(11,245): error TS7006: Parameter 'r' implicitly has an 'any' type.
generated/prisma/runtime/client.js(11,339): error TS7006: Parameter 'e' implicitly has an 'any' type.
generated/prisma/runtime/client.js(11,366): error TS7006: Parameter 't' implicitly has an 'any' type.
generated/prisma/runtime/client.js(11,409): error TS7006: Parameter 'e' implicitly has an 'any' type.
generated/prisma/runtime/client.js(11,730): error TS7006: Parameter 'e' implicitly has an 'any' type.
generated/prisma/runtime/client.js(11,732): error TS7006: Parameter 't' implicitly has an 'any' type.
generated/prisma/runtime/client.js(11,779): error TS7006: Parameter 'e' implicitly has an 'any' type.
generated/prisma/runtime/client.js(11,795): error TS7006: Parameter 't' implicitly has an 'any' type.
generated/prisma/runtime/client.js(11,797): error TS7006: Parameter 'r' implicitly has an 'any' type.
generated/prisma/runtime/client.js(11,865): error TS7006: Parameter 'e' implicitly has an 'any' type.
generated/prisma/runtime/client.js(11,1015): error TS7006: Parameter 'e' implicitly has an 'any' type.
generated/prisma/runtime/client.js(11,1208): error TS7006: Parameter 't' implicitly has an 'any' type.
generated/prisma/runtime/client.js(11,1210): error TS7006: Parameter 'r' implicitly has an 'any' type.
generated/prisma/runtime/client.js(11,1304): error TS7006: Parameter 't' implicitly has an 'any' type.
generated/prisma/runtime/client.js(11,1564): error TS7006: Parameter 'r' implicitly has an 'any' type.
generated/prisma/runtime/client.js(11,1603): error TS7008: Member 'lines' implicitly has an 'any[]' type.
generated/prisma/runtime/client.js(11,1643): error TS7008: Member 'marginSymbol' implicitly has an 'any' type.
generated/prisma/runtime/client.js(11,1656): error TS7008: Member 'afterNextNewLineCallback' implicitly has an 'any' type.
generated/prisma/runtime/client.js(11,1687): error TS7006: Parameter 't' implicitly has an 'any' type.
generated/prisma/runtime/client.js(11,1767): error TS7006: Parameter 't' implicitly has an 'any' type.
generated/prisma/runtime/client.js(11,1769): error TS7006: Parameter 'r' implicitly has an 'any' type.
generated/prisma/runtime/client.js(11,1774): error TS7006: Parameter 'i' implicitly has an 'any' type.
generated/prisma/runtime/client.js(11,1776): error TS7006: Parameter 'o' implicitly has an 'any' type.
generated/prisma/runtime/client.js(11,1892): error TS7006: Parameter 't' implicitly has an 'any' type.
generated/prisma/runtime/client.js(11,2127): error TS7006: Parameter 't' implicitly has an 'any' type.
generated/prisma/runtime/client.js(11,2197): error TS7006: Parameter 't' implicitly has an 'any' type.
generated/prisma/runtime/client.js(11,2368): error TS7006: Parameter 't' implicitly has an 'any' type.
generated/prisma/runtime/client.js(12,246): error TS7006: Parameter 't' implicitly has an 'any' type.
generated/prisma/runtime/client.js(12,268): error TS7006: Parameter 't' implicitly has an 'any' type.
generated/prisma/runtime/client.js(12,339): error TS7006: Parameter 'e' implicitly has an 'any' type.
generated/prisma/runtime/client.js(12,447): error TS7006: Parameter 'e' implicitly has an 'any' type.
generated/prisma/runtime/client.js(12,493): error TS7006: Parameter 't' implicitly has an 'any' type.
generated/prisma/runtime/client.js(12,534): error TS7006: Parameter 't' implicitly has an 'any' type.
generated/prisma/runtime/client.js(12,593): error TS7006: Parameter 't' implicitly has an 'any' type.
generated/prisma/runtime/client.js(12,627): error TS7006: Parameter 't' implicitly has an 'any' type.
generated/prisma/runtime/client.js(12,916): error TS7008: Member 'items' implicitly has an 'any[]' type.
generated/prisma/runtime/client.js(12,933): error TS7006: Parameter 't' implicitly has an 'any' type.
generated/prisma/runtime/client.js(12,984): error TS7006: Parameter 't' implicitly has an 'any' type.
generated/prisma/runtime/client.js(12,1119): error TS7006: Parameter 't' implicitly has an 'any' type.
generated/prisma/runtime/client.js(12,1208): error TS7006: Parameter 't' implicitly has an 'any' type.
generated/prisma/runtime/client.js(12,1315): error TS7006: Parameter 't' implicitly has an 'any' type.
generated/prisma/runtime/client.js(12,1569): error TS7008: Member 'suggestions' implicitly has an 'any[]' type.
generated/prisma/runtime/client.js(12,1593): error TS7006: Parameter 't' implicitly has an 'any' type.
generated/prisma/runtime/client.js(12,1596): error TS7053: Element implicitly has an 'any' type because expression of type 'any' can't be used to index type '{}'.
generated/prisma/runtime/client.js(12,1632): error TS7006: Parameter 't' implicitly has an 'any' type.
generated/prisma/runtime/client.js(12,1669): error TS7006: Parameter 't' implicitly has an 'any' type.
generated/prisma/runtime/client.js(12,1679): error TS7053: Element implicitly has an 'any' type because expression of type 'any' can't be used to index type '{}'.
generated/prisma/runtime/client.js(12,1707): error TS7006: Parameter 't' implicitly has an 'any' type.
generated/prisma/runtime/client.js(12,1928): error TS7006: Parameter 't' implicitly has an 'any' type.
generated/prisma/runtime/client.js(12,1993): error TS7006: Parameter 't' implicitly has an 'any' type.
generated/prisma/runtime/client.js(12,2066): error TS7006: Parameter 't' implicitly has an 'any' type.
generated/prisma/runtime/client.js(12,2076): error TS7053: Element implicitly has an 'any' type because expression of type 'any' can't be used to index type '{}'.
generated/prisma/runtime/client.js(12,2189): error TS7006: Parameter 't' implicitly has an 'any' type.
generated/prisma/runtime/client.js(12,2248): error TS7006: Parameter 't' implicitly has an 'any' type.
generated/prisma/runtime/client.js(12,2387): error TS7006: Parameter 't' implicitly has an 'any' type.
generated/prisma/runtime/client.js(12,2787): error TS7006: Parameter 't' implicitly has an 'any' type.
generated/prisma/runtime/client.js(12,2965): error TS7006: Parameter 't' implicitly has an 'any' type.
generated/prisma/runtime/client.js(12,3135): error TS7006: Parameter 't' implicitly has an 'any' type.
generated/prisma/runtime/client.js(12,3245): error TS7006: Parameter 't' implicitly has an 'any' type.
generated/prisma/runtime/client.js(12,3247): error TS7006: Parameter 'r' implicitly has an 'any' type.
generated/prisma/runtime/client.js(12,3499): error TS7006: Parameter 'r' implicitly has an 'any' type.
generated/prisma/runtime/client.js(12,3568): error TS7006: Parameter 'r' implicitly has an 'any' type.
generated/prisma/runtime/client.js(12,3692): error TS7008: Member 'fields' implicitly has an 'any[]' type.
generated/prisma/runtime/client.js(12,3711): error TS7006: Parameter 't' implicitly has an 'any' type.
generated/prisma/runtime/client.js(12,3713): error TS7006: Parameter 'r' implicitly has an 'any' type.
generated/prisma/runtime/client.js(12,3747): error TS7006: Parameter 'n' implicitly has an 'any' type.
generated/prisma/runtime/client.js(12,3855): error TS7006: Parameter 't' implicitly has an 'any' type.
generated/prisma/runtime/client.js(12,4020): error TS7006: Parameter 'e' implicitly has an 'any' type.
generated/prisma/runtime/client.js(12,4022): error TS7006: Parameter 't' implicitly has an 'any' type.
generated/prisma/runtime/client.js(12,4024): error TS7006: Parameter 'r' implicitly has an 'any' type.
generated/prisma/runtime/client.js(12,4646): error TS7006: Parameter 'e' implicitly has an 'any' type.
generated/prisma/runtime/client.js(12,4648): error TS7006: Parameter 't' implicitly has an 'any' type.
generated/prisma/runtime/client.js(12,4827): error TS7006: Parameter 'n' implicitly has an 'any' type.
generated/prisma/runtime/client.js(12,4992): error TS7006: Parameter 'e' implicitly has an 'any' type.
generated/prisma/runtime/client.js(12,4994): error TS7006: Parameter 't' implicitly has an 'any' type.
generated/prisma/runtime/client.js(12,5219): error TS7006: Parameter 's' implicitly has an 'any' type.
generated/prisma/runtime/client.js(13,89): error TS7006: Parameter 'e' implicitly has an 'any' type.
generated/prisma/runtime/client.js(13,91): error TS7006: Parameter 't' implicitly has an 'any' type.
generated/prisma/runtime/client.js(13,93): error TS7006: Parameter 'r' implicitly has an 'any' type.
generated/prisma/runtime/client.js(13,422): error TS7006: Parameter 'e' implicitly has an 'any' type.
generated/prisma/runtime/client.js(13,424): error TS7006: Parameter 't' implicitly has an 'any' type.
generated/prisma/runtime/client.js(13,426): error TS7006: Parameter 'r' implicitly has an 'any' type.
generated/prisma/runtime/client.js(13,539): error TS7006: Parameter 'n' implicitly has an 'any' type.
generated/prisma/runtime/client.js(13,702): error TS7006: Parameter 'e' implicitly has an 'any' type.
generated/prisma/runtime/client.js(13,704): error TS7006: Parameter 't' implicitly has an 'any' type.
generated/prisma/runtime/client.js(13,857): error TS7006: Parameter 'o' implicitly has an 'any' type.
generated/prisma/runtime/client.js(13,1077): error TS7006: Parameter 'e' implicitly has an 'any' type.
generated/prisma/runtime/client.js(13,1079): error TS7006: Parameter 't' implicitly has an 'any' type.
generated/prisma/runtime/client.js(13,1458): error TS7006: Parameter 'i' implicitly has an 'any' type.
generated/prisma/runtime/client.js(13,1632): error TS7006: Parameter 'e' implicitly has an 'any' type.
generated/prisma/runtime/client.js(13,1634): error TS7006: Parameter 't' implicitly has an 'any' type.
generated/prisma/runtime/client.js(13,1884): error TS7006: Parameter 'n' implicitly has an 'any' type.
generated/prisma/runtime/client.js(13,2122): error TS7006: Parameter 'e' implicitly has an 'any' type.
generated/prisma/runtime/client.js(13,2124): error TS7006: Parameter 't' implicitly has an 'any' type.
generated/prisma/runtime/client.js(13,2227): error TS7006: Parameter 'n' implicitly has an 'any' type.
generated/prisma/runtime/client.js(13,2327): error TS7006: Parameter 'e' implicitly has an 'any' type.
generated/prisma/runtime/client.js(13,2329): error TS7006: Parameter 't' implicitly has an 'any' type.
generated/prisma/runtime/client.js(13,2494): error TS7006: Parameter 'i' implicitly has an 'any' type.
generated/prisma/runtime/client.js(13,2520): error TS7006: Parameter 'o' implicitly has an 'any' type.
generated/prisma/runtime/client.js(13,2545): error TS7006: Parameter 'e' implicitly has an 'any' type.
generated/prisma/runtime/client.js(13,2547): error TS7006: Parameter 't' implicitly has an 'any' type.
generated/prisma/runtime/client.js(13,2778): error TS7006: Parameter 'o' implicitly has an 'any' type.
generated/prisma/runtime/client.js(13,2811): error TS7006: Parameter 's' implicitly has an 'any' type.
generated/prisma/runtime/client.js(13,2836): error TS7006: Parameter 'e' implicitly has an 'any' type.
generated/prisma/runtime/client.js(13,2838): error TS7006: Parameter 't' implicitly has an 'any' type.
generated/prisma/runtime/client.js(13,2840): error TS7006: Parameter 'r' implicitly has an 'any' type.
generated/prisma/runtime/client.js(13,2999): error TS7006: Parameter 'e' implicitly has an 'any' type.
generated/prisma/runtime/client.js(13,3001): error TS7006: Parameter 't' implicitly has an 'any' type.
generated/prisma/runtime/client.js(13,3008): error TS7034: Variable 'r' implicitly has type 'any' in some locations where its type cannot be determined.
generated/prisma/runtime/client.js(13,3028): error TS7006: Parameter 'l' implicitly has an 'any' type.
generated/prisma/runtime/client.js(13,3031): error TS7005: Variable 'r' implicitly has an 'any' type.
generated/prisma/runtime/client.js(13,3785): error TS7006: Parameter 'c' implicitly has an 'any' type.
generated/prisma/runtime/client.js(13,3890): error TS7023: 'Ki' implicitly has return type 'any' because it does not have a return type annotation and is referenced directly or indirectly in one of its return expressions.
generated/prisma/runtime/client.js(13,3893): error TS7006: Parameter 'e' implicitly has an 'any' type.
generated/prisma/runtime/client.js(13,3963): error TS7006: Parameter 'e' implicitly has an 'any' type.
generated/prisma/runtime/client.js(13,3965): error TS7006: Parameter 't' implicitly has an 'any' type.
generated/prisma/runtime/client.js(13,4130): error TS7006: Parameter 'i' implicitly has an 'any' type.
generated/prisma/runtime/client.js(13,4173): error TS7006: Parameter 's' implicitly has an 'any' type.
generated/prisma/runtime/client.js(13,4312): error TS7006: Parameter 'e' implicitly has an 'any' type.
generated/prisma/runtime/client.js(13,4314): error TS7006: Parameter 't' implicitly has an 'any' type.
generated/prisma/runtime/client.js(13,4479): error TS7006: Parameter 'i' implicitly has an 'any' type.
generated/prisma/runtime/client.js(13,4674): error TS7006: Parameter 'a' implicitly has an 'any' type.
generated/prisma/runtime/client.js(13,4748): error TS7006: Parameter 'e' implicitly has an 'any' type.
generated/prisma/runtime/client.js(13,4750): error TS7006: Parameter 't' implicitly has an 'any' type.
generated/prisma/runtime/client.js(13,4843): error TS7034: Variable 'i' implicitly has type 'any' in some locations where its type cannot be determined.
generated/prisma/runtime/client.js(13,4957): error TS7006: Parameter 'o' implicitly has an 'any' type.
generated/prisma/runtime/client.js(13,4998): error TS7005: Variable 'i' implicitly has an 'any' type.
generated/prisma/runtime/client.js(13,5110): error TS7006: Parameter 'e' implicitly has an 'any' type.
generated/prisma/runtime/client.js(13,5112): error TS7006: Parameter 't' implicitly has an 'any' type.
generated/prisma/runtime/client.js(13,5328): error TS7006: Parameter 'i' implicitly has an 'any' type.
generated/prisma/runtime/client.js(13,5559): error TS7006: Parameter 's' implicitly has an 'any' type.
generated/prisma/runtime/client.js(13,5759): error TS7006: Parameter 'e' implicitly has an 'any' type.
generated/prisma/runtime/client.js(13,5761): error TS7006: Parameter 't' implicitly has an 'any' type.
generated/prisma/runtime/client.js(13,5878): error TS7034: Variable 'i' implicitly has type 'any[]' in some locations where its type cannot be determined.
generated/prisma/runtime/client.js(13,6011): error TS7006: Parameter 'o' implicitly has an 'any' type.
generated/prisma/runtime/client.js(13,6397): error TS7005: Variable 'i' implicitly has an 'any[]' type.
generated/prisma/runtime/client.js(13,6550): error TS7006: Parameter 'e' implicitly has an 'any' type.
generated/prisma/runtime/client.js(13,6552): error TS7006: Parameter 't' implicitly has an 'any' type.
generated/prisma/runtime/client.js(13,6647): error TS7006: Parameter 'e' implicitly has an 'any' type.
generated/prisma/runtime/client.js(13,6649): error TS7006: Parameter 't' implicitly has an 'any' type.
generated/prisma/runtime/client.js(13,6759): error TS7006: Parameter 'e' implicitly has an 'any' type.
generated/prisma/runtime/client.js(13,6761): error TS7006: Parameter 't' implicitly has an 'any' type.
generated/prisma/runtime/client.js(13,6872): error TS7006: Parameter 'e' implicitly has an 'any' type.
generated/prisma/runtime/client.js(13,6874): error TS7006: Parameter 't' implicitly has an 'any' type.
generated/prisma/runtime/client.js(13,6979): error TS7006: Parameter 'e' implicitly has an 'any' type.
generated/prisma/runtime/client.js(13,6981): error TS7006: Parameter 't' implicitly has an 'any' type.
generated/prisma/runtime/client.js(13,7499): error TS7006: Parameter 'e' implicitly has an 'any' type.
generated/prisma/runtime/client.js(13,7501): error TS7006: Parameter 't' implicitly has an 'any' type.
generated/prisma/runtime/client.js(13,7634): error TS7006: Parameter 'e' implicitly has an 'any' type.
generated/prisma/runtime/client.js(13,7738): error TS7031: Binding element 'e' implicitly has an 'any' type.
generated/prisma/runtime/client.js(13,7748): error TS7031: Binding element 't' implicitly has an 'any' type.
generated/prisma/runtime/client.js(13,7845): error TS7006: Parameter 'e' implicitly has an 'any' type.
generated/prisma/runtime/client.js(13,7847): error TS7006: Parameter 't' implicitly has an 'any' type.
generated/prisma/runtime/client.js(13,7956): error TS7006: Parameter 'e' implicitly has an 'any' type.
generated/prisma/runtime/client.js(13,7958): error TS7006: Parameter 't' implicitly has an 'any' type.
generated/prisma/runtime/client.js(13,8155): error TS7006: Parameter 't' implicitly has an 'any' type.
generated/prisma/runtime/client.js(13,8157): error TS7006: Parameter 'r' implicitly has an 'any' type.
generated/prisma/runtime/client.js(13,8159): error TS7006: Parameter 'n' implicitly has an 'any' type.
generated/prisma/runtime/client.js(13,8161): error TS7006: Parameter 'i' implicitly has an 'any' type.
generated/prisma/runtime/client.js(13,8163): error TS7006: Parameter 'o' implicitly has an 'any' type.
generated/prisma/runtime/client.js(13,8392): error TS7006: Parameter 'e' implicitly has an 'any' type.
generated/prisma/runtime/client.js(13,8451): error TS7006: Parameter 't' implicitly has an 'any' type.
generated/prisma/runtime/client.js(13,8453): error TS7006: Parameter 'r' implicitly has an 'any' type.
generated/prisma/runtime/client.js(13,8607): error TS7006: Parameter 't' implicitly has an 'any' type.
generated/prisma/runtime/client.js(13,8757): error TS7008: Member 'errorMessages' implicitly has an 'any[]' type.
generated/prisma/runtime/client.js(13,8786): error TS7006: Parameter 't' implicitly has an 'any' type.
generated/prisma/runtime/client.js(13,8812): error TS7006: Parameter 't' implicitly has an 'any' type.
generated/prisma/runtime/client.js(13,8855): error TS7006: Parameter 't' implicitly has an 'any' type.
generated/prisma/runtime/client.js(13,8903): error TS7006: Parameter 't' implicitly has an 'any' type.
generated/prisma/runtime/client.js(14,18): error TS7006: Parameter 'e' implicitly has an 'any' type.
generated/prisma/runtime/client.js(14,54): error TS7006: Parameter 'e' implicitly has an 'any' type.
generated/prisma/runtime/client.js(14,161): error TS7006: Parameter 'e' implicitly has an 'any' type.
generated/prisma/runtime/client.js(14,926): error TS7006: Parameter 'e' implicitly has an 'any' type.
generated/prisma/runtime/client.js(14,995): error TS7006: Parameter 'e' implicitly has an 'any' type.
generated/prisma/runtime/client.js(14,997): error TS7006: Parameter 't' implicitly has an 'any' type.
generated/prisma/runtime/client.js(14,1136): error TS7031: Binding element 'e' implicitly has an 'any' type.
generated/prisma/runtime/client.js(14,1145): error TS7031: Binding element 't' implicitly has an 'any' type.
generated/prisma/runtime/client.js(14,1159): error TS7031: Binding element 'r' implicitly has an 'any' type.
generated/prisma/runtime/client.js(14,1170): error TS7031: Binding element 'n' implicitly has an 'any' type.
generated/prisma/runtime/client.js(14,1187): error TS7031: Binding element 'i' implicitly has an 'any' type.
generated/prisma/runtime/client.js(14,1203): error TS7031: Binding element 'o' implicitly has an 'any' type.
generated/prisma/runtime/client.js(14,1216): error TS7031: Binding element 's' implicitly has an 'any' type.
generated/prisma/runtime/client.js(14,1446): error TS7006: Parameter 'e' implicitly has an 'any' type.
generated/prisma/runtime/client.js(14,1471): error TS7006: Parameter 't' implicitly has an 'any' type.
generated/prisma/runtime/client.js(14,1503): error TS7006: Parameter 'e' implicitly has an 'any' type.
generated/prisma/runtime/client.js(14,1505): error TS7006: Parameter 't' implicitly has an 'any' type.
generated/prisma/runtime/client.js(14,1507): error TS7006: Parameter 'r' implicitly has an 'any' type.
generated/prisma/runtime/client.js(14,1663): error TS7006: Parameter 'e' implicitly has an 'any' type.
generated/prisma/runtime/client.js(14,1681): error TS7006: Parameter 'n' implicitly has an 'any' type.
generated/prisma/runtime/client.js(14,1683): error TS7006: Parameter 'i' implicitly has an 'any' type.
generated/prisma/runtime/client.js(14,1754): error TS7006: Parameter 'o' implicitly has an 'any' type.
generated/prisma/runtime/client.js(14,1783): error TS7006: Parameter 'n' implicitly has an 'any' type.
generated/prisma/runtime/client.js(14,1832): error TS7006: Parameter 'e' implicitly has an 'any' type.
generated/prisma/runtime/client.js(14,1834): error TS7006: Parameter 't' implicitly has an 'any' type.
generated/prisma/runtime/client.js(14,1836): error TS7006: Parameter 'r' implicitly has an 'any' type.
generated/prisma/runtime/client.js(14,1861): error TS7031: Binding element 'n' implicitly has an 'any' type.
generated/prisma/runtime/client.js(14,1871): error TS7031: Binding element 'i' implicitly has an 'any' type.
generated/prisma/runtime/client.js(14,1874): error TS7006: Parameter 'o' implicitly has an 'any' type.
generated/prisma/runtime/client.js(14,1965): error TS7006: Parameter 'e' implicitly has an 'any' type.
generated/prisma/runtime/client.js(14,1967): error TS7006: Parameter 't' implicitly has an 'any' type.
generated/prisma/runtime/client.js(14,1969): error TS7006: Parameter 'r' implicitly has an 'any' type.
generated/prisma/runtime/client.js(14,2003): error TS7006: Parameter 'i' implicitly has an 'any' type.
generated/prisma/runtime/client.js(14,2039): error TS7006: Parameter 'e' implicitly has an 'any' type.
generated/prisma/runtime/client.js(14,2041): error TS7006: Parameter 't' implicitly has an 'any' type.
generated/prisma/runtime/client.js(14,2165): error TS7006: Parameter 'e' implicitly has an 'any' type.
generated/prisma/runtime/client.js(14,2167): error TS7006: Parameter 't' implicitly has an 'any' type.
generated/prisma/runtime/client.js(14,2309): error TS7006: Parameter 't' implicitly has an 'any' type.
generated/prisma/runtime/client.js(14,2311): error TS7006: Parameter 'r' implicitly has an 'any' type.
generated/prisma/runtime/client.js(14,2746): error TS7006: Parameter 't' implicitly has an 'any' type.
generated/prisma/runtime/client.js(14,2942): error TS7006: Parameter 't' implicitly has an 'any' type.
generated/prisma/runtime/client.js(14,3267): error TS7006: Parameter 't' implicitly has an 'any' type.
generated/prisma/runtime/client.js(14,3269): error TS7006: Parameter 'r' implicitly has an 'any' type.
generated/prisma/runtime/client.js(14,3923): error TS7006: Parameter 't' implicitly has an 'any' type.
generated/prisma/runtime/client.js(14,3980): error TS7006: Parameter 't' implicitly has an 'any' type.
generated/prisma/runtime/client.js(14,4050): error TS7006: Parameter 't' implicitly has an 'any' type.
generated/prisma/runtime/client.js(14,4108): error TS7006: Parameter 't' implicitly has an 'any' type.
generated/prisma/runtime/client.js(14,4243): error TS7006: Parameter 't' implicitly has an 'any' type.
generated/prisma/runtime/client.js(14,4310): error TS7006: Parameter 't' implicitly has an 'any' type.
generated/prisma/runtime/client.js(14,4312): error TS7006: Parameter 'r' implicitly has an 'any' type.
generated/prisma/runtime/client.js(14,4468): error TS7006: Parameter 't' implicitly has an 'any' type.
generated/prisma/runtime/client.js(14,4497): error TS7006: Parameter 'e' implicitly has an 'any' type.
generated/prisma/runtime/client.js(14,4535): error TS7006: Parameter 'e' implicitly has an 'any' type.
generated/prisma/runtime/client.js(14,4592): error TS7006: Parameter 't' implicitly has an 'any' type.
generated/prisma/runtime/client.js(14,4682): error TS7006: Parameter 't' implicitly has an 'any' type.
generated/prisma/runtime/client.js(14,4735): error TS7006: Parameter 'e' implicitly has an 'any' type.
generated/prisma/runtime/client.js(14,5394): error TS7031: Binding element 'e' implicitly has an 'any' type.
generated/prisma/runtime/client.js(14,5403): error TS7031: Binding element 't' implicitly has an 'any' type.
generated/prisma/runtime/client.js(14,5410): error TS7031: Binding element 'r' implicitly has an 'any' type.
generated/prisma/runtime/client.js(14,5429): error TS7031: Binding element 'n' implicitly has an 'any' type.
generated/prisma/runtime/client.js(14,5464): error TS7031: Binding element 'o' implicitly has an 'any' type.
generated/prisma/runtime/client.js(14,5479): error TS7031: Binding element 's' implicitly has an 'any' type.
generated/prisma/runtime/client.js(14,5493): error TS7031: Binding element 'a' implicitly has an 'any' type.
generated/prisma/runtime/client.js(14,5509): error TS7031: Binding element 'l' implicitly has an 'any' type.
generated/prisma/runtime/client.js(14,5527): error TS7031: Binding element 'c' implicitly has an 'any' type.
generated/prisma/runtime/client.js(14,5540): error TS7031: Binding element 'u' implicitly has an 'any' type.
generated/prisma/runtime/client.js(14,5772): error TS7053: Element implicitly has an 'any' type because expression of type 'any' can't be used to index type '{ findUnique: string; findUniqueOrThrow: string; findFirst: string; findFirstOrThrow: string; findMany: string; count: string; create: string; createMany: string; createManyAndReturn: string; ... 12 more ...; aggregateRaw: string; }'.
generated/prisma/runtime/client.js(14,5806): error TS2339: Property 'select' does not exist on type '{}'.
generated/prisma/runtime/client.js(14,5815): error TS2339: Property 'include' does not exist on type '{}'.
generated/prisma/runtime/client.js(14,5834): error TS7006: Parameter 'n' implicitly has an 'any' type.
generated/prisma/runtime/client.js(14,5845): error TS2339: Property 'omit' does not exist on type '{}'.
generated/prisma/runtime/client.js(14,5866): error TS2339: Property 'omit' does not exist on type '{}'.
generated/prisma/runtime/client.js(14,5925): error TS7006: Parameter 'e' implicitly has an 'any' type.
generated/prisma/runtime/client.js(14,5927): error TS7006: Parameter 't' implicitly has an 'any' type.
generated/prisma/runtime/client.js(14,5929): error TS7006: Parameter 'r' implicitly has an 'any' type.
generated/prisma/runtime/client.js(14,5931): error TS7006: Parameter 'n' implicitly has an 'any' type.
generated/prisma/runtime/client.js(14,6245): error TS7006: Parameter 'e' implicitly has an 'any' type.
generated/prisma/runtime/client.js(14,6247): error TS7006: Parameter 't' implicitly has an 'any' type.
generated/prisma/runtime/client.js(14,6249): error TS7006: Parameter 'r' implicitly has an 'any' type.
generated/prisma/runtime/client.js(14,6371): error TS7006: Parameter 'e' implicitly has an 'any' type.
generated/prisma/runtime/client.js(14,6373): error TS7006: Parameter 't' implicitly has an 'any' type.
generated/prisma/runtime/client.js(14,6375): error TS7006: Parameter 'r' implicitly has an 'any' type.
generated/prisma/runtime/client.js(14,6771): error TS7006: Parameter 'e' implicitly has an 'any' type.
generated/prisma/runtime/client.js(14,6773): error TS7006: Parameter 't' implicitly has an 'any' type.
generated/prisma/runtime/client.js(14,6775): error TS7006: Parameter 'r' implicitly has an 'any' type.
generated/prisma/runtime/client.js(14,6978): error TS7006: Parameter 'e' implicitly has an 'any' type.
generated/prisma/runtime/client.js(14,6980): error TS7006: Parameter 't' implicitly has an 'any' type.
generated/prisma/runtime/client.js(14,7178): error TS7053: Element implicitly has an 'any' type because expression of type 'string' can't be used to index type '{}'.
  No index signature with a parameter of type 'string' was found on type '{}'.
generated/prisma/runtime/client.js(14,7225): error TS7053: Element implicitly has an 'any' type because expression of type 'string' can't be used to index type '{}'.
  No index signature with a parameter of type 'string' was found on type '{}'.
generated/prisma/runtime/client.js(14,7239): error TS7053: Element implicitly has an 'any' type because expression of type 'string' can't be used to index type '{}'.
  No index signature with a parameter of type 'string' was found on type '{}'.
generated/prisma/runtime/client.js(14,7256): error TS7053: Element implicitly has an 'any' type because expression of type 'string' can't be used to index type '{}'.
  No index signature with a parameter of type 'string' was found on type '{}'.
generated/prisma/runtime/client.js(14,7288): error TS7023: 'mo' implicitly has return type 'any' because it does not have a return type annotation and is referenced directly or indirectly in one of its return expressions.
generated/prisma/runtime/client.js(14,7291): error TS7006: Parameter 'e' implicitly has an 'any' type.
generated/prisma/runtime/client.js(14,7293): error TS7006: Parameter 't' implicitly has an 'any' type.
generated/prisma/runtime/client.js(14,8700): error TS7006: Parameter 'e' implicitly has an 'any' type.
generated/prisma/runtime/client.js(14,8702): error TS7006: Parameter 't' implicitly has an 'any' type.
generated/prisma/runtime/client.js(14,8818): error TS7053: Element implicitly has an 'any' type because expression of type 'string' can't be used to index type '{}'.
  No index signature with a parameter of type 'string' was found on type '{}'.
generated/prisma/runtime/client.js(14,9087): error TS7023: 'Wc' implicitly has return type 'any' because it does not have a return type annotation and is referenced directly or indirectly in one of its return expressions.
generated/prisma/runtime/client.js(14,9090): error TS7006: Parameter 'e' implicitly has an 'any' type.
generated/prisma/runtime/client.js(14,9092): error TS7006: Parameter 't' implicitly has an 'any' type.
generated/prisma/runtime/client.js(14,9556): error TS7006: Parameter 'e' implicitly has an 'any' type.
generated/prisma/runtime/client.js(14,9639): error TS7006: Parameter 'e' implicitly has an 'any' type.
generated/prisma/runtime/client.js(14,9719): error TS7006: Parameter 'e' implicitly has an 'any' type.
generated/prisma/runtime/client.js(14,9721): error TS7006: Parameter 't' implicitly has an 'any' type.
generated/prisma/runtime/client.js(14,9919): error TS7006: Parameter 't' implicitly has an 'any' type.
generated/prisma/runtime/client.js(14,10129): error TS7006: Parameter 't' implicitly has an 'any' type.
generated/prisma/runtime/client.js(14,10692): error TS7006: Parameter 't' implicitly has an 'any' type.
generated/prisma/runtime/client.js(14,10896): error TS7006: Parameter 't' implicitly has an 'any' type.
generated/prisma/runtime/client.js(14,11075): error TS7006: Parameter 't' implicitly has an 'any' type.
generated/prisma/runtime/client.js(14,11115): error TS7006: Parameter 'r' implicitly has an 'any' type.
generated/prisma/runtime/client.js(14,11144): error TS7006: Parameter 't' implicitly has an 'any' type.
generated/prisma/runtime/client.js(14,11940): error TS7006: Parameter 't' implicitly has an 'any' type.
generated/prisma/runtime/client.js(14,12036): error TS7006: Parameter 'e' implicitly has an 'any' type.
generated/prisma/runtime/client.js(14,12038): error TS7006: Parameter 't' implicitly has an 'any' type.
generated/prisma/runtime/client.js(14,12123): error TS7006: Parameter 'e' implicitly has an 'any' type.
generated/prisma/runtime/client.js(14,12214): error TS7006: Parameter 'e' implicitly has an 'any' type.
generated/prisma/runtime/client.js(14,12334): error TS7006: Parameter 't' implicitly has an 'any' type.
generated/prisma/runtime/client.js(14,12336): error TS7006: Parameter 'r' implicitly has an 'any' type.
generated/prisma/runtime/client.js(14,12499): error TS7006: Parameter 'e' implicitly has an 'any' type.
generated/prisma/runtime/client.js(14,12509): error TS7019: Rest parameter 't' implicitly has an 'any[]' type.
generated/prisma/runtime/client.js(14,12540): error TS7006: Parameter 'e' implicitly has an 'any' type.
generated/prisma/runtime/client.js(14,12690): error TS7006: Parameter 'e' implicitly has an 'any' type.
generated/prisma/runtime/client.js(14,12750): error TS7006: Parameter 't' implicitly has an 'any' type.
generated/prisma/runtime/client.js(14,12778): error TS7006: Parameter 'e' implicitly has an 'any' type.
generated/prisma/runtime/client.js(14,12780): error TS7006: Parameter 't' implicitly has an 'any' type.
generated/prisma/runtime/client.js(14,12855): error TS7006: Parameter 'e' implicitly has an 'any' type.
generated/prisma/runtime/client.js(14,12924): error TS7006: Parameter 'r' implicitly has an 'any' type.
generated/prisma/runtime/client.js(14,13000): error TS7006: Parameter 'r' implicitly has an 'any' type.
generated/prisma/runtime/client.js(14,13104): error TS7006: Parameter 'e' implicitly has an 'any' type.
generated/prisma/runtime/client.js(14,13204): error TS7006: Parameter 'r' implicitly has an 'any' type.
generated/prisma/runtime/client.js(14,13206): error TS7006: Parameter 'n' implicitly has an 'any' type.
generated/prisma/runtime/client.js(14,13224): error TS7006: Parameter 'r' implicitly has an 'any' type.
generated/prisma/runtime/client.js(14,13226): error TS7006: Parameter 'n' implicitly has an 'any' type.
generated/prisma/runtime/client.js(14,13228): error TS7006: Parameter 'i' implicitly has an 'any' type.
generated/prisma/runtime/client.js(14,13340): error TS7006: Parameter 'e' implicitly has an 'any' type.
generated/prisma/runtime/client.js(14,13342): error TS7006: Parameter 't' implicitly has an 'any' type.
generated/prisma/runtime/client.js(14,14149): error TS7006: Parameter 'e' implicitly has an 'any' type.
generated/prisma/runtime/client.js(14,14247): error TS7006: Parameter 'e' implicitly has an 'any' type.
generated/prisma/runtime/client.js(14,14249): error TS7006: Parameter 't' implicitly has an 'any' type.
generated/prisma/runtime/client.js(14,14268): error TS7006: Parameter 'r' implicitly has an 'any' type.
generated/prisma/runtime/client.js(14,14307): error TS7006: Parameter 'e' implicitly has an 'any' type.
generated/prisma/runtime/client.js(14,14387): error TS7006: Parameter 'e' implicitly has an 'any' type.
generated/prisma/runtime/client.js(14,14505): error TS7006: Parameter 'e' implicitly has an 'any' type.
generated/prisma/runtime/client.js(15,29): error TS7006: Parameter 'r' implicitly has an 'any' type.
generated/prisma/runtime/client.js(15,31): error TS7006: Parameter 'n' implicitly has an 'any' type.
generated/prisma/runtime/client.js(15,299): error TS7006: Parameter 'e' implicitly has an 'any' type.
generated/prisma/runtime/client.js(15,419): error TS2345: Argument of type 'string | undefined' is not assignable to parameter of type 'string'.
  Type 'undefined' is not assignable to type 'string'.
generated/prisma/runtime/client.js(15,445): error TS2322: Type 'string | undefined' is not assignable to type 'string'.
  Type 'undefined' is not assignable to type 'string'.
generated/prisma/runtime/client.js(15,455): error TS2322: Type 'string | undefined' is not assignable to type 'string'.
  Type 'undefined' is not assignable to type 'string'.
generated/prisma/runtime/client.js(15,465): error TS2322: Type 'string | undefined' is not assignable to type 'string'.
  Type 'undefined' is not assignable to type 'string'.
generated/prisma/runtime/client.js(15,722): error TS7006: Parameter 'e' implicitly has an 'any' type.
generated/prisma/runtime/client.js(15,807): error TS2532: Object is possibly 'undefined'.
generated/prisma/runtime/client.js(15,1045): error TS7006: Parameter 'e' implicitly has an 'any' type.
generated/prisma/runtime/client.js(15,1132): error TS2345: Argument of type 'string | undefined' is not assignable to parameter of type 'string'.
  Type 'undefined' is not assignable to type 'string'.
generated/prisma/runtime/client.js(15,1158): error TS2322: Type 'string | undefined' is not assignable to type 'string'.
  Type 'undefined' is not assignable to type 'string'.
generated/prisma/runtime/client.js(15,1168): error TS2322: Type 'string | undefined' is not assignable to type 'string'.
  Type 'undefined' is not assignable to type 'string'.
generated/prisma/runtime/client.js(15,1178): error TS2322: Type 'null' is not assignable to type 'string'.
generated/prisma/runtime/client.js(15,1387): error TS7006: Parameter 'e' implicitly has an 'any' type.
generated/prisma/runtime/client.js(15,1472): error TS2532: Object is possibly 'undefined'.
generated/prisma/runtime/client.js(15,1621): error TS7006: Parameter 'e' implicitly has an 'any' type.
generated/prisma/runtime/client.js(15,1706): error TS2532: Object is possibly 'undefined'.
generated/prisma/runtime/client.js(15,1906): error TS7006: Parameter 'i' implicitly has an 'any' type.
generated/prisma/runtime/client.js(15,2347): error TS7006: Parameter 'e' implicitly has an 'any' type.
generated/prisma/runtime/client.js(15,2378): error TS2304: Cannot find name '$EnabledCallSite'.
generated/prisma/runtime/client.js(15,2426): error TS2304: Cannot find name '$EnabledCallSite'.
generated/prisma/runtime/client.js(15,2582): error TS7053: Element implicitly has an 'any' type because expression of type 'string' can't be used to index type '{ _avg: boolean; _count: boolean; _sum: boolean; _min: boolean; _max: boolean; }'.
  No index signature with a parameter of type 'string' was found on type '{ _avg: boolean; _count: boolean; _sum: boolean; _min: boolean; _max: boolean; }'.
generated/prisma/runtime/client.js(15,2597): error TS7053: Element implicitly has an 'any' type because expression of type 'string' can't be used to index type '{}'.
  No index signature with a parameter of type 'string' was found on type '{}'.
generated/prisma/runtime/client.js(15,2620): error TS7053: Element implicitly has an 'any' type because expression of type 'string' can't be used to index type '{ select: {}; }'.
  No index signature with a parameter of type 'string' was found on type '{ select: {}; }'.
generated/prisma/runtime/client.js(15,2677): error TS2339: Property '_count' does not exist on type '{}'.
generated/prisma/runtime/client.js(15,2716): error TS2339: Property '_count' does not exist on type '{}'.
generated/prisma/runtime/client.js(15,2752): error TS7006: Parameter 't' implicitly has an 'any' type.
generated/prisma/runtime/client.js(15,2765): error TS2339: Property '_count' does not exist on type '{}'.
generated/prisma/runtime/client.js(15,2824): error TS7006: Parameter 'e' implicitly has an 'any' type.
generated/prisma/runtime/client.js(15,2826): error TS7006: Parameter 't' implicitly has an 'any' type.
generated/prisma/runtime/client.js(15,2922): error TS2339: Property 'select' does not exist on type '{}'.
generated/prisma/runtime/client.js(15,3047): error TS2339: Property 'select' does not exist on type '{}'.
generated/prisma/runtime/client.js(15,3064): error TS7006: Parameter 't' implicitly has an 'any' type.
generated/prisma/runtime/client.js(15,3083): error TS7006: Parameter 't' implicitly has an 'any' type.
generated/prisma/runtime/client.js(15,3119): error TS7006: Parameter 'e' implicitly has an 'any' type.
generated/prisma/runtime/client.js(15,3121): error TS7006: Parameter 't' implicitly has an 'any' type.
generated/prisma/runtime/client.js(15,3232): error TS2339: Property 'by' does not exist on type '{ select: {}; }'.
generated/prisma/runtime/client.js(15,3251): error TS2339: Property 'by' does not exist on type '{ select: {}; }'.
generated/prisma/runtime/client.js(15,3275): error TS7053: Element implicitly has an 'any' type because expression of type 'string' can't be used to index type '{}'.
  No index signature with a parameter of type 'string' was found on type '{}'.
generated/prisma/runtime/client.js(15,3305): error TS2339: Property 'by' does not exist on type '{ select: {}; }'.
generated/prisma/runtime/client.js(15,3320): error TS7053: Element implicitly has an 'any' type because expression of type 'any' can't be used to index type '{}'.
generated/prisma/runtime/client.js(15,3331): error TS2339: Property 'by' does not exist on type '{ select: {}; }'.
generated/prisma/runtime/client.js(15,3373): error TS7006: Parameter 't' implicitly has an 'any' type.
generated/prisma/runtime/client.js(15,3387): error TS2339: Property '_count' does not exist on type '{}'.
generated/prisma/runtime/client.js(15,3416): error TS7006: Parameter 'r' implicitly has an 'any' type.
generated/prisma/runtime/client.js(15,3460): error TS7006: Parameter 'e' implicitly has an 'any' type.
generated/prisma/runtime/client.js(15,3462): error TS7006: Parameter 't' implicitly has an 'any' type.
generated/prisma/runtime/client.js(15,3538): error TS7006: Parameter 'e' implicitly has an 'any' type.
generated/prisma/runtime/client.js(15,3540): error TS7006: Parameter 't' implicitly has an 'any' type.
generated/prisma/runtime/client.js(15,3542): error TS7006: Parameter 'r' implicitly has an 'any' type.
generated/prisma/runtime/client.js(15,3571): error TS7006: Parameter 'n' implicitly has an 'any' type.
generated/prisma/runtime/client.js(15,3604): error TS7006: Parameter 'n' implicitly has an 'any' type.
generated/prisma/runtime/client.js(15,3639): error TS7006: Parameter 'n' implicitly has an 'any' type.
generated/prisma/runtime/client.js(15,3662): error TS7006: Parameter 'e' implicitly has an 'any' type.
generated/prisma/runtime/client.js(15,3664): error TS7006: Parameter 't' implicitly has an 'any' type.
generated/prisma/runtime/client.js(15,3689): error TS7006: Parameter 'i' implicitly has an 'any' type.
generated/prisma/runtime/client.js(15,3802): error TS7053: Element implicitly has an 'any' type because expression of type 'string' can't be used to index type '{}'.
  No index signature with a parameter of type 'string' was found on type '{}'.
generated/prisma/runtime/client.js(15,3895): error TS7006: Parameter 'e' implicitly has an 'any' type.
generated/prisma/runtime/client.js(15,3934): error TS7006: Parameter 'e' implicitly has an 'any' type.
generated/prisma/runtime/client.js(15,3936): error TS7006: Parameter 't' implicitly has an 'any' type.
generated/prisma/runtime/client.js(15,3954): error TS7006: Parameter 'r' implicitly has an 'any' type.
generated/prisma/runtime/client.js(15,3956): error TS7006: Parameter 'n' implicitly has an 'any' type.
generated/prisma/runtime/client.js(15,3975): error TS7006: Parameter 'e' implicitly has an 'any' type.
generated/prisma/runtime/client.js(15,3977): error TS7006: Parameter 't' implicitly has an 'any' type.
generated/prisma/runtime/client.js(15,3979): error TS7006: Parameter 'r' implicitly has an 'any' type.
generated/prisma/runtime/client.js(15,4002): error TS7006: Parameter 'n' implicitly has an 'any' type.
generated/prisma/runtime/client.js(15,4004): error TS7006: Parameter 'i' implicitly has an 'any' type.
generated/prisma/runtime/client.js(15,4006): error TS7006: Parameter 'o' implicitly has an 'any' type.
generated/prisma/runtime/client.js(15,4008): error TS7006: Parameter 's' implicitly has an 'any' type.
generated/prisma/runtime/client.js(15,4072): error TS7006: Parameter 'e' implicitly has an 'any' type.
generated/prisma/runtime/client.js(15,4074): error TS7006: Parameter 't' implicitly has an 'any' type.
generated/prisma/runtime/client.js(15,4140): error TS7006: Parameter 'e' implicitly has an 'any' type.
generated/prisma/runtime/client.js(15,4142): error TS7006: Parameter 't' implicitly has an 'any' type.
generated/prisma/runtime/client.js(15,4144): error TS7006: Parameter 'r' implicitly has an 'any' type.
generated/prisma/runtime/client.js(15,4197): error TS7006: Parameter 'e' implicitly has an 'any' type.
generated/prisma/runtime/client.js(15,4199): error TS7006: Parameter 't' implicitly has an 'any' type.
generated/prisma/runtime/client.js(15,4201): error TS7006: Parameter 'r' implicitly has an 'any' type.
generated/prisma/runtime/client.js(15,4203): error TS7006: Parameter 'n' implicitly has an 'any' type.
generated/prisma/runtime/client.js(15,4205): error TS7006: Parameter 'i' implicitly has an 'any' type.
generated/prisma/runtime/client.js(15,4207): error TS7006: Parameter 'o' implicitly has an 'any' type.
generated/prisma/runtime/client.js(15,4261): error TS7006: Parameter 'l' implicitly has an 'any' type.
generated/prisma/runtime/client.js(15,4263): error TS7006: Parameter 'c' implicitly has an 'any' type.
generated/prisma/runtime/client.js(15,4298): error TS7006: Parameter 'l' implicitly has an 'any' type.
generated/prisma/runtime/client.js(15,4568): error TS7006: Parameter 'e' implicitly has an 'any' type.
generated/prisma/runtime/client.js(15,4570): error TS7006: Parameter 't' implicitly has an 'any' type.
generated/prisma/runtime/client.js(15,4624): error TS7006: Parameter 'r' implicitly has an 'any' type.
generated/prisma/runtime/client.js(15,4650): error TS7006: Parameter 'r' implicitly has an 'any' type.
generated/prisma/runtime/client.js(15,4817): error TS7006: Parameter 'e' implicitly has an 'any' type.
generated/prisma/runtime/client.js(15,4819): error TS7006: Parameter 't' implicitly has an 'any' type.
generated/prisma/runtime/client.js(15,4991): error TS7006: Parameter 'e' implicitly has an 'any' type.
generated/prisma/runtime/client.js(15,4993): error TS7006: Parameter 't' implicitly has an 'any' type.
generated/prisma/runtime/client.js(15,5085): error TS7006: Parameter 'i' implicitly has an 'any' type.
generated/prisma/runtime/client.js(15,5098): error TS7006: Parameter 'a' implicitly has an 'any' type.
generated/prisma/runtime/client.js(15,5101): error TS7006: Parameter 'l' implicitly has an 'any' type.
generated/prisma/runtime/client.js(15,5160): error TS7006: Parameter 'u' implicitly has an 'any' type.
generated/prisma/runtime/client.js(15,5400): error TS7006: Parameter 'e' implicitly has an 'any' type.
generated/prisma/runtime/client.js(15,5437): error TS7006: Parameter 'e' implicitly has an 'any' type.
generated/prisma/runtime/client.js(15,5439): error TS7006: Parameter 't' implicitly has an 'any' type.
generated/prisma/runtime/client.js(15,5534): error TS7006: Parameter 'e' implicitly has an 'any' type.
generated/prisma/runtime/client.js(15,5559): error TS7006: Parameter 't' implicitly has an 'any' type.
generated/prisma/runtime/client.js(15,5607): error TS7006: Parameter 'e' implicitly has an 'any' type.
generated/prisma/runtime/client.js(15,5760): error TS7006: Parameter 'e' implicitly has an 'any' type.
generated/prisma/runtime/client.js(15,5900): error TS7006: Parameter 'n' implicitly has an 'any' type.
generated/prisma/runtime/client.js(15,5929): error TS7006: Parameter 'e' implicitly has an 'any' type.
generated/prisma/runtime/client.js(15,6065): error TS7006: Parameter 'i' implicitly has an 'any' type.
generated/prisma/runtime/client.js(15,6217): error TS7006: Parameter 'i' implicitly has an 'any' type.
generated/prisma/runtime/client.js(15,6275): error TS7006: Parameter 'e' implicitly has an 'any' type.
generated/prisma/runtime/client.js(15,6311): error TS7006: Parameter 'e' implicitly has an 'any' type.
generated/prisma/runtime/client.js(15,6347): error TS2683: 'this' implicitly has type 'any' because it does not have a type annotation.
generated/prisma/runtime/client.js(15,6373): error TS2683: 'this' implicitly has type 'any' because it does not have a type annotation.
generated/prisma/runtime/client.js(15,6414): error TS2683: 'this' implicitly has type 'any' because it does not have a type annotation.
generated/prisma/runtime/client.js(15,6464): error TS2683: 'this' implicitly has type 'any' because it does not have a type annotation.
generated/prisma/runtime/client.js(15,6540): error TS7031: Binding element 'e' implicitly has an 'any' type.
generated/prisma/runtime/client.js(15,6552): error TS7031: Binding element 't' implicitly has an 'any' type.
generated/prisma/runtime/client.js(15,6561): error TS7031: Binding element 'r' implicitly has an 'any' type.
generated/prisma/runtime/client.js(15,6568): error TS7031: Binding element 'n' implicitly has an 'any' type.
generated/prisma/runtime/client.js(15,6581): error TS7031: Binding element 'i' implicitly has an 'any' type.
generated/prisma/runtime/client.js(15,6636): error TS7034: Variable 's' implicitly has type 'any[]' in some locations where its type cannot be determined.
generated/prisma/runtime/client.js(15,6726): error TS7006: Parameter 'u' implicitly has an 'any' type.
generated/prisma/runtime/client.js(15,6816): error TS7006: Parameter 'u' implicitly has an 'any' type.
generated/prisma/runtime/client.js(15,6883): error TS7005: Variable 's' implicitly has an 'any[]' type.
generated/prisma/runtime/client.js(15,6949): error TS7006: Parameter 'e' implicitly has an 'any' type.
generated/prisma/runtime/client.js(15,6951): error TS7006: Parameter 't' implicitly has an 'any' type.
generated/prisma/runtime/client.js(15,6969): error TS7006: Parameter 'r' implicitly has an 'any' type.
generated/prisma/runtime/client.js(15,6993): error TS7006: Parameter 'e' implicitly has an 'any' type.
generated/prisma/runtime/client.js(15,6995): error TS7006: Parameter 't' implicitly has an 'any' type.
generated/prisma/runtime/client.js(15,7057): error TS7031: Binding element 'e' implicitly has an 'any' type.
generated/prisma/runtime/client.js(15,7066): error TS7031: Binding element 't' implicitly has an 'any' type.
generated/prisma/runtime/client.js(15,7073): error TS7031: Binding element 'r' implicitly has an 'any' type.
generated/prisma/runtime/client.js(15,7092): error TS7031: Binding element 'n' implicitly has an 'any' type.
generated/prisma/runtime/client.js(15,7104): error TS7031: Binding element 'i' implicitly has an 'any' type.
generated/prisma/runtime/client.js(15,7488): error TS7031: Binding element 'e' implicitly has an 'any' type.
generated/prisma/runtime/client.js(15,7497): error TS7031: Binding element 't' implicitly has an 'any' type.
generated/prisma/runtime/client.js(15,7515): error TS7031: Binding element 'r' implicitly has an 'any' type.
generated/prisma/runtime/client.js(15,7534): error TS7031: Binding element 'n' implicitly has an 'any' type.
generated/prisma/runtime/client.js(15,7544): error TS7031: Binding element 'i' implicitly has an 'any' type.
generated/prisma/runtime/client.js(15,7645): error TS7006: Parameter 'u' implicitly has an 'any' type.
generated/prisma/runtime/client.js(15,7838): error TS7031: Binding element 'e' implicitly has an 'any' type.
generated/prisma/runtime/client.js(15,7850): error TS7031: Binding element 't' implicitly has an 'any' type.
generated/prisma/runtime/client.js(15,7857): error TS7031: Binding element 'r' implicitly has an 'any' type.
generated/prisma/runtime/client.js(15,7870): error TS7031: Binding element 'n' implicitly has an 'any' type.
generated/prisma/runtime/client.js(15,7889): error TS7031: Binding element 'i' implicitly has an 'any' type.
generated/prisma/runtime/client.js(15,7902): error TS7031: Binding element 'o' implicitly has an 'any' type.
generated/prisma/runtime/client.js(15,8034): error TS7006: Parameter 'a' implicitly has an 'any' type.
generated/prisma/runtime/client.js(15,8036): error TS7006: Parameter 'l' implicitly has an 'any' type.
generated/prisma/runtime/client.js(15,8038): error TS7006: Parameter 'c' implicitly has an 'any' type.
generated/prisma/runtime/client.js(15,8294): error TS7006: Parameter 'e' implicitly has an 'any' type.
generated/prisma/runtime/client.js(15,8463): error TS7053: Element implicitly has an 'any' type because expression of type 'string' can't be used to index type '{}'.
  No index signature with a parameter of type 'string' was found on type '{}'.
generated/prisma/runtime/client.js(15,8498): error TS7006: Parameter 'e' implicitly has an 'any' type.
generated/prisma/runtime/client.js(15,8551): error TS7006: Parameter 'e' implicitly has an 'any' type.
generated/prisma/runtime/client.js(15,8596): error TS7006: Parameter 'e' implicitly has an 'any' type.
generated/prisma/runtime/client.js(15,8786): error TS2339: Property 'slice' does not exist on type 'ArrayBufferView<ArrayBufferLike>'.
generated/prisma/runtime/client.js(15,9025): error TS7053: Element implicitly has an 'any' type because expression of type 'string' can't be used to index type '{}'.
  No index signature with a parameter of type 'string' was found on type '{}'.
generated/prisma/runtime/client.js(15,9081): error TS7006: Parameter 'e' implicitly has an 'any' type.
generated/prisma/runtime/client.js(15,9083): error TS7006: Parameter 't' implicitly has an 'any' type.
generated/prisma/runtime/client.js(15,9085): error TS7006: Parameter 'r' implicitly has an 'any' type.
generated/prisma/runtime/client.js(15,9122): error TS7006: Parameter 'i' implicitly has an 'any' type.
generated/prisma/runtime/client.js(15,9409): error TS7006: Parameter 's' implicitly has an 'any' type.
generated/prisma/runtime/client.js(15,9525): error TS7006: Parameter 'e' implicitly has an 'any' type.
generated/prisma/runtime/client.js(15,9527): error TS7006: Parameter 't' implicitly has an 'any' type.
generated/prisma/runtime/client.js(15,9722): error TS7006: Parameter 'e' implicitly has an 'any' type.
generated/prisma/runtime/client.js(15,9732): error TS7006: Parameter 't' implicitly has an 'any' type.
generated/prisma/runtime/client.js(15,9847): error TS7006: Parameter 'e' implicitly has an 'any' type.
generated/prisma/runtime/client.js(15,9849): error TS7006: Parameter 't' implicitly has an 'any' type.
generated/prisma/runtime/client.js(15,9851): error TS7006: Parameter 'r' implicitly has an 'any' type.
generated/prisma/runtime/client.js(15,9853): error TS7006: Parameter 'n' implicitly has an 'any' type.
generated/prisma/runtime/client.js(15,9983): error TS7006: Parameter 's' implicitly has an 'any' type.
generated/prisma/runtime/client.js(15,10145): error TS7006: Parameter 's' implicitly has an 'any' type.
generated/prisma/runtime/client.js(15,10243): error TS7006: Parameter 'e' implicitly has an 'any' type.
generated/prisma/runtime/client.js(15,10278): error TS7006: Parameter 'r' implicitly has an 'any' type.
generated/prisma/runtime/client.js(15,10394): error TS7006: Parameter 'e' implicitly has an 'any' type.
generated/prisma/runtime/client.js(15,10396): error TS7006: Parameter 't' implicitly has an 'any' type.
generated/prisma/runtime/client.js(15,10427): error TS7023: 'fn' implicitly has return type 'any' because it does not have a return type annotation and is referenced directly or indirectly in one of its return expressions.
generated/prisma/runtime/client.js(15,10430): error TS7006: Parameter 'e' implicitly has an 'any' type.
generated/prisma/runtime/client.js(15,10432): error TS7006: Parameter 't' implicitly has an 'any' type.
generated/prisma/runtime/client.js(15,10607): error TS7006: Parameter 'e' implicitly has an 'any' type.
generated/prisma/runtime/client.js(15,10609): error TS7006: Parameter 't' implicitly has an 'any' type.
generated/prisma/runtime/client.js(15,11266): error TS7006: Parameter 'e' implicitly has an 'any' type.
generated/prisma/runtime/client.js(15,11378): error TS7006: Parameter 'e' implicitly has an 'any' type.
generated/prisma/runtime/client.js(15,11543): error TS7006: Parameter 'e' implicitly has an 'any' type.
generated/prisma/runtime/client.js(15,11643): error TS7006: Parameter 'e' implicitly has an 'any' type.
generated/prisma/runtime/client.js(15,11742): error TS7006: Parameter 'e' implicitly has an 'any' type.
generated/prisma/runtime/client.js(15,11821): error TS7006: Parameter 'e' implicitly has an 'any' type.
generated/prisma/runtime/client.js(15,11991): error TS7006: Parameter 'e' implicitly has an 'any' type.
generated/prisma/runtime/client.js(15,12068): error TS7006: Parameter 'e' implicitly has an 'any' type.
generated/prisma/runtime/client.js(15,12070): error TS7006: Parameter 't' implicitly has an 'any' type.
generated/prisma/runtime/client.js(15,12110): error TS7053: Element implicitly has an 'any' type because expression of type 'string' can't be used to index type '{}'.
  No index signature with a parameter of type 'string' was found on type '{}'.
generated/prisma/runtime/client.js(15,12143): error TS7023: 'le' implicitly has return type 'any' because it does not have a return type annotation and is referenced directly or indirectly in one of its return expressions.
generated/prisma/runtime/client.js(15,12146): error TS7006: Parameter 'e' implicitly has an 'any' type.
generated/prisma/runtime/client.js(15,12309): error TS7031: Binding element 'e' implicitly has an 'any' type.
generated/prisma/runtime/client.js(15,12317): error TS7031: Binding element 't' implicitly has an 'any' type.
generated/prisma/runtime/client.js(15,12621): error TS7006: Parameter 'e' implicitly has an 'any' type.
generated/prisma/runtime/client.js(15,13138): error TS7006: Parameter 't' implicitly has an 'any' type.
generated/prisma/runtime/client.js(15,13140): error TS7006: Parameter 'r' implicitly has an 'any' type.
generated/prisma/runtime/client.js(15,13142): error TS7006: Parameter 'n' implicitly has an 'any' type.
generated/prisma/runtime/client.js(15,13341): error TS7006: Parameter 'e' implicitly has an 'any' type.
generated/prisma/runtime/client.js(15,13442): error TS7006: Parameter 'e' implicitly has an 'any' type.
generated/prisma/runtime/client.js(15,13618): error TS7006: Parameter 'e' implicitly has an 'any' type.
generated/prisma/runtime/client.js(15,14722): error TS7006: Parameter 'e' implicitly has an 'any' type.
generated/prisma/runtime/client.js(15,17531): error TS7006: Parameter 'e' implicitly has an 'any' type.
generated/prisma/runtime/client.js(15,17582): error TS7006: Parameter 't' implicitly has an 'any' type.
generated/prisma/runtime/client.js(15,17719): error TS7006: Parameter 'e' implicitly has an 'any' type.
generated/prisma/runtime/client.js(15,17721): error TS7006: Parameter 't' implicitly has an 'any' type.
generated/prisma/runtime/client.js(15,17736): error TS7006: Parameter 'i' implicitly has an 'any' type.
generated/prisma/runtime/client.js(15,17754): error TS7006: Parameter 'o' implicitly has an 'any' type.
generated/prisma/runtime/client.js(15,17756): error TS7006: Parameter 's' implicitly has an 'any' type.
generated/prisma/runtime/client.js(15,17835): error TS7006: Parameter 'i' implicitly has an 'any' type.
generated/prisma/runtime/client.js(15,17857): error TS7006: Parameter 's' implicitly has an 'any' type.
generated/prisma/runtime/client.js(15,18208): error TS7006: Parameter 't' implicitly has an 'any' type.
generated/prisma/runtime/client.js(15,18210): error TS7006: Parameter 'r' implicitly has an 'any' type.
generated/prisma/runtime/client.js(15,18246): error TS7006: Parameter 'e' implicitly has an 'any' type.
generated/prisma/runtime/client.js(15,18248): error TS7006: Parameter 't' implicitly has an 'any' type.
generated/prisma/runtime/client.js(15,18250): error TS7006: Parameter 'r' implicitly has an 'any' type.
generated/prisma/runtime/client.js(15,18563): error TS7006: Parameter 'e' implicitly has an 'any' type.
generated/prisma/runtime/client.js(15,18565): error TS7006: Parameter 't' implicitly has an 'any' type.
generated/prisma/runtime/client.js(15,18567): error TS7006: Parameter 'r' implicitly has an 'any' type.
generated/prisma/runtime/client.js(15,18569): error TS7006: Parameter 'n' implicitly has an 'any' type.
generated/prisma/runtime/client.js(15,18963): error TS7006: Parameter 'e' implicitly has an 'any' type.
generated/prisma/runtime/client.js(15,18965): error TS7006: Parameter 't' implicitly has an 'any' type.
generated/prisma/runtime/client.js(15,18967): error TS7006: Parameter 'r' implicitly has an 'any' type.
generated/prisma/runtime/client.js(15,19440): error TS7053: Element implicitly has an 'any' type because expression of type 'string' can't be used to index type '{}'.
  No index signature with a parameter of type 'string' was found on type '{}'.
generated/prisma/runtime/client.js(15,19530): error TS7053: Element implicitly has an 'any' type because expression of type 'string' can't be used to index type '{}'.
  No index signature with a parameter of type 'string' was found on type '{}'.
generated/prisma/runtime/client.js(15,19769): error TS7006: Parameter 'e' implicitly has an 'any' type.
generated/prisma/runtime/client.js(15,19771): error TS7006: Parameter 't' implicitly has an 'any' type.
generated/prisma/runtime/client.js(15,19773): error TS7006: Parameter 'r' implicitly has an 'any' type.
generated/prisma/runtime/client.js(15,19775): error TS7006: Parameter 'n' implicitly has an 'any' type.
generated/prisma/runtime/client.js(15,19843): error TS7006: Parameter 'o' implicitly has an 'any' type.
generated/prisma/runtime/client.js(15,19845): error TS7006: Parameter 's' implicitly has an 'any' type.
generated/prisma/runtime/client.js(15,19897): error TS7006: Parameter 'e' implicitly has an 'any' type.
generated/prisma/runtime/client.js(15,19899): error TS7006: Parameter 't' implicitly has an 'any' type.
generated/prisma/runtime/client.js(15,19901): error TS7006: Parameter 'r' implicitly has an 'any' type.
generated/prisma/runtime/client.js(15,19903): error TS7006: Parameter 'n' implicitly has an 'any' type.
generated/prisma/runtime/client.js(15,22998): error TS7006: Parameter 'e' implicitly has an 'any' type.
generated/prisma/runtime/client.js(15,23273): error TS7006: Parameter 'e' implicitly has an 'any' type.
generated/prisma/runtime/client.js(15,23504): error TS7006: Parameter 'e' implicitly has an 'any' type.
generated/prisma/runtime/client.js(15,23506): error TS7006: Parameter 't' implicitly has an 'any' type.
generated/prisma/runtime/client.js(15,23591): error TS7053: Element implicitly has an 'any' type because expression of type 'string' can't be used to index type '{}'.
  No index signature with a parameter of type 'string' was found on type '{}'.
generated/prisma/runtime/client.js(15,23620): error TS7006: Parameter 'e' implicitly has an 'any' type.
generated/prisma/runtime/client.js(15,23622): error TS7006: Parameter 't' implicitly has an 'any' type.
generated/prisma/runtime/client.js(15,23664): error TS7006: Parameter 'e' implicitly has an 'any' type.
generated/prisma/runtime/client.js(15,23666): error TS7006: Parameter 't' implicitly has an 'any' type.
generated/prisma/runtime/client.js(15,23696): error TS7034: Variable 'Et' implicitly has type 'any' in some locations where its type cannot be determined.
generated/prisma/runtime/client.js(15,23712): error TS7053: Element implicitly has an 'any' type because expression of type '0' can't be used to index type '{}'.
  Property '0' does not exist on type '{}'.
generated/prisma/runtime/client.js(15,23716): error TS2339: Property 'INTERNAL' does not exist on type '{}'.
generated/prisma/runtime/client.js(15,23739): error TS7053: Element implicitly has an 'any' type because expression of type '1' can't be used to index type '{}'.
  Property '1' does not exist on type '{}'.
generated/prisma/runtime/client.js(15,23743): error TS2339: Property 'SERVER' does not exist on type '{}'.
generated/prisma/runtime/client.js(15,23762): error TS7053: Element implicitly has an 'any' type because expression of type '2' can't be used to index type '{}'.
  Property '2' does not exist on type '{}'.
generated/prisma/runtime/client.js(15,23766): error TS2339: Property 'CLIENT' does not exist on type '{}'.
generated/prisma/runtime/client.js(15,23785): error TS7053: Element implicitly has an 'any' type because expression of type '3' can't be used to index type '{}'.
  Property '3' does not exist on type '{}'.
generated/prisma/runtime/client.js(15,23789): error TS2339: Property 'PRODUCER' does not exist on type '{}'.
generated/prisma/runtime/client.js(15,23812): error TS7053: Element implicitly has an 'any' type because expression of type '4' can't be used to index type '{}'.
  Property '4' does not exist on type '{}'.
generated/prisma/runtime/client.js(15,23816): error TS2339: Property 'CONSUMER' does not exist on type '{}'.
generated/prisma/runtime/client.js(15,23866): error TS7006: Parameter 'e' implicitly has an 'any' type.
generated/prisma/runtime/client.js(15,24112): error TS7031: Binding element 'e' implicitly has an 'any' type.
generated/prisma/runtime/client.js(15,24128): error TS7031: Binding element 't' implicitly has an 'any' type.
generated/prisma/runtime/client.js(15,24139): error TS7031: Binding element 'r' implicitly has an 'any' type.
generated/prisma/runtime/client.js(15,24149): error TS7031: Binding element 'n' implicitly has an 'any' type.
generated/prisma/runtime/client.js(15,24159): error TS7031: Binding element 'i' implicitly has an 'any' type.
generated/prisma/runtime/client.js(15,24215): error TS7005: Variable 'Et' implicitly has an 'any' type.
generated/prisma/runtime/client.js(15,24442): error TS7006: Parameter 'e' implicitly has an 'any' type.
generated/prisma/runtime/client.js(15,24444): error TS7006: Parameter 't' implicitly has an 'any' type.
generated/prisma/runtime/client.js(15,24760): error TS7006: Parameter 'e' implicitly has an 'any' type.
generated/prisma/runtime/client.js(15,24762): error TS7006: Parameter 't' implicitly has an 'any' type.
generated/prisma/runtime/client.js(15,24855): error TS7006: Parameter 'e' implicitly has an 'any' type.
generated/prisma/runtime/client.js(15,24926): error TS7006: Parameter 'e' implicitly has an 'any' type.
generated/prisma/runtime/client.js(15,25360): error TS7034: Variable 'we' implicitly has type 'any' in some locations where its type cannot be determined.
generated/prisma/runtime/client.js(15,25363): error TS7034: Variable 'Be' implicitly has type 'any' in some locations where its type cannot be determined.
generated/prisma/runtime/client.js(15,25378): error TS7006: Parameter 'e' implicitly has an 'any' type.
generated/prisma/runtime/client.js(15,25382): error TS7005: Variable 'we' implicitly has an 'any' type.
generated/prisma/runtime/client.js(15,25466): error TS7005: Variable 'Be' implicitly has an 'any' type.
generated/prisma/runtime/client.js(15,25522): error TS7005: Variable 'Be' implicitly has an 'any' type.
generated/prisma/runtime/client.js(15,25574): error TS7005: Variable 'Be' implicitly has an 'any' type.
generated/prisma/runtime/client.js(15,25581): error TS7005: Variable 'Be' implicitly has an 'any' type.
generated/prisma/runtime/client.js(15,25594): error TS7005: Variable 'we' implicitly has an 'any' type.
generated/prisma/runtime/client.js(15,25734): error TS7034: Variable 'xe' implicitly has type 'any' in some locations where its type cannot be determined.
generated/prisma/runtime/client.js(15,25752): error TS2339: Property 'Base32IncorrectEncoding' does not exist on type '{}'.
generated/prisma/runtime/client.js(15,25796): error TS2339: Property 'DecodeTimeInvalidCharacter' does not exist on type '{}'.
generated/prisma/runtime/client.js(15,25841): error TS2339: Property 'DecodeTimeValueMalformed' does not exist on type '{}'.
generated/prisma/runtime/client.js(15,25889): error TS2339: Property 'EncodeTimeNegative' does not exist on type '{}'.
generated/prisma/runtime/client.js(15,25925): error TS2339: Property 'EncodeTimeSizeExceeded' does not exist on type '{}'.
generated/prisma/runtime/client.js(15,25973): error TS2339: Property 'EncodeTimeValueMalformed' does not exist on type '{}'.
generated/prisma/runtime/client.js(15,26021): error TS2339: Property 'PRNGDetectFailure' does not exist on type '{}'.
generated/prisma/runtime/client.js(15,26055): error TS2339: Property 'ULIDInvalid' does not exist on type '{}'.
generated/prisma/runtime/client.js(15,26084): error TS2339: Property 'Unexpected' does not exist on type '{}'.
generated/prisma/runtime/client.js(15,26110): error TS2339: Property 'UUIDInvalid' does not exist on type '{}'.
generated/prisma/runtime/client.js(15,26191): error TS7006: Parameter 't' implicitly has an 'any' type.
generated/prisma/runtime/client.js(15,26193): error TS7006: Parameter 'r' implicitly has an 'any' type.
generated/prisma/runtime/client.js(15,26265): error TS7006: Parameter 'e' implicitly has an 'any' type.
generated/prisma/runtime/client.js(15,26342): error TS7006: Parameter 'e' implicitly has an 'any' type.
generated/prisma/runtime/client.js(15,26374): error TS7017: Element implicitly has an 'any' type because type 'typeof globalThis' has no index signature.
generated/prisma/runtime/client.js(15,26529): error TS2532: Object is possibly 'undefined'.
generated/prisma/runtime/client.js(15,26711): error TS7005: Variable 'xe' implicitly has an 'any' type.
generated/prisma/runtime/client.js(15,26897): error TS7006: Parameter 'e' implicitly has an 'any' type.
generated/prisma/runtime/client.js(15,26899): error TS7006: Parameter 't' implicitly has an 'any' type.
generated/prisma/runtime/client.js(15,26955): error TS7006: Parameter 'e' implicitly has an 'any' type.
generated/prisma/runtime/client.js(15,26988): error TS7005: Variable 'xe' implicitly has an 'any' type.
generated/prisma/runtime/client.js(15,27068): error TS7005: Variable 'xe' implicitly has an 'any' type.
generated/prisma/runtime/client.js(15,27162): error TS7005: Variable 'xe' implicitly has an 'any' type.
generated/prisma/runtime/client.js(15,27256): error TS7005: Variable 'xe' implicitly has an 'any' type.
generated/prisma/runtime/client.js(15,27420): error TS2304: Cannot find name 'WorkerGlobalScope'.
generated/prisma/runtime/client.js(15,27459): error TS2304: Cannot find name 'WorkerGlobalScope'.
generated/prisma/runtime/client.js(15,27489): error TS7006: Parameter 'e' implicitly has an 'any' type.
generated/prisma/runtime/client.js(15,27491): error TS7006: Parameter 't' implicitly has an 'any' type.
generated/prisma/runtime/client.js(15,27565): error TS7034: Variable 'I' implicitly has type 'any[]' in some locations where its type cannot be determined.
generated/prisma/runtime/client.js(15,27642): error TS7006: Parameter 'e' implicitly has an 'any' type.
generated/prisma/runtime/client.js(15,27656): error TS7005: Variable 'I' implicitly has an 'any[]' type.
generated/prisma/runtime/client.js(15,27666): error TS7005: Variable 'I' implicitly has an 'any[]' type.
generated/prisma/runtime/client.js(15,27676): error TS7005: Variable 'I' implicitly has an 'any[]' type.
generated/prisma/runtime/client.js(15,27686): error TS7005: Variable 'I' implicitly has an 'any[]' type.
generated/prisma/runtime/client.js(15,27700): error TS7005: Variable 'I' implicitly has an 'any[]' type.
generated/prisma/runtime/client.js(15,27710): error TS7005: Variable 'I' implicitly has an 'any[]' type.
generated/prisma/runtime/client.js(15,27724): error TS7005: Variable 'I' implicitly has an 'any[]' type.
generated/prisma/runtime/client.js(15,27734): error TS7005: Variable 'I' implicitly has an 'any[]' type.
generated/prisma/runtime/client.js(15,27748): error TS7005: Variable 'I' implicitly has an 'any[]' type.
generated/prisma/runtime/client.js(15,27758): error TS7005: Variable 'I' implicitly has an 'any[]' type.
generated/prisma/runtime/client.js(15,27772): error TS7005: Variable 'I' implicitly has an 'any[]' type.
generated/prisma/runtime/client.js(15,27783): error TS7005: Variable 'I' implicitly has an 'any[]' type.
generated/prisma/runtime/client.js(15,27794): error TS7005: Variable 'I' implicitly has an 'any[]' type.
generated/prisma/runtime/client.js(15,27805): error TS7005: Variable 'I' implicitly has an 'any[]' type.
generated/prisma/runtime/client.js(15,27816): error TS7005: Variable 'I' implicitly has an 'any[]' type.
generated/prisma/runtime/client.js(15,27827): error TS7005: Variable 'I' implicitly has an 'any[]' type.
generated/prisma/runtime/client.js(15,28082): error TS7006: Parameter 'e' implicitly has an 'any' type.
generated/prisma/runtime/client.js(15,28084): error TS7006: Parameter 't' implicitly has an 'any' type.
generated/prisma/runtime/client.js(15,28086): error TS7006: Parameter 'r' implicitly has an 'any' type.
generated/prisma/runtime/client.js(15,28477): error TS7006: Parameter 'e' implicitly has an 'any' type.
generated/prisma/runtime/client.js(15,28479): error TS7006: Parameter 't' implicitly has an 'any' type.
generated/prisma/runtime/client.js(15,28481): error TS7006: Parameter 'r' implicitly has an 'any' type.
generated/prisma/runtime/client.js(15,28595): error TS2339: Property 'msecs' does not exist on type '{}'.
generated/prisma/runtime/client.js(15,28604): error TS2339: Property 'seq' does not exist on type '{}'.
generated/prisma/runtime/client.js(15,28641): error TS7006: Parameter 'e' implicitly has an 'any' type.
generated/prisma/runtime/client.js(15,28643): error TS7006: Parameter 't' implicitly has an 'any' type.
generated/prisma/runtime/client.js(15,28645): error TS7006: Parameter 'r' implicitly has an 'any' type.
generated/prisma/runtime/client.js(15,28792): error TS7006: Parameter 'e' implicitly has an 'any' type.
generated/prisma/runtime/client.js(15,28794): error TS7006: Parameter 't' implicitly has an 'any' type.
generated/prisma/runtime/client.js(15,28796): error TS7006: Parameter 'r' implicitly has an 'any' type.
generated/prisma/runtime/client.js(15,28798): error TS7006: Parameter 'n' implicitly has an 'any' type.
generated/prisma/runtime/client.js(15,29623): error TS7006: Parameter 't' implicitly has an 'any' type.
generated/prisma/runtime/client.js(15,29625): error TS7006: Parameter 'r' implicitly has an 'any' type.
generated/prisma/runtime/client.js(15,29628): error TS7053: Element implicitly has an 'any' type because expression of type 'any' can't be used to index type '{}'.
generated/prisma/runtime/client.js(15,29724): error TS7006: Parameter 't' implicitly has an 'any' type.
generated/prisma/runtime/client.js(15,29841): error TS7006: Parameter 't' implicitly has an 'any' type.
generated/prisma/runtime/client.js(15,30004): error TS7006: Parameter 't' implicitly has an 'any' type.
generated/prisma/runtime/client.js(15,30142): error TS7006: Parameter 't' implicitly has an 'any' type.
generated/prisma/runtime/client.js(15,30144): error TS7006: Parameter 'r' implicitly has an 'any' type.
generated/prisma/runtime/client.js(15,30385): error TS7023: 'Pr' implicitly has return type 'any' because it does not have a return type annotation and is referenced directly or indirectly in one of its return expressions.
generated/prisma/runtime/client.js(15,30388): error TS7006: Parameter 'e' implicitly has an 'any' type.
generated/prisma/runtime/client.js(15,30390): error TS7006: Parameter 't' implicitly has an 'any' type.
generated/prisma/runtime/client.js(15,30494): error TS7006: Parameter 'e' implicitly has an 'any' type.
generated/prisma/runtime/client.js(15,30496): error TS7006: Parameter 't' implicitly has an 'any' type.
generated/prisma/runtime/client.js(15,30647): error TS7006: Parameter 'e' implicitly has an 'any' type.
generated/prisma/runtime/client.js(15,30649): error TS7006: Parameter 't' implicitly has an 'any' type.
generated/prisma/runtime/client.js(15,30722): error TS7006: Parameter 'e' implicitly has an 'any' type.
generated/prisma/runtime/client.js(15,30724): error TS7006: Parameter 't' implicitly has an 'any' type.
generated/prisma/runtime/client.js(15,30958): error TS7006: Parameter 'r' implicitly has an 'any' type.
generated/prisma/runtime/client.js(15,30989): error TS7006: Parameter 'e' implicitly has an 'any' type.
generated/prisma/runtime/client.js(15,30991): error TS7006: Parameter 't' implicitly has an 'any' type.
generated/prisma/runtime/client.js(15,31095): error TS7006: Parameter 'e' implicitly has an 'any' type.
generated/prisma/runtime/client.js(15,31097): error TS7006: Parameter 't' implicitly has an 'any' type.
generated/prisma/runtime/client.js(15,31099): error TS7006: Parameter 'r' implicitly has an 'any' type.
generated/prisma/runtime/client.js(15,31322): error TS7006: Parameter 'e' implicitly has an 'any' type.
generated/prisma/runtime/client.js(15,31332): error TS7031: Binding element 't' implicitly has an 'any' type.
generated/prisma/runtime/client.js(15,31339): error TS7031: Binding element 'r' implicitly has an 'any' type.
generated/prisma/runtime/client.js(15,31346): error TS7031: Binding element 'n' implicitly has an 'any' type.
generated/prisma/runtime/client.js(15,31377): error TS7006: Parameter 'a' implicitly has an 'any' type.
generated/prisma/runtime/client.js(15,31481): error TS7006: Parameter 'e' implicitly has an 'any' type.
generated/prisma/runtime/client.js(15,31483): error TS7006: Parameter 't' implicitly has an 'any' type.
generated/prisma/runtime/client.js(15,31514): error TS7006: Parameter 'r' implicitly has an 'any' type.
generated/prisma/runtime/client.js(15,31536): error TS7006: Parameter 'e' implicitly has an 'any' type.
generated/prisma/runtime/client.js(15,31613): error TS7006: Parameter 'e' implicitly has an 'any' type.
generated/prisma/runtime/client.js(15,31698): error TS7006: Parameter 'e' implicitly has an 'any' type.
generated/prisma/runtime/client.js(15,31700): error TS7006: Parameter 't' implicitly has an 'any' type.
generated/prisma/runtime/client.js(15,31702): error TS7006: Parameter 'r' implicitly has an 'any' type.
generated/prisma/runtime/client.js(15,31704): error TS7006: Parameter 'n' implicitly has an 'any' type.
generated/prisma/runtime/client.js(15,31724): error TS7006: Parameter 'o' implicitly has an 'any' type.
generated/prisma/runtime/client.js(15,32088): error TS7023: 'H' implicitly has return type 'any' because it does not have a return type annotation and is referenced directly or indirectly in one of its return expressions.
generated/prisma/runtime/client.js(15,32090): error TS7006: Parameter 'e' implicitly has an 'any' type.
generated/prisma/runtime/client.js(15,32092): error TS7006: Parameter 't' implicitly has an 'any' type.
generated/prisma/runtime/client.js(15,32094): error TS7006: Parameter 'r' implicitly has an 'any' type.
generated/prisma/runtime/client.js(15,32387): error TS7006: Parameter 's' implicitly has an 'any' type.
generated/prisma/runtime/client.js(15,32487): error TS7024: Function implicitly has return type 'any' because it does not have a return type annotation and is referenced directly or indirectly in one of its return expressions.
generated/prisma/runtime/client.js(15,32515): error TS7006: Parameter 'e' implicitly has an 'any' type.
generated/prisma/runtime/client.js(15,32517): error TS7006: Parameter 't' implicitly has an 'any' type.
generated/prisma/runtime/client.js(15,32519): error TS7006: Parameter 'r' implicitly has an 'any' type.
generated/prisma/runtime/client.js(15,32521): error TS7006: Parameter 'n' implicitly has an 'any' type.
generated/prisma/runtime/client.js(15,33083): error TS7006: Parameter 'e' implicitly has an 'any' type.
generated/prisma/runtime/client.js(15,33085): error TS7006: Parameter 't' implicitly has an 'any' type.
generated/prisma/runtime/client.js(15,33087): error TS7006: Parameter 'r' implicitly has an 'any' type.
generated/prisma/runtime/client.js(15,33355): error TS7006: Parameter 'i' implicitly has an 'any' type.
generated/prisma/runtime/client.js(15,33544): error TS7006: Parameter 'e' implicitly has an 'any' type.
generated/prisma/runtime/client.js(15,33546): error TS7006: Parameter 't' implicitly has an 'any' type.
generated/prisma/runtime/client.js(15,33610): error TS7006: Parameter 'e' implicitly has an 'any' type.
generated/prisma/runtime/client.js(15,33612): error TS7006: Parameter 't' implicitly has an 'any' type.
generated/prisma/runtime/client.js(15,33614): error TS7006: Parameter 'r' implicitly has an 'any' type.
generated/prisma/runtime/client.js(15,33661): error TS7006: Parameter 'e' implicitly has an 'any' type.
generated/prisma/runtime/client.js(15,33696): error TS7006: Parameter 'e' implicitly has an 'any' type.
generated/prisma/runtime/client.js(15,33698): error TS7006: Parameter 't' implicitly has an 'any' type.
generated/prisma/runtime/client.js(15,33700): error TS7006: Parameter 'r' implicitly has an 'any' type.
generated/prisma/runtime/client.js(15,34652): error TS7006: Parameter 'e' implicitly has an 'any' type.
generated/prisma/runtime/client.js(15,34844): error TS7006: Parameter 'e' implicitly has an 'any' type.
generated/prisma/runtime/client.js(15,34846): error TS7006: Parameter 't' implicitly has an 'any' type.
generated/prisma/runtime/client.js(15,34848): error TS7006: Parameter 'r' implicitly has an 'any' type.
generated/prisma/runtime/client.js(15,35037): error TS2345: Argument of type 'any' is not assignable to parameter of type 'never'.
generated/prisma/runtime/client.js(15,35210): error TS2322: Type 'any[][]' is not assignable to type 'never[][]'.
  Type 'any[]' is not assignable to type 'never[]'.
    Type 'any' is not assignable to type 'never'.
generated/prisma/runtime/client.js(15,35299): error TS7006: Parameter 'p' implicitly has an 'any' type.
generated/prisma/runtime/client.js(15,35301): error TS7006: Parameter 'y' implicitly has an 'any' type.
generated/prisma/runtime/client.js(15,35324): error TS7034: Variable 'c' implicitly has type 'any[]' in some locations where its type cannot be determined.
generated/prisma/runtime/client.js(15,35416): error TS7005: Variable 'c' implicitly has an 'any[]' type.
generated/prisma/runtime/client.js(15,35473): error TS2322: Type 'any[][][]' is not assignable to type 'never[][]'.
  Type 'any[][]' is not assignable to type 'never[]'.
    Type 'any[]' is not assignable to type 'never'.
generated/prisma/runtime/client.js(15,35536): error TS7006: Parameter 'e' implicitly has an 'any' type.
generated/prisma/runtime/client.js(15,35538): error TS7006: Parameter 't' implicitly has an 'any' type.
generated/prisma/runtime/client.js(15,35622): error TS7006: Parameter 'e' implicitly has an 'any' type.
generated/prisma/runtime/client.js(15,35643): error TS7006: Parameter 't' implicitly has an 'any' type.
generated/prisma/runtime/client.js(15,35656): error TS7006: Parameter 'r' implicitly has an 'any' type.
generated/prisma/runtime/client.js(15,35658): error TS7006: Parameter 'n' implicitly has an 'any' type.
generated/prisma/runtime/client.js(15,35660): error TS7006: Parameter 'i' implicitly has an 'any' type.
generated/prisma/runtime/client.js(15,35707): error TS7006: Parameter 'e' implicitly has an 'any' type.
generated/prisma/runtime/client.js(15,35763): error TS7006: Parameter 't' implicitly has an 'any' type.
generated/prisma/runtime/client.js(15,35789): error TS7006: Parameter 't' implicitly has an 'any' type.
generated/prisma/runtime/client.js(15,35799): error TS7006: Parameter 'r' implicitly has an 'any' type.
generated/prisma/runtime/client.js(15,35801): error TS7006: Parameter 'n' implicitly has an 'any' type.
generated/prisma/runtime/client.js(15,35840): error TS7023: 'kt' implicitly has return type 'any' because it does not have a return type annotation and is referenced directly or indirectly in one of its return expressions.
generated/prisma/runtime/client.js(15,35843): error TS7006: Parameter 'e' implicitly has an 'any' type.
generated/prisma/runtime/client.js(15,35845): error TS7006: Parameter 't' implicitly has an 'any' type.
generated/prisma/runtime/client.js(15,36195): error TS7024: Function implicitly has return type 'any' because it does not have a return type annotation and is referenced directly or indirectly in one of its return expressions.
generated/prisma/runtime/client.js(15,36514): error TS7024: Function implicitly has return type 'any' because it does not have a return type annotation and is referenced directly or indirectly in one of its return expressions.
generated/prisma/runtime/client.js(15,36799): error TS7024: Function implicitly has return type 'any' because it does not have a return type annotation and is referenced directly or indirectly in one of its return expressions.
generated/prisma/runtime/client.js(15,37150): error TS7024: Function implicitly has return type 'any' because it does not have a return type annotation and is referenced directly or indirectly in one of its return expressions.
generated/prisma/runtime/client.js(15,37200): error TS7006: Parameter 'e' implicitly has an 'any' type.
generated/prisma/runtime/client.js(15,38320): error TS7006: Parameter 'e' implicitly has an 'any' type.
generated/prisma/runtime/client.js(15,38322): error TS7006: Parameter 't' implicitly has an 'any' type.
generated/prisma/runtime/client.js(15,38324): error TS7006: Parameter 'r' implicitly has an 'any' type.
generated/prisma/runtime/client.js(15,38339): error TS7006: Parameter 'n' implicitly has an 'any' type.
generated/prisma/runtime/client.js(15,38414): error TS7006: Parameter 'e' implicitly has an 'any' type.
generated/prisma/runtime/client.js(15,38416): error TS7006: Parameter 't' implicitly has an 'any' type.
generated/prisma/runtime/client.js(15,38736): error TS7006: Parameter 'e' implicitly has an 'any' type.
generated/prisma/runtime/client.js(15,38738): error TS7006: Parameter 't' implicitly has an 'any' type.
generated/prisma/runtime/client.js(15,40220): error TS7006: Parameter 'e' implicitly has an 'any' type.
generated/prisma/runtime/client.js(15,40603): error TS7031: Binding element 't' implicitly has an 'any' type.
generated/prisma/runtime/client.js(15,40623): error TS7031: Binding element 'r' implicitly has an 'any' type.
generated/prisma/runtime/client.js(15,40633): error TS7031: Binding element 'n' implicitly has an 'any' type.
generated/prisma/runtime/client.js(15,40649): error TS7031: Binding element 'i' implicitly has an 'any' type.
generated/prisma/runtime/client.js(15,40662): error TS7031: Binding element 'o' implicitly has an 'any' type.
generated/prisma/runtime/client.js(15,40678): error TS7031: Binding element 's' implicitly has an 'any' type.
generated/prisma/runtime/client.js(15,40689): error TS7031: Binding element 'a' implicitly has an 'any' type.
generated/prisma/runtime/client.js(15,40706): error TS7031: Binding element 'l' implicitly has an 'any' type.
generated/prisma/runtime/client.js(15,40721): error TS7031: Binding element 'c' implicitly has an 'any' type.
generated/prisma/runtime/client.js(15,40832): error TS7006: Parameter 't' implicitly has an 'any' type.
generated/prisma/runtime/client.js(15,41098): error TS7006: Parameter 't' implicitly has an 'any' type.
generated/prisma/runtime/client.js(15,41100): error TS7006: Parameter 'r' implicitly has an 'any' type.
generated/prisma/runtime/client.js(15,41179): error TS7006: Parameter 'i' implicitly has an 'any' type.
generated/prisma/runtime/client.js(15,41204): error TS7023: 'interpretNode' implicitly has return type 'any' because it does not have a return type annotation and is referenced directly or indirectly in one of its return expressions.
generated/prisma/runtime/client.js(15,41218): error TS7006: Parameter 't' implicitly has an 'any' type.
generated/prisma/runtime/client.js(15,41220): error TS7006: Parameter 'r' implicitly has an 'any' type.
generated/prisma/runtime/client.js(15,41222): error TS7006: Parameter 'n' implicitly has an 'any' type.
generated/prisma/runtime/client.js(15,41224): error TS7006: Parameter 'i' implicitly has an 'any' type.
generated/prisma/runtime/client.js(15,41746): error TS7006: Parameter 's' implicitly has an 'any' type.
generated/prisma/runtime/client.js(15,41782): error TS7006: Parameter 'a' implicitly has an 'any' type.
generated/prisma/runtime/client.js(15,41906): error TS7006: Parameter 's' implicitly has an 'any' type.
generated/prisma/runtime/client.js(15,41942): error TS7006: Parameter 'a' implicitly has an 'any' type.
generated/prisma/runtime/client.js(15,42073): error TS18048: 'o' is possibly 'undefined'.
generated/prisma/runtime/client.js(15,42140): error TS7006: Parameter 'c' implicitly has an 'any' type.
generated/prisma/runtime/client.js(15,42255): error TS18048: 'o' is possibly 'undefined'.
generated/prisma/runtime/client.js(15,42319): error TS7006: Parameter 'u' implicitly has an 'any' type.
generated/prisma/runtime/client.js(15,42542): error TS7022: 'o' implicitly has type 'any' because it does not have a type annotation and is referenced directly or indirectly in its own initializer.
generated/prisma/runtime/client.js(15,42557): error TS7022: 's' implicitly has type 'any' because it does not have a type annotation and is referenced directly or indirectly in its own initializer.
generated/prisma/runtime/client.js(15,42683): error TS7022: 'o' implicitly has type 'any' because it does not have a type annotation and is referenced directly or indirectly in its own initializer.
generated/prisma/runtime/client.js(15,42698): error TS7022: 's' implicitly has type 'any' because it does not have a type annotation and is referenced directly or indirectly in its own initializer.
generated/prisma/runtime/client.js(15,42937): error TS7022: 'o' implicitly has type 'any' because it does not have a type annotation and is referenced directly or indirectly in its own initializer.
generated/prisma/runtime/client.js(15,42952): error TS7022: 's' implicitly has type 'any' because it does not have a type annotation and is referenced directly or indirectly in its own initializer.
generated/prisma/runtime/client.js(15,43103): error TS7022: 'o' implicitly has type 'any' because it does not have a type annotation and is referenced directly or indirectly in its own initializer.
generated/prisma/runtime/client.js(15,43118): error TS7022: 's' implicitly has type 'any' because it does not have a type annotation and is referenced directly or indirectly in its own initializer.
generated/prisma/runtime/client.js(15,43238): error TS7022: 'o' implicitly has type 'any' because it does not have a type annotation and is referenced directly or indirectly in its own initializer.
generated/prisma/runtime/client.js(15,43253): error TS7022: 's' implicitly has type 'any' because it does not have a type annotation and is referenced directly or indirectly in its own initializer.
generated/prisma/runtime/client.js(15,43398): error TS7006: Parameter 'l' implicitly has an 'any' type.
generated/prisma/runtime/client.js(15,43698): error TS7022: 'l' implicitly has type 'any' because it does not have a type annotation and is referenced directly or indirectly in its own initializer.
generated/prisma/runtime/client.js(15,43857): error TS7022: 'o' implicitly has type 'any' because it does not have a type annotation and is referenced directly or indirectly in its own initializer.
generated/prisma/runtime/client.js(15,43872): error TS7022: 's' implicitly has type 'any' because it does not have a type annotation and is referenced directly or indirectly in its own initializer.
generated/prisma/runtime/client.js(15,44010): error TS7022: 'o' implicitly has type 'any' because it does not have a type annotation and is referenced directly or indirectly in its own initializer.
generated/prisma/runtime/client.js(15,44025): error TS7022: 's' implicitly has type 'any' because it does not have a type annotation and is referenced directly or indirectly in its own initializer.
generated/prisma/runtime/client.js(15,44150): error TS7022: 'o' implicitly has type 'any' because it does not have a type annotation and is referenced directly or indirectly in its own initializer.
generated/prisma/runtime/client.js(15,44365): error TS7022: 'o' implicitly has type 'any' because it does not have a type annotation and is referenced directly or indirectly in its own initializer.
generated/prisma/runtime/client.js(15,44419): error TS7022: 's' implicitly has type 'any' because it does not have a type annotation and is referenced directly or indirectly in its own initializer.
generated/prisma/runtime/client.js(15,44466): error TS7006: Parameter 'c' implicitly has an 'any' type.
generated/prisma/runtime/client.js(15,44507): error TS7022: 'l' implicitly has type 'any' because it does not have a type annotation and is referenced directly or indirectly in its own initializer.
generated/prisma/runtime/client.js(15,44600): error TS7022: 'o' implicitly has type 'any' because it does not have a type annotation and is referenced directly or indirectly in its own initializer.
generated/prisma/runtime/client.js(15,44615): error TS7022: 's' implicitly has type 'any' because it does not have a type annotation and is referenced directly or indirectly in its own initializer.
generated/prisma/runtime/client.js(15,44756): error TS7022: 'o' implicitly has type 'any' because it does not have a type annotation and is referenced directly or indirectly in its own initializer.
generated/prisma/runtime/client.js(15,44853): error TS7053: Element implicitly has an 'any' type because expression of type 'string' can't be used to index type '{}'.
  No index signature with a parameter of type 'string' was found on type '{}'.
generated/prisma/runtime/client.js(15,44928): error TS7022: 'o' implicitly has type 'any' because it does not have a type annotation and is referenced directly or indirectly in its own initializer.
generated/prisma/runtime/client.js(15,44943): error TS7022: 's' implicitly has type 'any' because it does not have a type annotation and is referenced directly or indirectly in its own initializer.
generated/prisma/runtime/client.js(15,44990): error TS7022: 'a' implicitly has type 'any' because it does not have a type annotation and is referenced directly or indirectly in its own initializer.
generated/prisma/runtime/client.js(15,45511): error TS7006: Parameter 't' implicitly has an 'any' type.
generated/prisma/runtime/client.js(15,45513): error TS7006: Parameter 'r' implicitly has an 'any' type.
generated/prisma/runtime/client.js(15,45515): error TS7006: Parameter 'n' implicitly has an 'any' type.
generated/prisma/runtime/client.js(15,45619): error TS7006: Parameter 't' implicitly has an 'any' type.
generated/prisma/runtime/client.js(15,45781): error TS7006: Parameter 'e' implicitly has an 'any' type.
generated/prisma/runtime/client.js(15,45841): error TS7006: Parameter 'e' implicitly has an 'any' type.
generated/prisma/runtime/client.js(15,45885): error TS7006: Parameter 'e' implicitly has an 'any' type.
generated/prisma/runtime/client.js(15,46022): error TS7006: Parameter 'e' implicitly has an 'any' type.
generated/prisma/runtime/client.js(15,46127): error TS7023: 'da' implicitly has return type 'any' because it does not have a return type annotation and is referenced directly or indirectly in one of its return expressions.
generated/prisma/runtime/client.js(15,46130): error TS7006: Parameter 'e' implicitly has an 'any' type.
generated/prisma/runtime/client.js(15,46132): error TS7006: Parameter 't' implicitly has an 'any' type.
generated/prisma/runtime/client.js(15,46165): error TS7024: Function implicitly has return type 'any' because it does not have a return type annotation and is referenced directly or indirectly in one of its return expressions.
generated/prisma/runtime/client.js(15,46231): error TS7006: Parameter 'e' implicitly has an 'any' type.
generated/prisma/runtime/client.js(15,46233): error TS7006: Parameter 't' implicitly has an 'any' type.
generated/prisma/runtime/client.js(15,46293): error TS7031: Binding element 'a' implicitly has an 'any' type.
generated/prisma/runtime/client.js(15,46315): error TS7031: Binding element 'a' implicitly has an 'any' type.
generated/prisma/runtime/client.js(15,46387): error TS7053: Element implicitly has an 'any' type because expression of type 'string' can't be used to index type '{}'.
  No index signature with a parameter of type 'string' was found on type '{}'.
generated/prisma/runtime/client.js(15,46394): error TS7053: Element implicitly has an 'any' type because expression of type 'string' can't be used to index type '{}'.
  No index signature with a parameter of type 'string' was found on type '{}'.
generated/prisma/runtime/client.js(15,46403): error TS7053: Element implicitly has an 'any' type because expression of type 'string' can't be used to index type '{}'.
  No index signature with a parameter of type 'string' was found on type '{}'.
generated/prisma/runtime/client.js(15,46566): error TS7053: Element implicitly has an 'any' type because expression of type 'string' can't be used to index type '{}'.
  No index signature with a parameter of type 'string' was found on type '{}'.
generated/prisma/runtime/client.js(15,46660): error TS7006: Parameter 'e' implicitly has an 'any' type.
generated/prisma/runtime/client.js(15,46662): error TS7006: Parameter 't' implicitly has an 'any' type.
generated/prisma/runtime/client.js(15,46664): error TS7006: Parameter 'r' implicitly has an 'any' type.
generated/prisma/runtime/client.js(15,46666): error TS7006: Parameter 'n' implicitly has an 'any' type.
generated/prisma/runtime/client.js(15,46819): error TS7006: Parameter 'e' implicitly has an 'any' type.
generated/prisma/runtime/client.js(15,46821): error TS7006: Parameter 't' implicitly has an 'any' type.
generated/prisma/runtime/client.js(15,46823): error TS7006: Parameter 'r' implicitly has an 'any' type.
generated/prisma/runtime/client.js(15,46825): error TS7006: Parameter 'n' implicitly has an 'any' type.
generated/prisma/runtime/client.js(15,47275): error TS7006: Parameter 'e' implicitly has an 'any' type.
generated/prisma/runtime/client.js(15,47277): error TS7006: Parameter 't' implicitly has an 'any' type.
generated/prisma/runtime/client.js(15,47404): error TS7006: Parameter 't' implicitly has an 'any' type.
generated/prisma/runtime/client.js(15,47406): error TS7006: Parameter 'r' implicitly has an 'any' type.
generated/prisma/runtime/client.js(15,47702): error TS7006: Parameter 't' implicitly has an 'any' type.
generated/prisma/runtime/client.js(15,47829): error TS7006: Parameter 't' implicitly has an 'any' type.
generated/prisma/runtime/client.js(15,48060): error TS7006: Parameter 't' implicitly has an 'any' type.
generated/prisma/runtime/client.js(15,48071): error TS7031: Binding element 'r' implicitly has an 'any' type.
generated/prisma/runtime/client.js(15,48083): error TS7031: Binding element 'n' implicitly has an 'any' type.
generated/prisma/runtime/client.js(15,48418): error TS7006: Parameter 't' implicitly has an 'any' type.
generated/prisma/runtime/client.js(15,48496): error TS7006: Parameter 't' implicitly has an 'any' type.
generated/prisma/runtime/client.js(15,48905): error TS7008: Member 'closedTransactions' implicitly has an 'any[]' type.
generated/prisma/runtime/client.js(15,49007): error TS7031: Binding element 't' implicitly has an 'any' type.
generated/prisma/runtime/client.js(15,49028): error TS7031: Binding element 'r' implicitly has an 'any' type.
generated/prisma/runtime/client.js(15,49044): error TS7031: Binding element 'n' implicitly has an 'any' type.
generated/prisma/runtime/client.js(15,49054): error TS7031: Binding element 'i' implicitly has an 'any' type.
generated/prisma/runtime/client.js(15,49065): error TS7031: Binding element 'o' implicitly has an 'any' type.
generated/prisma/runtime/client.js(15,49188): error TS7006: Parameter 't' implicitly has an 'any' type.
generated/prisma/runtime/client.js(15,49328): error TS7006: Parameter 't' implicitly has an 'any' type.
generated/prisma/runtime/client.js(15,49474): error TS7006: Parameter 't' implicitly has an 'any' type.
generated/prisma/runtime/client.js(15,49917): error TS7006: Parameter 's' implicitly has an 'any' type.
generated/prisma/runtime/client.js(15,49940): error TS7006: Parameter 's' implicitly has an 'any' type.
generated/prisma/runtime/client.js(15,50046): error TS2322: Type 'Timeout | undefined' is not assignable to type 'undefined'.
  Type 'Timeout' is not assignable to type 'undefined'.
generated/prisma/runtime/client.js(15,50319): error TS7006: Parameter 't' implicitly has an 'any' type.
generated/prisma/runtime/client.js(15,50483): error TS7006: Parameter 't' implicitly has an 'any' type.
generated/prisma/runtime/client.js(15,50648): error TS7006: Parameter 't' implicitly has an 'any' type.
generated/prisma/runtime/client.js(15,50650): error TS7006: Parameter 'r' implicitly has an 'any' type.
generated/prisma/runtime/client.js(15,50788): error TS7006: Parameter 't' implicitly has an 'any' type.
generated/prisma/runtime/client.js(15,50790): error TS7006: Parameter 'r' implicitly has an 'any' type.
generated/prisma/runtime/client.js(15,51545): error TS7006: Parameter 't' implicitly has an 'any' type.
generated/prisma/runtime/client.js(15,51547): error TS7006: Parameter 'r' implicitly has an 'any' type.
generated/prisma/runtime/client.js(15,51872): error TS7006: Parameter 't' implicitly has an 'any' type.
generated/prisma/runtime/client.js(15,51874): error TS7006: Parameter 'r' implicitly has an 'any' type.
generated/prisma/runtime/client.js(15,52878): error TS7006: Parameter 't' implicitly has an 'any' type.
generated/prisma/runtime/client.js(15,53095): error TS7006: Parameter 't' implicitly has an 'any' type.
generated/prisma/runtime/client.js(15,53097): error TS7006: Parameter 'r' implicitly has an 'any' type.
generated/prisma/runtime/client.js(15,53099): error TS7006: Parameter 'n' implicitly has an 'any' type.
generated/prisma/runtime/client.js(15,53225): error TS7006: Parameter 'e' implicitly has an 'any' type.
generated/prisma/runtime/client.js(15,53227): error TS7006: Parameter 't' implicitly has an 'any' type.
generated/prisma/runtime/client.js(15,53344): error TS7006: Parameter 'e' implicitly has an 'any' type.
generated/prisma/runtime/client.js(15,53346): error TS7006: Parameter 't' implicitly has an 'any' type.
generated/prisma/runtime/client.js(15,53456): error TS7006: Parameter 'e' implicitly has an 'any' type.
generated/prisma/runtime/client.js(15,53537): error TS7006: Parameter 't' implicitly has an 'any' type.
generated/prisma/runtime/client.js(15,53567): error TS7006: Parameter 'e' implicitly has an 'any' type.
generated/prisma/runtime/client.js(16,8): error TS7006: Parameter 't' implicitly has an 'any' type.
generated/prisma/runtime/client.js(17,38): error TS7031: Binding element 'e' implicitly has an 'any' type.
generated/prisma/runtime/client.js(17,105): error TS7031: Binding element 'i' implicitly has an 'any' type.
generated/prisma/runtime/client.js(17,194): error TS7031: Binding element 'e' implicitly has an 'any' type.
generated/prisma/runtime/client.js(17,209): error TS7031: Binding element 't' implicitly has an 'any' type.
generated/prisma/runtime/client.js(17,217): error TS7031: Binding element 'r' implicitly has an 'any' type.
generated/prisma/runtime/client.js(17,231): error TS7031: Binding element 'n' implicitly has an 'any' type.
generated/prisma/runtime/client.js(17,247): error TS7031: Binding element 'i' implicitly has an 'any' type.
generated/prisma/runtime/client.js(17,258): error TS7031: Binding element 'o' implicitly has an 'any' type.
generated/prisma/runtime/client.js(17,266): error TS7031: Binding element 's' implicitly has an 'any' type.
generated/prisma/runtime/client.js(61,42): error TS7006: Parameter 't' implicitly has an 'any' type.
generated/prisma/runtime/client.js(61,44): error TS7006: Parameter 'r' implicitly has an 'any' type.
generated/prisma/runtime/client.js(61,46): error TS7006: Parameter 'n' implicitly has an 'any' type.
generated/prisma/runtime/client.js(61,132): error TS7006: Parameter 't' implicitly has an 'any' type.
generated/prisma/runtime/client.js(61,531): error TS7031: Binding element 't' implicitly has an 'any' type.
generated/prisma/runtime/client.js(61,551): error TS7031: Binding element 'r' implicitly has an 'any' type.
generated/prisma/runtime/client.js(61,565): error TS7031: Binding element 'n' implicitly has an 'any' type.
generated/prisma/runtime/client.js(61,578): error TS7031: Binding element 'i' implicitly has an 'any' type.
generated/prisma/runtime/client.js(61,590): error TS7031: Binding element 'o' implicitly has an 'any' type.
generated/prisma/runtime/client.js(61,1005): error TS7006: Parameter 't' implicitly has an 'any' type.
generated/prisma/runtime/client.js(61,1092): error TS7006: Parameter 't' implicitly has an 'any' type.
generated/prisma/runtime/client.js(61,1159): error TS7006: Parameter 't' implicitly has an 'any' type.
generated/prisma/runtime/client.js(61,1425): error TS7006: Parameter 'e' implicitly has an 'any' type.
generated/prisma/runtime/client.js(61,1427): error TS7006: Parameter 't' implicitly has an 'any' type.
generated/prisma/runtime/client.js(61,1429): error TS7006: Parameter 'r' implicitly has an 'any' type.
generated/prisma/runtime/client.js(61,2910): error TS7006: Parameter 'e' implicitly has an 'any' type.
generated/prisma/runtime/client.js(61,3003): error TS7006: Parameter 'e' implicitly has an 'any' type.
generated/prisma/runtime/client.js(61,3005): error TS7006: Parameter 't' implicitly has an 'any' type.
generated/prisma/runtime/client.js(61,3040): error TS7006: Parameter 'l' implicitly has an 'any' type.
generated/prisma/runtime/client.js(61,3326): error TS2339: Property 'expires' does not exist on type '{ name: string; value: string; }'.
generated/prisma/runtime/client.js(61,3369): error TS2339: Property 'maxAge' does not exist on type '{ name: string; value: string; }'.
generated/prisma/runtime/client.js(61,3420): error TS2339: Property 'secure' does not exist on type '{ name: string; value: string; }'.
generated/prisma/runtime/client.js(61,3454): error TS2339: Property 'httpOnly' does not exist on type '{ name: string; value: string; }'.
generated/prisma/runtime/client.js(61,3490): error TS2339: Property 'sameSite' does not exist on type '{ name: string; value: string; }'.
generated/prisma/runtime/client.js(61,3515): error TS7053: Element implicitly has an 'any' type because expression of type 'any' can't be used to index type '{ name: string; value: string; }'.
generated/prisma/runtime/client.js(61,3544): error TS7006: Parameter 'e' implicitly has an 'any' type.
generated/prisma/runtime/client.js(61,3702): error TS7006: Parameter 't' implicitly has an 'any' type.
generated/prisma/runtime/client.js(61,3704): error TS7006: Parameter 'r' implicitly has an 'any' type.
generated/prisma/runtime/client.js(61,3863): error TS7006: Parameter 't' implicitly has an 'any' type.
generated/prisma/runtime/client.js(61,3865): error TS7006: Parameter 'r' implicitly has an 'any' type.
generated/prisma/runtime/client.js(61,3928): error TS7006: Parameter 'e' implicitly has an 'any' type.
generated/prisma/runtime/client.js(61,3930): error TS7006: Parameter 't' implicitly has an 'any' type.
generated/prisma/runtime/client.js(61,4039): error TS7006: Parameter 't' implicitly has an 'any' type.
generated/prisma/runtime/client.js(61,4041): error TS7006: Parameter 'r' implicitly has an 'any' type.
generated/prisma/runtime/client.js(61,4108): error TS7006: Parameter 'e' implicitly has an 'any' type.
generated/prisma/runtime/client.js(61,4197): error TS18046: 'l' is of type 'unknown'.
generated/prisma/runtime/client.js(61,4894): error TS7031: Binding element 't' implicitly has an 'any' type.
generated/prisma/runtime/client.js(61,4910): error TS7031: Binding element 'r' implicitly has an 'any' type.
generated/prisma/runtime/client.js(61,4921): error TS7031: Binding element 'n' implicitly has an 'any' type.
generated/prisma/runtime/client.js(61,4934): error TS7031: Binding element 'i' implicitly has an 'any' type.
generated/prisma/runtime/client.js(61,4947): error TS7031: Binding element 'o' implicitly has an 'any' type.
generated/prisma/runtime/client.js(61,5045): error TS2339: Property 'traceparent' does not exist on type '{}'.
generated/prisma/runtime/client.js(61,5059): error TS2339: Property 'transactionId' does not exist on type '{}'.
generated/prisma/runtime/client.js(61,5300): error TS2339: Property 'traceparent' does not exist on type '{ Accept: string; Authorization: string; "Content-Type": string; "Prisma-Engine-Hash": any; "Prisma-Engine-Version": any; }'.
generated/prisma/runtime/client.js(61,5356): error TS7053: Element implicitly has an 'any' type because expression of type '"X-Transaction-Id"' can't be used to index type '{ Accept: string; Authorization: string; "Content-Type": string; "Prisma-Engine-Hash": any; "Prisma-Engine-Version": any; }'.
  Property 'X-Transaction-Id' does not exist on type '{ Accept: string; Authorization: string; "Content-Type": string; "Prisma-Engine-Hash": any; "Prisma-Engine-Version": any; }'.
generated/prisma/runtime/client.js(61,5417): error TS7053: Element implicitly has an 'any' type because expression of type '"X-Capture-Telemetry"' can't be used to index type '{ Accept: string; Authorization: string; "Content-Type": string; "Prisma-Engine-Hash": any; "Prisma-Engine-Version": any; }'.
  Property 'X-Capture-Telemetry' does not exist on type '{ Accept: string; Authorization: string; "Content-Type": string; "Prisma-Engine-Hash": any; "Prisma-Engine-Version": any; }'.
generated/prisma/runtime/client.js(61,5615): error TS7006: Parameter 'e' implicitly has an 'any' type.
generated/prisma/runtime/client.js(61,5655): error TS7006: Parameter 'e' implicitly has an 'any' type.
generated/prisma/runtime/client.js(61,5774): error TS7006: Parameter 't' implicitly has an 'any' type.
generated/prisma/runtime/client.js(61,6149): error TS2345: Argument of type '{ path: string; method: string; }' is not assignable to parameter of type '{ path: any; method: any; body: any; fetch?: { (input: URL | RequestInfo, init?: RequestInit | undefined): Promise<Response>; (input: string | ... 1 more ... | Request, init?: RequestInit | undefined): Promise<...>; } | undefined; batchRequestIdx: any; }'.
  Type '{ path: string; method: string; }' is missing the following properties from type '{ path: any; method: any; body: any; fetch?: { (input: URL | RequestInfo, init?: RequestInit | undefined): Promise<Response>; (input: string | ... 1 more ... | Request, init?: RequestInit | undefined): Promise<...>; } | undefined; batchRequestIdx: any; }': body, batchRequestIdx
generated/prisma/runtime/client.js(61,6209): error TS7031: Binding element 't' implicitly has an 'any' type.
generated/prisma/runtime/client.js(61,6229): error TS7031: Binding element 'r' implicitly has an 'any' type.
generated/prisma/runtime/client.js(61,6242): error TS7031: Binding element 'n' implicitly has an 'any' type.
generated/prisma/runtime/client.js(61,6250): error TS7031: Binding element 'i' implicitly has an 'any' type.
generated/prisma/runtime/client.js(61,6262): error TS7031: Binding element 'o' implicitly has an 'any' type.
generated/prisma/runtime/client.js(61,6276): error TS7031: Binding element 's' implicitly has an 'any' type.
generated/prisma/runtime/client.js(61,6290): error TS7031: Binding element 'a' implicitly has an 'any' type.
generated/prisma/runtime/client.js(61,6302): error TS7031: Binding element 'l' implicitly has an 'any' type.
generated/prisma/runtime/client.js(61,6586): error TS7006: Parameter 't' implicitly has an 'any' type.
generated/prisma/runtime/client.js(61,6613): error TS2345: Argument of type '{ path: string; method: string; body: any; }' is not assignable to parameter of type '{ path: any; method: any; body: any; fetch?: { (input: URL | RequestInfo, init?: RequestInit | undefined): Promise<Response>; (input: string | ... 1 more ... | Request, init?: RequestInit | undefined): Promise<...>; } | undefined; batchRequestIdx: any; }'.
  Property 'batchRequestIdx' is missing in type '{ path: string; method: string; body: any; }' but required in type '{ path: any; method: any; body: any; fetch?: { (input: URL | RequestInfo, init?: RequestInit | undefined): Promise<Response>; (input: string | ... 1 more ... | Request, init?: RequestInit | undefined): Promise<...>; } | undefined; batchRequestIdx: any; }'.
generated/prisma/runtime/client.js(61,6703): error TS7006: Parameter 't' implicitly has an 'any' type.
generated/prisma/runtime/client.js(61,6720): error TS2345: Argument of type '{ path: string; method: string; }' is not assignable to parameter of type '{ path: any; method: any; body: any; fetch?: { (input: URL | RequestInfo, init?: RequestInit | undefined): Promise<Response>; (input: string | ... 1 more ... | Request, init?: RequestInit | undefined): Promise<...>; } | undefined; batchRequestIdx: any; }'.
  Type '{ path: string; method: string; }' is missing the following properties from type '{ path: any; method: any; body: any; fetch?: { (input: URL | RequestInfo, init?: RequestInit | undefined): Promise<Response>; (input: string | ... 1 more ... | Request, init?: RequestInit | undefined): Promise<...>; } | undefined; batchRequestIdx: any; }': body, batchRequestIdx
generated/prisma/runtime/client.js(61,6798): error TS7006: Parameter 't' implicitly has an 'any' type.
generated/prisma/runtime/client.js(61,6815): error TS2345: Argument of type '{ path: string; method: string; }' is not assignable to parameter of type '{ path: any; method: any; body: any; fetch?: { (input: URL | RequestInfo, init?: RequestInit | undefined): Promise<Response>; (input: string | ... 1 more ... | Request, init?: RequestInit | undefined): Promise<...>; } | undefined; batchRequestIdx: any; }'.
  Type '{ path: string; method: string; }' is missing the following properties from type '{ path: any; method: any; body: any; fetch?: { (input: URL | RequestInfo, init?: RequestInit | undefined): Promise<Response>; (input: string | ... 1 more ... | Request, init?: RequestInit | undefined): Promise<...>; } | undefined; batchRequestIdx: any; }': body, batchRequestIdx
generated/prisma/runtime/client.js(61,6952): error TS7031: Binding element 't' implicitly has an 'any' type.
generated/prisma/runtime/client.js(61,6961): error TS7031: Binding element 'r' implicitly has an 'any' type.
generated/prisma/runtime/client.js(61,6968): error TS7031: Binding element 'n' implicitly has an 'any' type.
generated/prisma/runtime/client.js(61,7011): error TS7031: Binding element 'o' implicitly has an 'any' type.
generated/prisma/runtime/client.js(61,7238): error TS7006: Parameter 't' implicitly has an 'any' type.
generated/prisma/runtime/client.js(61,7240): error TS7006: Parameter 'r' implicitly has an 'any' type.
generated/prisma/runtime/client.js(61,7807): error TS7006: Parameter 't' implicitly has an 'any' type.
generated/prisma/runtime/client.js(61,7900): error TS7006: Parameter 't' implicitly has an 'any' type.
generated/prisma/runtime/client.js(61,8391): error TS7008: Member '#r' implicitly has an 'any' type.
generated/prisma/runtime/client.js(61,8406): error TS7006: Parameter 't' implicitly has an 'any' type.
generated/prisma/runtime/client.js(61,8457): error TS7031: Binding element 't' implicitly has an 'any' type.
generated/prisma/runtime/client.js(61,8464): error TS7031: Binding element 'r' implicitly has an 'any' type.
generated/prisma/runtime/client.js(61,8474): error TS7031: Binding element 'n' implicitly has an 'any' type.
generated/prisma/runtime/client.js(61,8481): error TS7031: Binding element 'i' implicitly has an 'any' type.
generated/prisma/runtime/client.js(61,8489): error TS7031: Binding element 'o' implicitly has an 'any' type.
generated/prisma/runtime/client.js(61,8799): error TS7006: Parameter 't' implicitly has an 'any' type.
generated/prisma/runtime/client.js(61,9059): error TS7006: Parameter 't' implicitly has an 'any' type.
generated/prisma/runtime/client.js(61,9061): error TS7006: Parameter 'r' implicitly has an 'any' type.
generated/prisma/runtime/client.js(61,9197): error TS2339: Property 'domain' does not exist on type '{ name: string; value: string; }'.
generated/prisma/runtime/client.js(61,9220): error TS2339: Property 'path' does not exist on type '{ name: string; value: string; }'.
generated/prisma/runtime/client.js(61,9321): error TS2339: Property 'expires' does not exist on type '{ name: string; value: string; }'.
generated/prisma/runtime/client.js(61,9415): error TS7006: Parameter 'e' implicitly has an 'any' type.
generated/prisma/runtime/client.js(61,9609): error TS7053: Element implicitly has an 'any' type because expression of type 'any' can't be used to index type '{}'.
generated/prisma/runtime/client.js(61,9985): error TS2349: This expression is not callable.
  No constituent of type 'ExportValue' is callable.
generated/prisma/runtime/client.js(61,9985): error TS2722: Cannot invoke an object which is possibly 'undefined'.
generated/prisma/runtime/client.js(61,9985): error TS18048: 'l' is possibly 'undefined'.
generated/prisma/runtime/client.js(61,10037): error TS7053: Element implicitly has an 'any' type because expression of type 'any' can't be used to index type '{}'.
generated/prisma/runtime/client.js(61,10064): error TS7053: Element implicitly has an 'any' type because expression of type 'any' can't be used to index type '{}'.
generated/prisma/runtime/client.js(61,10162): error TS7017: Element implicitly has an 'any' type because type 'typeof globalThis' has no index signature.
generated/prisma/runtime/client.js(61,10202): error TS7006: Parameter 'e' implicitly has an 'any' type.
generated/prisma/runtime/client.js(61,10285): error TS7008: Member '#t' implicitly has an 'any' type.
generated/prisma/runtime/client.js(61,10396): error TS7006: Parameter 't' implicitly has an 'any' type.
generated/prisma/runtime/client.js(61,10398): error TS7006: Parameter 'r' implicitly has an 'any' type.
generated/prisma/runtime/client.js(61,11061): error TS7006: Parameter 'n' implicitly has an 'any' type.
generated/prisma/runtime/client.js(61,11151): error TS7023: '#i' implicitly has return type 'any' because it does not have a return type annotation and is referenced directly or indirectly in one of its return expressions.
generated/prisma/runtime/client.js(61,11453): error TS2353: Object literal may only specify known properties, and 'engine' does not exist in type '{ type: string; }'.
generated/prisma/runtime/client.js(61,11501): error TS2353: Object literal may only specify known properties, and 'promise' does not exist in type '{ type: string; }'.
generated/prisma/runtime/client.js(61,11558): error TS2339: Property 'promise' does not exist on type '{ type: string; }'.
generated/prisma/runtime/client.js(61,11597): error TS2339: Property 'engine' does not exist on type '{ type: string; }'.
generated/prisma/runtime/client.js(61,11645): error TS2339: Property 'promise' does not exist on type '{ type: string; }'.
generated/prisma/runtime/client.js(61,12266): error TS7006: Parameter 't' implicitly has an 'any' type.
generated/prisma/runtime/client.js(61,12541): error TS7006: Parameter 't' implicitly has an 'any' type.
generated/prisma/runtime/client.js(61,12744): error TS7006: Parameter 't' implicitly has an 'any' type.
generated/prisma/runtime/client.js(61,12746): error TS7006: Parameter 'r' implicitly has an 'any' type.
generated/prisma/runtime/client.js(62,79): error TS7006: Parameter 't' implicitly has an 'any' type.
generated/prisma/runtime/client.js(62,421): error TS7006: Parameter 't' implicitly has an 'any' type.
generated/prisma/runtime/client.js(62,423): error TS7006: Parameter 'r' implicitly has an 'any' type.
generated/prisma/runtime/client.js(62,440): error TS7017: Element implicitly has an 'any' type because type 'typeof globalThis' has no index signature.
generated/prisma/runtime/client.js(62,488): error TS7017: Element implicitly has an 'any' type because type 'typeof globalThis' has no index signature.
generated/prisma/runtime/client.js(62,527): error TS7006: Parameter 's' implicitly has an 'any' type.
generated/prisma/runtime/client.js(62,569): error TS7017: Element implicitly has an 'any' type because type 'typeof globalThis' has no index signature.
generated/prisma/runtime/client.js(62,654): error TS7006: Parameter 's' implicitly has an 'any' type.
generated/prisma/runtime/client.js(62,1022): error TS7023: 'stop' implicitly has return type 'any' because it does not have a return type annotation and is referenced directly or indirectly in one of its return expressions.
generated/prisma/runtime/client.js(62,1114): error TS2339: Property 'promise' does not exist on type '{ type: string; }'.
generated/prisma/runtime/client.js(62,1171): error TS2339: Property 'engine' does not exist on type '{ type: string; }'.
generated/prisma/runtime/client.js(62,1372): error TS2353: Object literal may only specify known properties, and 'promise' does not exist in type '{ type: string; }'.
generated/prisma/runtime/client.js(62,1432): error TS2339: Property 'promise' does not exist on type '{ type: string; }'.
generated/prisma/runtime/client.js(62,1485): error TS7006: Parameter 't' implicitly has an 'any' type.
generated/prisma/runtime/client.js(62,1487): error TS7006: Parameter 'r' implicitly has an 'any' type.
generated/prisma/runtime/client.js(62,1489): error TS7006: Parameter 'n' implicitly has an 'any' type.
generated/prisma/runtime/client.js(62,1874): error TS7006: Parameter 't' implicitly has an 'any' type.
generated/prisma/runtime/client.js(62,1900): error TS7031: Binding element 'r' implicitly has an 'any' type.
generated/prisma/runtime/client.js(62,1923): error TS7031: Binding element 'n' implicitly has an 'any' type.
generated/prisma/runtime/client.js(62,2024): error TS7006: Parameter 'l' implicitly has an 'any' type.
generated/prisma/runtime/client.js(62,2516): error TS7006: Parameter 't' implicitly has an 'any' type.
generated/prisma/runtime/client.js(62,2531): error TS7031: Binding element 'r' implicitly has an 'any' type.
generated/prisma/runtime/client.js(62,2554): error TS7031: Binding element 'n' implicitly has an 'any' type.
generated/prisma/runtime/client.js(62,2695): error TS7006: Parameter 'u' implicitly has an 'any' type.
generated/prisma/runtime/client.js(62,3547): error TS7006: Parameter 'g' implicitly has an 'any' type.
generated/prisma/runtime/client.js(62,3594): error TS7006: Parameter 'C' implicitly has an 'any' type.
generated/prisma/runtime/client.js(62,3626): error TS7006: Parameter 'C' implicitly has an 'any' type.
generated/prisma/runtime/client.js(62,4344): error TS7006: Parameter 'g' implicitly has an 'any' type.
generated/prisma/runtime/client.js(62,4464): error TS7006: Parameter 't' implicitly has an 'any' type.
generated/prisma/runtime/client.js(62,4934): error TS7031: Binding element 't' implicitly has an 'any' type.
generated/prisma/runtime/client.js(62,4944): error TS7031: Binding element 'r' implicitly has an 'any' type.
generated/prisma/runtime/client.js(62,5030): error TS7006: Parameter 'n' implicitly has an 'any' type.
generated/prisma/runtime/client.js(62,5053): error TS7006: Parameter 'n' implicitly has an 'any' type.
generated/prisma/runtime/client.js(62,5082): error TS7006: Parameter 'n' implicitly has an 'any' type.
generated/prisma/runtime/client.js(62,5114): error TS7006: Parameter 'e' implicitly has an 'any' type.
generated/prisma/runtime/client.js(62,5116): error TS7006: Parameter 't' implicitly has an 'any' type.
generated/prisma/runtime/client.js(62,5118): error TS7006: Parameter 'r' implicitly has an 'any' type.
generated/prisma/runtime/client.js(62,5131): error TS2345: Argument of type '{ binaryTarget: undefined; title: any; version: any; engineVersion: string; database: any; query: any; }' is not assignable to parameter of type '{ version: any; binaryTarget: any; title: any; description: any; engineVersion: any; database: any; query: any; }'.
  Property 'description' is missing in type '{ binaryTarget: undefined; title: any; version: any; engineVersion: string; database: any; query: any; }' but required in type '{ version: any; binaryTarget: any; title: any; description: any; engineVersion: any; database: any; query: any; }'.
generated/prisma/runtime/client.js(62,5270): error TS7006: Parameter 'e' implicitly has an 'any' type.
generated/prisma/runtime/client.js(62,5297): error TS7006: Parameter 'e' implicitly has an 'any' type.
generated/prisma/runtime/client.js(62,5368): error TS7006: Parameter 'e' implicitly has an 'any' type.
generated/prisma/runtime/client.js(62,5389): error TS7006: Parameter 't' implicitly has an 'any' type.
generated/prisma/runtime/client.js(62,5391): error TS7006: Parameter 'r' implicitly has an 'any' type.
generated/prisma/runtime/client.js(62,5393): error TS7006: Parameter 'n' implicitly has an 'any' type.
generated/prisma/runtime/client.js(62,5474): error TS7006: Parameter 'e' implicitly has an 'any' type.
generated/prisma/runtime/client.js(62,5540): error TS7006: Parameter 'e' implicitly has an 'any' type.
generated/prisma/runtime/client.js(62,5542): error TS7006: Parameter 't' implicitly has an 'any' type.
generated/prisma/runtime/client.js(62,5573): error TS7006: Parameter 'r' implicitly has an 'any' type.
generated/prisma/runtime/client.js(62,5595): error TS7023: '$a' implicitly has return type 'any' because it does not have a return type annotation and is referenced directly or indirectly in one of its return expressions.
generated/prisma/runtime/client.js(62,5598): error TS7006: Parameter 'e' implicitly has an 'any' type.
generated/prisma/runtime/client.js(62,5600): error TS7006: Parameter 't' implicitly has an 'any' type.
generated/prisma/runtime/client.js(62,5636): error TS7024: Function implicitly has return type 'any' because it does not have a return type annotation and is referenced directly or indirectly in one of its return expressions.
generated/prisma/runtime/client.js(62,6251): error TS7006: Parameter 'e' implicitly has an 'any' type.
generated/prisma/runtime/client.js(62,6445): error TS7023: 'qa' implicitly has return type 'any' because it does not have a return type annotation and is referenced directly or indirectly in one of its return expressions.
generated/prisma/runtime/client.js(62,6448): error TS7006: Parameter 'e' implicitly has an 'any' type.
generated/prisma/runtime/client.js(62,6615): error TS7053: Element implicitly has an 'any' type because expression of type 'string' can't be used to index type '{}'.
  No index signature with a parameter of type 'string' was found on type '{}'.
generated/prisma/runtime/client.js(62,6647): error TS7023: '_a' implicitly has return type 'any' because it does not have a return type annotation and is referenced directly or indirectly in one of its return expressions.
generated/prisma/runtime/client.js(62,6650): error TS7006: Parameter 'e' implicitly has an 'any' type.
generated/prisma/runtime/client.js(62,6756): error TS7006: Parameter 'e' implicitly has an 'any' type.
generated/prisma/runtime/client.js(62,6758): error TS7006: Parameter 't' implicitly has an 'any' type.
generated/prisma/runtime/client.js(62,6760): error TS7006: Parameter 'r' implicitly has an 'any' type.
generated/prisma/runtime/client.js(62,6762): error TS7006: Parameter 'n' implicitly has an 'any' type.
generated/prisma/runtime/client.js(69,26): error TS7031: Binding element 'e' implicitly has an 'any' type.
generated/prisma/runtime/client.js(69,43): error TS7031: Binding element 't' implicitly has an 'any' type.
generated/prisma/runtime/client.js(69,48): error TS7006: Parameter 'r' implicitly has an 'any' type.
generated/prisma/runtime/client.js(69,729): error TS7006: Parameter 'e' implicitly has an 'any' type.
generated/prisma/runtime/client.js(69,791): error TS7006: Parameter 'e' implicitly has an 'any' type.
generated/prisma/runtime/client.js(69,865): error TS7006: Parameter 'e' implicitly has an 'any' type.
generated/prisma/runtime/client.js(69,907): error TS7006: Parameter 'e' implicitly has an 'any' type.
generated/prisma/runtime/client.js(69,936): error TS7006: Parameter 'e' implicitly has an 'any' type.
generated/prisma/runtime/client.js(69,955): error TS7006: Parameter 'r' implicitly has an 'any' type.
generated/prisma/runtime/client.js(69,957): error TS7006: Parameter 'n' implicitly has an 'any' type.
generated/prisma/runtime/client.js(69,1106): error TS7006: Parameter 's' implicitly has an 'any' type.
generated/prisma/runtime/client.js(69,1108): error TS7006: Parameter 'a' implicitly has an 'any' type.
generated/prisma/runtime/client.js(69,1139): error TS7006: Parameter 's' implicitly has an 'any' type.
generated/prisma/runtime/client.js(69,1171): error TS7006: Parameter 's' implicitly has an 'any' type.
generated/prisma/runtime/client.js(69,1216): error TS7006: Parameter 's' implicitly has an 'any' type.
generated/prisma/runtime/client.js(69,1336): error TS7006: Parameter 'e' implicitly has an 'any' type.
generated/prisma/runtime/client.js(69,2328): error TS7053: Element implicitly has an 'any' type because expression of type 'string' can't be used to index type 'typeof globalThis'.
  No index signature with a parameter of type 'string' was found on type 'typeof globalThis'.
generated/prisma/runtime/client.js(69,2361): error TS7053: Element implicitly has an 'any' type because expression of type 'string' can't be used to index type 'typeof globalThis'.
  No index signature with a parameter of type 'string' was found on type 'typeof globalThis'.
generated/prisma/runtime/client.js(69,2504): error TS7006: Parameter 'e' implicitly has an 'any' type.
generated/prisma/runtime/client.js(69,2506): error TS7006: Parameter 't' implicitly has an 'any' type.
generated/prisma/runtime/client.js(69,2601): error TS7006: Parameter 't' implicitly has an 'any' type.
generated/prisma/runtime/client.js(69,2673): error TS7006: Parameter 't' implicitly has an 'any' type.
generated/prisma/runtime/client.js(69,2814): error TS7006: Parameter 't' implicitly has an 'any' type.
generated/prisma/runtime/client.js(69,2816): error TS7006: Parameter 'r' implicitly has an 'any' type.
generated/prisma/runtime/client.js(69,2947): error TS7006: Parameter 'e' implicitly has an 'any' type.
generated/prisma/runtime/client.js(69,2963): error TS7034: Variable 'r' implicitly has type 'any' in some locations where its type cannot be determined.
generated/prisma/runtime/client.js(69,2999): error TS7006: Parameter 'i' implicitly has an 'any' type.
generated/prisma/runtime/client.js(69,3017): error TS7005: Variable 'r' implicitly has an 'any' type.
generated/prisma/runtime/client.js(69,3045): error TS7006: Parameter 'e' implicitly has an 'any' type.
generated/prisma/runtime/client.js(69,3086): error TS7006: Parameter 't' implicitly has an 'any' type.
generated/prisma/runtime/client.js(69,3088): error TS7006: Parameter 'r' implicitly has an 'any' type.
generated/prisma/runtime/client.js(69,3254): error TS7006: Parameter 'e' implicitly has an 'any' type.
generated/prisma/runtime/client.js(69,3471): error TS7023: 'ri' implicitly has return type 'any' because it does not have a return type annotation and is referenced directly or indirectly in one of its return expressions.
generated/prisma/runtime/client.js(69,3474): error TS7006: Parameter 'e' implicitly has an 'any' type.
generated/prisma/runtime/client.js(69,3513): error TS7024: Function implicitly has return type 'any' because it does not have a return type annotation and is referenced directly or indirectly in one of its return expressions.
generated/prisma/runtime/client.js(69,3934): error TS7006: Parameter 'e' implicitly has an 'any' type.
generated/prisma/runtime/client.js(69,3944): error TS7053: Element implicitly has an 'any' type because expression of type 'any' can't be used to index type '{ aggregate: boolean; aggregateRaw: boolean; createMany: boolean; createManyAndReturn: boolean; createOne: boolean; deleteMany: boolean; deleteOne: boolean; executeRaw: boolean; findFirst: boolean; ... 11 more ...; upsertOne: boolean; }'.
generated/prisma/runtime/client.js(69,3975): error TS7006: Parameter 't' implicitly has an 'any' type.
generated/prisma/runtime/client.js(69,4039): error TS7006: Parameter 't' implicitly has an 'any' type.
generated/prisma/runtime/client.js(69,4082): error TS7053: Element implicitly has an 'any' type because expression of type 'any' can't be used to index type '{}'.
generated/prisma/runtime/client.js(69,4100): error TS7053: Element implicitly has an 'any' type because expression of type 'any' can't be used to index type '{}'.
generated/prisma/runtime/client.js(69,4244): error TS7053: Element implicitly has an 'any' type because expression of type 'any' can't be used to index type '{}'.
generated/prisma/runtime/client.js(69,4380): error TS7053: Element implicitly has an 'any' type because expression of type 'string' can't be used to index type '{}'.
  No index signature with a parameter of type 'string' was found on type '{}'.
generated/prisma/runtime/client.js(69,4403): error TS7053: Element implicitly has an 'any' type because expression of type 'string' can't be used to index type '{}'.
  No index signature with a parameter of type 'string' was found on type '{}'.
generated/prisma/runtime/client.js(69,4477): error TS7006: Parameter 'n' implicitly has an 'any' type.
generated/prisma/runtime/client.js(69,4539): error TS7006: Parameter 'n' implicitly has an 'any' type.
generated/prisma/runtime/client.js(69,4569): error TS7006: Parameter 'n' implicitly has an 'any' type.
generated/prisma/runtime/client.js(69,4571): error TS7006: Parameter 'i' implicitly has an 'any' type.
generated/prisma/runtime/client.js(69,4652): error TS7006: Parameter 'n' implicitly has an 'any' type.
generated/prisma/runtime/client.js(69,4672): error TS7006: Parameter 'n' implicitly has an 'any' type.
generated/prisma/runtime/client.js(69,4843): error TS7006: Parameter 'n' implicitly has an 'any' type.
generated/prisma/runtime/client.js(69,4999): error TS7006: Parameter 'e' implicitly has an 'any' type.
generated/prisma/runtime/client.js(69,5001): error TS7006: Parameter 't' implicitly has an 'any' type.
generated/prisma/runtime/client.js(69,5334): error TS7006: Parameter 'r' implicitly has an 'any' type.
generated/prisma/runtime/client.js(69,5384): error TS7006: Parameter 'r' implicitly has an 'any' type.
generated/prisma/runtime/client.js(69,5435): error TS7006: Parameter 'r' implicitly has an 'any' type.
generated/prisma/runtime/client.js(69,5489): error TS7006: Parameter 'r' implicitly has an 'any' type.
generated/prisma/runtime/client.js(69,5540): error TS7006: Parameter 'r' implicitly has an 'any' type.
generated/prisma/runtime/client.js(69,5587): error TS7006: Parameter 'r' implicitly has an 'any' type.
generated/prisma/runtime/client.js(69,5634): error TS7006: Parameter 'e' implicitly has an 'any' type.
generated/prisma/runtime/client.js(69,5739): error TS7053: Element implicitly has an 'any' type because expression of type 'any' can't be used to index type '{}'.
generated/prisma/runtime/client.js(69,5806): error TS7006: Parameter 'e' implicitly has an 'any' type.
generated/prisma/runtime/client.js(69,5853): error TS7053: Element implicitly has an 'any' type because expression of type 'any' can't be used to index type '{}'.
generated/prisma/runtime/client.js(69,5975): error TS7006: Parameter 't' implicitly has an 'any' type.
generated/prisma/runtime/client.js(69,5977): error TS7006: Parameter 'r' implicitly has an 'any' type.
generated/prisma/runtime/client.js(69,6067): error TS7031: Binding element 'n' implicitly has an 'any' type.
generated/prisma/runtime/client.js(69,6090): error TS7031: Binding element 'i' implicitly has an 'any' type.
generated/prisma/runtime/client.js(69,6144): error TS7006: Parameter 'p' implicitly has an 'any' type.
generated/prisma/runtime/client.js(69,6220): error TS7006: Parameter 'p' implicitly has an 'any' type.
generated/prisma/runtime/client.js(69,6379): error TS7006: Parameter 'p' implicitly has an 'any' type.
generated/prisma/runtime/client.js(69,6381): error TS7006: Parameter 'y' implicitly has an 'any' type.
generated/prisma/runtime/client.js(69,6504): error TS7006: Parameter 'n' implicitly has an 'any' type.
generated/prisma/runtime/client.js(69,6829): error TS7006: Parameter 'n' implicitly has an 'any' type.
generated/prisma/runtime/client.js(69,6915): error TS7006: Parameter 'n' implicitly has an 'any' type.
generated/prisma/runtime/client.js(69,6917): error TS7006: Parameter 'i' implicitly has an 'any' type.
generated/prisma/runtime/client.js(69,7047): error TS7006: Parameter 't' implicitly has an 'any' type.
generated/prisma/runtime/client.js(69,7325): error TS7031: Binding element 't' implicitly has an 'any' type.
generated/prisma/runtime/client.js(69,7336): error TS7031: Binding element 'r' implicitly has an 'any' type.
generated/prisma/runtime/client.js(69,7339): error TS7006: Parameter 'n' implicitly has an 'any' type.
generated/prisma/runtime/client.js(69,7455): error TS7006: Parameter 't' implicitly has an 'any' type.
generated/prisma/runtime/client.js(69,7559): error TS18046: 'r' is of type 'unknown'.
generated/prisma/runtime/client.js(69,7641): error TS7031: Binding element 't' implicitly has an 'any' type.
generated/prisma/runtime/client.js(69,7656): error TS7031: Binding element 'r' implicitly has an 'any' type.
generated/prisma/runtime/client.js(69,7667): error TS7031: Binding element 'n' implicitly has an 'any' type.
generated/prisma/runtime/client.js(69,7681): error TS7031: Binding element 'i' implicitly has an 'any' type.
generated/prisma/runtime/client.js(69,7688): error TS7031: Binding element 'o' implicitly has an 'any' type.
generated/prisma/runtime/client.js(69,7700): error TS7031: Binding element 's' implicitly has an 'any' type.
generated/prisma/runtime/client.js(69,7713): error TS7031: Binding element 'a' implicitly has an 'any' type.
generated/prisma/runtime/client.js(69,8873): error TS7006: Parameter 't' implicitly has an 'any' type.
generated/prisma/runtime/client.js(69,8960): error TS7006: Parameter 't' implicitly has an 'any' type.
generated/prisma/runtime/client.js(69,8962): error TS7006: Parameter 'r' implicitly has an 'any' type.
generated/prisma/runtime/client.js(69,8964): error TS7006: Parameter 'n' implicitly has an 'any' type.
generated/prisma/runtime/client.js(69,9064): error TS7006: Parameter 'c' implicitly has an 'any' type.
generated/prisma/runtime/client.js(69,9214): error TS7006: Parameter 'e' implicitly has an 'any' type.
generated/prisma/runtime/client.js(69,9402): error TS7006: Parameter 'e' implicitly has an 'any' type.
generated/prisma/runtime/client.js(69,9451): error TS7006: Parameter 'e' implicitly has an 'any' type.
generated/prisma/runtime/client.js(69,9453): error TS7006: Parameter 't' implicitly has an 'any' type.
generated/prisma/runtime/client.js(69,9546): error TS7006: Parameter 'e' implicitly has an 'any' type.
generated/prisma/runtime/client.js(69,9603): error TS7006: Parameter 'e' implicitly has an 'any' type.
generated/prisma/runtime/client.js(69,9834): error TS7006: Parameter 't' implicitly has an 'any' type.
generated/prisma/runtime/client.js(70,437): error TS7006: Parameter 'e' implicitly has an 'any' type.
generated/prisma/runtime/client.js(70,719): error TS7006: Parameter 'e' implicitly has an 'any' type.
generated/prisma/runtime/client.js(70,981): error TS7006: Parameter 'e' implicitly has an 'any' type.
generated/prisma/runtime/client.js(70,1128): error TS7006: Parameter 'r' implicitly has an 'any' type.
generated/prisma/runtime/client.js(70,1310): error TS7006: Parameter 'i' implicitly has an 'any' type.
generated/prisma/runtime/client.js(70,1551): error TS7053: Element implicitly has an 'any' type because expression of type 'string' can't be used to index type '{ level: (r: any) => void; emit: (i: any) => void; }'.
  No index signature with a parameter of type 'string' was found on type '{ level: (r: any) => void; emit: (i: any) => void; }'.
generated/prisma/runtime/client.js(70,1556): error TS7053: Element implicitly has an 'any' type because expression of type 'string' can't be used to index type '{ level: (r: any) => void; emit: (i: any) => void; }'.
  No index signature with a parameter of type 'string' was found on type '{ level: (r: any) => void; emit: (i: any) => void; }'.
generated/prisma/runtime/client.js(70,1674): error TS7006: Parameter 'e' implicitly has an 'any' type.
generated/prisma/runtime/client.js(70,2050): error TS7006: Parameter 'e' implicitly has an 'any' type.
generated/prisma/runtime/client.js(70,2052): error TS7006: Parameter 't' implicitly has an 'any' type.
generated/prisma/runtime/client.js(70,2381): error TS7006: Parameter 'c' implicitly has an 'any' type.
generated/prisma/runtime/client.js(70,2673): error TS7006: Parameter 'e' implicitly has an 'any' type.
generated/prisma/runtime/client.js(70,3055): error TS7006: Parameter 'e' implicitly has an 'any' type.
generated/prisma/runtime/client.js(70,3422): error TS7006: Parameter 'e' implicitly has an 'any' type.
generated/prisma/runtime/client.js(70,3752): error TS7006: Parameter 'e' implicitly has an 'any' type.
generated/prisma/runtime/client.js(70,3754): error TS7006: Parameter 't' implicitly has an 'any' type.
generated/prisma/runtime/client.js(70,3905): error TS7053: Element implicitly has an 'any' type because expression of type 'string' can't be used to index type '{ adapter: () => void; accelerateUrl: (e: any) => void; errorFormat: (e: any) => void; log: (e: any) => void; transactionOptions: (e: any) => void; omit: (e: any, t: any) => void; comments: (e: any) => void; __internal: (e: any) => void; }'.
  No index signature with a parameter of type 'string' was found on type '{ adapter: () => void; accelerateUrl: (e: any) => void; errorFormat: (e: any) => void; log: (e: any) => void; transactionOptions: (e: any) => void; omit: (e: any, t: any) => void; comments: (e: any) => void; __internal: (e: any) => void; }'.
generated/prisma/runtime/client.js(70,3934): error TS7006: Parameter 'e' implicitly has an 'any' type.
generated/prisma/runtime/client.js(70,3936): error TS7006: Parameter 't' implicitly has an 'any' type.
generated/prisma/runtime/client.js(70,4046): error TS7006: Parameter 'e' implicitly has an 'any' type.
generated/prisma/runtime/client.js(70,4048): error TS7006: Parameter 't' implicitly has an 'any' type.
generated/prisma/runtime/client.js(70,4091): error TS7006: Parameter 'i' implicitly has an 'any' type.
generated/prisma/runtime/client.js(70,4144): error TS7006: Parameter 'i' implicitly has an 'any' type.
generated/prisma/runtime/client.js(70,4146): error TS7006: Parameter 'o' implicitly has an 'any' type.
generated/prisma/runtime/client.js(70,4234): error TS7006: Parameter 'e' implicitly has an 'any' type.
generated/prisma/runtime/client.js(70,4236): error TS7006: Parameter 't' implicitly has an 'any' type.
generated/prisma/runtime/client.js(70,4288): error TS7006: Parameter 'e' implicitly has an 'any' type.
generated/prisma/runtime/client.js(70,4290): error TS7006: Parameter 't' implicitly has an 'any' type.
generated/prisma/runtime/client.js(70,4362): error TS7006: Parameter 'e' implicitly has an 'any' type.
generated/prisma/runtime/client.js(70,4364): error TS7006: Parameter 't' implicitly has an 'any' type.
generated/prisma/runtime/client.js(74,66): error TS7006: Parameter 'e' implicitly has an 'any' type.
generated/prisma/runtime/client.js(74,155): error TS7034: Variable 'i' implicitly has type 'any' in some locations where its type cannot be determined.
generated/prisma/runtime/client.js(74,206): error TS7005: Variable 'i' implicitly has an 'any' type.
generated/prisma/runtime/client.js(74,223): error TS7006: Parameter 'c' implicitly has an 'any' type.
generated/prisma/runtime/client.js(74,280): error TS7006: Parameter 'u' implicitly has an 'any' type.
generated/prisma/runtime/client.js(74,296): error TS7006: Parameter 'u' implicitly has an 'any' type.
generated/prisma/runtime/client.js(74,369): error TS7005: Variable 'i' implicitly has an 'any' type.
generated/prisma/runtime/client.js(74,454): error TS7017: Element implicitly has an 'any' type because type 'typeof globalThis' has no index signature.
generated/prisma/runtime/client.js(74,506): error TS7006: Parameter 'e' implicitly has an 'any' type.
generated/prisma/runtime/client.js(74,539): error TS7006: Parameter 'e' implicitly has an 'any' type.
generated/prisma/runtime/client.js(74,639): error TS7006: Parameter 'e' implicitly has an 'any' type.
generated/prisma/runtime/client.js(74,705): error TS7008: Member '_connectionPromise' implicitly has an 'any' type.
generated/prisma/runtime/client.js(74,724): error TS7008: Member '_disconnectionPromise' implicitly has an 'any' type.
generated/prisma/runtime/client.js(74,945): error TS7006: Parameter 'n' implicitly has an 'any' type.
generated/prisma/runtime/client.js(74,1911): error TS2339: Property 'enable' does not exist on type '(e: any) => (...n: any[]) => void'.
generated/prisma/runtime/client.js(74,2303): error TS7006: Parameter 'c' implicitly has an 'any' type.
generated/prisma/runtime/client.js(79,228): error TS7006: Parameter 'p' implicitly has an 'any' type.
generated/prisma/runtime/client.js(79,235): error TS2339: Property 'log' does not exist on type '{}'.
generated/prisma/runtime/client.js(79,245): error TS2339: Property 'tags' does not exist on type '{}'.
generated/prisma/runtime/client.js(79,297): error TS18046: 's' is of type 'unknown'.
generated/prisma/runtime/client.js(79,422): error TS7006: Parameter 'n' implicitly has an 'any' type.
generated/prisma/runtime/client.js(79,424): error TS7006: Parameter 'i' implicitly has an 'any' type.
generated/prisma/runtime/client.js(79,477): error TS2554: Expected 0 arguments, but got 1.
generated/prisma/runtime/client.js(79,584): error TS18046: 'n' is of type 'unknown'.
generated/prisma/runtime/client.js(79,688): error TS18046: 'n' is of type 'unknown'.
generated/prisma/runtime/client.js(79,760): error TS7006: Parameter 'n' implicitly has an 'any' type.
generated/prisma/runtime/client.js(79,762): error TS7006: Parameter 'i' implicitly has an 'any' type.
generated/prisma/runtime/client.js(79,764): error TS7006: Parameter 'o' implicitly has an 'any' type.
generated/prisma/runtime/client.js(79,766): error TS7006: Parameter 's' implicitly has an 'any' type.
generated/prisma/runtime/client.js(79,1003): error TS7006: Parameter 'n' implicitly has an 'any' type.
generated/prisma/runtime/client.js(79,1005): error TS7019: Rest parameter 'i' implicitly has an 'any[]' type.
generated/prisma/runtime/client.js(79,1044): error TS7006: Parameter 'o' implicitly has an 'any' type.
generated/prisma/runtime/client.js(79,1673): error TS7006: Parameter 'n' implicitly has an 'any' type.
generated/prisma/runtime/client.js(79,1675): error TS7019: Rest parameter 'i' implicitly has an 'any[]' type.
generated/prisma/runtime/client.js(79,1714): error TS7006: Parameter 'o' implicitly has an 'any' type.
generated/prisma/runtime/client.js(79,1868): error TS7006: Parameter 'n' implicitly has an 'any' type.
generated/prisma/runtime/client.js(79,2107): error TS7006: Parameter 'i' implicitly has an 'any' type.
generated/prisma/runtime/client.js(79,2283): error TS7006: Parameter 'n' implicitly has an 'any' type.
generated/prisma/runtime/client.js(79,2285): error TS7006: Parameter 'i' implicitly has an 'any' type.
generated/prisma/runtime/client.js(79,2287): error TS7006: Parameter 'o' implicitly has an 'any' type.
generated/prisma/runtime/client.js(79,2289): error TS7006: Parameter 's' implicitly has an 'any' type.
generated/prisma/runtime/client.js(79,2522): error TS7006: Parameter 'n' implicitly has an 'any' type.
generated/prisma/runtime/client.js(79,2524): error TS7019: Rest parameter 'i' implicitly has an 'any[]' type.
generated/prisma/runtime/client.js(79,2563): error TS7006: Parameter 'o' implicitly has an 'any' type.
generated/prisma/runtime/client.js(79,3050): error TS7006: Parameter 'n' implicitly has an 'any' type.
generated/prisma/runtime/client.js(79,3086): error TS7006: Parameter 'i' implicitly has an 'any' type.
generated/prisma/runtime/client.js(79,3357): error TS7006: Parameter 'n' implicitly has an 'any' type.
generated/prisma/runtime/client.js(79,3359): error TS7019: Rest parameter 'i' implicitly has an 'any[]' type.
generated/prisma/runtime/client.js(79,3398): error TS7006: Parameter 'o' implicitly has an 'any' type.
generated/prisma/runtime/client.js(79,3487): error TS7031: Binding element 'n' implicitly has an 'any' type.
generated/prisma/runtime/client.js(79,3497): error TS7031: Binding element 'i' implicitly has an 'any' type.
generated/prisma/runtime/client.js(79,3543): error TS7006: Parameter 'l' implicitly has an 'any' type.
generated/prisma/runtime/client.js(79,3545): error TS7006: Parameter 'c' implicitly has an 'any' type.
generated/prisma/runtime/client.js(79,4018): error TS7031: Binding element 'n' implicitly has an 'any' type.
generated/prisma/runtime/client.js(79,4028): error TS7031: Binding element 'i' implicitly has an 'any' type.
generated/prisma/runtime/client.js(79,4573): error TS7006: Parameter 'n' implicitly has an 'any' type.
generated/prisma/runtime/client.js(79,4741): error TS7006: Parameter 'n' implicitly has an 'any' type.
generated/prisma/runtime/client.js(79,4743): error TS7006: Parameter 'i' implicitly has an 'any' type.
generated/prisma/runtime/client.js(79,5304): error TS7006: Parameter 'n' implicitly has an 'any' type.
generated/prisma/runtime/client.js(79,5656): error TS7006: Parameter 'l' implicitly has an 'any' type.
generated/prisma/runtime/client.js(79,6151): error TS7031: Binding element 'n' implicitly has an 'any' type.
generated/prisma/runtime/client.js(79,6166): error TS7031: Binding element 'i' implicitly has an 'any' type.
generated/prisma/runtime/client.js(79,6177): error TS7031: Binding element 'o' implicitly has an 'any' type.
generated/prisma/runtime/client.js(79,6188): error TS7031: Binding element 's' implicitly has an 'any' type.
generated/prisma/runtime/client.js(79,6197): error TS7031: Binding element 'a' implicitly has an 'any' type.
generated/prisma/runtime/client.js(79,6205): error TS7031: Binding element 'l' implicitly has an 'any' type.
generated/prisma/runtime/client.js(79,6218): error TS7031: Binding element 'c' implicitly has an 'any' type.
generated/prisma/runtime/client.js(79,6232): error TS7031: Binding element 'u' implicitly has an 'any' type.
generated/prisma/runtime/client.js(79,6243): error TS7031: Binding element 'p' implicitly has an 'any' type.
generated/prisma/runtime/client.js(79,6259): error TS7031: Binding element 'y' implicitly has an 'any' type.
generated/prisma/runtime/client.js(79,6282): error TS7031: Binding element 'h' implicitly has an 'any' type.
generated/prisma/runtime/client.js(79,6637): error TS2339: Property 'enabled' does not exist on type '(e: any) => (...n: any[]) => void'.
generated/prisma/runtime/client.js(80,337): error TS18046: 'g' is of type 'unknown'.
generated/prisma/runtime/client.js(80,392): error TS7006: Parameter 'n' implicitly has an 'any' type.
generated/prisma/runtime/client.js(80,484): error TS7006: Parameter 'e' implicitly has an 'any' type.
generated/prisma/runtime/client.js(80,486): error TS7006: Parameter 't' implicitly has an 'any' type.
generated/prisma/runtime/client.js(80,542): error TS7006: Parameter 'e' implicitly has an 'any' type.
generated/prisma/runtime/client.js(80,586): error TS2339: Property 'raw' does not exist on type 'any[]'.
generated/prisma/runtime/client.js(80,739): error TS7006: Parameter 'e' implicitly has an 'any' type.
generated/prisma/runtime/client.js(80,940): error TS7017: Element implicitly has an 'any' type because type 'typeof globalThis' has no index signature.
generated/prisma/runtime/client.js(80,1001): error TS7017: Element implicitly has an 'any' type because type 'typeof globalThis' has no index signature.
generated/prisma/runtime/client.js(80,1031): error TS7017: Element implicitly has an 'any' type because type 'typeof globalThis' has no index signature.
generated/prisma/runtime/client.js(80,1074): error TS7017: Element implicitly has an 'any' type because type 'typeof globalThis' has no index signature.
generated/prisma/runtime/client.js(80,1274): error TS2349: This expression is not callable.
  Not all constituents of type 'string | (() => boolean)' are callable.
    Type 'string' has no call signatures.
generated/prisma/runtime/client.js(80,1274): error TS2722: Cannot invoke an object which is possibly 'undefined'.
generated/prisma/runtime/client.js(80,1644): error TS7053: Element implicitly has an 'any' type because expression of type 'string | (() => boolean)' can't be used to index type '{ node: string; workerd: string; deno: string; netlify: string; "edge-light": string; }'.
  No index signature with a parameter of type 'string' was found on type '{ node: string; workerd: string; deno: string; netlify: string; "edge-light": string; }'.
generated/prisma/runtime/client.js(80,1647): error TS2538: Type '() => boolean' cannot be used as an index type.
generated/prisma/runtime/client.js(80,1711): error TS2345: Argument of type 'string | (() => boolean)' is not assignable to parameter of type 'string'.
  Type '() => boolean' is not assignable to type 'string'.
generated/prisma/runtime/client.js(80,1908): error TS2303: Circular definition of import alias 'AnyNull'.
generated/prisma/runtime/client.js(80,1908): error TS18004: No value exists in scope for the shorthand property 'AnyNull'. Either declare one or provide an initializer.
generated/prisma/runtime/client.js(80,1916): error TS2303: Circular definition of import alias 'DMMF'.
generated/prisma/runtime/client.js(80,1916): error TS18004: No value exists in scope for the shorthand property 'DMMF'. Either declare one or provide an initializer.
generated/prisma/runtime/client.js(80,1921): error TS2303: Circular definition of import alias 'DbNull'.
generated/prisma/runtime/client.js(80,1921): error TS18004: No value exists in scope for the shorthand property 'DbNull'. Either declare one or provide an initializer.
generated/prisma/runtime/client.js(80,1928): error TS2303: Circular definition of import alias 'Debug'.
generated/prisma/runtime/client.js(80,1928): error TS18004: No value exists in scope for the shorthand property 'Debug'. Either declare one or provide an initializer.
generated/prisma/runtime/client.js(80,1934): error TS2303: Circular definition of import alias 'Decimal'.
generated/prisma/runtime/client.js(80,1934): error TS18004: No value exists in scope for the shorthand property 'Decimal'. Either declare one or provide an initializer.
generated/prisma/runtime/client.js(80,1942): error TS2303: Circular definition of import alias 'Extensions'.
generated/prisma/runtime/client.js(80,1942): error TS18004: No value exists in scope for the shorthand property 'Extensions'. Either declare one or provide an initializer.
generated/prisma/runtime/client.js(80,1953): error TS2303: Circular definition of import alias 'JsonNull'.
generated/prisma/runtime/client.js(80,1953): error TS18004: No value exists in scope for the shorthand property 'JsonNull'. Either declare one or provide an initializer.
generated/prisma/runtime/client.js(80,1962): error TS2303: Circular definition of import alias 'NullTypes'.
generated/prisma/runtime/client.js(80,1962): error TS18004: No value exists in scope for the shorthand property 'NullTypes'. Either declare one or provide an initializer.
generated/prisma/runtime/client.js(80,1972): error TS2303: Circular definition of import alias 'ObjectEnumValue'.
generated/prisma/runtime/client.js(80,1972): error TS18004: No value exists in scope for the shorthand property 'ObjectEnumValue'. Either declare one or provide an initializer.
generated/prisma/runtime/client.js(80,1988): error TS2303: Circular definition of import alias 'PrismaClientInitializationError'.
generated/prisma/runtime/client.js(80,1988): error TS18004: No value exists in scope for the shorthand property 'PrismaClientInitializationError'. Either declare one or provide an initializer.
generated/prisma/runtime/client.js(80,2020): error TS2303: Circular definition of import alias 'PrismaClientKnownRequestError'.
generated/prisma/runtime/client.js(80,2020): error TS18004: No value exists in scope for the shorthand property 'PrismaClientKnownRequestError'. Either declare one or provide an initializer.
generated/prisma/runtime/client.js(80,2050): error TS2303: Circular definition of import alias 'PrismaClientRustPanicError'.
generated/prisma/runtime/client.js(80,2050): error TS18004: No value exists in scope for the shorthand property 'PrismaClientRustPanicError'. Either declare one or provide an initializer.
generated/prisma/runtime/client.js(80,2077): error TS2303: Circular definition of import alias 'PrismaClientUnknownRequestError'.
generated/prisma/runtime/client.js(80,2077): error TS18004: No value exists in scope for the shorthand property 'PrismaClientUnknownRequestError'. Either declare one or provide an initializer.
generated/prisma/runtime/client.js(80,2109): error TS2303: Circular definition of import alias 'PrismaClientValidationError'.
generated/prisma/runtime/client.js(80,2109): error TS18004: No value exists in scope for the shorthand property 'PrismaClientValidationError'. Either declare one or provide an initializer.
generated/prisma/runtime/client.js(80,2137): error TS2303: Circular definition of import alias 'Public'.
generated/prisma/runtime/client.js(80,2137): error TS18004: No value exists in scope for the shorthand property 'Public'. Either declare one or provide an initializer.
generated/prisma/runtime/client.js(80,2144): error TS2303: Circular definition of import alias 'Sql'.
generated/prisma/runtime/client.js(80,2144): error TS18004: No value exists in scope for the shorthand property 'Sql'. Either declare one or provide an initializer.
generated/prisma/runtime/client.js(80,2148): error TS2303: Circular definition of import alias 'createParam'.
generated/prisma/runtime/client.js(80,2148): error TS18004: No value exists in scope for the shorthand property 'createParam'. Either declare one or provide an initializer.
generated/prisma/runtime/client.js(80,2160): error TS2303: Circular definition of import alias 'defineDmmfProperty'.
generated/prisma/runtime/client.js(80,2160): error TS18004: No value exists in scope for the shorthand property 'defineDmmfProperty'. Either declare one or provide an initializer.
generated/prisma/runtime/client.js(80,2179): error TS2303: Circular definition of import alias 'deserializeJsonResponse'.
generated/prisma/runtime/client.js(80,2179): error TS18004: No value exists in scope for the shorthand property 'deserializeJsonResponse'. Either declare one or provide an initializer.
generated/prisma/runtime/client.js(80,2203): error TS2303: Circular definition of import alias 'deserializeRawResult'.
generated/prisma/runtime/client.js(80,2203): error TS18004: No value exists in scope for the shorthand property 'deserializeRawResult'. Either declare one or provide an initializer.
generated/prisma/runtime/client.js(80,2224): error TS2303: Circular definition of import alias 'dmmfToRuntimeDataModel'.
generated/prisma/runtime/client.js(80,2224): error TS18004: No value exists in scope for the shorthand property 'dmmfToRuntimeDataModel'. Either declare one or provide an initializer.
generated/prisma/runtime/client.js(80,2247): error TS2303: Circular definition of import alias 'empty'.
generated/prisma/runtime/client.js(80,2247): error TS18004: No value exists in scope for the shorthand property 'empty'. Either declare one or provide an initializer.
generated/prisma/runtime/client.js(80,2253): error TS2303: Circular definition of import alias 'getPrismaClient'.
generated/prisma/runtime/client.js(80,2253): error TS18004: No value exists in scope for the shorthand property 'getPrismaClient'. Either declare one or provide an initializer.
generated/prisma/runtime/client.js(80,2269): error TS2303: Circular definition of import alias 'getRuntime'.
generated/prisma/runtime/client.js(80,2269): error TS18004: No value exists in scope for the shorthand property 'getRuntime'. Either declare one or provide an initializer.
generated/prisma/runtime/client.js(80,2280): error TS2303: Circular definition of import alias 'isAnyNull'.
generated/prisma/runtime/client.js(80,2280): error TS18004: No value exists in scope for the shorthand property 'isAnyNull'. Either declare one or provide an initializer.
generated/prisma/runtime/client.js(80,2290): error TS2303: Circular definition of import alias 'isDbNull'.
generated/prisma/runtime/client.js(80,2290): error TS18004: No value exists in scope for the shorthand property 'isDbNull'. Either declare one or provide an initializer.
generated/prisma/runtime/client.js(80,2299): error TS2303: Circular definition of import alias 'isJsonNull'.
generated/prisma/runtime/client.js(80,2299): error TS18004: No value exists in scope for the shorthand property 'isJsonNull'. Either declare one or provide an initializer.
generated/prisma/runtime/client.js(80,2310): error TS2303: Circular definition of import alias 'join'.
generated/prisma/runtime/client.js(80,2310): error TS18004: No value exists in scope for the shorthand property 'join'. Either declare one or provide an initializer.
generated/prisma/runtime/client.js(80,2315): error TS2303: Circular definition of import alias 'makeStrictEnum'.
generated/prisma/runtime/client.js(80,2315): error TS18004: No value exists in scope for the shorthand property 'makeStrictEnum'. Either declare one or provide an initializer.
generated/prisma/runtime/client.js(80,2330): error TS2303: Circular definition of import alias 'makeTypedQueryFactory'.
generated/prisma/runtime/client.js(80,2330): error TS18004: No value exists in scope for the shorthand property 'makeTypedQueryFactory'. Either declare one or provide an initializer.
generated/prisma/runtime/client.js(80,2352): error TS2303: Circular definition of import alias 'raw'.
generated/prisma/runtime/client.js(80,2352): error TS18004: No value exists in scope for the shorthand property 'raw'. Either declare one or provide an initializer.
generated/prisma/runtime/client.js(80,2356): error TS2303: Circular definition of import alias 'serializeJsonQuery'.
generated/prisma/runtime/client.js(80,2356): error TS18004: No value exists in scope for the shorthand property 'serializeJsonQuery'. Either declare one or provide an initializer.
generated/prisma/runtime/client.js(80,2375): error TS2303: Circular definition of import alias 'skip'.
generated/prisma/runtime/client.js(80,2375): error TS18004: No value exists in scope for the shorthand property 'skip'. Either declare one or provide an initializer.
generated/prisma/runtime/client.js(80,2380): error TS2303: Circular definition of import alias 'sqltag'.
generated/prisma/runtime/client.js(80,2380): error TS18004: No value exists in scope for the shorthand property 'sqltag'. Either declare one or provide an initializer.
generated/prisma/runtime/client.js(80,2387): error TS2303: Circular definition of import alias 'warnOnce'.
generated/prisma/runtime/client.js(80,2387): error TS18004: No value exists in scope for the shorthand property 'warnOnce'. Either declare one or provide an initializer.
generated/prisma/runtime/index-browser.js(5,158): error TS7006: Parameter 'e' implicitly has an 'any' type.
generated/prisma/runtime/index-browser.js(5,160): error TS7006: Parameter 't' implicitly has an 'any' type.
generated/prisma/runtime/index-browser.js(5,216): error TS7006: Parameter 'e' implicitly has an 'any' type.
generated/prisma/runtime/index-browser.js(5,218): error TS7006: Parameter 't' implicitly has an 'any' type.
generated/prisma/runtime/index-browser.js(5,220): error TS7006: Parameter 'n' implicitly has an 'any' type.
generated/prisma/runtime/index-browser.js(5,222): error TS7006: Parameter 'r' implicitly has an 'any' type.
generated/prisma/runtime/index-browser.js(5,388): error TS7006: Parameter 'e' implicitly has an 'any' type.
generated/prisma/runtime/index-browser.js(5,748): error TS7019: Rest parameter 'e' implicitly has an 'any[]' type.
generated/prisma/runtime/index-browser.js(5,761): error TS7006: Parameter 't' implicitly has an 'any' type.
generated/prisma/runtime/index-browser.js(5,912): error TS7006: Parameter 'e' implicitly has an 'any' type.
generated/prisma/runtime/index-browser.js(5,1185): error TS7017: Element implicitly has an 'any' type because type 'typeof globalThis' has no index signature.
generated/prisma/runtime/index-browser.js(5,1278): error TS7017: Element implicitly has an 'any' type because type 'typeof globalThis' has no index signature.
generated/prisma/runtime/index-browser.js(5,1307): error TS7017: Element implicitly has an 'any' type because type 'typeof globalThis' has no index signature.
generated/prisma/runtime/index-browser.js(5,1349): error TS7017: Element implicitly has an 'any' type because type 'typeof globalThis' has no index signature.
generated/prisma/runtime/index-browser.js(5,1584): error TS2349: This expression is not callable.
  Not all constituents of type 'string | (() => boolean)' are callable.
    Type 'string' has no call signatures.
generated/prisma/runtime/index-browser.js(5,1584): error TS2722: Cannot invoke an object which is possibly 'undefined'.
generated/prisma/runtime/index-browser.js(5,1959): error TS7053: Element implicitly has an 'any' type because expression of type 'string | (() => boolean)' can't be used to index type '{ node: string; workerd: string; deno: string; netlify: string; "edge-light": string; }'.
  No index signature with a parameter of type 'string' was found on type '{ node: string; workerd: string; deno: string; netlify: string; "edge-light": string; }'.
generated/prisma/runtime/index-browser.js(5,1961): error TS2538: Type '() => boolean' cannot be used as an index type.
generated/prisma/runtime/index-browser.js(5,2025): error TS2345: Argument of type 'string | (() => boolean)' is not assignable to parameter of type 'string'.
  Type '() => boolean' is not assignable to type 'string'.
generated/prisma/runtime/index-browser.js(5,2137): error TS2303: Circular definition of import alias 'AnyNull'.
generated/prisma/runtime/index-browser.js(5,2137): error TS18004: No value exists in scope for the shorthand property 'AnyNull'. Either declare one or provide an initializer.
generated/prisma/runtime/index-browser.js(5,2145): error TS2303: Circular definition of import alias 'DbNull'.
generated/prisma/runtime/index-browser.js(5,2145): error TS18004: No value exists in scope for the shorthand property 'DbNull'. Either declare one or provide an initializer.
generated/prisma/runtime/index-browser.js(5,2152): error TS2303: Circular definition of import alias 'Decimal'.
generated/prisma/runtime/index-browser.js(5,2152): error TS18004: No value exists in scope for the shorthand property 'Decimal'. Either declare one or provide an initializer.
generated/prisma/runtime/index-browser.js(5,2160): error TS2303: Circular definition of import alias 'JsonNull'.
generated/prisma/runtime/index-browser.js(5,2160): error TS18004: No value exists in scope for the shorthand property 'JsonNull'. Either declare one or provide an initializer.
generated/prisma/runtime/index-browser.js(5,2169): error TS2303: Circular definition of import alias 'NullTypes'.
generated/prisma/runtime/index-browser.js(5,2169): error TS18004: No value exists in scope for the shorthand property 'NullTypes'. Either declare one or provide an initializer.
generated/prisma/runtime/index-browser.js(5,2179): error TS2303: Circular definition of import alias 'Public'.
generated/prisma/runtime/index-browser.js(5,2179): error TS18004: No value exists in scope for the shorthand property 'Public'. Either declare one or provide an initializer.
generated/prisma/runtime/index-browser.js(5,2186): error TS2303: Circular definition of import alias 'getRuntime'.
generated/prisma/runtime/index-browser.js(5,2186): error TS18004: No value exists in scope for the shorthand property 'getRuntime'. Either declare one or provide an initializer.
generated/prisma/runtime/index-browser.js(5,2197): error TS2303: Circular definition of import alias 'isAnyNull'.
generated/prisma/runtime/index-browser.js(5,2197): error TS18004: No value exists in scope for the shorthand property 'isAnyNull'. Either declare one or provide an initializer.
generated/prisma/runtime/index-browser.js(5,2207): error TS2303: Circular definition of import alias 'isDbNull'.
generated/prisma/runtime/index-browser.js(5,2207): error TS18004: No value exists in scope for the shorthand property 'isDbNull'. Either declare one or provide an initializer.
generated/prisma/runtime/index-browser.js(5,2216): error TS2303: Circular definition of import alias 'isJsonNull'.
generated/prisma/runtime/index-browser.js(5,2216): error TS18004: No value exists in scope for the shorthand property 'isJsonNull'. Either declare one or provide an initializer.
generated/prisma/runtime/index-browser.js(5,2227): error TS2303: Circular definition of import alias 'makeStrictEnum'.
generated/prisma/runtime/index-browser.js(5,2227): error TS18004: No value exists in scope for the shorthand property 'makeStrictEnum'. Either declare one or provide an initializer.
generated/prisma/runtime/wasm-compiler-edge.js(5,209): error TS7006: Parameter 'e' implicitly has an 'any' type.
generated/prisma/runtime/wasm-compiler-edge.js(5,211): error TS7006: Parameter 't' implicitly has an 'any' type.
generated/prisma/runtime/wasm-compiler-edge.js(5,245): error TS7006: Parameter 'e' implicitly has an 'any' type.
generated/prisma/runtime/wasm-compiler-edge.js(5,247): error TS7006: Parameter 't' implicitly has an 'any' type.
generated/prisma/runtime/wasm-compiler-edge.js(5,304): error TS7006: Parameter 'e' implicitly has an 'any' type.
generated/prisma/runtime/wasm-compiler-edge.js(5,306): error TS7006: Parameter 't' implicitly has an 'any' type.
generated/prisma/runtime/wasm-compiler-edge.js(5,364): error TS7006: Parameter 'e' implicitly has an 'any' type.
generated/prisma/runtime/wasm-compiler-edge.js(5,366): error TS7006: Parameter 't' implicitly has an 'any' type.
generated/prisma/runtime/wasm-compiler-edge.js(5,368): error TS7006: Parameter 'r' implicitly has an 'any' type.
generated/prisma/runtime/wasm-compiler-edge.js(5,370): error TS7006: Parameter 'n' implicitly has an 'any' type.
generated/prisma/runtime/wasm-compiler-edge.js(5,542): error TS7006: Parameter 'e' implicitly has an 'any' type.
generated/prisma/runtime/wasm-compiler-edge.js(5,544): error TS7006: Parameter 't' implicitly has an 'any' type.
generated/prisma/runtime/wasm-compiler-edge.js(5,546): error TS7006: Parameter 'r' implicitly has an 'any' type.
generated/prisma/runtime/wasm-compiler-edge.js(5,647): error TS7006: Parameter 'e' implicitly has an 'any' type.
generated/prisma/runtime/wasm-compiler-edge.js(5,699): error TS7006: Parameter 'e' implicitly has an 'any' type.
generated/prisma/runtime/wasm-compiler-edge.js(5,701): error TS7006: Parameter 't' implicitly has an 'any' type.
generated/prisma/runtime/wasm-compiler-edge.js(5,760): error TS7005: Variable 'h' implicitly has an 'any' type.
generated/prisma/runtime/wasm-compiler-edge.js(5,762): error TS7005: Variable 'pu' implicitly has an 'any' type.
generated/prisma/runtime/wasm-compiler-edge.js(5,894): error TS7005: Variable 'h' implicitly has an 'any' type.
generated/prisma/runtime/wasm-compiler-edge.js(5,1003): error TS7005: Variable 'h' implicitly has an 'any' type.
generated/prisma/runtime/wasm-compiler-edge.js(5,1106): error TS7005: Variable 'h' implicitly has an 'any' type.
generated/prisma/runtime/wasm-compiler-edge.js(5,1241): error TS7005: Variable 'h' implicitly has an 'any' type.
generated/prisma/runtime/wasm-compiler-edge.js(5,1367): error TS7006: Parameter 'e' implicitly has an 'any' type.
generated/prisma/runtime/wasm-compiler-edge.js(5,1537): error TS7006: Parameter 'a' implicitly has an 'any' type.
generated/prisma/runtime/wasm-compiler-edge.js(5,1539): error TS7006: Parameter 'd' implicitly has an 'any' type.
generated/prisma/runtime/wasm-compiler-edge.js(5,1606): error TS2683: 'this' implicitly has type 'any' because it does not have a type annotation.
generated/prisma/runtime/wasm-compiler-edge.js(5,1634): error TS2683: 'this' implicitly has type 'any' because it does not have a type annotation.
generated/prisma/runtime/wasm-compiler-edge.js(5,1647): error TS2538: Type 'undefined' cannot be used as an index type.
generated/prisma/runtime/wasm-compiler-edge.js(5,1662): error TS7006: Parameter 'a' implicitly has an 'any' type.
generated/prisma/runtime/wasm-compiler-edge.js(5,1664): error TS7006: Parameter 'd' implicitly has an 'any' type.
generated/prisma/runtime/wasm-compiler-edge.js(5,1677): error TS7006: Parameter 'f' implicitly has an 'any' type.
generated/prisma/runtime/wasm-compiler-edge.js(5,1690): error TS2532: Object is possibly 'undefined'.
generated/prisma/runtime/wasm-compiler-edge.js(5,1690): error TS2531: Object is possibly 'null'.
generated/prisma/runtime/wasm-compiler-edge.js(5,1690): error TS2532: Object is possibly 'undefined'.
generated/prisma/runtime/wasm-compiler-edge.js(5,1735): error TS7005: Variable 'cu' implicitly has an 'any' type.
generated/prisma/runtime/wasm-compiler-edge.js(5,1790): error TS2683: 'this' implicitly has type 'any' because it does not have a type annotation.
generated/prisma/runtime/wasm-compiler-edge.js(5,1842): error TS2683: 'this' implicitly has type 'any' because it does not have a type annotation.
generated/prisma/runtime/wasm-compiler-edge.js(5,1855): error TS2538: Type 'undefined' cannot be used as an index type.
generated/prisma/runtime/wasm-compiler-edge.js(5,1879): error TS2532: Object is possibly 'undefined'.
generated/prisma/runtime/wasm-compiler-edge.js(5,1879): error TS2531: Object is possibly 'null'.
generated/prisma/runtime/wasm-compiler-edge.js(5,1906): error TS7006: Parameter 'a' implicitly has an 'any' type.
generated/prisma/runtime/wasm-compiler-edge.js(5,1920): error TS7006: Parameter 'd' implicitly has an 'any' type.
generated/prisma/runtime/wasm-compiler-edge.js(5,2307): error TS7006: Parameter 'e' implicitly has an 'any' type.
generated/prisma/runtime/wasm-compiler-edge.js(5,2383): error TS7006: Parameter 'e' implicitly has an 'any' type.
generated/prisma/runtime/wasm-compiler-edge.js(5,2385): error TS7006: Parameter 't' implicitly has an 'any' type.
generated/prisma/runtime/wasm-compiler-edge.js(5,2516): error TS7006: Parameter 'e' implicitly has an 'any' type.
generated/prisma/runtime/wasm-compiler-edge.js(5,2518): error TS7006: Parameter 't' implicitly has an 'any' type.
generated/prisma/runtime/wasm-compiler-edge.js(5,2522): error TS7005: Variable 'fu' implicitly has an 'any' type.
generated/prisma/runtime/wasm-compiler-edge.js(5,2652): error TS2339: Property 'code' does not exist on type 'RangeError'.
generated/prisma/runtime/wasm-compiler-edge.js(5,2690): error TS7006: Parameter 'e' implicitly has an 'any' type.
generated/prisma/runtime/wasm-compiler-edge.js(5,2692): error TS7006: Parameter 't' implicitly has an 'any' type.
generated/prisma/runtime/wasm-compiler-edge.js(5,2820): error TS2339: Property 'code' does not exist on type 'TypeError'.
generated/prisma/runtime/wasm-compiler-edge.js(5,2863): error TS7006: Parameter 'e' implicitly has an 'any' type.
generated/prisma/runtime/wasm-compiler-edge.js(5,2865): error TS7006: Parameter 't' implicitly has an 'any' type.
generated/prisma/runtime/wasm-compiler-edge.js(5,3016): error TS2339: Property 'code' does not exist on type 'RangeError'.
generated/prisma/runtime/wasm-compiler-edge.js(5,3055): error TS7006: Parameter 'e' implicitly has an 'any' type.
generated/prisma/runtime/wasm-compiler-edge.js(5,3057): error TS7006: Parameter 't' implicitly has an 'any' type.
generated/prisma/runtime/wasm-compiler-edge.js(5,3059): error TS7006: Parameter 'r' implicitly has an 'any' type.
generated/prisma/runtime/wasm-compiler-edge.js(5,3061): error TS7006: Parameter 'n' implicitly has an 'any' type.
generated/prisma/runtime/wasm-compiler-edge.js(5,3192): error TS2339: Property 'code' does not exist on type 'RangeError'.
generated/prisma/runtime/wasm-compiler-edge.js(5,3231): error TS7006: Parameter 'e' implicitly has an 'any' type.
generated/prisma/runtime/wasm-compiler-edge.js(5,3233): error TS7006: Parameter 't' implicitly has an 'any' type.
generated/prisma/runtime/wasm-compiler-edge.js(5,3360): error TS2339: Property 'code' does not exist on type 'TypeError'.
generated/prisma/runtime/wasm-compiler-edge.js(5,3403): error TS7006: Parameter 'e' implicitly has an 'any' type.
generated/prisma/runtime/wasm-compiler-edge.js(5,3422): error TS7005: Variable 'h' implicitly has an 'any' type.
generated/prisma/runtime/wasm-compiler-edge.js(5,3438): error TS7034: Variable 'h' implicitly has type 'any' in some locations where its type cannot be determined.
generated/prisma/runtime/wasm-compiler-edge.js(5,3440): error TS7034: Variable 'cu' implicitly has type 'any' in some locations where its type cannot be determined.
generated/prisma/runtime/wasm-compiler-edge.js(5,3443): error TS7034: Variable 'pu' implicitly has type 'any' in some locations where its type cannot be determined.
generated/prisma/runtime/wasm-compiler-edge.js(5,3446): error TS7034: Variable 'mu' implicitly has type 'any' in some locations where its type cannot be determined.
generated/prisma/runtime/wasm-compiler-edge.js(5,3449): error TS7034: Variable 'du' implicitly has type 'any' in some locations where its type cannot be determined.
generated/prisma/runtime/wasm-compiler-edge.js(5,3452): error TS7034: Variable 'fu' implicitly has type 'any' in some locations where its type cannot be determined.
generated/prisma/runtime/wasm-compiler-edge.js(5,3455): error TS7034: Variable 'y' implicitly has type 'any' in some locations where its type cannot be determined.
generated/prisma/runtime/wasm-compiler-edge.js(5,3457): error TS7034: Variable 'En' implicitly has type 'any' in some locations where its type cannot be determined.
generated/prisma/runtime/wasm-compiler-edge.js(5,3574): error TS7006: Parameter 't' implicitly has an 'any' type.
generated/prisma/runtime/wasm-compiler-edge.js(5,3660): error TS7006: Parameter 't' implicitly has an 'any' type.
generated/prisma/runtime/wasm-compiler-edge.js(5,3703): error TS7006: Parameter 't' implicitly has an 'any' type.
generated/prisma/runtime/wasm-compiler-edge.js(5,3739): error TS7006: Parameter 't' implicitly has an 'any' type.
generated/prisma/runtime/wasm-compiler-edge.js(5,3784): error TS7006: Parameter 't' implicitly has an 'any' type.
generated/prisma/runtime/wasm-compiler-edge.js(5,4000): error TS2339: Property 'code' does not exist on type 'TypeError'.
generated/prisma/runtime/wasm-compiler-edge.js(5,4048): error TS7006: Parameter 't' implicitly has an 'any' type.
generated/prisma/runtime/wasm-compiler-edge.js(5,4058): error TS7005: Variable 'du' implicitly has an 'any' type.
generated/prisma/runtime/wasm-compiler-edge.js(5,4088): error TS7006: Parameter 't' implicitly has an 'any' type.
generated/prisma/runtime/wasm-compiler-edge.js(5,4090): error TS7006: Parameter 'r' implicitly has an 'any' type.
generated/prisma/runtime/wasm-compiler-edge.js(5,4257): error TS7006: Parameter 't' implicitly has an 'any' type.
generated/prisma/runtime/wasm-compiler-edge.js(5,4547): error TS7006: Parameter 's' implicitly has an 'any' type.
generated/prisma/runtime/wasm-compiler-edge.js(5,4568): error TS2769: No overload matches this call.
  Overload 1 of 7, '(buffer: ArrayBuffer, byteOffset?: number | undefined, length?: number | undefined): e', gave the following error.
    Argument of type 'ArrayBufferLike' is not assignable to parameter of type 'ArrayBuffer'.
      Type 'SharedArrayBuffer' is not assignable to type 'ArrayBuffer'.
        Types of property '[Symbol.toStringTag]' are incompatible.
          Type '"SharedArrayBuffer"' is not assignable to type '"ArrayBuffer"'.
  Overload 2 of 7, '(buffer: ArrayBuffer, byteOffset?: number | undefined, length?: number | undefined): e', gave the following error.
    Argument of type 'ArrayBufferLike' is not assignable to parameter of type 'ArrayBuffer'.
      Type 'SharedArrayBuffer' is not assignable to type 'ArrayBuffer'.
        Types of property '[Symbol.toStringTag]' are incompatible.
          Type '"SharedArrayBuffer"' is not assignable to type '"ArrayBuffer"'.
generated/prisma/runtime/wasm-compiler-edge.js(5,4784): error TS7006: Parameter 't' implicitly has an 'any' type.
generated/prisma/runtime/wasm-compiler-edge.js(5,4786): error TS7006: Parameter 'r' implicitly has an 'any' type.
generated/prisma/runtime/wasm-compiler-edge.js(5,4827): error TS7005: Variable 'n' implicitly has an 'any[]' type.
generated/prisma/runtime/wasm-compiler-edge.js(5,4848): error TS7006: Parameter 'o' implicitly has an 'any' type.
generated/prisma/runtime/wasm-compiler-edge.js(5,5124): error TS7006: Parameter 't' implicitly has an 'any' type.
generated/prisma/runtime/wasm-compiler-edge.js(5,5126): error TS7006: Parameter 'r' implicitly has an 'any' type.
generated/prisma/runtime/wasm-compiler-edge.js(5,5364): error TS7006: Parameter 't' implicitly has an 'any' type.
generated/prisma/runtime/wasm-compiler-edge.js(5,5366): error TS7006: Parameter 'r' implicitly has an 'any' type.
generated/prisma/runtime/wasm-compiler-edge.js(5,5618): error TS7006: Parameter 't' implicitly has an 'any' type.
generated/prisma/runtime/wasm-compiler-edge.js(5,5620): error TS7006: Parameter 'r' implicitly has an 'any' type.
generated/prisma/runtime/wasm-compiler-edge.js(5,5819): error TS7006: Parameter 't' implicitly has an 'any' type.
generated/prisma/runtime/wasm-compiler-edge.js(5,5821): error TS7006: Parameter 'r' implicitly has an 'any' type.
generated/prisma/runtime/wasm-compiler-edge.js(5,5863): error TS7006: Parameter 't' implicitly has an 'any' type.
generated/prisma/runtime/wasm-compiler-edge.js(5,5865): error TS7006: Parameter 'r' implicitly has an 'any' type.
generated/prisma/runtime/wasm-compiler-edge.js(5,6075): error TS7006: Parameter 't' implicitly has an 'any' type.
generated/prisma/runtime/wasm-compiler-edge.js(5,6077): error TS7006: Parameter 'r' implicitly has an 'any' type.
generated/prisma/runtime/wasm-compiler-edge.js(5,6119): error TS7006: Parameter 't' implicitly has an 'any' type.
generated/prisma/runtime/wasm-compiler-edge.js(5,6121): error TS7006: Parameter 'r' implicitly has an 'any' type.
generated/prisma/runtime/wasm-compiler-edge.js(5,6123): error TS7006: Parameter 'n' implicitly has an 'any' type.
generated/prisma/runtime/wasm-compiler-edge.js(5,6194): error TS7006: Parameter 't' implicitly has an 'any' type.
generated/prisma/runtime/wasm-compiler-edge.js(5,6196): error TS7006: Parameter 'r' implicitly has an 'any' type.
generated/prisma/runtime/wasm-compiler-edge.js(5,6198): error TS7006: Parameter 'n' implicitly has an 'any' type.
generated/prisma/runtime/wasm-compiler-edge.js(5,6270): error TS7006: Parameter 't' implicitly has an 'any' type.
generated/prisma/runtime/wasm-compiler-edge.js(5,6272): error TS7006: Parameter 'r' implicitly has an 'any' type.
generated/prisma/runtime/wasm-compiler-edge.js(5,6274): error TS7006: Parameter 'n' implicitly has an 'any' type.
generated/prisma/runtime/wasm-compiler-edge.js(5,6481): error TS7006: Parameter 't' implicitly has an 'any' type.
generated/prisma/runtime/wasm-compiler-edge.js(5,6483): error TS7006: Parameter 'r' implicitly has an 'any' type.
generated/prisma/runtime/wasm-compiler-edge.js(5,6485): error TS7006: Parameter 'n' implicitly has an 'any' type.
generated/prisma/runtime/wasm-compiler-edge.js(5,6531): error TS7006: Parameter 't' implicitly has an 'any' type.
generated/prisma/runtime/wasm-compiler-edge.js(5,6533): error TS7006: Parameter 'r' implicitly has an 'any' type.
generated/prisma/runtime/wasm-compiler-edge.js(5,6535): error TS7006: Parameter 'n' implicitly has an 'any' type.
generated/prisma/runtime/wasm-compiler-edge.js(5,6739): error TS7006: Parameter 't' implicitly has an 'any' type.
generated/prisma/runtime/wasm-compiler-edge.js(5,6741): error TS7006: Parameter 'r' implicitly has an 'any' type.
generated/prisma/runtime/wasm-compiler-edge.js(5,6743): error TS7006: Parameter 'n' implicitly has an 'any' type.
generated/prisma/runtime/wasm-compiler-edge.js(5,7300): error TS7006: Parameter 't' implicitly has an 'any' type.
generated/prisma/runtime/wasm-compiler-edge.js(5,7570): error TS7006: Parameter 't' implicitly has an 'any' type.
generated/prisma/runtime/wasm-compiler-edge.js(5,7657): error TS7006: Parameter 't' implicitly has an 'any' type.
generated/prisma/runtime/wasm-compiler-edge.js(5,7864): error TS7006: Parameter 't' implicitly has an 'any' type.
generated/prisma/runtime/wasm-compiler-edge.js(5,7866): error TS7006: Parameter 'r' implicitly has an 'any' type.
generated/prisma/runtime/wasm-compiler-edge.js(5,7868): error TS7006: Parameter 'n' implicitly has an 'any' type.
generated/prisma/runtime/wasm-compiler-edge.js(5,8450): error TS2339: Property 'length' does not exist on type 'number'.
generated/prisma/runtime/wasm-compiler-edge.js(5,8482): error TS2339: Property 'length' does not exist on type 'number'.
generated/prisma/runtime/wasm-compiler-edge.js(5,8501): error TS2339: Property 'slice' does not exist on type 'number'.
generated/prisma/runtime/wasm-compiler-edge.js(5,8511): error TS2339: Property 'length' does not exist on type 'number'.
generated/prisma/runtime/wasm-compiler-edge.js(5,8549): error TS2339: Property 'length' does not exist on type 'number'.
generated/prisma/runtime/wasm-compiler-edge.js(5,8572): error TS2416: Property 'includes' in type 'e' is not assignable to the same property in base type 'Uint8Array<ArrayBuffer>'.
  Type '(t: any, r?: null, n?: string) => boolean' is not assignable to type '(searchElement: number, fromIndex?: number | undefined) => boolean'.
    Types of parameters 'r' and 'fromIndex' are incompatible.
      Type 'number | undefined' is not assignable to type 'null | undefined'.
        Type 'number' is not assignable to type 'null | undefined'.
generated/prisma/runtime/wasm-compiler-edge.js(5,8581): error TS7006: Parameter 't' implicitly has an 'any' type.
generated/prisma/runtime/wasm-compiler-edge.js(5,8633): error TS2416: Property 'lastIndexOf' in type 'e' is not assignable to the same property in base type 'Uint8Array<ArrayBuffer>'.
  Type '(t: any, r?: null, n?: string) => any' is not assignable to type '(searchElement: number, fromIndex?: number | undefined) => number'.
    Types of parameters 'r' and 'fromIndex' are incompatible.
      Type 'number | undefined' is not assignable to type 'null | undefined'.
        Type 'number' is not assignable to type 'null | undefined'.
generated/prisma/runtime/wasm-compiler-edge.js(5,8645): error TS7006: Parameter 't' implicitly has an 'any' type.
generated/prisma/runtime/wasm-compiler-edge.js(5,8695): error TS2416: Property 'indexOf' in type 'e' is not assignable to the same property in base type 'Uint8Array<ArrayBuffer>'.
  Type '(t: any, r?: null, n?: string, i?: boolean) => any' is not assignable to type '(searchElement: number, fromIndex?: number | undefined) => number'.
    Types of parameters 'r' and 'fromIndex' are incompatible.
      Type 'number | undefined' is not assignable to type 'null | undefined'.
        Type 'number' is not assignable to type 'null | undefined'.
generated/prisma/runtime/wasm-compiler-edge.js(5,8703): error TS7006: Parameter 't' implicitly has an 'any' type.
generated/prisma/runtime/wasm-compiler-edge.js(5,8741): error TS2551: Property 'findLastIndex' does not exist on type 'e'. Did you mean 'findIndex'?
generated/prisma/runtime/wasm-compiler-edge.js(5,9103): error TS7006: Parameter 'd' implicitly has an 'any' type.
generated/prisma/runtime/wasm-compiler-edge.js(5,9105): error TS7006: Parameter 'f' implicitly has an 'any' type.
generated/prisma/runtime/wasm-compiler-edge.js(5,9149): error TS7006: Parameter 'v' implicitly has an 'any' type.
generated/prisma/runtime/wasm-compiler-edge.js(5,9151): error TS7006: Parameter 'S' implicitly has an 'any' type.
generated/prisma/runtime/wasm-compiler-edge.js(5,9298): error TS7005: Variable 'mu' implicitly has an 'any' type.
generated/prisma/runtime/wasm-compiler-edge.js(5,9391): error TS7005: Variable 'En' implicitly has an 'any' type.
generated/prisma/runtime/wasm-compiler-edge.js(5,9574): error TS7006: Parameter 'i' implicitly has an 'any' type.
generated/prisma/runtime/wasm-compiler-edge.js(5,9576): error TS7006: Parameter 'o' implicitly has an 'any' type.
generated/prisma/runtime/wasm-compiler-edge.js(5,9582): error TS7005: Variable 'En' implicitly has an 'any' type.
generated/prisma/runtime/wasm-compiler-edge.js(5,9784): error TS7005: Variable 'En' implicitly has an 'any' type.
generated/prisma/runtime/wasm-compiler-edge.js(5,9865): error TS7006: Parameter 'i' implicitly has an 'any' type.
generated/prisma/runtime/wasm-compiler-edge.js(5,9867): error TS7006: Parameter 'o' implicitly has an 'any' type.
generated/prisma/runtime/wasm-compiler-edge.js(5,10530): error TS7005: Variable 'h' implicitly has an 'any' type.
generated/prisma/runtime/wasm-compiler-edge.js(5,10559): error TS7005: Variable 'h' implicitly has an 'any' type.
generated/prisma/runtime/wasm-compiler-edge.js(5,10597): error TS7034: Variable 'g' implicitly has type 'any' in some locations where its type cannot be determined.
generated/prisma/runtime/wasm-compiler-edge.js(5,10637): error TS7006: Parameter 'e' implicitly has an 'any' type.
generated/prisma/runtime/wasm-compiler-edge.js(5,10639): error TS7019: Rest parameter 't' implicitly has an 'any[]' type.
generated/prisma/runtime/wasm-compiler-edge.js(5,10760): error TS7034: Variable 'w' implicitly has type 'any' in some locations where its type cannot be determined.
generated/prisma/runtime/wasm-compiler-edge.js(5,10935): error TS7006: Parameter 'e' implicitly has an 'any' type.
generated/prisma/runtime/wasm-compiler-edge.js(5,10937): error TS7006: Parameter 't' implicitly has an 'any' type.
generated/prisma/runtime/wasm-compiler-edge.js(5,11029): error TS7005: Variable 'B' implicitly has an 'any' type.
generated/prisma/runtime/wasm-compiler-edge.js(5,11153): error TS7005: Variable '$' implicitly has an 'any' type.
generated/prisma/runtime/wasm-compiler-edge.js(5,11312): error TS7005: Variable 'G' implicitly has an 'any' type.
generated/prisma/runtime/wasm-compiler-edge.js(5,11322): error TS7005: Variable 'G' implicitly has an 'any' type.
generated/prisma/runtime/wasm-compiler-edge.js(5,11399): error TS7005: Variable 'B' implicitly has an 'any' type.
generated/prisma/runtime/wasm-compiler-edge.js(5,11422): error TS7006: Parameter 'e' implicitly has an 'any' type.
generated/prisma/runtime/wasm-compiler-edge.js(5,11424): error TS7006: Parameter 't' implicitly has an 'any' type.
generated/prisma/runtime/wasm-compiler-edge.js(5,11426): error TS7006: Parameter 'r' implicitly has an 'any' type.
generated/prisma/runtime/wasm-compiler-edge.js(5,11462): error TS7005: Variable 'qe' implicitly has an 'any' type.
generated/prisma/runtime/wasm-compiler-edge.js(5,11480): error TS7006: Parameter 'e' implicitly has an 'any' type.
generated/prisma/runtime/wasm-compiler-edge.js(5,11559): error TS7005: Variable '$' implicitly has an 'any' type.
generated/prisma/runtime/wasm-compiler-edge.js(5,11605): error TS7005: Variable '$' implicitly has an 'any' type.
generated/prisma/runtime/wasm-compiler-edge.js(5,11698): error TS7006: Parameter 'e' implicitly has an 'any' type.
generated/prisma/runtime/wasm-compiler-edge.js(5,11700): error TS7006: Parameter 't' implicitly has an 'any' type.
generated/prisma/runtime/wasm-compiler-edge.js(5,11780): error TS7005: Variable 'Pn' implicitly has an 'any' type.
generated/prisma/runtime/wasm-compiler-edge.js(5,11810): error TS7005: Variable 'se' implicitly has an 'any' type.
generated/prisma/runtime/wasm-compiler-edge.js(5,11907): error TS7005: Variable '$e' implicitly has an 'any' type.
generated/prisma/runtime/wasm-compiler-edge.js(5,11949): error TS7005: Variable 'se' implicitly has an 'any' type.
generated/prisma/runtime/wasm-compiler-edge.js(5,12015): error TS7005: Variable 've' implicitly has an 'any' type.
generated/prisma/runtime/wasm-compiler-edge.js(5,12156): error TS7006: Parameter 'e' implicitly has an 'any' type.
generated/prisma/runtime/wasm-compiler-edge.js(5,12173): error TS7005: Variable '$' implicitly has an 'any' type.
generated/prisma/runtime/wasm-compiler-edge.js(5,12221): error TS7006: Parameter 'e' implicitly has an 'any' type.
generated/prisma/runtime/wasm-compiler-edge.js(5,12223): error TS7006: Parameter 't' implicitly has an 'any' type.
generated/prisma/runtime/wasm-compiler-edge.js(5,12225): error TS7006: Parameter 'r' implicitly has an 'any' type.
generated/prisma/runtime/wasm-compiler-edge.js(5,12281): error TS7005: Variable 'le' implicitly has an 'any' type.
generated/prisma/runtime/wasm-compiler-edge.js(5,12355): error TS7006: Parameter 'e' implicitly has an 'any' type.
generated/prisma/runtime/wasm-compiler-edge.js(5,12401): error TS7023: 'Ct' implicitly has return type 'any' because it does not have a return type annotation and is referenced directly or indirectly in one of its return expressions.
generated/prisma/runtime/wasm-compiler-edge.js(5,12404): error TS7006: Parameter 'e' implicitly has an 'any' type.
generated/prisma/runtime/wasm-compiler-edge.js(5,12406): error TS7006: Parameter 't' implicitly has an 'any' type.
generated/prisma/runtime/wasm-compiler-edge.js(5,12501): error TS7005: Variable 'le' implicitly has an 'any' type.
generated/prisma/runtime/wasm-compiler-edge.js(5,12537): error TS7005: Variable 'se' implicitly has an 'any' type.
generated/prisma/runtime/wasm-compiler-edge.js(5,12698): error TS2365: Operator '<' cannot be applied to types 'string' and 'number'.
generated/prisma/runtime/wasm-compiler-edge.js(5,12703): error TS2367: This comparison appears to be unintentional because the types 'string' and 'number' have no overlap.
generated/prisma/runtime/wasm-compiler-edge.js(5,12709): error TS2367: This comparison appears to be unintentional because the types 'string' and 'number' have no overlap.
generated/prisma/runtime/wasm-compiler-edge.js(5,12715): error TS2365: Operator '>' cannot be applied to types 'string' and 'number'.
generated/prisma/runtime/wasm-compiler-edge.js(5,12778): error TS2365: Operator '>' cannot be applied to types 'string' and 'number'.
generated/prisma/runtime/wasm-compiler-edge.js(5,12958): error TS7005: Variable 've' implicitly has an 'any' type.
generated/prisma/runtime/wasm-compiler-edge.js(5,12969): error TS7005: Variable 'se' implicitly has an 'any' type.
generated/prisma/runtime/wasm-compiler-edge.js(5,12980): error TS7005: Variable 'se' implicitly has an 'any' type.
generated/prisma/runtime/wasm-compiler-edge.js(5,13042): error TS7005: Variable 've' implicitly has an 'any' type.
generated/prisma/runtime/wasm-compiler-edge.js(5,13165): error TS7005: Variable 've' implicitly has an 'any' type.
generated/prisma/runtime/wasm-compiler-edge.js(5,13242): error TS7006: Parameter 'e' implicitly has an 'any' type.
generated/prisma/runtime/wasm-compiler-edge.js(5,13244): error TS7006: Parameter 't' implicitly has an 'any' type.
generated/prisma/runtime/wasm-compiler-edge.js(5,13508): error TS7005: Variable 'et' implicitly has an 'any' type.
generated/prisma/runtime/wasm-compiler-edge.js(5,13513): error TS7005: Variable '$' implicitly has an 'any' type.
generated/prisma/runtime/wasm-compiler-edge.js(5,13531): error TS7005: Variable '$' implicitly has an 'any' type.
generated/prisma/runtime/wasm-compiler-edge.js(5,13542): error TS7005: Variable '$' implicitly has an 'any' type.
generated/prisma/runtime/wasm-compiler-edge.js(5,13584): error TS7005: Variable '$' implicitly has an 'any' type.
generated/prisma/runtime/wasm-compiler-edge.js(5,13614): error TS7005: Variable '$' implicitly has an 'any' type.
generated/prisma/runtime/wasm-compiler-edge.js(5,13633): error TS7005: Variable '$' implicitly has an 'any' type.
generated/prisma/runtime/wasm-compiler-edge.js(5,13687): error TS7005: Variable 'B' implicitly has an 'any' type.
generated/prisma/runtime/wasm-compiler-edge.js(5,13695): error TS7005: Variable 'dr' implicitly has an 'any' type.
generated/prisma/runtime/wasm-compiler-edge.js(5,13704): error TS7005: Variable 'dr' implicitly has an 'any' type.
generated/prisma/runtime/wasm-compiler-edge.js(5,13720): error TS7005: Variable 'Pn' implicitly has an 'any' type.
generated/prisma/runtime/wasm-compiler-edge.js(5,13771): error TS7006: Parameter 'e' implicitly has an 'any' type.
generated/prisma/runtime/wasm-compiler-edge.js(5,13773): error TS7006: Parameter 't' implicitly has an 'any' type.
generated/prisma/runtime/wasm-compiler-edge.js(5,13775): error TS7006: Parameter 'r' implicitly has an 'any' type.
generated/prisma/runtime/wasm-compiler-edge.js(5,13851): error TS7005: Variable '$' implicitly has an 'any' type.
generated/prisma/runtime/wasm-compiler-edge.js(5,13892): error TS7005: Variable '$' implicitly has an 'any' type.
generated/prisma/runtime/wasm-compiler-edge.js(5,13956): error TS7005: Variable '$' implicitly has an 'any' type.
generated/prisma/runtime/wasm-compiler-edge.js(5,13962): error TS7005: Variable '$' implicitly has an 'any' type.
generated/prisma/runtime/wasm-compiler-edge.js(5,13984): error TS7005: Variable '$e' implicitly has an 'any' type.
generated/prisma/runtime/wasm-compiler-edge.js(5,14111): error TS7005: Variable '$e' implicitly has an 'any' type.
generated/prisma/runtime/wasm-compiler-edge.js(5,14207): error TS7005: Variable '$e' implicitly has an 'any' type.
generated/prisma/runtime/wasm-compiler-edge.js(5,14214): error TS7005: Variable '$' implicitly has an 'any' type.
generated/prisma/runtime/wasm-compiler-edge.js(5,14218): error TS7005: Variable '$' implicitly has an 'any' type.
generated/prisma/runtime/wasm-compiler-edge.js(5,14221): error TS7005: Variable '$' implicitly has an 'any' type.
generated/prisma/runtime/wasm-compiler-edge.js(5,14228): error TS7005: Variable 'et' implicitly has an 'any' type.
generated/prisma/runtime/wasm-compiler-edge.js(5,14234): error TS7005: Variable '$' implicitly has an 'any' type.
generated/prisma/runtime/wasm-compiler-edge.js(5,14316): error TS7005: Variable '$e' implicitly has an 'any' type.
generated/prisma/runtime/wasm-compiler-edge.js(5,14322): error TS7005: Variable '$' implicitly has an 'any' type.
generated/prisma/runtime/wasm-compiler-edge.js(5,14339): error TS7005: Variable '$e' implicitly has an 'any' type.
generated/prisma/runtime/wasm-compiler-edge.js(5,14350): error TS7005: Variable '$e' implicitly has an 'any' type.
generated/prisma/runtime/wasm-compiler-edge.js(5,14396): error TS7005: Variable 'G' implicitly has an 'any' type.
generated/prisma/runtime/wasm-compiler-edge.js(5,14442): error TS7005: Variable 'G' implicitly has an 'any' type.
generated/prisma/runtime/wasm-compiler-edge.js(5,14501): error TS7005: Variable 'B' implicitly has an 'any' type.
generated/prisma/runtime/wasm-compiler-edge.js(5,14509): error TS7005: Variable 'dr' implicitly has an 'any' type.
generated/prisma/runtime/wasm-compiler-edge.js(5,14518): error TS7005: Variable 'dr' implicitly has an 'any' type.
generated/prisma/runtime/wasm-compiler-edge.js(5,14534): error TS7005: Variable 'Pn' implicitly has an 'any' type.
generated/prisma/runtime/wasm-compiler-edge.js(5,14564): error TS7006: Parameter 'e' implicitly has an 'any' type.
generated/prisma/runtime/wasm-compiler-edge.js(5,14566): error TS7006: Parameter 't' implicitly has an 'any' type.
generated/prisma/runtime/wasm-compiler-edge.js(5,14668): error TS7005: Variable 'B' implicitly has an 'any' type.
generated/prisma/runtime/wasm-compiler-edge.js(5,14805): error TS7005: Variable '$' implicitly has an 'any' type.
generated/prisma/runtime/wasm-compiler-edge.js(5,15109): error TS7005: Variable 'G' implicitly has an 'any' type.
generated/prisma/runtime/wasm-compiler-edge.js(5,15126): error TS7005: Variable 'G' implicitly has an 'any' type.
generated/prisma/runtime/wasm-compiler-edge.js(5,15217): error TS7005: Variable 'B' implicitly has an 'any' type.
generated/prisma/runtime/wasm-compiler-edge.js(5,15250): error TS7006: Parameter 'e' implicitly has an 'any' type.
generated/prisma/runtime/wasm-compiler-edge.js(5,15252): error TS7006: Parameter 't' implicitly has an 'any' type.
generated/prisma/runtime/wasm-compiler-edge.js(5,15254): error TS7006: Parameter 'r' implicitly has an 'any' type.
generated/prisma/runtime/wasm-compiler-edge.js(5,15622): error TS7006: Parameter 'e' implicitly has an 'any' type.
generated/prisma/runtime/wasm-compiler-edge.js(5,15624): error TS7006: Parameter 't' implicitly has an 'any' type.
generated/prisma/runtime/wasm-compiler-edge.js(5,15674): error TS7006: Parameter 'e' implicitly has an 'any' type.
generated/prisma/runtime/wasm-compiler-edge.js(5,15698): error TS7006: Parameter 'o' implicitly has an 'any' type.
generated/prisma/runtime/wasm-compiler-edge.js(5,15794): error TS2339: Property 'e' does not exist on type 'i'.
generated/prisma/runtime/wasm-compiler-edge.js(5,15798): error TS2339: Property 'e' does not exist on type 'i'.
generated/prisma/runtime/wasm-compiler-edge.js(5,15802): error TS2339: Property 'd' does not exist on type 'i'.
generated/prisma/runtime/wasm-compiler-edge.js(5,15809): error TS2339: Property 'd' does not exist on type 'i'.
generated/prisma/runtime/wasm-compiler-edge.js(5,15877): error TS7005: Variable 'qe' implicitly has an 'any' type.
generated/prisma/runtime/wasm-compiler-edge.js(5,15933): error TS2339: Property 'e' does not exist on type 'i'.
generated/prisma/runtime/wasm-compiler-edge.js(5,15939): error TS2339: Property 'd' does not exist on type 'i'.
generated/prisma/runtime/wasm-compiler-edge.js(5,15973): error TS2339: Property 'e' does not exist on type 'i'.
generated/prisma/runtime/wasm-compiler-edge.js(5,15979): error TS2339: Property 'd' does not exist on type 'i'.
generated/prisma/runtime/wasm-compiler-edge.js(5,16057): error TS7005: Variable 'qe' implicitly has an 'any' type.
generated/prisma/runtime/wasm-compiler-edge.js(5,16115): error TS7005: Variable 'hu' implicitly has an 'any' type.
generated/prisma/runtime/wasm-compiler-edge.js(5,16151): error TS7005: Variable 'qe' implicitly has an 'any' type.
generated/prisma/runtime/wasm-compiler-edge.js(5,16172): error TS7005: Variable 'A' implicitly has an 'any' type.
generated/prisma/runtime/wasm-compiler-edge.js(5,16489): error TS2538: Type 'undefined' cannot be used as an index type.
generated/prisma/runtime/wasm-compiler-edge.js(5,16492): error TS2683: 'this' implicitly has type 'any' because it does not have a type annotation.
generated/prisma/runtime/wasm-compiler-edge.js(5,16497): error TS2538: Type 'undefined' cannot be used as an index type.
generated/prisma/runtime/wasm-compiler-edge.js(5,16534): error TS7006: Parameter 'e' implicitly has an 'any' type.
generated/prisma/runtime/wasm-compiler-edge.js(5,16575): error TS7005: Variable 'le' implicitly has an 'any' type.
generated/prisma/runtime/wasm-compiler-edge.js(5,16624): error TS7005: Variable 'Xe' implicitly has an 'any' type.
generated/prisma/runtime/wasm-compiler-edge.js(5,16731): error TS7005: Variable 'et' implicitly has an 'any' type.
generated/prisma/runtime/wasm-compiler-edge.js(5,16763): error TS7053: Element implicitly has an 'any' type because expression of type 'any' can't be used to index type 'wu'.
generated/prisma/runtime/wasm-compiler-edge.js(5,16790): error TS7005: Variable 'qe' implicitly has an 'any' type.
generated/prisma/runtime/wasm-compiler-edge.js(5,16847): error TS7053: Element implicitly has an 'any' type because expression of type 'string' can't be used to index type 'wu'.
  No index signature with a parameter of type 'string' was found on type 'wu'.
generated/prisma/runtime/wasm-compiler-edge.js(5,16859): error TS2351: This expression is not constructable.
  Type 'wu' has no construct signatures.
generated/prisma/runtime/wasm-compiler-edge.js(5,16884): error TS7005: Variable 'qe' implicitly has an 'any' type.
generated/prisma/runtime/wasm-compiler-edge.js(5,16913): error TS7034: Variable 'Xe' implicitly has type 'any' in some locations where its type cannot be determined.
generated/prisma/runtime/wasm-compiler-edge.js(5,16922): error TS7034: Variable 'B' implicitly has type 'any' in some locations where its type cannot be determined.
generated/prisma/runtime/wasm-compiler-edge.js(5,16924): error TS7034: Variable 'le' implicitly has type 'any' in some locations where its type cannot be determined.
generated/prisma/runtime/wasm-compiler-edge.js(5,16927): error TS7034: Variable 'qe' implicitly has type 'any' in some locations where its type cannot be determined.
generated/prisma/runtime/wasm-compiler-edge.js(5,16930): error TS7034: Variable 'Pn' implicitly has type 'any' in some locations where its type cannot be determined.
generated/prisma/runtime/wasm-compiler-edge.js(5,16933): error TS7034: Variable 'et' implicitly has type 'any' in some locations where its type cannot be determined.
generated/prisma/runtime/wasm-compiler-edge.js(5,16936): error TS7034: Variable '$e' implicitly has type 'any' in some locations where its type cannot be determined.
generated/prisma/runtime/wasm-compiler-edge.js(5,16939): error TS7034: Variable 'hu' implicitly has type 'any' in some locations where its type cannot be determined.
generated/prisma/runtime/wasm-compiler-edge.js(5,16942): error TS7034: Variable 'se' implicitly has type 'any' in some locations where its type cannot be determined.
generated/prisma/runtime/wasm-compiler-edge.js(5,16945): error TS7034: Variable 'G' implicitly has type 'any' in some locations where its type cannot be determined.
generated/prisma/runtime/wasm-compiler-edge.js(5,16947): error TS7034: Variable '$' implicitly has type 'any' in some locations where its type cannot be determined.
generated/prisma/runtime/wasm-compiler-edge.js(5,16949): error TS7034: Variable 'Qi' implicitly has type 'any' in some locations where its type cannot be determined.
generated/prisma/runtime/wasm-compiler-edge.js(5,16952): error TS7034: Variable 'dr' implicitly has type 'any' in some locations where its type cannot be determined.
generated/prisma/runtime/wasm-compiler-edge.js(5,16955): error TS7034: Variable 'A' implicitly has type 'any' in some locations where its type cannot be determined.
generated/prisma/runtime/wasm-compiler-edge.js(5,16957): error TS7034: Variable 've' implicitly has type 'any' in some locations where its type cannot be determined.
generated/prisma/runtime/wasm-compiler-edge.js(5,17391): error TS2339: Property 'absoluteValue' does not exist on type '{}'.
generated/prisma/runtime/wasm-compiler-edge.js(5,17407): error TS2339: Property 'abs' does not exist on type '{}'.
generated/prisma/runtime/wasm-compiler-edge.js(5,17432): error TS2351: This expression is not constructable.
  Type 'Function' has no construct signatures.
generated/prisma/runtime/wasm-compiler-edge.js(5,17480): error TS2339: Property 'comparedTo' does not exist on type '{}'.
generated/prisma/runtime/wasm-compiler-edge.js(5,17493): error TS2339: Property 'cmp' does not exist on type '{}'.
generated/prisma/runtime/wasm-compiler-edge.js(5,17506): error TS7006: Parameter 'e' implicitly has an 'any' type.
generated/prisma/runtime/wasm-compiler-edge.js(5,17537): error TS2351: This expression is not constructable.
  Type 'Function' has no construct signatures.
generated/prisma/runtime/wasm-compiler-edge.js(5,17556): error TS2339: Property 's' does not exist on type '{}'.
generated/prisma/runtime/wasm-compiler-edge.js(5,17573): error TS2339: Property 's' does not exist on type '{}'.
generated/prisma/runtime/wasm-compiler-edge.js(5,17586): error TS2339: Property 'e' does not exist on type '{}'.
generated/prisma/runtime/wasm-compiler-edge.js(5,17601): error TS2447: The '^' operator is not allowed for boolean types. Consider using '!==' instead.
generated/prisma/runtime/wasm-compiler-edge.js(5,17603): error TS2339: Property 'e' does not exist on type '{}'.
generated/prisma/runtime/wasm-compiler-edge.js(5,17611): error TS2339: Property 's' does not exist on type '{}'.
generated/prisma/runtime/wasm-compiler-edge.js(5,17628): error TS2339: Property 'd' does not exist on type '{}'.
generated/prisma/runtime/wasm-compiler-edge.js(5,17677): error TS2339: Property 'd' does not exist on type '{}'.
generated/prisma/runtime/wasm-compiler-edge.js(5,17698): error TS2447: The '^' operator is not allowed for boolean types. Consider using '!==' instead.
generated/prisma/runtime/wasm-compiler-edge.js(5,17700): error TS2339: Property 'd' does not exist on type '{}'.
generated/prisma/runtime/wasm-compiler-edge.js(5,17714): error TS2339: Property 's' does not exist on type '{}'.
generated/prisma/runtime/wasm-compiler-edge.js(5,17738): error TS2447: The '^' operator is not allowed for boolean types. Consider using '!==' instead.
generated/prisma/runtime/wasm-compiler-edge.js(5,17744): error TS2339: Property 's' does not exist on type '{}'.
generated/prisma/runtime/wasm-compiler-edge.js(5,17756): error TS2339: Property 'decimalPlaces' does not exist on type '{}'.
generated/prisma/runtime/wasm-compiler-edge.js(5,17772): error TS2339: Property 'dp' does not exist on type '{}'.
generated/prisma/runtime/wasm-compiler-edge.js(5,17801): error TS2339: Property 'd' does not exist on type '{}'.
generated/prisma/runtime/wasm-compiler-edge.js(5,17819): error TS2339: Property 'e' does not exist on type '{}'.
generated/prisma/runtime/wasm-compiler-edge.js(5,17822): error TS7005: Variable '$' implicitly has an 'any' type.
generated/prisma/runtime/wasm-compiler-edge.js(5,17831): error TS2339: Property 'd' does not exist on type '{}'.
generated/prisma/runtime/wasm-compiler-edge.js(5,17879): error TS2339: Property 'dividedBy' does not exist on type '{}'.
generated/prisma/runtime/wasm-compiler-edge.js(5,17891): error TS2339: Property 'div' does not exist on type '{}'.
generated/prisma/runtime/wasm-compiler-edge.js(5,17904): error TS7006: Parameter 'e' implicitly has an 'any' type.
generated/prisma/runtime/wasm-compiler-edge.js(5,17914): error TS7005: Variable 've' implicitly has an 'any' type.
generated/prisma/runtime/wasm-compiler-edge.js(5,17926): error TS2351: This expression is not constructable.
  Type 'Function' has no construct signatures.
generated/prisma/runtime/wasm-compiler-edge.js(5,17950): error TS2339: Property 'dividedToIntegerBy' does not exist on type '{}'.
generated/prisma/runtime/wasm-compiler-edge.js(5,17971): error TS2339: Property 'idiv' does not exist on type '{}'.
generated/prisma/runtime/wasm-compiler-edge.js(5,17985): error TS7006: Parameter 'e' implicitly has an 'any' type.
generated/prisma/runtime/wasm-compiler-edge.js(5,18024): error TS7005: Variable 've' implicitly has an 'any' type.
generated/prisma/runtime/wasm-compiler-edge.js(5,18033): error TS2351: This expression is not constructable.
  Type 'Function' has no construct signatures.
generated/prisma/runtime/wasm-compiler-edge.js(5,18045): error TS2339: Property 'precision' does not exist on type 'Function'.
generated/prisma/runtime/wasm-compiler-edge.js(5,18059): error TS2339: Property 'equals' does not exist on type '{}'.
generated/prisma/runtime/wasm-compiler-edge.js(5,18068): error TS2339: Property 'eq' does not exist on type '{}'.
generated/prisma/runtime/wasm-compiler-edge.js(5,18080): error TS7006: Parameter 'e' implicitly has an 'any' type.
generated/prisma/runtime/wasm-compiler-edge.js(5,18095): error TS2339: Property 'cmp' does not exist on type '{}'.
generated/prisma/runtime/wasm-compiler-edge.js(5,18105): error TS2339: Property 'exponent' does not exist on type '{}'.
generated/prisma/runtime/wasm-compiler-edge.js(5,18143): error TS2339: Property 'greaterThan' does not exist on type '{}'.
generated/prisma/runtime/wasm-compiler-edge.js(5,18157): error TS2339: Property 'gt' does not exist on type '{}'.
generated/prisma/runtime/wasm-compiler-edge.js(5,18169): error TS7006: Parameter 'e' implicitly has an 'any' type.
generated/prisma/runtime/wasm-compiler-edge.js(5,18184): error TS2339: Property 'cmp' does not exist on type '{}'.
generated/prisma/runtime/wasm-compiler-edge.js(5,18196): error TS2339: Property 'greaterThanOrEqualTo' does not exist on type '{}'.
generated/prisma/runtime/wasm-compiler-edge.js(5,18219): error TS2339: Property 'gte' does not exist on type '{}'.
generated/prisma/runtime/wasm-compiler-edge.js(5,18232): error TS7006: Parameter 'e' implicitly has an 'any' type.
generated/prisma/runtime/wasm-compiler-edge.js(5,18247): error TS2339: Property 'cmp' does not exist on type '{}'.
generated/prisma/runtime/wasm-compiler-edge.js(5,18260): error TS2339: Property 'isInteger' does not exist on type '{}'.
generated/prisma/runtime/wasm-compiler-edge.js(5,18272): error TS2339: Property 'isint' does not exist on type '{}'.
generated/prisma/runtime/wasm-compiler-edge.js(5,18301): error TS2339: Property 'e' does not exist on type '{}'.
generated/prisma/runtime/wasm-compiler-edge.js(5,18308): error TS2339: Property 'd' does not exist on type '{}'.
generated/prisma/runtime/wasm-compiler-edge.js(5,18322): error TS2339: Property 'isNegative' does not exist on type '{}'.
generated/prisma/runtime/wasm-compiler-edge.js(5,18335): error TS2339: Property 'isneg' does not exist on type '{}'.
generated/prisma/runtime/wasm-compiler-edge.js(5,18364): error TS2339: Property 's' does not exist on type '{}'.
generated/prisma/runtime/wasm-compiler-edge.js(5,18371): error TS2339: Property 'isPositive' does not exist on type '{}'.
generated/prisma/runtime/wasm-compiler-edge.js(5,18384): error TS2339: Property 'ispos' does not exist on type '{}'.
generated/prisma/runtime/wasm-compiler-edge.js(5,18413): error TS2339: Property 's' does not exist on type '{}'.
generated/prisma/runtime/wasm-compiler-edge.js(5,18420): error TS2339: Property 'isZero' does not exist on type '{}'.
generated/prisma/runtime/wasm-compiler-edge.js(5,18450): error TS2339: Property 's' does not exist on type '{}'.
generated/prisma/runtime/wasm-compiler-edge.js(5,18459): error TS2339: Property 'lessThan' does not exist on type '{}'.
generated/prisma/runtime/wasm-compiler-edge.js(5,18470): error TS2339: Property 'lt' does not exist on type '{}'.
generated/prisma/runtime/wasm-compiler-edge.js(5,18482): error TS7006: Parameter 'e' implicitly has an 'any' type.
generated/prisma/runtime/wasm-compiler-edge.js(5,18497): error TS2339: Property 'cmp' does not exist on type '{}'.
generated/prisma/runtime/wasm-compiler-edge.js(5,18509): error TS2339: Property 'lessThanOrEqualTo' does not exist on type '{}'.
generated/prisma/runtime/wasm-compiler-edge.js(5,18529): error TS2339: Property 'lte' does not exist on type '{}'.
generated/prisma/runtime/wasm-compiler-edge.js(5,18542): error TS7006: Parameter 'e' implicitly has an 'any' type.
generated/prisma/runtime/wasm-compiler-edge.js(5,18557): error TS2339: Property 'cmp' does not exist on type '{}'.
generated/prisma/runtime/wasm-compiler-edge.js(5,18569): error TS2339: Property 'logarithm' does not exist on type '{}'.
generated/prisma/runtime/wasm-compiler-edge.js(5,18581): error TS2339: Property 'log' does not exist on type '{}'.
generated/prisma/runtime/wasm-compiler-edge.js(5,18594): error TS7006: Parameter 'e' implicitly has an 'any' type.
generated/prisma/runtime/wasm-compiler-edge.js(5,18630): error TS2339: Property 'precision' does not exist on type 'Function'.
generated/prisma/runtime/wasm-compiler-edge.js(5,18666): error TS2351: This expression is not constructable.
  Type 'Function' has no construct signatures.
generated/prisma/runtime/wasm-compiler-edge.js(5,18686): error TS2351: This expression is not constructable.
  Type 'Function' has no construct signatures.
generated/prisma/runtime/wasm-compiler-edge.js(5,18703): error TS7005: Variable 'se' implicitly has an 'any' type.
generated/prisma/runtime/wasm-compiler-edge.js(5,18719): error TS7005: Variable 'le' implicitly has an 'any' type.
generated/prisma/runtime/wasm-compiler-edge.js(5,18734): error TS2339: Property 's' does not exist on type '{}'.
generated/prisma/runtime/wasm-compiler-edge.js(5,18750): error TS7005: Variable 'le' implicitly has an 'any' type.
generated/prisma/runtime/wasm-compiler-edge.js(5,18756): error TS2339: Property 's' does not exist on type '{}'.
generated/prisma/runtime/wasm-compiler-edge.js(5,18787): error TS2339: Property 'eq' does not exist on type '{}'.
generated/prisma/runtime/wasm-compiler-edge.js(5,18790): error TS7005: Variable 'se' implicitly has an 'any' type.
generated/prisma/runtime/wasm-compiler-edge.js(5,18798): error TS2351: This expression is not constructable.
  Type 'Function' has no construct signatures.
generated/prisma/runtime/wasm-compiler-edge.js(5,18811): error TS7005: Variable 've' implicitly has an 'any' type.
generated/prisma/runtime/wasm-compiler-edge.js(5,18849): error TS2339: Property 'minus' does not exist on type '{}'.
generated/prisma/runtime/wasm-compiler-edge.js(5,18857): error TS2339: Property 'sub' does not exist on type '{}'.
generated/prisma/runtime/wasm-compiler-edge.js(5,18870): error TS7006: Parameter 'e' implicitly has an 'any' type.
generated/prisma/runtime/wasm-compiler-edge.js(5,18897): error TS2351: This expression is not constructable.
  Type 'Function' has no construct signatures.
generated/prisma/runtime/wasm-compiler-edge.js(5,18916): error TS2339: Property 's' does not exist on type '{}'.
generated/prisma/runtime/wasm-compiler-edge.js(5,18953): error TS2339: Property 'modulo' does not exist on type '{}'.
generated/prisma/runtime/wasm-compiler-edge.js(5,18962): error TS2339: Property 'mod' does not exist on type '{}'.
generated/prisma/runtime/wasm-compiler-edge.js(5,18975): error TS7006: Parameter 'e' implicitly has an 'any' type.
generated/prisma/runtime/wasm-compiler-edge.js(5,19011): error TS2339: Property 'precision' does not exist on type 'Function'.
generated/prisma/runtime/wasm-compiler-edge.js(5,19030): error TS2351: This expression is not constructable.
  Type 'Function' has no construct signatures.
generated/prisma/runtime/wasm-compiler-edge.js(5,19052): error TS7005: Variable 'le' implicitly has an 'any' type.
generated/prisma/runtime/wasm-compiler-edge.js(5,19071): error TS2339: Property 's' does not exist on type '{}'.
generated/prisma/runtime/wasm-compiler-edge.js(5,19081): error TS7005: Variable 've' implicitly has an 'any' type.
generated/prisma/runtime/wasm-compiler-edge.js(5,19109): error TS2339: Property 'minus' does not exist on type '{}'.
generated/prisma/runtime/wasm-compiler-edge.js(5,19125): error TS2351: This expression is not constructable.
  Type 'Function' has no construct signatures.
generated/prisma/runtime/wasm-compiler-edge.js(5,19136): error TS2339: Property 'naturalExponential' does not exist on type '{}'.
generated/prisma/runtime/wasm-compiler-edge.js(5,19157): error TS2339: Property 'exp' does not exist on type '{}'.
generated/prisma/runtime/wasm-compiler-edge.js(5,19191): error TS2339: Property 'naturalLogarithm' does not exist on type '{}'.
generated/prisma/runtime/wasm-compiler-edge.js(5,19210): error TS2339: Property 'ln' does not exist on type '{}'.
generated/prisma/runtime/wasm-compiler-edge.js(5,19243): error TS2339: Property 'negated' does not exist on type '{}'.
generated/prisma/runtime/wasm-compiler-edge.js(5,19253): error TS2339: Property 'neg' does not exist on type '{}'.
generated/prisma/runtime/wasm-compiler-edge.js(5,19278): error TS2351: This expression is not constructable.
  Type 'Function' has no construct signatures.
generated/prisma/runtime/wasm-compiler-edge.js(5,19325): error TS2339: Property 'plus' does not exist on type '{}'.
generated/prisma/runtime/wasm-compiler-edge.js(5,19332): error TS2339: Property 'add' does not exist on type '{}'.
generated/prisma/runtime/wasm-compiler-edge.js(5,19345): error TS7006: Parameter 'e' implicitly has an 'any' type.
generated/prisma/runtime/wasm-compiler-edge.js(5,19372): error TS2351: This expression is not constructable.
  Type 'Function' has no construct signatures.
generated/prisma/runtime/wasm-compiler-edge.js(5,19391): error TS2339: Property 's' does not exist on type '{}'.
generated/prisma/runtime/wasm-compiler-edge.js(5,19428): error TS2339: Property 'precision' does not exist on type '{}'.
generated/prisma/runtime/wasm-compiler-edge.js(5,19440): error TS2339: Property 'sd' does not exist on type '{}'.
generated/prisma/runtime/wasm-compiler-edge.js(5,19452): error TS7006: Parameter 'e' implicitly has an 'any' type.
generated/prisma/runtime/wasm-compiler-edge.js(5,19521): error TS7005: Variable 'qe' implicitly has an 'any' type.
generated/prisma/runtime/wasm-compiler-edge.js(5,19543): error TS2339: Property 'd' does not exist on type '{}'.
generated/prisma/runtime/wasm-compiler-edge.js(5,19558): error TS7005: Variable '$' implicitly has an 'any' type.
generated/prisma/runtime/wasm-compiler-edge.js(5,19566): error TS2339: Property 'd' does not exist on type '{}'.
generated/prisma/runtime/wasm-compiler-edge.js(5,19605): error TS2339: Property 'd' does not exist on type '{}'.
generated/prisma/runtime/wasm-compiler-edge.js(5,19647): error TS2339: Property 'squareRoot' does not exist on type '{}'.
generated/prisma/runtime/wasm-compiler-edge.js(5,19660): error TS2339: Property 'sqrt' does not exist on type '{}'.
generated/prisma/runtime/wasm-compiler-edge.js(5,19722): error TS2339: Property 's' does not exist on type '{}'.
generated/prisma/runtime/wasm-compiler-edge.js(5,19733): error TS2339: Property 's' does not exist on type '{}'.
generated/prisma/runtime/wasm-compiler-edge.js(5,19746): error TS2351: This expression is not constructable.
  Type 'Function' has no construct signatures.
generated/prisma/runtime/wasm-compiler-edge.js(5,19763): error TS7005: Variable 'le' implicitly has an 'any' type.
generated/prisma/runtime/wasm-compiler-edge.js(5,19826): error TS2339: Property 'd' does not exist on type '{}'.
generated/prisma/runtime/wasm-compiler-edge.js(5,19869): error TS2345: Argument of type 'string' is not assignable to parameter of type 'number'.
generated/prisma/runtime/wasm-compiler-edge.js(5,19874): error TS7005: Variable 'et' implicitly has an 'any' type.
generated/prisma/runtime/wasm-compiler-edge.js(5,19886): error TS2363: The right-hand side of an arithmetic operation must be of type 'any', 'number', 'bigint' or an enum type.
generated/prisma/runtime/wasm-compiler-edge.js(5,19973): error TS2351: This expression is not constructable.
  Type 'Function' has no construct signatures.
generated/prisma/runtime/wasm-compiler-edge.js(5,19985): error TS2351: This expression is not constructable.
  Type 'Function' has no construct signatures.
generated/prisma/runtime/wasm-compiler-edge.js(5,20005): error TS2339: Property 'precision' does not exist on type 'Function'.
generated/prisma/runtime/wasm-compiler-edge.js(5,20041): error TS7005: Variable 've' implicitly has an 'any' type.
generated/prisma/runtime/wasm-compiler-edge.js(5,20242): error TS2339: Property 'times' does not exist on type '{}'.
generated/prisma/runtime/wasm-compiler-edge.js(5,20250): error TS2339: Property 'mul' does not exist on type '{}'.
generated/prisma/runtime/wasm-compiler-edge.js(5,20263): error TS7006: Parameter 'e' implicitly has an 'any' type.
generated/prisma/runtime/wasm-compiler-edge.js(5,20315): error TS2339: Property 'd' does not exist on type '{}'.
generated/prisma/runtime/wasm-compiler-edge.js(5,20326): error TS2351: This expression is not constructable.
  Type 'Function' has no construct signatures.
generated/prisma/runtime/wasm-compiler-edge.js(5,20340): error TS2339: Property 's' does not exist on type '{}'.
generated/prisma/runtime/wasm-compiler-edge.js(5,20359): error TS2351: This expression is not constructable.
  Type 'Function' has no construct signatures.
generated/prisma/runtime/wasm-compiler-edge.js(5,20375): error TS2339: Property 's' does not exist on type '{}'.
generated/prisma/runtime/wasm-compiler-edge.js(5,20381): error TS2339: Property 'e' does not exist on type '{}'.
generated/prisma/runtime/wasm-compiler-edge.js(5,20508): error TS2532: Object is possibly 'undefined'.
generated/prisma/runtime/wasm-compiler-edge.js(5,20538): error TS7005: Variable 'G' implicitly has an 'any' type.
generated/prisma/runtime/wasm-compiler-edge.js(5,20546): error TS7005: Variable 'G' implicitly has an 'any' type.
generated/prisma/runtime/wasm-compiler-edge.js(5,20556): error TS2532: Object is possibly 'undefined'.
generated/prisma/runtime/wasm-compiler-edge.js(5,20564): error TS7005: Variable 'G' implicitly has an 'any' type.
generated/prisma/runtime/wasm-compiler-edge.js(5,20625): error TS7005: Variable 'B' implicitly has an 'any' type.
generated/prisma/runtime/wasm-compiler-edge.js(5,20633): error TS2339: Property 'precision' does not exist on type 'Function'.
generated/prisma/runtime/wasm-compiler-edge.js(5,20649): error TS2339: Property 'toDecimalPlaces' does not exist on type '{}'.
generated/prisma/runtime/wasm-compiler-edge.js(5,20667): error TS2339: Property 'todp' does not exist on type '{}'.
generated/prisma/runtime/wasm-compiler-edge.js(5,20681): error TS7006: Parameter 'e' implicitly has an 'any' type.
generated/prisma/runtime/wasm-compiler-edge.js(5,20683): error TS7006: Parameter 't' implicitly has an 'any' type.
generated/prisma/runtime/wasm-compiler-edge.js(5,20726): error TS2351: This expression is not constructable.
  Type 'Function' has no construct signatures.
generated/prisma/runtime/wasm-compiler-edge.js(5,20752): error TS7005: Variable 'Xe' implicitly has an 'any' type.
generated/prisma/runtime/wasm-compiler-edge.js(5,20771): error TS2339: Property 'rounding' does not exist on type 'Function'.
generated/prisma/runtime/wasm-compiler-edge.js(5,20810): error TS2339: Property 'toExponential' does not exist on type '{}'.
generated/prisma/runtime/wasm-compiler-edge.js(5,20833): error TS7006: Parameter 'e' implicitly has an 'any' type.
generated/prisma/runtime/wasm-compiler-edge.js(5,20835): error TS7006: Parameter 't' implicitly has an 'any' type.
generated/prisma/runtime/wasm-compiler-edge.js(5,20904): error TS7005: Variable 'Xe' implicitly has an 'any' type.
generated/prisma/runtime/wasm-compiler-edge.js(5,20923): error TS2339: Property 'rounding' does not exist on type 'Function'.
generated/prisma/runtime/wasm-compiler-edge.js(5,20950): error TS2351: This expression is not constructable.
  Type 'Function' has no construct signatures.
generated/prisma/runtime/wasm-compiler-edge.js(5,20983): error TS2339: Property 'toFixed' does not exist on type '{}'.
generated/prisma/runtime/wasm-compiler-edge.js(5,21000): error TS7006: Parameter 'e' implicitly has an 'any' type.
generated/prisma/runtime/wasm-compiler-edge.js(5,21002): error TS7006: Parameter 't' implicitly has an 'any' type.
generated/prisma/runtime/wasm-compiler-edge.js(5,21068): error TS7005: Variable 'Xe' implicitly has an 'any' type.
generated/prisma/runtime/wasm-compiler-edge.js(5,21087): error TS2339: Property 'rounding' does not exist on type 'Function'.
generated/prisma/runtime/wasm-compiler-edge.js(5,21114): error TS2351: This expression is not constructable.
  Type 'Function' has no construct signatures.
generated/prisma/runtime/wasm-compiler-edge.js(5,21159): error TS2339: Property 'isneg' does not exist on type '{}'.
generated/prisma/runtime/wasm-compiler-edge.js(5,21171): error TS2339: Property 'isZero' does not exist on type '{}'.
generated/prisma/runtime/wasm-compiler-edge.js(5,21192): error TS2339: Property 'toInteger' does not exist on type '{}'.
generated/prisma/runtime/wasm-compiler-edge.js(5,21204): error TS2339: Property 'toint' does not exist on type '{}'.
generated/prisma/runtime/wasm-compiler-edge.js(5,21261): error TS2351: This expression is not constructable.
  Type 'Function' has no construct signatures.
generated/prisma/runtime/wasm-compiler-edge.js(5,21275): error TS2339: Property 'rounding' does not exist on type 'Function'.
generated/prisma/runtime/wasm-compiler-edge.js(5,21288): error TS2339: Property 'toNumber' does not exist on type '{}'.
generated/prisma/runtime/wasm-compiler-edge.js(5,21323): error TS2339: Property 'toPower' does not exist on type '{}'.
generated/prisma/runtime/wasm-compiler-edge.js(5,21333): error TS2339: Property 'pow' does not exist on type '{}'.
generated/prisma/runtime/wasm-compiler-edge.js(5,21346): error TS7006: Parameter 'e' implicitly has an 'any' type.
generated/prisma/runtime/wasm-compiler-edge.js(5,21403): error TS2351: This expression is not constructable.
  Type 'Function' has no construct signatures.
generated/prisma/runtime/wasm-compiler-edge.js(5,21428): error TS2351: This expression is not constructable.
  Type 'Function' has no construct signatures.
generated/prisma/runtime/wasm-compiler-edge.js(5,21430): error TS7005: Variable 'se' implicitly has an 'any' type.
generated/prisma/runtime/wasm-compiler-edge.js(5,21443): error TS2351: This expression is not constructable.
  Type 'Function' has no construct signatures.
generated/prisma/runtime/wasm-compiler-edge.js(5,21475): error TS7005: Variable 'le' implicitly has an 'any' type.
generated/prisma/runtime/wasm-compiler-edge.js(5,21504): error TS2339: Property 'eq' does not exist on type 'pow'.
generated/prisma/runtime/wasm-compiler-edge.js(5,21507): error TS7005: Variable 'se' implicitly has an 'any' type.
generated/prisma/runtime/wasm-compiler-edge.js(5,21527): error TS2339: Property 'precision' does not exist on type 'Function'.
generated/prisma/runtime/wasm-compiler-edge.js(5,21542): error TS7005: Variable 'se' implicitly has an 'any' type.
generated/prisma/runtime/wasm-compiler-edge.js(5,21617): error TS7005: Variable 'Qi' implicitly has an 'any' type.
generated/prisma/runtime/wasm-compiler-edge.js(5,21631): error TS2351: This expression is not constructable.
  Type 'Function' has no construct signatures.
generated/prisma/runtime/wasm-compiler-edge.js(5,21633): error TS7005: Variable 'se' implicitly has an 'any' type.
generated/prisma/runtime/wasm-compiler-edge.js(5,21651): error TS7005: Variable '$' implicitly has an 'any' type.
generated/prisma/runtime/wasm-compiler-edge.js(5,21693): error TS7005: Variable 'et' implicitly has an 'any' type.
generated/prisma/runtime/wasm-compiler-edge.js(5,21712): error TS2339: Property 'times' does not exist on type 'pow'.
generated/prisma/runtime/wasm-compiler-edge.js(5,21726): error TS2339: Property 'd' does not exist on type 'pow'.
generated/prisma/runtime/wasm-compiler-edge.js(5,21753): error TS2351: This expression is not constructable.
  Type 'Function' has no construct signatures.
generated/prisma/runtime/wasm-compiler-edge.js(5,21755): error TS7005: Variable 'se' implicitly has an 'any' type.
generated/prisma/runtime/wasm-compiler-edge.js(5,21798): error TS7005: Variable 'le' implicitly has an 'any' type.
generated/prisma/runtime/wasm-compiler-edge.js(5,21904): error TS2339: Property 'toPrecision' does not exist on type '{}'.
generated/prisma/runtime/wasm-compiler-edge.js(5,21925): error TS7006: Parameter 'e' implicitly has an 'any' type.
generated/prisma/runtime/wasm-compiler-edge.js(5,21927): error TS7006: Parameter 't' implicitly has an 'any' type.
generated/prisma/runtime/wasm-compiler-edge.js(5,21999): error TS2339: Property 'toExpNeg' does not exist on type 'Function'.
generated/prisma/runtime/wasm-compiler-edge.js(5,22014): error TS2339: Property 'toExpPos' does not exist on type 'Function'.
generated/prisma/runtime/wasm-compiler-edge.js(5,22033): error TS7005: Variable 'Xe' implicitly has an 'any' type.
generated/prisma/runtime/wasm-compiler-edge.js(5,22052): error TS2339: Property 'rounding' does not exist on type 'Function'.
generated/prisma/runtime/wasm-compiler-edge.js(5,22079): error TS2351: This expression is not constructable.
  Type 'Function' has no construct signatures.
generated/prisma/runtime/wasm-compiler-edge.js(5,22114): error TS2339: Property 'toExpNeg' does not exist on type 'Function'.
generated/prisma/runtime/wasm-compiler-edge.js(5,22132): error TS2339: Property 'toSignificantDigits' does not exist on type '{}'.
generated/prisma/runtime/wasm-compiler-edge.js(5,22154): error TS2339: Property 'tosd' does not exist on type '{}'.
generated/prisma/runtime/wasm-compiler-edge.js(5,22168): error TS7006: Parameter 'e' implicitly has an 'any' type.
generated/prisma/runtime/wasm-compiler-edge.js(5,22170): error TS7006: Parameter 't' implicitly has an 'any' type.
generated/prisma/runtime/wasm-compiler-edge.js(5,22223): error TS2339: Property 'precision' does not exist on type 'Function'.
generated/prisma/runtime/wasm-compiler-edge.js(5,22237): error TS2339: Property 'rounding' does not exist on type 'Function'.
generated/prisma/runtime/wasm-compiler-edge.js(5,22255): error TS7005: Variable 'Xe' implicitly has an 'any' type.
generated/prisma/runtime/wasm-compiler-edge.js(5,22274): error TS2339: Property 'rounding' does not exist on type 'Function'.
generated/prisma/runtime/wasm-compiler-edge.js(5,22300): error TS2351: This expression is not constructable.
  Type 'Function' has no construct signatures.
generated/prisma/runtime/wasm-compiler-edge.js(5,22334): error TS2339: Property 'val' does not exist on type '{}'.
generated/prisma/runtime/wasm-compiler-edge.js(5,22340): error TS2339: Property 'toJSON' does not exist on type '{}'.
generated/prisma/runtime/wasm-compiler-edge.js(5,22347): error TS7053: Element implicitly has an 'any' type because expression of type 'symbol' can't be used to index type '{}'.
generated/prisma/runtime/wasm-compiler-edge.js(5,22453): error TS2339: Property 'toExpNeg' does not exist on type 'Function'.
generated/prisma/runtime/wasm-compiler-edge.js(5,22468): error TS2339: Property 'toExpPos' does not exist on type 'Function'.
generated/prisma/runtime/wasm-compiler-edge.js(5,22504): error TS7006: Parameter 'n' implicitly has an 'any' type.
generated/prisma/runtime/wasm-compiler-edge.js(5,22506): error TS7006: Parameter 'i' implicitly has an 'any' type.
generated/prisma/runtime/wasm-compiler-edge.js(5,22569): error TS7005: Variable 'G' implicitly has an 'any' type.
generated/prisma/runtime/wasm-compiler-edge.js(5,22577): error TS7005: Variable 'G' implicitly has an 'any' type.
generated/prisma/runtime/wasm-compiler-edge.js(5,22617): error TS7006: Parameter 'n' implicitly has an 'any' type.
generated/prisma/runtime/wasm-compiler-edge.js(5,22619): error TS7006: Parameter 'i' implicitly has an 'any' type.
generated/prisma/runtime/wasm-compiler-edge.js(5,22621): error TS7006: Parameter 'o' implicitly has an 'any' type.
generated/prisma/runtime/wasm-compiler-edge.js(5,22623): error TS7006: Parameter 's' implicitly has an 'any' type.
generated/prisma/runtime/wasm-compiler-edge.js(5,22734): error TS7006: Parameter 'n' implicitly has an 'any' type.
generated/prisma/runtime/wasm-compiler-edge.js(5,22736): error TS7006: Parameter 'i' implicitly has an 'any' type.
generated/prisma/runtime/wasm-compiler-edge.js(5,22738): error TS7006: Parameter 'o' implicitly has an 'any' type.
generated/prisma/runtime/wasm-compiler-edge.js(5,22789): error TS7005: Variable 'G' implicitly has an 'any' type.
generated/prisma/runtime/wasm-compiler-edge.js(5,22851): error TS7006: Parameter 'n' implicitly has an 'any' type.
generated/prisma/runtime/wasm-compiler-edge.js(5,22853): error TS7006: Parameter 'i' implicitly has an 'any' type.
generated/prisma/runtime/wasm-compiler-edge.js(5,22855): error TS7006: Parameter 'o' implicitly has an 'any' type.
generated/prisma/runtime/wasm-compiler-edge.js(5,22857): error TS7006: Parameter 's' implicitly has an 'any' type.
generated/prisma/runtime/wasm-compiler-edge.js(5,22999): error TS7005: Variable 'le' implicitly has an 'any' type.
generated/prisma/runtime/wasm-compiler-edge.js(5,23216): error TS7005: Variable '$' implicitly has an 'any' type.
generated/prisma/runtime/wasm-compiler-edge.js(5,23276): error TS7005: Variable 'G' implicitly has an 'any' type.
generated/prisma/runtime/wasm-compiler-edge.js(5,23289): error TS2322: Type 'number' is not assignable to type 'never'.
generated/prisma/runtime/wasm-compiler-edge.js(5,23319): error TS7005: Variable 'G' implicitly has an 'any' type.
generated/prisma/runtime/wasm-compiler-edge.js(5,23474): error TS7005: Variable 'G' implicitly has an 'any' type.
generated/prisma/runtime/wasm-compiler-edge.js(5,23532): error TS7005: Variable 'G' implicitly has an 'any' type.
generated/prisma/runtime/wasm-compiler-edge.js(5,23563): error TS7005: Variable 'G' implicitly has an 'any' type.
generated/prisma/runtime/wasm-compiler-edge.js(5,23569): error TS7005: Variable 'G' implicitly has an 'any' type.
generated/prisma/runtime/wasm-compiler-edge.js(5,23807): error TS2322: Type 'number' is not assignable to type 'never'.
generated/prisma/runtime/wasm-compiler-edge.js(5,24032): error TS7005: Variable 'Ot' implicitly has an 'any' type.
generated/prisma/runtime/wasm-compiler-edge.js(5,24065): error TS7005: Variable 'rt' implicitly has an 'any' type.
generated/prisma/runtime/wasm-compiler-edge.js(5,24122): error TS7005: Variable 'kt' implicitly has an 'any' type.
generated/prisma/runtime/wasm-compiler-edge.js(5,24191): error TS7006: Parameter 'e' implicitly has an 'any' type.
generated/prisma/runtime/wasm-compiler-edge.js(5,24193): error TS7006: Parameter 't' implicitly has an 'any' type.
generated/prisma/runtime/wasm-compiler-edge.js(5,24195): error TS7006: Parameter 'r' implicitly has an 'any' type.
generated/prisma/runtime/wasm-compiler-edge.js(5,24315): error TS7006: Parameter 'e' implicitly has an 'any' type.
generated/prisma/runtime/wasm-compiler-edge.js(5,24329): error TS7005: Variable 'Ot' implicitly has an 'any' type.
generated/prisma/runtime/wasm-compiler-edge.js(5,24339): error TS7034: Variable 'kt' implicitly has type 'any' in some locations where its type cannot be determined.
generated/prisma/runtime/wasm-compiler-edge.js(5,24342): error TS7034: Variable 'Ot' implicitly has type 'any' in some locations where its type cannot be determined.
generated/prisma/runtime/wasm-compiler-edge.js(5,24345): error TS7034: Variable 'rt' implicitly has type 'any' in some locations where its type cannot be determined.
generated/prisma/runtime/wasm-compiler-edge.js(5,24422): error TS7008: Member '#t' implicitly has an 'any[]' type.
generated/prisma/runtime/wasm-compiler-edge.js(5,24443): error TS7006: Parameter 't' implicitly has an 'any' type.
generated/prisma/runtime/wasm-compiler-edge.js(5,24463): error TS7006: Parameter 't' implicitly has an 'any' type.
generated/prisma/runtime/wasm-compiler-edge.js(5,24820): error TS7006: Parameter 'jg' implicitly has an 'any' type.
generated/prisma/runtime/wasm-compiler-edge.js(5,24823): error TS7006: Parameter 'vu' implicitly has an 'any' type.
generated/prisma/runtime/wasm-compiler-edge.js(5,25342): error TS7006: Parameter 'br' implicitly has an 'any' type.
generated/prisma/runtime/wasm-compiler-edge.js(5,25513): error TS7006: Parameter 'ry' implicitly has an 'any' type.
generated/prisma/runtime/wasm-compiler-edge.js(5,25516): error TS7006: Parameter 'To' implicitly has an 'any' type.
generated/prisma/runtime/wasm-compiler-edge.js(5,25567): error TS7006: Parameter 'e' implicitly has an 'any' type.
generated/prisma/runtime/wasm-compiler-edge.js(5,25573): error TS7006: Parameter 'r' implicitly has an 'any' type.
generated/prisma/runtime/wasm-compiler-edge.js(5,26071): error TS7006: Parameter 'Dy' implicitly has an 'any' type.
generated/prisma/runtime/wasm-compiler-edge.js(5,26074): error TS7006: Parameter 'Er' implicitly has an 'any' type.
generated/prisma/runtime/wasm-compiler-edge.js(5,26144): error TS2339: Property 'repoUrl' does not exist on type '{}'.
generated/prisma/runtime/wasm-compiler-edge.js(5,26156): error TS2339: Property 'repoUrl' does not exist on type '{}'.
generated/prisma/runtime/wasm-compiler-edge.js(5,26174): error TS2339: Property 'user' does not exist on type '{}'.
generated/prisma/runtime/wasm-compiler-edge.js(5,26182): error TS2339: Property 'repo' does not exist on type '{}'.
generated/prisma/runtime/wasm-compiler-edge.js(5,26213): error TS2339: Property 'user' does not exist on type '{}'.
generated/prisma/runtime/wasm-compiler-edge.js(5,26223): error TS2339: Property 'repo' does not exist on type '{}'.
generated/prisma/runtime/wasm-compiler-edge.js(5,26468): error TS7053: Element implicitly has an 'any' type because expression of type 'string' can't be used to index type '{}'.
  No index signature with a parameter of type 'string' was found on type '{}'.
generated/prisma/runtime/wasm-compiler-edge.js(5,26707): error TS7006: Parameter 'Ew' implicitly has an 'any' type.
generated/prisma/runtime/wasm-compiler-edge.js(5,26710): error TS7006: Parameter 'Ro' implicitly has an 'any' type.
generated/prisma/runtime/wasm-compiler-edge.js(5,26782): error TS7006: Parameter 't' implicitly has an 'any' type.
generated/prisma/runtime/wasm-compiler-edge.js(5,26784): error TS7006: Parameter 'r' implicitly has an 'any' type.
generated/prisma/runtime/wasm-compiler-edge.js(5,26786): error TS7006: Parameter 'n' implicitly has an 'any' type.
generated/prisma/runtime/wasm-compiler-edge.js(5,26788): error TS7006: Parameter 'i' implicitly has an 'any' type.
generated/prisma/runtime/wasm-compiler-edge.js(5,26790): error TS7006: Parameter 'o' implicitly has an 'any' type.
generated/prisma/runtime/wasm-compiler-edge.js(5,26849): error TS7006: Parameter 't' implicitly has an 'any' type.
generated/prisma/runtime/wasm-compiler-edge.js(5,26851): error TS7006: Parameter 'r' implicitly has an 'any' type.
generated/prisma/runtime/wasm-compiler-edge.js(5,27656): error TS7034: Variable '$r' implicitly has type 'any' in some locations where its type cannot be determined.
generated/prisma/runtime/wasm-compiler-edge.js(5,27725): error TS7006: Parameter 't' implicitly has an 'any' type.
generated/prisma/runtime/wasm-compiler-edge.js(5,27727): error TS7006: Parameter 'r' implicitly has an 'any' type.
generated/prisma/runtime/wasm-compiler-edge.js(5,27737): error TS7053: Element implicitly has an 'any' type because expression of type 'any' can't be used to index type '{}'.
generated/prisma/runtime/wasm-compiler-edge.js(5,27754): error TS7053: Element implicitly has an 'any' type because expression of type 'any' can't be used to index type '{}'.
generated/prisma/runtime/wasm-compiler-edge.js(5,27773): error TS7053: Element implicitly has an 'any' type because expression of type 'any' can't be used to index type '{}'.
generated/prisma/runtime/wasm-compiler-edge.js(5,27806): error TS7006: Parameter 't' implicitly has an 'any' type.
generated/prisma/runtime/wasm-compiler-edge.js(5,27808): error TS7019: Rest parameter 'r' implicitly has an 'any[]' type.
generated/prisma/runtime/wasm-compiler-edge.js(5,27821): error TS7053: Element implicitly has an 'any' type because expression of type 'any' can't be used to index type '{}'.
generated/prisma/runtime/wasm-compiler-edge.js(5,27837): error TS7053: Element implicitly has an 'any' type because expression of type 'any' can't be used to index type '{}'.
generated/prisma/runtime/wasm-compiler-edge.js(5,27860): error TS7006: Parameter 'n' implicitly has an 'any' type.
generated/prisma/runtime/wasm-compiler-edge.js(5,27895): error TS7006: Parameter 'Je' implicitly has an 'any' type.
generated/prisma/runtime/wasm-compiler-edge.js(5,28062): error TS7006: Parameter 'e' implicitly has an 'any' type.
generated/prisma/runtime/wasm-compiler-edge.js(5,28163): error TS7006: Parameter 'e' implicitly has an 'any' type.
generated/prisma/runtime/wasm-compiler-edge.js(5,28267): error TS7006: Parameter 'e' implicitly has an 'any' type.
generated/prisma/runtime/wasm-compiler-edge.js(5,28269): error TS7019: Rest parameter 't' implicitly has an 'any[]' type.
generated/prisma/runtime/wasm-compiler-edge.js(5,28450): error TS7006: Parameter 'e' implicitly has an 'any' type.
generated/prisma/runtime/wasm-compiler-edge.js(5,28616): error TS7006: Parameter 'e' implicitly has an 'any' type.
generated/prisma/runtime/wasm-compiler-edge.js(5,28777): error TS7006: Parameter 'e' implicitly has an 'any' type.
generated/prisma/runtime/wasm-compiler-edge.js(5,28779): error TS7006: Parameter 't' implicitly has an 'any' type.
generated/prisma/runtime/wasm-compiler-edge.js(5,28909): error TS7006: Parameter 'O' implicitly has an 'any' type.
generated/prisma/runtime/wasm-compiler-edge.js(5,29248): error TS7006: Parameter 'e' implicitly has an 'any' type.
generated/prisma/runtime/wasm-compiler-edge.js(5,29353): error TS7006: Parameter 'e' implicitly has an 'any' type.
generated/prisma/runtime/wasm-compiler-edge.js(5,29511): error TS7006: Parameter 'e' implicitly has an 'any' type.
generated/prisma/runtime/wasm-compiler-edge.js(5,29513): error TS7006: Parameter 't' implicitly has an 'any' type.
generated/prisma/runtime/wasm-compiler-edge.js(5,29568): error TS7006: Parameter 'e' implicitly has an 'any' type.
generated/prisma/runtime/wasm-compiler-edge.js(5,29570): error TS7006: Parameter 't' implicitly has an 'any' type.
generated/prisma/runtime/wasm-compiler-edge.js(5,29572): error TS7006: Parameter 'r' implicitly has an 'any' type.
generated/prisma/runtime/wasm-compiler-edge.js(5,29601): error TS7006: Parameter 'e' implicitly has an 'any' type.
generated/prisma/runtime/wasm-compiler-edge.js(5,29603): error TS7006: Parameter 't' implicitly has an 'any' type.
generated/prisma/runtime/wasm-compiler-edge.js(5,29605): error TS7006: Parameter 'r' implicitly has an 'any' type.
generated/prisma/runtime/wasm-compiler-edge.js(5,29642): error TS7006: Parameter 'e' implicitly has an 'any' type.
generated/prisma/runtime/wasm-compiler-edge.js(5,29644): error TS7006: Parameter 't' implicitly has an 'any' type.
generated/prisma/runtime/wasm-compiler-edge.js(5,29646): error TS7006: Parameter 'r' implicitly has an 'any' type.
generated/prisma/runtime/wasm-compiler-edge.js(5,29684): error TS7006: Parameter 'e' implicitly has an 'any' type.
generated/prisma/runtime/wasm-compiler-edge.js(5,29686): error TS7006: Parameter 't' implicitly has an 'any' type.
generated/prisma/runtime/wasm-compiler-edge.js(5,29688): error TS7006: Parameter 'r' implicitly has an 'any' type.
generated/prisma/runtime/wasm-compiler-edge.js(5,29726): error TS7006: Parameter 'e' implicitly has an 'any' type.
generated/prisma/runtime/wasm-compiler-edge.js(5,29728): error TS7006: Parameter 't' implicitly has an 'any' type.
generated/prisma/runtime/wasm-compiler-edge.js(5,29730): error TS7006: Parameter 'r' implicitly has an 'any' type.
generated/prisma/runtime/wasm-compiler-edge.js(5,29771): error TS7006: Parameter 'e' implicitly has an 'any' type.
generated/prisma/runtime/wasm-compiler-edge.js(5,29773): error TS7006: Parameter 't' implicitly has an 'any' type.
generated/prisma/runtime/wasm-compiler-edge.js(5,29775): error TS7006: Parameter 'r' implicitly has an 'any' type.
generated/prisma/runtime/wasm-compiler-edge.js(5,29816): error TS7006: Parameter 'e' implicitly has an 'any' type.
generated/prisma/runtime/wasm-compiler-edge.js(5,29818): error TS7006: Parameter 't' implicitly has an 'any' type.
generated/prisma/runtime/wasm-compiler-edge.js(5,29845): error TS7006: Parameter 'e' implicitly has an 'any' type.
generated/prisma/runtime/wasm-compiler-edge.js(5,29847): error TS7006: Parameter 't' implicitly has an 'any' type.
generated/prisma/runtime/wasm-compiler-edge.js(5,29874): error TS7006: Parameter 'e' implicitly has an 'any' type.
generated/prisma/runtime/wasm-compiler-edge.js(5,29876): error TS7006: Parameter 't' implicitly has an 'any' type.
generated/prisma/runtime/wasm-compiler-edge.js(5,29878): error TS7006: Parameter 'r' implicitly has an 'any' type.
generated/prisma/runtime/wasm-compiler-edge.js(5,29916): error TS7006: Parameter 'e' implicitly has an 'any' type.
generated/prisma/runtime/wasm-compiler-edge.js(5,29918): error TS7006: Parameter 't' implicitly has an 'any' type.
generated/prisma/runtime/wasm-compiler-edge.js(5,29920): error TS7006: Parameter 'r' implicitly has an 'any' type.
generated/prisma/runtime/wasm-compiler-edge.js(5,29958): error TS7006: Parameter 'e' implicitly has an 'any' type.
generated/prisma/runtime/wasm-compiler-edge.js(5,29960): error TS7006: Parameter 't' implicitly has an 'any' type.
generated/prisma/runtime/wasm-compiler-edge.js(5,29962): error TS7006: Parameter 'r' implicitly has an 'any' type.
generated/prisma/runtime/wasm-compiler-edge.js(5,30003): error TS7006: Parameter 'e' implicitly has an 'any' type.
generated/prisma/runtime/wasm-compiler-edge.js(5,30005): error TS7006: Parameter 't' implicitly has an 'any' type.
generated/prisma/runtime/wasm-compiler-edge.js(5,30007): error TS7006: Parameter 'r' implicitly has an 'any' type.
generated/prisma/runtime/wasm-compiler-edge.js(5,30052): error TS7006: Parameter 'e' implicitly has an 'any' type.
generated/prisma/runtime/wasm-compiler-edge.js(5,30054): error TS7006: Parameter 't' implicitly has an 'any' type.
generated/prisma/runtime/wasm-compiler-edge.js(5,30056): error TS7006: Parameter 'r' implicitly has an 'any' type.
generated/prisma/runtime/wasm-compiler-edge.js(5,30058): error TS7006: Parameter 'n' implicitly has an 'any' type.
generated/prisma/runtime/wasm-compiler-edge.js(5,30125): error TS7006: Parameter 'e' implicitly has an 'any' type.
generated/prisma/runtime/wasm-compiler-edge.js(5,30127): error TS7006: Parameter 't' implicitly has an 'any' type.
generated/prisma/runtime/wasm-compiler-edge.js(5,30129): error TS7006: Parameter 'r' implicitly has an 'any' type.
generated/prisma/runtime/wasm-compiler-edge.js(5,30176): error TS7006: Parameter 'e' implicitly has an 'any' type.
generated/prisma/runtime/wasm-compiler-edge.js(5,30178): error TS7006: Parameter 't' implicitly has an 'any' type.
generated/prisma/runtime/wasm-compiler-edge.js(5,30180): error TS7006: Parameter 'r' implicitly has an 'any' type.
generated/prisma/runtime/wasm-compiler-edge.js(5,30182): error TS7006: Parameter 'n' implicitly has an 'any' type.
generated/prisma/runtime/wasm-compiler-edge.js(5,30225): error TS7006: Parameter 'e' implicitly has an 'any' type.
generated/prisma/runtime/wasm-compiler-edge.js(5,30227): error TS7006: Parameter 't' implicitly has an 'any' type.
generated/prisma/runtime/wasm-compiler-edge.js(5,30229): error TS7006: Parameter 'r' implicitly has an 'any' type.
generated/prisma/runtime/wasm-compiler-edge.js(5,30231): error TS7006: Parameter 'n' implicitly has an 'any' type.
generated/prisma/runtime/wasm-compiler-edge.js(5,30286): error TS7006: Parameter 'e' implicitly has an 'any' type.
generated/prisma/runtime/wasm-compiler-edge.js(5,30288): error TS7006: Parameter 't' implicitly has an 'any' type.
generated/prisma/runtime/wasm-compiler-edge.js(5,30290): error TS7006: Parameter 'r' implicitly has an 'any' type.
generated/prisma/runtime/wasm-compiler-edge.js(5,30292): error TS7006: Parameter 'n' implicitly has an 'any' type.
generated/prisma/runtime/wasm-compiler-edge.js(5,30294): error TS7006: Parameter 'i' implicitly has an 'any' type.
generated/prisma/runtime/wasm-compiler-edge.js(5,30339): error TS7006: Parameter 'e' implicitly has an 'any' type.
generated/prisma/runtime/wasm-compiler-edge.js(5,30341): error TS7006: Parameter 't' implicitly has an 'any' type.
generated/prisma/runtime/wasm-compiler-edge.js(5,30343): error TS7006: Parameter 'r' implicitly has an 'any' type.
generated/prisma/runtime/wasm-compiler-edge.js(5,30345): error TS7006: Parameter 'n' implicitly has an 'any' type.
generated/prisma/runtime/wasm-compiler-edge.js(5,30347): error TS7006: Parameter 'i' implicitly has an 'any' type.
generated/prisma/runtime/wasm-compiler-edge.js(5,30410): error TS7006: Parameter 'e' implicitly has an 'any' type.
generated/prisma/runtime/wasm-compiler-edge.js(5,30412): error TS7006: Parameter 't' implicitly has an 'any' type.
generated/prisma/runtime/wasm-compiler-edge.js(5,30414): error TS7006: Parameter 'r' implicitly has an 'any' type.
generated/prisma/runtime/wasm-compiler-edge.js(5,30416): error TS7006: Parameter 'n' implicitly has an 'any' type.
generated/prisma/runtime/wasm-compiler-edge.js(5,30418): error TS7006: Parameter 'i' implicitly has an 'any' type.
generated/prisma/runtime/wasm-compiler-edge.js(5,30420): error TS7006: Parameter 'o' implicitly has an 'any' type.
generated/prisma/runtime/wasm-compiler-edge.js(5,30703): error TS7006: Parameter 'Kr' implicitly has an 'any' type.
generated/prisma/runtime/wasm-compiler-edge.js(5,30960): error TS7006: Parameter 'N' implicitly has an 'any' type.
generated/prisma/runtime/wasm-compiler-edge.js(5,31429): error TS7006: Parameter 'e' implicitly has an 'any' type.
generated/prisma/runtime/wasm-compiler-edge.js(5,31533): error TS7006: Parameter 'e' implicitly has an 'any' type.
generated/prisma/runtime/wasm-compiler-edge.js(5,31606): error TS7006: Parameter 'e' implicitly has an 'any' type.
generated/prisma/runtime/wasm-compiler-edge.js(5,31694): error TS7006: Parameter 'e' implicitly has an 'any' type.
generated/prisma/runtime/wasm-compiler-edge.js(5,31765): error TS7006: Parameter 'e' implicitly has an 'any' type.
generated/prisma/runtime/wasm-compiler-edge.js(5,31767): error TS7006: Parameter 't' implicitly has an 'any' type.
generated/prisma/runtime/wasm-compiler-edge.js(5,31803): error TS7006: Parameter 'e' implicitly has an 'any' type.
generated/prisma/runtime/wasm-compiler-edge.js(5,31805): error TS7006: Parameter 't' implicitly has an 'any' type.
generated/prisma/runtime/wasm-compiler-edge.js(5,31912): error TS7006: Parameter 'e' implicitly has an 'any' type.
generated/prisma/runtime/wasm-compiler-edge.js(5,31998): error TS7006: Parameter 'e' implicitly has an 'any' type.
generated/prisma/runtime/wasm-compiler-edge.js(5,32003): error TS7006: Parameter 'e' implicitly has an 'any' type.
generated/prisma/runtime/wasm-compiler-edge.js(5,32024): error TS7006: Parameter 'e' implicitly has an 'any' type.
generated/prisma/runtime/wasm-compiler-edge.js(5,32150): error TS7006: Parameter 'e' implicitly has an 'any' type.
generated/prisma/runtime/wasm-compiler-edge.js(5,32281): error TS7006: Parameter 'e' implicitly has an 'any' type.
generated/prisma/runtime/wasm-compiler-edge.js(5,32411): error TS7006: Parameter 'e' implicitly has an 'any' type.
generated/prisma/runtime/wasm-compiler-edge.js(5,32725): error TS2532: Object is possibly 'undefined'.
generated/prisma/runtime/wasm-compiler-edge.js(5,32730): error TS2532: Object is possibly 'undefined'.
generated/prisma/runtime/wasm-compiler-edge.js(5,32891): error TS7006: Parameter 'e' implicitly has an 'any' type.
generated/prisma/runtime/wasm-compiler-edge.js(5,32893): error TS7006: Parameter 't' implicitly has an 'any' type.
generated/prisma/runtime/wasm-compiler-edge.js(5,32895): error TS7006: Parameter 'r' implicitly has an 'any' type.
generated/prisma/runtime/wasm-compiler-edge.js(5,33013): error TS7006: Parameter 'e' implicitly has an 'any' type.
generated/prisma/runtime/wasm-compiler-edge.js(5,33163): error TS7006: Parameter 'e' implicitly has an 'any' type.
generated/prisma/runtime/wasm-compiler-edge.js(5,33234): error TS7019: Rest parameter 'e' implicitly has an 'any[]' type.
generated/prisma/runtime/wasm-compiler-edge.js(5,33448): error TS2339: Property '_cloneInto' does not exist on type 'oi'.
generated/prisma/runtime/wasm-compiler-edge.js(5,33485): error TS7006: Parameter 'e' implicitly has an 'any' type.
generated/prisma/runtime/wasm-compiler-edge.js(5,33487): error TS7006: Parameter 't' implicitly has an 'any' type.
generated/prisma/runtime/wasm-compiler-edge.js(5,33640): error TS7006: Parameter 'e' implicitly has an 'any' type.
generated/prisma/runtime/wasm-compiler-edge.js(5,33649): error TS7006: Parameter 'n' implicitly has an 'any' type.
generated/prisma/runtime/wasm-compiler-edge.js(5,33769): error TS7006: Parameter 'e' implicitly has an 'any' type.
generated/prisma/runtime/wasm-compiler-edge.js(5,33779): error TS7006: Parameter 'n' implicitly has an 'any' type.
generated/prisma/runtime/wasm-compiler-edge.js(5,33781): error TS7006: Parameter 'i' implicitly has an 'any' type.
generated/prisma/runtime/wasm-compiler-edge.js(5,33883): error TS7006: Parameter 'n' implicitly has an 'any' type.
generated/prisma/runtime/wasm-compiler-edge.js(5,33905): error TS7006: Parameter 'e' implicitly has an 'any' type.
generated/prisma/runtime/wasm-compiler-edge.js(5,33915): error TS7006: Parameter 'n' implicitly has an 'any' type.
generated/prisma/runtime/wasm-compiler-edge.js(5,33917): error TS7006: Parameter 'i' implicitly has an 'any' type.
generated/prisma/runtime/wasm-compiler-edge.js(5,34019): error TS7006: Parameter 'n' implicitly has an 'any' type.
generated/prisma/runtime/wasm-compiler-edge.js(5,34316): error TS7006: Parameter 'V' implicitly has an 'any' type.
generated/prisma/runtime/wasm-compiler-edge.js(5,34577): error TS7034: Variable 'Pa' implicitly has type 'any[]' in some locations where its type cannot be determined.
generated/prisma/runtime/wasm-compiler-edge.js(5,34583): error TS7034: Variable 'va' implicitly has type 'any[]' in some locations where its type cannot be determined.
generated/prisma/runtime/wasm-compiler-edge.js(5,34912): error TS7006: Parameter 'e' implicitly has an 'any' type.
generated/prisma/runtime/wasm-compiler-edge.js(5,34914): error TS7006: Parameter 't' implicitly has an 'any' type.
generated/prisma/runtime/wasm-compiler-edge.js(5,34916): error TS7006: Parameter 'r' implicitly has an 'any' type.
generated/prisma/runtime/wasm-compiler-edge.js(5,34971): error TS7006: Parameter 'e' implicitly has an 'any' type.
generated/prisma/runtime/wasm-compiler-edge.js(5,34973): error TS7006: Parameter 't' implicitly has an 'any' type.
generated/prisma/runtime/wasm-compiler-edge.js(5,34975): error TS7006: Parameter 'r' implicitly has an 'any' type.
generated/prisma/runtime/wasm-compiler-edge.js(5,35038): error TS7006: Parameter 'e' implicitly has an 'any' type.
generated/prisma/runtime/wasm-compiler-edge.js(5,35237): error TS2532: Object is possibly 'undefined'.
generated/prisma/runtime/wasm-compiler-edge.js(5,35254): error TS2532: Object is possibly 'undefined'.
generated/prisma/runtime/wasm-compiler-edge.js(5,35352): error TS7005: Variable 'va' implicitly has an 'any[]' type.
generated/prisma/runtime/wasm-compiler-edge.js(5,35384): error TS7005: Variable 'Pa' implicitly has an 'any[]' type.
generated/prisma/runtime/wasm-compiler-edge.js(5,35509): error TS2532: Object is possibly 'undefined'.
generated/prisma/runtime/wasm-compiler-edge.js(5,35521): error TS2532: Object is possibly 'undefined'.
generated/prisma/runtime/wasm-compiler-edge.js(5,35610): error TS7006: Parameter 't' implicitly has an 'any' type.
generated/prisma/runtime/wasm-compiler-edge.js(5,35612): error TS7006: Parameter 'r' implicitly has an 'any' type.
generated/prisma/runtime/wasm-compiler-edge.js(5,35614): error TS7006: Parameter 'n' implicitly has an 'any' type.
generated/prisma/runtime/wasm-compiler-edge.js(5,36110): error TS7006: Parameter 't' implicitly has an 'any' type.
generated/prisma/runtime/wasm-compiler-edge.js(5,36267): error TS2532: Object is possibly 'undefined'.
generated/prisma/runtime/wasm-compiler-edge.js(5,36423): error TS2532: Object is possibly 'undefined'.
generated/prisma/runtime/wasm-compiler-edge.js(5,36467): error TS2532: Object is possibly 'undefined'.
generated/prisma/runtime/wasm-compiler-edge.js(5,36503): error TS7006: Parameter 't' implicitly has an 'any' type.
generated/prisma/runtime/wasm-compiler-edge.js(5,36773): error TS7006: Parameter 't' implicitly has an 'any' type.
generated/prisma/runtime/wasm-compiler-edge.js(5,36881): error TS7006: Parameter 't' implicitly has an 'any' type.
generated/prisma/runtime/wasm-compiler-edge.js(5,36951): error TS7006: Parameter 't' implicitly has an 'any' type.
generated/prisma/runtime/wasm-compiler-edge.js(5,37205): error TS7006: Parameter 't' implicitly has an 'any' type.
generated/prisma/runtime/wasm-compiler-edge.js(5,37492): error TS7006: Parameter 'e' implicitly has an 'any' type.
generated/prisma/runtime/wasm-compiler-edge.js(5,37494): error TS7006: Parameter 't' implicitly has an 'any' type.
generated/prisma/runtime/wasm-compiler-edge.js(5,37496): error TS7006: Parameter 'r' implicitly has an 'any' type.
generated/prisma/runtime/wasm-compiler-edge.js(5,37772): error TS7006: Parameter 'e' implicitly has an 'any' type.
generated/prisma/runtime/wasm-compiler-edge.js(5,37774): error TS7006: Parameter 't' implicitly has an 'any' type.
generated/prisma/runtime/wasm-compiler-edge.js(5,37776): error TS7006: Parameter 'r' implicitly has an 'any' type.
generated/prisma/runtime/wasm-compiler-edge.js(5,37835): error TS2339: Property 'dkLen' does not exist on type '{}'.
generated/prisma/runtime/wasm-compiler-edge.js(5,37854): error TS2339: Property 'dkLen' does not exist on type '{}'.
generated/prisma/runtime/wasm-compiler-edge.js(5,37934): error TS7006: Parameter '_I' implicitly has an 'any' type.
generated/prisma/runtime/wasm-compiler-edge.js(5,37937): error TS7006: Parameter '_e' implicitly has an 'any' type.
generated/prisma/runtime/wasm-compiler-edge.js(5,38119): error TS7006: Parameter 'e' implicitly has an 'any' type.
generated/prisma/runtime/wasm-compiler-edge.js(5,38307): error TS7006: Parameter 'e' implicitly has an 'any' type.
generated/prisma/runtime/wasm-compiler-edge.js(5,38542): error TS7006: Parameter 'e' implicitly has an 'any' type.
generated/prisma/runtime/wasm-compiler-edge.js(5,38812): error TS7006: Parameter 'e' implicitly has an 'any' type.
generated/prisma/runtime/wasm-compiler-edge.js(5,39183): error TS7006: Parameter 'BI' implicitly has an 'any' type.
generated/prisma/runtime/wasm-compiler-edge.js(5,39186): error TS7006: Parameter 'Xt' implicitly has an 'any' type.
generated/prisma/runtime/wasm-compiler-edge.js(5,40542): error TS7006: Parameter 'e' implicitly has an 'any' type.
generated/prisma/runtime/wasm-compiler-edge.js(5,40575): error TS7006: Parameter 't' implicitly has an 'any' type.
generated/prisma/runtime/wasm-compiler-edge.js(5,40624): error TS7006: Parameter 'e' implicitly has an 'any' type.
generated/prisma/runtime/wasm-compiler-edge.js(5,40724): error TS7019: Rest parameter 'e' implicitly has an 'any[]' type.
generated/prisma/runtime/wasm-compiler-edge.js(5,40737): error TS7006: Parameter 't' implicitly has an 'any' type.
generated/prisma/runtime/wasm-compiler-edge.js(5,40832): error TS7006: Parameter 't' implicitly has an 'any' type.
generated/prisma/runtime/wasm-compiler-edge.js(5,40870): error TS7006: Parameter 't' implicitly has an 'any' type.
generated/prisma/runtime/wasm-compiler-edge.js(5,40872): error TS7006: Parameter 'r' implicitly has an 'any' type.
generated/prisma/runtime/wasm-compiler-edge.js(5,40914): error TS7006: Parameter 't' implicitly has an 'any' type.
generated/prisma/runtime/wasm-compiler-edge.js(5,40916): error TS7006: Parameter 'r' implicitly has an 'any' type.
generated/prisma/runtime/wasm-compiler-edge.js(5,41029): error TS7006: Parameter 'e' implicitly has an 'any' type.
generated/prisma/runtime/wasm-compiler-edge.js(5,41117): error TS7006: Parameter 'e' implicitly has an 'any' type.
generated/prisma/runtime/wasm-compiler-edge.js(5,41119): error TS7006: Parameter 't' implicitly has an 'any' type.
generated/prisma/runtime/wasm-compiler-edge.js(5,41158): error TS7053: Element implicitly has an 'any' type because expression of type 'any' can't be used to index type '{}'.
generated/prisma/runtime/wasm-compiler-edge.js(5,41206): error TS7006: Parameter 'e' implicitly has an 'any' type.
generated/prisma/runtime/wasm-compiler-edge.js(5,41213): error TS7034: Variable 't' implicitly has type 'any' in some locations where its type cannot be determined.
generated/prisma/runtime/wasm-compiler-edge.js(5,41235): error TS7005: Variable 't' implicitly has an 'any' type.
generated/prisma/runtime/wasm-compiler-edge.js(5,41296): error TS7006: Parameter 'e' implicitly has an 'any' type.
generated/prisma/runtime/wasm-compiler-edge.js(5,41375): error TS7006: Parameter 'e' implicitly has an 'any' type.
generated/prisma/runtime/wasm-compiler-edge.js(5,41412): error TS7053: Element implicitly has an 'any' type because expression of type 'any' can't be used to index type '{}'.
generated/prisma/runtime/wasm-compiler-edge.js(5,41612): error TS18048: 'g' is possibly 'undefined'.
generated/prisma/runtime/wasm-compiler-edge.js(5,41625): error TS18048: 'g' is possibly 'undefined'.
generated/prisma/runtime/wasm-compiler-edge.js(5,41635): error TS18048: 'g' is possibly 'undefined'.
generated/prisma/runtime/wasm-compiler-edge.js(5,41732): error TS7006: Parameter 'e' implicitly has an 'any' type.
generated/prisma/runtime/wasm-compiler-edge.js(5,41734): error TS7006: Parameter 't' implicitly has an 'any' type.
generated/prisma/runtime/wasm-compiler-edge.js(5,41821): error TS7006: Parameter 'o' implicitly has an 'any' type.
generated/prisma/runtime/wasm-compiler-edge.js(5,42288): error TS7034: Variable 'Rt' implicitly has type 'any[]' in some locations where its type cannot be determined.
generated/prisma/runtime/wasm-compiler-edge.js(5,42329): error TS18048: 'g' is possibly 'undefined'.
generated/prisma/runtime/wasm-compiler-edge.js(5,42349): error TS7017: Element implicitly has an 'any' type because type 'typeof globalThis' has no index signature.
generated/prisma/runtime/wasm-compiler-edge.js(5,42381): error TS7017: Element implicitly has an 'any' type because type 'typeof globalThis' has no index signature.
generated/prisma/runtime/wasm-compiler-edge.js(5,42455): error TS7006: Parameter 'e' implicitly has an 'any' type.
generated/prisma/runtime/wasm-compiler-edge.js(5,42490): error TS7017: Element implicitly has an 'any' type because type 'typeof globalThis' has no index signature.
generated/prisma/runtime/wasm-compiler-edge.js(5,42527): error TS7017: Element implicitly has an 'any' type because type 'typeof globalThis' has no index signature.
generated/prisma/runtime/wasm-compiler-edge.js(5,42551): error TS7017: Element implicitly has an 'any' type because type 'typeof globalThis' has no index signature.
generated/prisma/runtime/wasm-compiler-edge.js(5,42571): error TS7006: Parameter 'e' implicitly has an 'any' type.
generated/prisma/runtime/wasm-compiler-edge.js(5,42591): error TS7017: Element implicitly has an 'any' type because type 'typeof globalThis' has no index signature.
generated/prisma/runtime/wasm-compiler-edge.js(5,42612): error TS7006: Parameter 'i' implicitly has an 'any' type.
generated/prisma/runtime/wasm-compiler-edge.js(5,42664): error TS7006: Parameter 'i' implicitly has an 'any' type.
generated/prisma/runtime/wasm-compiler-edge.js(5,42744): error TS7006: Parameter 'i' implicitly has an 'any' type.
generated/prisma/runtime/wasm-compiler-edge.js(5,42843): error TS7019: Rest parameter 'e' implicitly has an 'any[]' type.
generated/prisma/runtime/wasm-compiler-edge.js(5,42941): error TS7006: Parameter 'e' implicitly has an 'any' type.
generated/prisma/runtime/wasm-compiler-edge.js(5,43039): error TS7019: Rest parameter 'n' implicitly has an 'any[]' type.
generated/prisma/runtime/wasm-compiler-edge.js(5,43139): error TS7005: Variable 'Rt' implicitly has an 'any[]' type.
generated/prisma/runtime/wasm-compiler-edge.js(5,43294): error TS7053: Element implicitly has an 'any' type because expression of type 'string | symbol' can't be used to index type '{ color: string | undefined; enabled: any; namespace: any; log: (...e: any[]) => void; extend: () => void; }'.
  No index signature with a parameter of type 'string' was found on type '{ color: string | undefined; enabled: any; namespace: any; log: (...e: any[]) => void; extend: () => void; }'.
generated/prisma/runtime/wasm-compiler-edge.js(5,43312): error TS7053: Element implicitly has an 'any' type because expression of type 'string | symbol' can't be used to index type '{ color: string | undefined; enabled: any; namespace: any; log: (...e: any[]) => void; extend: () => void; }'.
  No index signature with a parameter of type 'string' was found on type '{ color: string | undefined; enabled: any; namespace: any; log: (...e: any[]) => void; extend: () => void; }'.
generated/prisma/runtime/wasm-compiler-edge.js(5,43352): error TS7053: Element implicitly has an 'any' type because expression of type 'string | symbol' can't be used to index type '{ enable(e: any): void; disable(): any; enabled(e: any): any; log: (...e: any[]) => void; formatters: {}; }'.
  No index signature with a parameter of type 'string' was found on type '{ enable(e: any): void; disable(): any; enabled(e: any): any; log: (...e: any[]) => void; formatters: {}; }'.
generated/prisma/runtime/wasm-compiler-edge.js(5,43371): error TS7053: Element implicitly has an 'any' type because expression of type 'string | symbol' can't be used to index type '{ enable(e: any): void; disable(): any; enabled(e: any): any; log: (...e: any[]) => void; formatters: {}; }'.
  No index signature with a parameter of type 'string' was found on type '{ enable(e: any): void; disable(): any; enabled(e: any): any; log: (...e: any[]) => void; formatters: {}; }'.
generated/prisma/runtime/wasm-compiler-edge.js(5,43393): error TS7006: Parameter 'e' implicitly has an 'any' type.
generated/prisma/runtime/wasm-compiler-edge.js(5,43607): error TS7005: Variable 'Rt' implicitly has an 'any[]' type.
generated/prisma/runtime/wasm-compiler-edge.js(5,43640): error TS7006: Parameter 'i' implicitly has an 'any' type.
generated/prisma/runtime/wasm-compiler-edge.js(6,151): error TS7006: Parameter 'e' implicitly has an 'any' type.
generated/prisma/runtime/wasm-compiler-edge.js(6,213): error TS7006: Parameter 'e' implicitly has an 'any' type.
generated/prisma/runtime/wasm-compiler-edge.js(6,580): error TS7005: Variable 'g' implicitly has an 'any' type.
generated/prisma/runtime/wasm-compiler-edge.js(6,623): error TS7019: Rest parameter 'e' implicitly has an 'any[]' type.
generated/prisma/runtime/wasm-compiler-edge.js(6,659): error TS7006: Parameter 'e' implicitly has an 'any' type.
generated/prisma/runtime/wasm-compiler-edge.js(6,661): error TS7019: Rest parameter 't' implicitly has an 'any[]' type.
generated/prisma/runtime/wasm-compiler-edge.js(6,727): error TS7006: Parameter 'e' implicitly has an 'any' type.
generated/prisma/runtime/wasm-compiler-edge.js(6,729): error TS7019: Rest parameter 't' implicitly has an 'any[]' type.
generated/prisma/runtime/wasm-compiler-edge.js(6,784): error TS7006: Parameter 'e' implicitly has an 'any' type.
generated/prisma/runtime/wasm-compiler-edge.js(6,786): error TS7019: Rest parameter 't' implicitly has an 'any[]' type.
generated/prisma/runtime/wasm-compiler-edge.js(6,843): error TS7006: Parameter 'e' implicitly has an 'any' type.
generated/prisma/runtime/wasm-compiler-edge.js(6,845): error TS7019: Rest parameter 't' implicitly has an 'any[]' type.
generated/prisma/runtime/wasm-compiler-edge.js(6,920): error TS7006: Parameter 'e' implicitly has an 'any' type.
generated/prisma/runtime/wasm-compiler-edge.js(6,922): error TS7006: Parameter 't' implicitly has an 'any' type.
generated/prisma/runtime/wasm-compiler-edge.js(6,1306): error TS7006: Parameter 'e' implicitly has an 'any' type.
generated/prisma/runtime/wasm-compiler-edge.js(6,1453): error TS7006: Parameter 'e' implicitly has an 'any' type.
generated/prisma/runtime/wasm-compiler-edge.js(6,1455): error TS7006: Parameter 't' implicitly has an 'any' type.
generated/prisma/runtime/wasm-compiler-edge.js(6,1539): error TS7006: Parameter 'e' implicitly has an 'any' type.
generated/prisma/runtime/wasm-compiler-edge.js(6,1541): error TS7006: Parameter 't' implicitly has an 'any' type.
generated/prisma/runtime/wasm-compiler-edge.js(6,1581): error TS7053: Element implicitly has an 'any' type because expression of type 'string' can't be used to index type '{}'.
  No index signature with a parameter of type 'string' was found on type '{}'.
generated/prisma/runtime/wasm-compiler-edge.js(6,1637): error TS7006: Parameter 'e' implicitly has an 'any' type.
generated/prisma/runtime/wasm-compiler-edge.js(6,1639): error TS7006: Parameter 't' implicitly has an 'any' type.
generated/prisma/runtime/wasm-compiler-edge.js(6,1766): error TS7006: Parameter 'e' implicitly has an 'any' type.
generated/prisma/runtime/wasm-compiler-edge.js(6,1768): error TS7006: Parameter 't' implicitly has an 'any' type.
generated/prisma/runtime/wasm-compiler-edge.js(6,1868): error TS7006: Parameter 'e' implicitly has an 'any' type.
generated/prisma/runtime/wasm-compiler-edge.js(6,1870): error TS7006: Parameter 't' implicitly has an 'any' type.
generated/prisma/runtime/wasm-compiler-edge.js(6,1872): error TS7019: Rest parameter 'r' implicitly has an 'any[]' type.
generated/prisma/runtime/wasm-compiler-edge.js(6,1947): error TS7006: Parameter 'e' implicitly has an 'any' type.
generated/prisma/runtime/wasm-compiler-edge.js(6,2040): error TS7006: Parameter 'e' implicitly has an 'any' type.
generated/prisma/runtime/wasm-compiler-edge.js(6,2159): error TS7006: Parameter 'e' implicitly has an 'any' type.
generated/prisma/runtime/wasm-compiler-edge.js(6,2568): error TS7006: Parameter 'e' implicitly has an 'any' type.
generated/prisma/runtime/wasm-compiler-edge.js(6,2608): error TS7006: Parameter 't' implicitly has an 'any' type.
generated/prisma/runtime/wasm-compiler-edge.js(6,2663): error TS7006: Parameter 'e' implicitly has an 'any' type.
generated/prisma/runtime/wasm-compiler-edge.js(6,2703): error TS7006: Parameter 't' implicitly has an 'any' type.
generated/prisma/runtime/wasm-compiler-edge.js(6,2750): error TS7022: 'Lt' implicitly has type 'any' because it does not have a type annotation and is referenced directly or indirectly in its own initializer.
generated/prisma/runtime/wasm-compiler-edge.js(6,3351): error TS7006: Parameter 'e' implicitly has an 'any' type.
generated/prisma/runtime/wasm-compiler-edge.js(6,3377): error TS7006: Parameter 'e' implicitly has an 'any' type.
generated/prisma/runtime/wasm-compiler-edge.js(6,3387): error TS7006: Parameter 'e' implicitly has an 'any' type.
generated/prisma/runtime/wasm-compiler-edge.js(6,3396): error TS7006: Parameter 'e' implicitly has an 'any' type.
generated/prisma/runtime/wasm-compiler-edge.js(6,3406): error TS7006: Parameter 'e' implicitly has an 'any' type.
generated/prisma/runtime/wasm-compiler-edge.js(6,3421): error TS7006: Parameter 'e' implicitly has an 'any' type.
generated/prisma/runtime/wasm-compiler-edge.js(6,3442): error TS7006: Parameter 'e' implicitly has an 'any' type.
generated/prisma/runtime/wasm-compiler-edge.js(6,3469): error TS7031: Binding element 'e' implicitly has an 'any' type.
generated/prisma/runtime/wasm-compiler-edge.js(6,3486): error TS7031: Binding element 't' implicitly has an 'any' type.
generated/prisma/runtime/wasm-compiler-edge.js(6,3496): error TS7031: Binding element 'r' implicitly has an 'any' type.
generated/prisma/runtime/wasm-compiler-edge.js(6,3512): error TS7031: Binding element 'n' implicitly has an 'any' type.
generated/prisma/runtime/wasm-compiler-edge.js(6,3619): error TS7031: Binding element 'e' implicitly has an 'any' type.
generated/prisma/runtime/wasm-compiler-edge.js(6,3630): error TS7031: Binding element 't' implicitly has an 'any' type.
generated/prisma/runtime/wasm-compiler-edge.js(6,3640): error TS7031: Binding element 'r' implicitly has an 'any' type.
generated/prisma/runtime/wasm-compiler-edge.js(6,3650): error TS7031: Binding element 'n' implicitly has an 'any' type.
generated/prisma/runtime/wasm-compiler-edge.js(6,3665): error TS7031: Binding element 'i' implicitly has an 'any' type.
generated/prisma/runtime/wasm-compiler-edge.js(6,3681): error TS7031: Binding element 'o' implicitly has an 'any' type.
generated/prisma/runtime/wasm-compiler-edge.js(6,3684): error TS7006: Parameter 's' implicitly has an 'any' type.
generated/prisma/runtime/wasm-compiler-edge.js(7,16): error TS7006: Parameter 'e' implicitly has an 'any' type.
generated/prisma/runtime/wasm-compiler-edge.js(7,159): error TS7006: Parameter 'e' implicitly has an 'any' type.
generated/prisma/runtime/wasm-compiler-edge.js(7,203): error TS2304: Cannot find name '$getTemplateParameters'.
generated/prisma/runtime/wasm-compiler-edge.js(7,232): error TS2304: Cannot find name '$getTemplateParameters'.
generated/prisma/runtime/wasm-compiler-edge.js(7,344): error TS7006: Parameter 'e' implicitly has an 'any' type.
generated/prisma/runtime/wasm-compiler-edge.js(7,346): error TS7006: Parameter 't' implicitly has an 'any' type.
generated/prisma/runtime/wasm-compiler-edge.js(7,348): error TS7006: Parameter 'r' implicitly has an 'any' type.
generated/prisma/runtime/wasm-compiler-edge.js(7,442): error TS7006: Parameter 'e' implicitly has an 'any' type.
generated/prisma/runtime/wasm-compiler-edge.js(7,469): error TS7006: Parameter 't' implicitly has an 'any' type.
generated/prisma/runtime/wasm-compiler-edge.js(7,512): error TS7006: Parameter 'e' implicitly has an 'any' type.
generated/prisma/runtime/wasm-compiler-edge.js(7,833): error TS7006: Parameter 'e' implicitly has an 'any' type.
generated/prisma/runtime/wasm-compiler-edge.js(7,835): error TS7006: Parameter 't' implicitly has an 'any' type.
generated/prisma/runtime/wasm-compiler-edge.js(7,882): error TS7006: Parameter 'e' implicitly has an 'any' type.
generated/prisma/runtime/wasm-compiler-edge.js(7,898): error TS7006: Parameter 't' implicitly has an 'any' type.
generated/prisma/runtime/wasm-compiler-edge.js(7,900): error TS7006: Parameter 'r' implicitly has an 'any' type.
generated/prisma/runtime/wasm-compiler-edge.js(7,968): error TS7006: Parameter 'e' implicitly has an 'any' type.
generated/prisma/runtime/wasm-compiler-edge.js(7,1118): error TS7006: Parameter 'e' implicitly has an 'any' type.
generated/prisma/runtime/wasm-compiler-edge.js(7,1332): error TS7006: Parameter 't' implicitly has an 'any' type.
generated/prisma/runtime/wasm-compiler-edge.js(7,1334): error TS7006: Parameter 'r' implicitly has an 'any' type.
generated/prisma/runtime/wasm-compiler-edge.js(7,1428): error TS7006: Parameter 't' implicitly has an 'any' type.
generated/prisma/runtime/wasm-compiler-edge.js(7,1748): error TS7006: Parameter 'r' implicitly has an 'any' type.
generated/prisma/runtime/wasm-compiler-edge.js(7,1787): error TS7008: Member 'lines' implicitly has an 'any[]' type.
generated/prisma/runtime/wasm-compiler-edge.js(7,1827): error TS7008: Member 'marginSymbol' implicitly has an 'any' type.
generated/prisma/runtime/wasm-compiler-edge.js(7,1840): error TS7008: Member 'afterNextNewLineCallback' implicitly has an 'any' type.
generated/prisma/runtime/wasm-compiler-edge.js(7,1871): error TS7006: Parameter 't' implicitly has an 'any' type.
generated/prisma/runtime/wasm-compiler-edge.js(7,1951): error TS7006: Parameter 't' implicitly has an 'any' type.
generated/prisma/runtime/wasm-compiler-edge.js(7,1953): error TS7006: Parameter 'r' implicitly has an 'any' type.
generated/prisma/runtime/wasm-compiler-edge.js(7,1958): error TS7006: Parameter 'i' implicitly has an 'any' type.
generated/prisma/runtime/wasm-compiler-edge.js(7,1960): error TS7006: Parameter 'o' implicitly has an 'any' type.
generated/prisma/runtime/wasm-compiler-edge.js(7,2076): error TS7006: Parameter 't' implicitly has an 'any' type.
generated/prisma/runtime/wasm-compiler-edge.js(7,2311): error TS7006: Parameter 't' implicitly has an 'any' type.
generated/prisma/runtime/wasm-compiler-edge.js(7,2381): error TS7006: Parameter 't' implicitly has an 'any' type.
generated/prisma/runtime/wasm-compiler-edge.js(7,2552): error TS7006: Parameter 't' implicitly has an 'any' type.
generated/prisma/runtime/wasm-compiler-edge.js(8,286): error TS7006: Parameter 't' implicitly has an 'any' type.
generated/prisma/runtime/wasm-compiler-edge.js(8,308): error TS7006: Parameter 't' implicitly has an 'any' type.
generated/prisma/runtime/wasm-compiler-edge.js(8,399): error TS7006: Parameter 'e' implicitly has an 'any' type.
generated/prisma/runtime/wasm-compiler-edge.js(8,508): error TS7006: Parameter 'e' implicitly has an 'any' type.
generated/prisma/runtime/wasm-compiler-edge.js(8,575): error TS7006: Parameter 't' implicitly has an 'any' type.
generated/prisma/runtime/wasm-compiler-edge.js(8,616): error TS7006: Parameter 't' implicitly has an 'any' type.
generated/prisma/runtime/wasm-compiler-edge.js(8,675): error TS7006: Parameter 't' implicitly has an 'any' type.
generated/prisma/runtime/wasm-compiler-edge.js(8,709): error TS7006: Parameter 't' implicitly has an 'any' type.
generated/prisma/runtime/wasm-compiler-edge.js(8,1018): error TS7008: Member 'items' implicitly has an 'any[]' type.
generated/prisma/runtime/wasm-compiler-edge.js(8,1035): error TS7006: Parameter 't' implicitly has an 'any' type.
generated/prisma/runtime/wasm-compiler-edge.js(8,1086): error TS7006: Parameter 't' implicitly has an 'any' type.
generated/prisma/runtime/wasm-compiler-edge.js(8,1221): error TS7006: Parameter 't' implicitly has an 'any' type.
generated/prisma/runtime/wasm-compiler-edge.js(8,1310): error TS7006: Parameter 't' implicitly has an 'any' type.
generated/prisma/runtime/wasm-compiler-edge.js(8,1418): error TS7006: Parameter 't' implicitly has an 'any' type.
generated/prisma/runtime/wasm-compiler-edge.js(8,1672): error TS7008: Member 'suggestions' implicitly has an 'any[]' type.
generated/prisma/runtime/wasm-compiler-edge.js(8,1696): error TS7006: Parameter 't' implicitly has an 'any' type.
generated/prisma/runtime/wasm-compiler-edge.js(8,1699): error TS7053: Element implicitly has an 'any' type because expression of type 'any' can't be used to index type '{}'.
generated/prisma/runtime/wasm-compiler-edge.js(8,1735): error TS7006: Parameter 't' implicitly has an 'any' type.
generated/prisma/runtime/wasm-compiler-edge.js(8,1772): error TS7006: Parameter 't' implicitly has an 'any' type.
generated/prisma/runtime/wasm-compiler-edge.js(8,1782): error TS7053: Element implicitly has an 'any' type because expression of type 'any' can't be used to index type '{}'.
generated/prisma/runtime/wasm-compiler-edge.js(8,1810): error TS7006: Parameter 't' implicitly has an 'any' type.
generated/prisma/runtime/wasm-compiler-edge.js(8,2031): error TS7006: Parameter 't' implicitly has an 'any' type.
generated/prisma/runtime/wasm-compiler-edge.js(8,2096): error TS7006: Parameter 't' implicitly has an 'any' type.
generated/prisma/runtime/wasm-compiler-edge.js(8,2169): error TS7006: Parameter 't' implicitly has an 'any' type.
generated/prisma/runtime/wasm-compiler-edge.js(8,2179): error TS7053: Element implicitly has an 'any' type because expression of type 'any' can't be used to index type '{}'.
generated/prisma/runtime/wasm-compiler-edge.js(8,2292): error TS7006: Parameter 't' implicitly has an 'any' type.
generated/prisma/runtime/wasm-compiler-edge.js(8,2351): error TS7006: Parameter 't' implicitly has an 'any' type.
generated/prisma/runtime/wasm-compiler-edge.js(8,2490): error TS7006: Parameter 't' implicitly has an 'any' type.
generated/prisma/runtime/wasm-compiler-edge.js(8,2890): error TS7006: Parameter 't' implicitly has an 'any' type.
generated/prisma/runtime/wasm-compiler-edge.js(8,3068): error TS7006: Parameter 't' implicitly has an 'any' type.
generated/prisma/runtime/wasm-compiler-edge.js(8,3238): error TS7006: Parameter 't' implicitly has an 'any' type.
generated/prisma/runtime/wasm-compiler-edge.js(8,3349): error TS7006: Parameter 't' implicitly has an 'any' type.
generated/prisma/runtime/wasm-compiler-edge.js(8,3351): error TS7006: Parameter 'r' implicitly has an 'any' type.
generated/prisma/runtime/wasm-compiler-edge.js(8,3623): error TS7006: Parameter 'r' implicitly has an 'any' type.
generated/prisma/runtime/wasm-compiler-edge.js(8,3692): error TS7006: Parameter 'r' implicitly has an 'any' type.
generated/prisma/runtime/wasm-compiler-edge.js(8,3837): error TS7008: Member 'fields' implicitly has an 'any[]' type.
generated/prisma/runtime/wasm-compiler-edge.js(8,3856): error TS7006: Parameter 't' implicitly has an 'any' type.
generated/prisma/runtime/wasm-compiler-edge.js(8,3858): error TS7006: Parameter 'r' implicitly has an 'any' type.
generated/prisma/runtime/wasm-compiler-edge.js(8,3892): error TS7006: Parameter 'n' implicitly has an 'any' type.
generated/prisma/runtime/wasm-compiler-edge.js(8,4000): error TS7006: Parameter 't' implicitly has an 'any' type.
generated/prisma/runtime/wasm-compiler-edge.js(8,4165): error TS7006: Parameter 'e' implicitly has an 'any' type.
generated/prisma/runtime/wasm-compiler-edge.js(8,4167): error TS7006: Parameter 't' implicitly has an 'any' type.
generated/prisma/runtime/wasm-compiler-edge.js(8,4169): error TS7006: Parameter 'r' implicitly has an 'any' type.
generated/prisma/runtime/wasm-compiler-edge.js(8,4791): error TS7006: Parameter 'e' implicitly has an 'any' type.
generated/prisma/runtime/wasm-compiler-edge.js(8,4793): error TS7006: Parameter 't' implicitly has an 'any' type.
generated/prisma/runtime/wasm-compiler-edge.js(8,4972): error TS7006: Parameter 'n' implicitly has an 'any' type.
generated/prisma/runtime/wasm-compiler-edge.js(8,5137): error TS7006: Parameter 'e' implicitly has an 'any' type.
generated/prisma/runtime/wasm-compiler-edge.js(8,5139): error TS7006: Parameter 't' implicitly has an 'any' type.
generated/prisma/runtime/wasm-compiler-edge.js(8,5365): error TS7006: Parameter 's' implicitly has an 'any' type.
generated/prisma/runtime/wasm-compiler-edge.js(9,89): error TS7006: Parameter 'e' implicitly has an 'any' type.
generated/prisma/runtime/wasm-compiler-edge.js(9,91): error TS7006: Parameter 't' implicitly has an 'any' type.
generated/prisma/runtime/wasm-compiler-edge.js(9,93): error TS7006: Parameter 'r' implicitly has an 'any' type.
generated/prisma/runtime/wasm-compiler-edge.js(9,422): error TS7006: Parameter 'e' implicitly has an 'any' type.
generated/prisma/runtime/wasm-compiler-edge.js(9,424): error TS7006: Parameter 't' implicitly has an 'any' type.
generated/prisma/runtime/wasm-compiler-edge.js(9,426): error TS7006: Parameter 'r' implicitly has an 'any' type.
generated/prisma/runtime/wasm-compiler-edge.js(9,540): error TS7006: Parameter 'n' implicitly has an 'any' type.
generated/prisma/runtime/wasm-compiler-edge.js(9,703): error TS7006: Parameter 'e' implicitly has an 'any' type.
generated/prisma/runtime/wasm-compiler-edge.js(9,705): error TS7006: Parameter 't' implicitly has an 'any' type.
generated/prisma/runtime/wasm-compiler-edge.js(9,858): error TS7006: Parameter 'o' implicitly has an 'any' type.
generated/prisma/runtime/wasm-compiler-edge.js(9,1078): error TS7006: Parameter 'e' implicitly has an 'any' type.
generated/prisma/runtime/wasm-compiler-edge.js(9,1080): error TS7006: Parameter 't' implicitly has an 'any' type.
generated/prisma/runtime/wasm-compiler-edge.js(9,1460): error TS7006: Parameter 'i' implicitly has an 'any' type.
generated/prisma/runtime/wasm-compiler-edge.js(9,1634): error TS7006: Parameter 'e' implicitly has an 'any' type.
generated/prisma/runtime/wasm-compiler-edge.js(9,1636): error TS7006: Parameter 't' implicitly has an 'any' type.
generated/prisma/runtime/wasm-compiler-edge.js(9,1886): error TS7006: Parameter 'n' implicitly has an 'any' type.
generated/prisma/runtime/wasm-compiler-edge.js(9,2124): error TS7006: Parameter 'e' implicitly has an 'any' type.
generated/prisma/runtime/wasm-compiler-edge.js(9,2126): error TS7006: Parameter 't' implicitly has an 'any' type.
generated/prisma/runtime/wasm-compiler-edge.js(9,2229): error TS7006: Parameter 'n' implicitly has an 'any' type.
generated/prisma/runtime/wasm-compiler-edge.js(9,2329): error TS7006: Parameter 'e' implicitly has an 'any' type.
generated/prisma/runtime/wasm-compiler-edge.js(9,2331): error TS7006: Parameter 't' implicitly has an 'any' type.
generated/prisma/runtime/wasm-compiler-edge.js(9,2496): error TS7006: Parameter 'i' implicitly has an 'any' type.
generated/prisma/runtime/wasm-compiler-edge.js(9,2522): error TS7006: Parameter 'o' implicitly has an 'any' type.
generated/prisma/runtime/wasm-compiler-edge.js(9,2547): error TS7006: Parameter 'e' implicitly has an 'any' type.
generated/prisma/runtime/wasm-compiler-edge.js(9,2549): error TS7006: Parameter 't' implicitly has an 'any' type.
generated/prisma/runtime/wasm-compiler-edge.js(9,2780): error TS7006: Parameter 'o' implicitly has an 'any' type.
generated/prisma/runtime/wasm-compiler-edge.js(9,2813): error TS7006: Parameter 's' implicitly has an 'any' type.
generated/prisma/runtime/wasm-compiler-edge.js(9,2838): error TS7006: Parameter 'e' implicitly has an 'any' type.
generated/prisma/runtime/wasm-compiler-edge.js(9,2840): error TS7006: Parameter 't' implicitly has an 'any' type.
generated/prisma/runtime/wasm-compiler-edge.js(9,2842): error TS7006: Parameter 'r' implicitly has an 'any' type.
generated/prisma/runtime/wasm-compiler-edge.js(9,3001): error TS7006: Parameter 'e' implicitly has an 'any' type.
generated/prisma/runtime/wasm-compiler-edge.js(9,3003): error TS7006: Parameter 't' implicitly has an 'any' type.
generated/prisma/runtime/wasm-compiler-edge.js(9,3010): error TS7034: Variable 'r' implicitly has type 'any' in some locations where its type cannot be determined.
generated/prisma/runtime/wasm-compiler-edge.js(9,3030): error TS7006: Parameter 'd' implicitly has an 'any' type.
generated/prisma/runtime/wasm-compiler-edge.js(9,3033): error TS7005: Variable 'r' implicitly has an 'any' type.
generated/prisma/runtime/wasm-compiler-edge.js(9,3789): error TS7006: Parameter 'f' implicitly has an 'any' type.
generated/prisma/runtime/wasm-compiler-edge.js(9,3894): error TS7023: 'Uo' implicitly has return type 'any' because it does not have a return type annotation and is referenced directly or indirectly in one of its return expressions.
generated/prisma/runtime/wasm-compiler-edge.js(9,3897): error TS7006: Parameter 'e' implicitly has an 'any' type.
generated/prisma/runtime/wasm-compiler-edge.js(9,3967): error TS7006: Parameter 'e' implicitly has an 'any' type.
generated/prisma/runtime/wasm-compiler-edge.js(9,3969): error TS7006: Parameter 't' implicitly has an 'any' type.
generated/prisma/runtime/wasm-compiler-edge.js(9,4134): error TS7006: Parameter 'i' implicitly has an 'any' type.
generated/prisma/runtime/wasm-compiler-edge.js(9,4177): error TS7006: Parameter 's' implicitly has an 'any' type.
generated/prisma/runtime/wasm-compiler-edge.js(9,4316): error TS7006: Parameter 'e' implicitly has an 'any' type.
generated/prisma/runtime/wasm-compiler-edge.js(9,4318): error TS7006: Parameter 't' implicitly has an 'any' type.
generated/prisma/runtime/wasm-compiler-edge.js(9,4483): error TS7006: Parameter 'i' implicitly has an 'any' type.
generated/prisma/runtime/wasm-compiler-edge.js(9,4678): error TS7006: Parameter 'a' implicitly has an 'any' type.
generated/prisma/runtime/wasm-compiler-edge.js(9,4752): error TS7006: Parameter 'e' implicitly has an 'any' type.
generated/prisma/runtime/wasm-compiler-edge.js(9,4754): error TS7006: Parameter 't' implicitly has an 'any' type.
generated/prisma/runtime/wasm-compiler-edge.js(9,4847): error TS7034: Variable 'i' implicitly has type 'any' in some locations where its type cannot be determined.
generated/prisma/runtime/wasm-compiler-edge.js(9,4961): error TS7006: Parameter 'o' implicitly has an 'any' type.
generated/prisma/runtime/wasm-compiler-edge.js(9,5002): error TS7005: Variable 'i' implicitly has an 'any' type.
generated/prisma/runtime/wasm-compiler-edge.js(9,5114): error TS7006: Parameter 'e' implicitly has an 'any' type.
generated/prisma/runtime/wasm-compiler-edge.js(9,5116): error TS7006: Parameter 't' implicitly has an 'any' type.
generated/prisma/runtime/wasm-compiler-edge.js(9,5332): error TS7006: Parameter 'i' implicitly has an 'any' type.
generated/prisma/runtime/wasm-compiler-edge.js(9,5563): error TS7006: Parameter 's' implicitly has an 'any' type.
generated/prisma/runtime/wasm-compiler-edge.js(9,5763): error TS7006: Parameter 'e' implicitly has an 'any' type.
generated/prisma/runtime/wasm-compiler-edge.js(9,5765): error TS7006: Parameter 't' implicitly has an 'any' type.
generated/prisma/runtime/wasm-compiler-edge.js(9,5882): error TS7034: Variable 'i' implicitly has type 'any[]' in some locations where its type cannot be determined.
generated/prisma/runtime/wasm-compiler-edge.js(9,6015): error TS7006: Parameter 'o' implicitly has an 'any' type.
generated/prisma/runtime/wasm-compiler-edge.js(9,6401): error TS7005: Variable 'i' implicitly has an 'any[]' type.
generated/prisma/runtime/wasm-compiler-edge.js(9,6554): error TS7006: Parameter 'e' implicitly has an 'any' type.
generated/prisma/runtime/wasm-compiler-edge.js(9,6556): error TS7006: Parameter 't' implicitly has an 'any' type.
generated/prisma/runtime/wasm-compiler-edge.js(9,6652): error TS7006: Parameter 'e' implicitly has an 'any' type.
generated/prisma/runtime/wasm-compiler-edge.js(9,6654): error TS7006: Parameter 't' implicitly has an 'any' type.
generated/prisma/runtime/wasm-compiler-edge.js(9,6765): error TS7006: Parameter 'e' implicitly has an 'any' type.
generated/prisma/runtime/wasm-compiler-edge.js(9,6767): error TS7006: Parameter 't' implicitly has an 'any' type.
generated/prisma/runtime/wasm-compiler-edge.js(9,6879): error TS7006: Parameter 'e' implicitly has an 'any' type.
generated/prisma/runtime/wasm-compiler-edge.js(9,6881): error TS7006: Parameter 't' implicitly has an 'any' type.
generated/prisma/runtime/wasm-compiler-edge.js(9,6987): error TS7006: Parameter 'e' implicitly has an 'any' type.
generated/prisma/runtime/wasm-compiler-edge.js(9,6989): error TS7006: Parameter 't' implicitly has an 'any' type.
generated/prisma/runtime/wasm-compiler-edge.js(9,7507): error TS7006: Parameter 'e' implicitly has an 'any' type.
generated/prisma/runtime/wasm-compiler-edge.js(9,7509): error TS7006: Parameter 't' implicitly has an 'any' type.
generated/prisma/runtime/wasm-compiler-edge.js(9,7643): error TS7006: Parameter 'e' implicitly has an 'any' type.
generated/prisma/runtime/wasm-compiler-edge.js(9,7747): error TS7031: Binding element 'e' implicitly has an 'any' type.
generated/prisma/runtime/wasm-compiler-edge.js(9,7757): error TS7031: Binding element 't' implicitly has an 'any' type.
generated/prisma/runtime/wasm-compiler-edge.js(9,7854): error TS7006: Parameter 'e' implicitly has an 'any' type.
generated/prisma/runtime/wasm-compiler-edge.js(9,7856): error TS7006: Parameter 't' implicitly has an 'any' type.
generated/prisma/runtime/wasm-compiler-edge.js(9,7965): error TS7006: Parameter 'e' implicitly has an 'any' type.
generated/prisma/runtime/wasm-compiler-edge.js(9,7967): error TS7006: Parameter 't' implicitly has an 'any' type.
generated/prisma/runtime/wasm-compiler-edge.js(9,8204): error TS7006: Parameter 't' implicitly has an 'any' type.
generated/prisma/runtime/wasm-compiler-edge.js(9,8206): error TS7006: Parameter 'r' implicitly has an 'any' type.
generated/prisma/runtime/wasm-compiler-edge.js(9,8208): error TS7006: Parameter 'n' implicitly has an 'any' type.
generated/prisma/runtime/wasm-compiler-edge.js(9,8210): error TS7006: Parameter 'i' implicitly has an 'any' type.
generated/prisma/runtime/wasm-compiler-edge.js(9,8212): error TS7006: Parameter 'o' implicitly has an 'any' type.
generated/prisma/runtime/wasm-compiler-edge.js(9,8441): error TS7006: Parameter 'e' implicitly has an 'any' type.
generated/prisma/runtime/wasm-compiler-edge.js(9,8520): error TS7006: Parameter 't' implicitly has an 'any' type.
generated/prisma/runtime/wasm-compiler-edge.js(9,8522): error TS7006: Parameter 'r' implicitly has an 'any' type.
generated/prisma/runtime/wasm-compiler-edge.js(9,8676): error TS7006: Parameter 't' implicitly has an 'any' type.
generated/prisma/runtime/wasm-compiler-edge.js(9,8827): error TS7008: Member 'errorMessages' implicitly has an 'any[]' type.
generated/prisma/runtime/wasm-compiler-edge.js(9,8856): error TS7006: Parameter 't' implicitly has an 'any' type.
generated/prisma/runtime/wasm-compiler-edge.js(9,8882): error TS7006: Parameter 't' implicitly has an 'any' type.
generated/prisma/runtime/wasm-compiler-edge.js(9,8925): error TS7006: Parameter 't' implicitly has an 'any' type.
generated/prisma/runtime/wasm-compiler-edge.js(9,8973): error TS7006: Parameter 't' implicitly has an 'any' type.
generated/prisma/runtime/wasm-compiler-edge.js(10,18): error TS7006: Parameter 'e' implicitly has an 'any' type.
generated/prisma/runtime/wasm-compiler-edge.js(10,54): error TS7006: Parameter 'e' implicitly has an 'any' type.
generated/prisma/runtime/wasm-compiler-edge.js(10,161): error TS7006: Parameter 'e' implicitly has an 'any' type.
generated/prisma/runtime/wasm-compiler-edge.js(10,498): error TS7005: Variable 'y' implicitly has an 'any' type.
generated/prisma/runtime/wasm-compiler-edge.js(10,921): error TS7006: Parameter 'e' implicitly has an 'any' type.
generated/prisma/runtime/wasm-compiler-edge.js(10,990): error TS7006: Parameter 'e' implicitly has an 'any' type.
generated/prisma/runtime/wasm-compiler-edge.js(10,992): error TS7006: Parameter 't' implicitly has an 'any' type.
generated/prisma/runtime/wasm-compiler-edge.js(10,1131): error TS7031: Binding element 'e' implicitly has an 'any' type.
generated/prisma/runtime/wasm-compiler-edge.js(10,1140): error TS7031: Binding element 't' implicitly has an 'any' type.
generated/prisma/runtime/wasm-compiler-edge.js(10,1154): error TS7031: Binding element 'r' implicitly has an 'any' type.
generated/prisma/runtime/wasm-compiler-edge.js(10,1165): error TS7031: Binding element 'n' implicitly has an 'any' type.
generated/prisma/runtime/wasm-compiler-edge.js(10,1182): error TS7031: Binding element 'i' implicitly has an 'any' type.
generated/prisma/runtime/wasm-compiler-edge.js(10,1198): error TS7031: Binding element 'o' implicitly has an 'any' type.
generated/prisma/runtime/wasm-compiler-edge.js(10,1211): error TS7031: Binding element 's' implicitly has an 'any' type.
generated/prisma/runtime/wasm-compiler-edge.js(10,1482): error TS7006: Parameter 'e' implicitly has an 'any' type.
generated/prisma/runtime/wasm-compiler-edge.js(10,1507): error TS7006: Parameter 't' implicitly has an 'any' type.
generated/prisma/runtime/wasm-compiler-edge.js(10,1559): error TS7006: Parameter 'e' implicitly has an 'any' type.
generated/prisma/runtime/wasm-compiler-edge.js(10,1561): error TS7006: Parameter 't' implicitly has an 'any' type.
generated/prisma/runtime/wasm-compiler-edge.js(10,1563): error TS7006: Parameter 'r' implicitly has an 'any' type.
generated/prisma/runtime/wasm-compiler-edge.js(10,1720): error TS7006: Parameter 'e' implicitly has an 'any' type.
generated/prisma/runtime/wasm-compiler-edge.js(10,1739): error TS7006: Parameter 'n' implicitly has an 'any' type.
generated/prisma/runtime/wasm-compiler-edge.js(10,1741): error TS7006: Parameter 'i' implicitly has an 'any' type.
generated/prisma/runtime/wasm-compiler-edge.js(10,1812): error TS7006: Parameter 'o' implicitly has an 'any' type.
generated/prisma/runtime/wasm-compiler-edge.js(10,1841): error TS7006: Parameter 'n' implicitly has an 'any' type.
generated/prisma/runtime/wasm-compiler-edge.js(10,1890): error TS7006: Parameter 'e' implicitly has an 'any' type.
generated/prisma/runtime/wasm-compiler-edge.js(10,1892): error TS7006: Parameter 't' implicitly has an 'any' type.
generated/prisma/runtime/wasm-compiler-edge.js(10,1894): error TS7006: Parameter 'r' implicitly has an 'any' type.
generated/prisma/runtime/wasm-compiler-edge.js(10,1919): error TS7031: Binding element 'n' implicitly has an 'any' type.
generated/prisma/runtime/wasm-compiler-edge.js(10,1929): error TS7031: Binding element 'i' implicitly has an 'any' type.
generated/prisma/runtime/wasm-compiler-edge.js(10,1932): error TS7006: Parameter 'o' implicitly has an 'any' type.
generated/prisma/runtime/wasm-compiler-edge.js(10,2023): error TS7006: Parameter 'e' implicitly has an 'any' type.
generated/prisma/runtime/wasm-compiler-edge.js(10,2025): error TS7006: Parameter 't' implicitly has an 'any' type.
generated/prisma/runtime/wasm-compiler-edge.js(10,2027): error TS7006: Parameter 'r' implicitly has an 'any' type.
generated/prisma/runtime/wasm-compiler-edge.js(10,2061): error TS7006: Parameter 'i' implicitly has an 'any' type.
generated/prisma/runtime/wasm-compiler-edge.js(10,2097): error TS7006: Parameter 'e' implicitly has an 'any' type.
generated/prisma/runtime/wasm-compiler-edge.js(10,2099): error TS7006: Parameter 't' implicitly has an 'any' type.
generated/prisma/runtime/wasm-compiler-edge.js(10,2223): error TS7006: Parameter 'e' implicitly has an 'any' type.
generated/prisma/runtime/wasm-compiler-edge.js(10,2225): error TS7006: Parameter 't' implicitly has an 'any' type.
generated/prisma/runtime/wasm-compiler-edge.js(10,2367): error TS7006: Parameter 't' implicitly has an 'any' type.
generated/prisma/runtime/wasm-compiler-edge.js(10,2369): error TS7006: Parameter 'r' implicitly has an 'any' type.
generated/prisma/runtime/wasm-compiler-edge.js(10,2807): error TS7006: Parameter 't' implicitly has an 'any' type.
generated/prisma/runtime/wasm-compiler-edge.js(10,3003): error TS7006: Parameter 't' implicitly has an 'any' type.
generated/prisma/runtime/wasm-compiler-edge.js(10,3329): error TS7006: Parameter 't' implicitly has an 'any' type.
generated/prisma/runtime/wasm-compiler-edge.js(10,3331): error TS7006: Parameter 'r' implicitly has an 'any' type.
generated/prisma/runtime/wasm-compiler-edge.js(10,3985): error TS7006: Parameter 't' implicitly has an 'any' type.
generated/prisma/runtime/wasm-compiler-edge.js(10,4042): error TS7006: Parameter 't' implicitly has an 'any' type.
generated/prisma/runtime/wasm-compiler-edge.js(10,4112): error TS7006: Parameter 't' implicitly has an 'any' type.
generated/prisma/runtime/wasm-compiler-edge.js(10,4170): error TS7006: Parameter 't' implicitly has an 'any' type.
generated/prisma/runtime/wasm-compiler-edge.js(10,4305): error TS7006: Parameter 't' implicitly has an 'any' type.
generated/prisma/runtime/wasm-compiler-edge.js(10,4372): error TS7006: Parameter 't' implicitly has an 'any' type.
generated/prisma/runtime/wasm-compiler-edge.js(10,4374): error TS7006: Parameter 'r' implicitly has an 'any' type.
generated/prisma/runtime/wasm-compiler-edge.js(10,4550): error TS7006: Parameter 't' implicitly has an 'any' type.
generated/prisma/runtime/wasm-compiler-edge.js(10,4579): error TS7006: Parameter 'e' implicitly has an 'any' type.
generated/prisma/runtime/wasm-compiler-edge.js(10,4617): error TS7006: Parameter 'e' implicitly has an 'any' type.
generated/prisma/runtime/wasm-compiler-edge.js(10,4714): error TS7006: Parameter 't' implicitly has an 'any' type.
generated/prisma/runtime/wasm-compiler-edge.js(10,4804): error TS7006: Parameter 't' implicitly has an 'any' type.
generated/prisma/runtime/wasm-compiler-edge.js(10,4858): error TS7006: Parameter 'e' implicitly has an 'any' type.
generated/prisma/runtime/wasm-compiler-edge.js(10,5517): error TS7031: Binding element 'e' implicitly has an 'any' type.
generated/prisma/runtime/wasm-compiler-edge.js(10,5526): error TS7031: Binding element 't' implicitly has an 'any' type.
generated/prisma/runtime/wasm-compiler-edge.js(10,5533): error TS7031: Binding element 'r' implicitly has an 'any' type.
generated/prisma/runtime/wasm-compiler-edge.js(10,5552): error TS7031: Binding element 'n' implicitly has an 'any' type.
generated/prisma/runtime/wasm-compiler-edge.js(10,5587): error TS7031: Binding element 'o' implicitly has an 'any' type.
generated/prisma/runtime/wasm-compiler-edge.js(10,5602): error TS7031: Binding element 's' implicitly has an 'any' type.
generated/prisma/runtime/wasm-compiler-edge.js(10,5616): error TS7031: Binding element 'a' implicitly has an 'any' type.
generated/prisma/runtime/wasm-compiler-edge.js(10,5632): error TS7031: Binding element 'd' implicitly has an 'any' type.
generated/prisma/runtime/wasm-compiler-edge.js(10,5650): error TS7031: Binding element 'f' implicitly has an 'any' type.
generated/prisma/runtime/wasm-compiler-edge.js(10,5663): error TS7031: Binding element 'P' implicitly has an 'any' type.
generated/prisma/runtime/wasm-compiler-edge.js(10,5895): error TS7053: Element implicitly has an 'any' type because expression of type 'any' can't be used to index type '{ findUnique: string; findUniqueOrThrow: string; findFirst: string; findFirstOrThrow: string; findMany: string; count: string; create: string; createMany: string; createManyAndReturn: string; ... 12 more ...; aggregateRaw: string; }'.
generated/prisma/runtime/wasm-compiler-edge.js(10,5929): error TS2339: Property 'select' does not exist on type '{}'.
generated/prisma/runtime/wasm-compiler-edge.js(10,5938): error TS2339: Property 'include' does not exist on type '{}'.
generated/prisma/runtime/wasm-compiler-edge.js(10,5957): error TS7006: Parameter 'n' implicitly has an 'any' type.
generated/prisma/runtime/wasm-compiler-edge.js(10,5968): error TS2339: Property 'omit' does not exist on type '{}'.
generated/prisma/runtime/wasm-compiler-edge.js(10,5989): error TS2339: Property 'omit' does not exist on type '{}'.
generated/prisma/runtime/wasm-compiler-edge.js(10,6048): error TS7006: Parameter 'e' implicitly has an 'any' type.
generated/prisma/runtime/wasm-compiler-edge.js(10,6050): error TS7006: Parameter 't' implicitly has an 'any' type.
generated/prisma/runtime/wasm-compiler-edge.js(10,6052): error TS7006: Parameter 'r' implicitly has an 'any' type.
generated/prisma/runtime/wasm-compiler-edge.js(10,6054): error TS7006: Parameter 'n' implicitly has an 'any' type.
generated/prisma/runtime/wasm-compiler-edge.js(10,6368): error TS7006: Parameter 'e' implicitly has an 'any' type.
generated/prisma/runtime/wasm-compiler-edge.js(10,6370): error TS7006: Parameter 't' implicitly has an 'any' type.
generated/prisma/runtime/wasm-compiler-edge.js(10,6372): error TS7006: Parameter 'r' implicitly has an 'any' type.
generated/prisma/runtime/wasm-compiler-edge.js(10,6494): error TS7006: Parameter 'e' implicitly has an 'any' type.
generated/prisma/runtime/wasm-compiler-edge.js(10,6496): error TS7006: Parameter 't' implicitly has an 'any' type.
generated/prisma/runtime/wasm-compiler-edge.js(10,6498): error TS7006: Parameter 'r' implicitly has an 'any' type.
generated/prisma/runtime/wasm-compiler-edge.js(10,6895): error TS7006: Parameter 'e' implicitly has an 'any' type.
generated/prisma/runtime/wasm-compiler-edge.js(10,6897): error TS7006: Parameter 't' implicitly has an 'any' type.
generated/prisma/runtime/wasm-compiler-edge.js(10,6899): error TS7006: Parameter 'r' implicitly has an 'any' type.
generated/prisma/runtime/wasm-compiler-edge.js(10,7103): error TS7006: Parameter 'e' implicitly has an 'any' type.
generated/prisma/runtime/wasm-compiler-edge.js(10,7105): error TS7006: Parameter 't' implicitly has an 'any' type.
generated/prisma/runtime/wasm-compiler-edge.js(10,7305): error TS7053: Element implicitly has an 'any' type because expression of type 'string' can't be used to index type '{}'.
  No index signature with a parameter of type 'string' was found on type '{}'.
generated/prisma/runtime/wasm-compiler-edge.js(10,7352): error TS7053: Element implicitly has an 'any' type because expression of type 'string' can't be used to index type '{}'.
  No index signature with a parameter of type 'string' was found on type '{}'.
generated/prisma/runtime/wasm-compiler-edge.js(10,7366): error TS7053: Element implicitly has an 'any' type because expression of type 'string' can't be used to index type '{}'.
  No index signature with a parameter of type 'string' was found on type '{}'.
generated/prisma/runtime/wasm-compiler-edge.js(10,7383): error TS7053: Element implicitly has an 'any' type because expression of type 'string' can't be used to index type '{}'.
  No index signature with a parameter of type 'string' was found on type '{}'.
generated/prisma/runtime/wasm-compiler-edge.js(10,7415): error TS7023: 'ts' implicitly has return type 'any' because it does not have a return type annotation and is referenced directly or indirectly in one of its return expressions.
generated/prisma/runtime/wasm-compiler-edge.js(10,7418): error TS7006: Parameter 'e' implicitly has an 'any' type.
generated/prisma/runtime/wasm-compiler-edge.js(10,7420): error TS7006: Parameter 't' implicitly has an 'any' type.
generated/prisma/runtime/wasm-compiler-edge.js(10,8124): error TS7005: Variable 'y' implicitly has an 'any' type.
generated/prisma/runtime/wasm-compiler-edge.js(10,8822): error TS7006: Parameter 'e' implicitly has an 'any' type.
generated/prisma/runtime/wasm-compiler-edge.js(10,8824): error TS7006: Parameter 't' implicitly has an 'any' type.
generated/prisma/runtime/wasm-compiler-edge.js(10,8941): error TS7053: Element implicitly has an 'any' type because expression of type 'string' can't be used to index type '{}'.
  No index signature with a parameter of type 'string' was found on type '{}'.
generated/prisma/runtime/wasm-compiler-edge.js(10,9210): error TS7023: 'hc' implicitly has return type 'any' because it does not have a return type annotation and is referenced directly or indirectly in one of its return expressions.
generated/prisma/runtime/wasm-compiler-edge.js(10,9213): error TS7006: Parameter 'e' implicitly has an 'any' type.
generated/prisma/runtime/wasm-compiler-edge.js(10,9215): error TS7006: Parameter 't' implicitly has an 'any' type.
generated/prisma/runtime/wasm-compiler-edge.js(10,9680): error TS7006: Parameter 'e' implicitly has an 'any' type.
generated/prisma/runtime/wasm-compiler-edge.js(10,9763): error TS7006: Parameter 'e' implicitly has an 'any' type.
generated/prisma/runtime/wasm-compiler-edge.js(10,9843): error TS7006: Parameter 'e' implicitly has an 'any' type.
generated/prisma/runtime/wasm-compiler-edge.js(10,9845): error TS7006: Parameter 't' implicitly has an 'any' type.
generated/prisma/runtime/wasm-compiler-edge.js(10,10043): error TS7006: Parameter 't' implicitly has an 'any' type.
generated/prisma/runtime/wasm-compiler-edge.js(10,10253): error TS7006: Parameter 't' implicitly has an 'any' type.
generated/prisma/runtime/wasm-compiler-edge.js(10,10816): error TS7006: Parameter 't' implicitly has an 'any' type.
generated/prisma/runtime/wasm-compiler-edge.js(10,11020): error TS7006: Parameter 't' implicitly has an 'any' type.
generated/prisma/runtime/wasm-compiler-edge.js(10,11199): error TS7006: Parameter 't' implicitly has an 'any' type.
generated/prisma/runtime/wasm-compiler-edge.js(10,11239): error TS7006: Parameter 'r' implicitly has an 'any' type.
generated/prisma/runtime/wasm-compiler-edge.js(10,11268): error TS7006: Parameter 't' implicitly has an 'any' type.
generated/prisma/runtime/wasm-compiler-edge.js(10,12065): error TS7006: Parameter 't' implicitly has an 'any' type.
generated/prisma/runtime/wasm-compiler-edge.js(10,12181): error TS7006: Parameter 'e' implicitly has an 'any' type.
generated/prisma/runtime/wasm-compiler-edge.js(10,12183): error TS7006: Parameter 't' implicitly has an 'any' type.
generated/prisma/runtime/wasm-compiler-edge.js(10,12268): error TS7006: Parameter 'e' implicitly has an 'any' type.
generated/prisma/runtime/wasm-compiler-edge.js(10,12362): error TS7006: Parameter 'e' implicitly has an 'any' type.
generated/prisma/runtime/wasm-compiler-edge.js(10,12502): error TS7006: Parameter 't' implicitly has an 'any' type.
generated/prisma/runtime/wasm-compiler-edge.js(10,12504): error TS7006: Parameter 'r' implicitly has an 'any' type.
generated/prisma/runtime/wasm-compiler-edge.js(10,12667): error TS7006: Parameter 'e' implicitly has an 'any' type.
generated/prisma/runtime/wasm-compiler-edge.js(10,12677): error TS7019: Rest parameter 't' implicitly has an 'any[]' type.
generated/prisma/runtime/wasm-compiler-edge.js(10,12708): error TS7006: Parameter 'e' implicitly has an 'any' type.
generated/prisma/runtime/wasm-compiler-edge.js(10,12882): error TS7006: Parameter 'e' implicitly has an 'any' type.
generated/prisma/runtime/wasm-compiler-edge.js(10,12942): error TS7006: Parameter 't' implicitly has an 'any' type.
generated/prisma/runtime/wasm-compiler-edge.js(10,12991): error TS7006: Parameter 'e' implicitly has an 'any' type.
generated/prisma/runtime/wasm-compiler-edge.js(10,12993): error TS7006: Parameter 't' implicitly has an 'any' type.
generated/prisma/runtime/wasm-compiler-edge.js(10,13088): error TS7006: Parameter 'e' implicitly has an 'any' type.
generated/prisma/runtime/wasm-compiler-edge.js(10,13158): error TS7006: Parameter 'r' implicitly has an 'any' type.
generated/prisma/runtime/wasm-compiler-edge.js(10,13234): error TS7006: Parameter 'r' implicitly has an 'any' type.
generated/prisma/runtime/wasm-compiler-edge.js(10,13378): error TS7006: Parameter 'e' implicitly has an 'any' type.
generated/prisma/runtime/wasm-compiler-edge.js(10,13478): error TS7006: Parameter 'r' implicitly has an 'any' type.
generated/prisma/runtime/wasm-compiler-edge.js(10,13480): error TS7006: Parameter 'n' implicitly has an 'any' type.
generated/prisma/runtime/wasm-compiler-edge.js(10,13498): error TS7006: Parameter 'r' implicitly has an 'any' type.
generated/prisma/runtime/wasm-compiler-edge.js(10,13500): error TS7006: Parameter 'n' implicitly has an 'any' type.
generated/prisma/runtime/wasm-compiler-edge.js(10,13502): error TS7006: Parameter 'i' implicitly has an 'any' type.
generated/prisma/runtime/wasm-compiler-edge.js(10,13615): error TS7006: Parameter 'e' implicitly has an 'any' type.
generated/prisma/runtime/wasm-compiler-edge.js(10,13617): error TS7006: Parameter 't' implicitly has an 'any' type.
generated/prisma/runtime/wasm-compiler-edge.js(10,14424): error TS7006: Parameter 'e' implicitly has an 'any' type.
generated/prisma/runtime/wasm-compiler-edge.js(10,14522): error TS7006: Parameter 'e' implicitly has an 'any' type.
generated/prisma/runtime/wasm-compiler-edge.js(10,14524): error TS7006: Parameter 't' implicitly has an 'any' type.
generated/prisma/runtime/wasm-compiler-edge.js(10,14543): error TS7006: Parameter 'r' implicitly has an 'any' type.
generated/prisma/runtime/wasm-compiler-edge.js(10,14602): error TS7006: Parameter 'e' implicitly has an 'any' type.
generated/prisma/runtime/wasm-compiler-edge.js(10,14702): error TS7006: Parameter 'e' implicitly has an 'any' type.
generated/prisma/runtime/wasm-compiler-edge.js(10,14942): error TS7006: Parameter 'e' implicitly has an 'any' type.
generated/prisma/runtime/wasm-compiler-edge.js(10,14959): error TS2304: Cannot find name '$EnabledCallSite'.
generated/prisma/runtime/wasm-compiler-edge.js(10,15007): error TS2304: Cannot find name '$EnabledCallSite'.
generated/prisma/runtime/wasm-compiler-edge.js(10,15216): error TS7053: Element implicitly has an 'any' type because expression of type 'string' can't be used to index type '{ _avg: boolean; _count: boolean; _sum: boolean; _min: boolean; _max: boolean; }'.
  No index signature with a parameter of type 'string' was found on type '{ _avg: boolean; _count: boolean; _sum: boolean; _min: boolean; _max: boolean; }'.
generated/prisma/runtime/wasm-compiler-edge.js(10,15231): error TS7053: Element implicitly has an 'any' type because expression of type 'string' can't be used to index type '{}'.
  No index signature with a parameter of type 'string' was found on type '{}'.
generated/prisma/runtime/wasm-compiler-edge.js(10,15254): error TS7053: Element implicitly has an 'any' type because expression of type 'string' can't be used to index type '{ select: {}; }'.
  No index signature with a parameter of type 'string' was found on type '{ select: {}; }'.
generated/prisma/runtime/wasm-compiler-edge.js(10,15311): error TS2339: Property '_count' does not exist on type '{}'.
generated/prisma/runtime/wasm-compiler-edge.js(10,15350): error TS2339: Property '_count' does not exist on type '{}'.
generated/prisma/runtime/wasm-compiler-edge.js(10,15386): error TS7006: Parameter 't' implicitly has an 'any' type.
generated/prisma/runtime/wasm-compiler-edge.js(10,15399): error TS2339: Property '_count' does not exist on type '{}'.
generated/prisma/runtime/wasm-compiler-edge.js(10,15458): error TS7006: Parameter 'e' implicitly has an 'any' type.
generated/prisma/runtime/wasm-compiler-edge.js(10,15460): error TS7006: Parameter 't' implicitly has an 'any' type.
generated/prisma/runtime/wasm-compiler-edge.js(10,15576): error TS2339: Property 'select' does not exist on type '{}'.
generated/prisma/runtime/wasm-compiler-edge.js(10,15701): error TS2339: Property 'select' does not exist on type '{}'.
generated/prisma/runtime/wasm-compiler-edge.js(10,15718): error TS7006: Parameter 't' implicitly has an 'any' type.
generated/prisma/runtime/wasm-compiler-edge.js(10,15737): error TS7006: Parameter 't' implicitly has an 'any' type.
generated/prisma/runtime/wasm-compiler-edge.js(10,15773): error TS7006: Parameter 'e' implicitly has an 'any' type.
generated/prisma/runtime/wasm-compiler-edge.js(10,15775): error TS7006: Parameter 't' implicitly has an 'any' type.
generated/prisma/runtime/wasm-compiler-edge.js(10,15906): error TS2339: Property 'by' does not exist on type '{ select: {}; }'.
generated/prisma/runtime/wasm-compiler-edge.js(10,15925): error TS2339: Property 'by' does not exist on type '{ select: {}; }'.
generated/prisma/runtime/wasm-compiler-edge.js(10,15949): error TS7053: Element implicitly has an 'any' type because expression of type 'string' can't be used to index type '{}'.
  No index signature with a parameter of type 'string' was found on type '{}'.
generated/prisma/runtime/wasm-compiler-edge.js(10,15979): error TS2339: Property 'by' does not exist on type '{ select: {}; }'.
generated/prisma/runtime/wasm-compiler-edge.js(10,15994): error TS7053: Element implicitly has an 'any' type because expression of type 'any' can't be used to index type '{}'.
generated/prisma/runtime/wasm-compiler-edge.js(10,16005): error TS2339: Property 'by' does not exist on type '{ select: {}; }'.
generated/prisma/runtime/wasm-compiler-edge.js(10,16047): error TS7006: Parameter 't' implicitly has an 'any' type.
generated/prisma/runtime/wasm-compiler-edge.js(10,16061): error TS2339: Property '_count' does not exist on type '{}'.
generated/prisma/runtime/wasm-compiler-edge.js(10,16090): error TS7006: Parameter 'r' implicitly has an 'any' type.
generated/prisma/runtime/wasm-compiler-edge.js(10,16134): error TS7006: Parameter 'e' implicitly has an 'any' type.
generated/prisma/runtime/wasm-compiler-edge.js(10,16136): error TS7006: Parameter 't' implicitly has an 'any' type.
generated/prisma/runtime/wasm-compiler-edge.js(10,16212): error TS7006: Parameter 'e' implicitly has an 'any' type.
generated/prisma/runtime/wasm-compiler-edge.js(10,16214): error TS7006: Parameter 't' implicitly has an 'any' type.
generated/prisma/runtime/wasm-compiler-edge.js(10,16216): error TS7006: Parameter 'r' implicitly has an 'any' type.
generated/prisma/runtime/wasm-compiler-edge.js(10,16245): error TS7006: Parameter 'n' implicitly has an 'any' type.
generated/prisma/runtime/wasm-compiler-edge.js(10,16278): error TS7006: Parameter 'n' implicitly has an 'any' type.
generated/prisma/runtime/wasm-compiler-edge.js(10,16313): error TS7006: Parameter 'n' implicitly has an 'any' type.
generated/prisma/runtime/wasm-compiler-edge.js(10,16356): error TS7006: Parameter 'e' implicitly has an 'any' type.
generated/prisma/runtime/wasm-compiler-edge.js(10,16358): error TS7006: Parameter 't' implicitly has an 'any' type.
generated/prisma/runtime/wasm-compiler-edge.js(10,16383): error TS7006: Parameter 'i' implicitly has an 'any' type.
generated/prisma/runtime/wasm-compiler-edge.js(10,16496): error TS7053: Element implicitly has an 'any' type because expression of type 'string' can't be used to index type '{}'.
  No index signature with a parameter of type 'string' was found on type '{}'.
generated/prisma/runtime/wasm-compiler-edge.js(10,16629): error TS7006: Parameter 'e' implicitly has an 'any' type.
generated/prisma/runtime/wasm-compiler-edge.js(10,16668): error TS7006: Parameter 'e' implicitly has an 'any' type.
generated/prisma/runtime/wasm-compiler-edge.js(10,16670): error TS7006: Parameter 't' implicitly has an 'any' type.
generated/prisma/runtime/wasm-compiler-edge.js(10,16688): error TS7006: Parameter 'r' implicitly has an 'any' type.
generated/prisma/runtime/wasm-compiler-edge.js(10,16690): error TS7006: Parameter 'n' implicitly has an 'any' type.
generated/prisma/runtime/wasm-compiler-edge.js(10,16709): error TS7006: Parameter 'e' implicitly has an 'any' type.
generated/prisma/runtime/wasm-compiler-edge.js(10,16711): error TS7006: Parameter 't' implicitly has an 'any' type.
generated/prisma/runtime/wasm-compiler-edge.js(10,16713): error TS7006: Parameter 'r' implicitly has an 'any' type.
generated/prisma/runtime/wasm-compiler-edge.js(10,16736): error TS7006: Parameter 'n' implicitly has an 'any' type.
generated/prisma/runtime/wasm-compiler-edge.js(10,16738): error TS7006: Parameter 'i' implicitly has an 'any' type.
generated/prisma/runtime/wasm-compiler-edge.js(10,16740): error TS7006: Parameter 'o' implicitly has an 'any' type.
generated/prisma/runtime/wasm-compiler-edge.js(10,16742): error TS7006: Parameter 's' implicitly has an 'any' type.
generated/prisma/runtime/wasm-compiler-edge.js(10,16806): error TS7006: Parameter 'e' implicitly has an 'any' type.
generated/prisma/runtime/wasm-compiler-edge.js(10,16808): error TS7006: Parameter 't' implicitly has an 'any' type.
generated/prisma/runtime/wasm-compiler-edge.js(10,16874): error TS7006: Parameter 'e' implicitly has an 'any' type.
generated/prisma/runtime/wasm-compiler-edge.js(10,16876): error TS7006: Parameter 't' implicitly has an 'any' type.
generated/prisma/runtime/wasm-compiler-edge.js(10,16878): error TS7006: Parameter 'r' implicitly has an 'any' type.
generated/prisma/runtime/wasm-compiler-edge.js(10,16931): error TS7006: Parameter 'e' implicitly has an 'any' type.
generated/prisma/runtime/wasm-compiler-edge.js(10,16933): error TS7006: Parameter 't' implicitly has an 'any' type.
generated/prisma/runtime/wasm-compiler-edge.js(10,16935): error TS7006: Parameter 'r' implicitly has an 'any' type.
generated/prisma/runtime/wasm-compiler-edge.js(10,16937): error TS7006: Parameter 'n' implicitly has an 'any' type.
generated/prisma/runtime/wasm-compiler-edge.js(10,16939): error TS7006: Parameter 'i' implicitly has an 'any' type.
generated/prisma/runtime/wasm-compiler-edge.js(10,16941): error TS7006: Parameter 'o' implicitly has an 'any' type.
generated/prisma/runtime/wasm-compiler-edge.js(10,16995): error TS7006: Parameter 'd' implicitly has an 'any' type.
generated/prisma/runtime/wasm-compiler-edge.js(10,16997): error TS7006: Parameter 'f' implicitly has an 'any' type.
generated/prisma/runtime/wasm-compiler-edge.js(10,17032): error TS7006: Parameter 'd' implicitly has an 'any' type.
generated/prisma/runtime/wasm-compiler-edge.js(10,17304): error TS7006: Parameter 'e' implicitly has an 'any' type.
generated/prisma/runtime/wasm-compiler-edge.js(10,17306): error TS7006: Parameter 't' implicitly has an 'any' type.
generated/prisma/runtime/wasm-compiler-edge.js(10,17360): error TS7006: Parameter 'r' implicitly has an 'any' type.
generated/prisma/runtime/wasm-compiler-edge.js(10,17386): error TS7006: Parameter 'r' implicitly has an 'any' type.
generated/prisma/runtime/wasm-compiler-edge.js(10,17553): error TS7006: Parameter 'e' implicitly has an 'any' type.
generated/prisma/runtime/wasm-compiler-edge.js(10,17555): error TS7006: Parameter 't' implicitly has an 'any' type.
generated/prisma/runtime/wasm-compiler-edge.js(10,17731): error TS7006: Parameter 'e' implicitly has an 'any' type.
generated/prisma/runtime/wasm-compiler-edge.js(10,17733): error TS7006: Parameter 't' implicitly has an 'any' type.
generated/prisma/runtime/wasm-compiler-edge.js(10,17826): error TS7006: Parameter 'i' implicitly has an 'any' type.
generated/prisma/runtime/wasm-compiler-edge.js(10,17839): error TS7006: Parameter 'a' implicitly has an 'any' type.
generated/prisma/runtime/wasm-compiler-edge.js(10,17842): error TS7006: Parameter 'd' implicitly has an 'any' type.
generated/prisma/runtime/wasm-compiler-edge.js(10,17901): error TS7006: Parameter 'P' implicitly has an 'any' type.
generated/prisma/runtime/wasm-compiler-edge.js(10,18141): error TS7006: Parameter 'e' implicitly has an 'any' type.
generated/prisma/runtime/wasm-compiler-edge.js(10,18178): error TS7006: Parameter 'e' implicitly has an 'any' type.
generated/prisma/runtime/wasm-compiler-edge.js(10,18180): error TS7006: Parameter 't' implicitly has an 'any' type.
generated/prisma/runtime/wasm-compiler-edge.js(10,18296): error TS7006: Parameter 'e' implicitly has an 'any' type.
generated/prisma/runtime/wasm-compiler-edge.js(10,18321): error TS7006: Parameter 't' implicitly has an 'any' type.
generated/prisma/runtime/wasm-compiler-edge.js(10,18369): error TS7006: Parameter 'e' implicitly has an 'any' type.
generated/prisma/runtime/wasm-compiler-edge.js(10,18525): error TS7006: Parameter 'e' implicitly has an 'any' type.
generated/prisma/runtime/wasm-compiler-edge.js(10,18665): error TS7006: Parameter 'n' implicitly has an 'any' type.
generated/prisma/runtime/wasm-compiler-edge.js(10,18694): error TS7006: Parameter 'e' implicitly has an 'any' type.
generated/prisma/runtime/wasm-compiler-edge.js(10,18831): error TS7006: Parameter 'i' implicitly has an 'any' type.
generated/prisma/runtime/wasm-compiler-edge.js(10,18983): error TS7006: Parameter 'i' implicitly has an 'any' type.
generated/prisma/runtime/wasm-compiler-edge.js(10,19041): error TS7006: Parameter 'e' implicitly has an 'any' type.
generated/prisma/runtime/wasm-compiler-edge.js(10,19077): error TS7006: Parameter 'e' implicitly has an 'any' type.
generated/prisma/runtime/wasm-compiler-edge.js(10,19113): error TS2683: 'this' implicitly has type 'any' because it does not have a type annotation.
generated/prisma/runtime/wasm-compiler-edge.js(10,19139): error TS2683: 'this' implicitly has type 'any' because it does not have a type annotation.
generated/prisma/runtime/wasm-compiler-edge.js(10,19180): error TS2683: 'this' implicitly has type 'any' because it does not have a type annotation.
generated/prisma/runtime/wasm-compiler-edge.js(10,19230): error TS2683: 'this' implicitly has type 'any' because it does not have a type annotation.
generated/prisma/runtime/wasm-compiler-edge.js(10,19346): error TS7031: Binding element 'e' implicitly has an 'any' type.
generated/prisma/runtime/wasm-compiler-edge.js(10,19358): error TS7031: Binding element 't' implicitly has an 'any' type.
generated/prisma/runtime/wasm-compiler-edge.js(10,19367): error TS7031: Binding element 'r' implicitly has an 'any' type.
generated/prisma/runtime/wasm-compiler-edge.js(10,19374): error TS7031: Binding element 'n' implicitly has an 'any' type.
generated/prisma/runtime/wasm-compiler-edge.js(10,19387): error TS7031: Binding element 'i' implicitly has an 'any' type.
generated/prisma/runtime/wasm-compiler-edge.js(10,19442): error TS7034: Variable 's' implicitly has type 'any[]' in some locations where its type cannot be determined.
generated/prisma/runtime/wasm-compiler-edge.js(10,19532): error TS7006: Parameter 'P' implicitly has an 'any' type.
generated/prisma/runtime/wasm-compiler-edge.js(10,19622): error TS7006: Parameter 'P' implicitly has an 'any' type.
generated/prisma/runtime/wasm-compiler-edge.js(10,19690): error TS7005: Variable 's' implicitly has an 'any[]' type.
generated/prisma/runtime/wasm-compiler-edge.js(10,19757): error TS7006: Parameter 'e' implicitly has an 'any' type.
generated/prisma/runtime/wasm-compiler-edge.js(10,19759): error TS7006: Parameter 't' implicitly has an 'any' type.
generated/prisma/runtime/wasm-compiler-edge.js(10,19777): error TS7006: Parameter 'r' implicitly has an 'any' type.
generated/prisma/runtime/wasm-compiler-edge.js(10,19801): error TS7006: Parameter 'e' implicitly has an 'any' type.
generated/prisma/runtime/wasm-compiler-edge.js(10,19803): error TS7006: Parameter 't' implicitly has an 'any' type.
generated/prisma/runtime/wasm-compiler-edge.js(10,19886): error TS7031: Binding element 'e' implicitly has an 'any' type.
generated/prisma/runtime/wasm-compiler-edge.js(10,19895): error TS7031: Binding element 't' implicitly has an 'any' type.
generated/prisma/runtime/wasm-compiler-edge.js(10,19902): error TS7031: Binding element 'r' implicitly has an 'any' type.
generated/prisma/runtime/wasm-compiler-edge.js(10,19921): error TS7031: Binding element 'n' implicitly has an 'any' type.
generated/prisma/runtime/wasm-compiler-edge.js(10,19933): error TS7031: Binding element 'i' implicitly has an 'any' type.
generated/prisma/runtime/wasm-compiler-edge.js(10,20317): error TS7031: Binding element 'e' implicitly has an 'any' type.
generated/prisma/runtime/wasm-compiler-edge.js(10,20326): error TS7031: Binding element 't' implicitly has an 'any' type.
generated/prisma/runtime/wasm-compiler-edge.js(10,20344): error TS7031: Binding element 'r' implicitly has an 'any' type.
generated/prisma/runtime/wasm-compiler-edge.js(10,20363): error TS7031: Binding element 'n' implicitly has an 'any' type.
generated/prisma/runtime/wasm-compiler-edge.js(10,20373): error TS7031: Binding element 'i' implicitly has an 'any' type.
generated/prisma/runtime/wasm-compiler-edge.js(10,20475): error TS7006: Parameter 'P' implicitly has an 'any' type.
generated/prisma/runtime/wasm-compiler-edge.js(10,20668): error TS7031: Binding element 'e' implicitly has an 'any' type.
generated/prisma/runtime/wasm-compiler-edge.js(10,20680): error TS7031: Binding element 't' implicitly has an 'any' type.
generated/prisma/runtime/wasm-compiler-edge.js(10,20687): error TS7031: Binding element 'r' implicitly has an 'any' type.
generated/prisma/runtime/wasm-compiler-edge.js(10,20700): error TS7031: Binding element 'n' implicitly has an 'any' type.
generated/prisma/runtime/wasm-compiler-edge.js(10,20719): error TS7031: Binding element 'i' implicitly has an 'any' type.
generated/prisma/runtime/wasm-compiler-edge.js(10,20732): error TS7031: Binding element 'o' implicitly has an 'any' type.
generated/prisma/runtime/wasm-compiler-edge.js(10,20864): error TS7006: Parameter 'a' implicitly has an 'any' type.
generated/prisma/runtime/wasm-compiler-edge.js(10,20866): error TS7006: Parameter 'd' implicitly has an 'any' type.
generated/prisma/runtime/wasm-compiler-edge.js(10,20868): error TS7006: Parameter 'f' implicitly has an 'any' type.
generated/prisma/runtime/wasm-compiler-edge.js(10,21185): error TS7006: Parameter 'e' implicitly has an 'any' type.
generated/prisma/runtime/wasm-compiler-edge.js(10,21354): error TS7053: Element implicitly has an 'any' type because expression of type 'string' can't be used to index type '{}'.
  No index signature with a parameter of type 'string' was found on type '{}'.
generated/prisma/runtime/wasm-compiler-edge.js(10,21389): error TS7006: Parameter 'e' implicitly has an 'any' type.
generated/prisma/runtime/wasm-compiler-edge.js(10,21442): error TS7006: Parameter 'e' implicitly has an 'any' type.
generated/prisma/runtime/wasm-compiler-edge.js(10,21487): error TS7006: Parameter 'e' implicitly has an 'any' type.
generated/prisma/runtime/wasm-compiler-edge.js(10,21677): error TS2339: Property 'slice' does not exist on type 'ArrayBufferView<ArrayBufferLike>'.
generated/prisma/runtime/wasm-compiler-edge.js(10,21916): error TS7053: Element implicitly has an 'any' type because expression of type 'string' can't be used to index type '{}'.
  No index signature with a parameter of type 'string' was found on type '{}'.
generated/prisma/runtime/wasm-compiler-edge.js(10,21973): error TS7006: Parameter 'e' implicitly has an 'any' type.
generated/prisma/runtime/wasm-compiler-edge.js(10,21975): error TS7006: Parameter 't' implicitly has an 'any' type.
generated/prisma/runtime/wasm-compiler-edge.js(10,21977): error TS7006: Parameter 'r' implicitly has an 'any' type.
generated/prisma/runtime/wasm-compiler-edge.js(10,22014): error TS7006: Parameter 'i' implicitly has an 'any' type.
generated/prisma/runtime/wasm-compiler-edge.js(10,22301): error TS7006: Parameter 's' implicitly has an 'any' type.
generated/prisma/runtime/wasm-compiler-edge.js(10,22417): error TS7006: Parameter 'e' implicitly has an 'any' type.
generated/prisma/runtime/wasm-compiler-edge.js(10,22419): error TS7006: Parameter 't' implicitly has an 'any' type.
generated/prisma/runtime/wasm-compiler-edge.js(10,22614): error TS7006: Parameter 'e' implicitly has an 'any' type.
generated/prisma/runtime/wasm-compiler-edge.js(10,22624): error TS7006: Parameter 't' implicitly has an 'any' type.
generated/prisma/runtime/wasm-compiler-edge.js(10,22739): error TS7006: Parameter 'e' implicitly has an 'any' type.
generated/prisma/runtime/wasm-compiler-edge.js(10,22741): error TS7006: Parameter 't' implicitly has an 'any' type.
generated/prisma/runtime/wasm-compiler-edge.js(10,22743): error TS7006: Parameter 'r' implicitly has an 'any' type.
generated/prisma/runtime/wasm-compiler-edge.js(10,22745): error TS7006: Parameter 'n' implicitly has an 'any' type.
generated/prisma/runtime/wasm-compiler-edge.js(10,22875): error TS7006: Parameter 's' implicitly has an 'any' type.
generated/prisma/runtime/wasm-compiler-edge.js(10,23037): error TS7006: Parameter 's' implicitly has an 'any' type.
generated/prisma/runtime/wasm-compiler-edge.js(10,23135): error TS7006: Parameter 'e' implicitly has an 'any' type.
generated/prisma/runtime/wasm-compiler-edge.js(10,23170): error TS7006: Parameter 'r' implicitly has an 'any' type.
generated/prisma/runtime/wasm-compiler-edge.js(10,23426): error TS7006: Parameter 'e' implicitly has an 'any' type.
generated/prisma/runtime/wasm-compiler-edge.js(10,23428): error TS7006: Parameter 't' implicitly has an 'any' type.
generated/prisma/runtime/wasm-compiler-edge.js(10,23459): error TS7023: 'Gn' implicitly has return type 'any' because it does not have a return type annotation and is referenced directly or indirectly in one of its return expressions.
generated/prisma/runtime/wasm-compiler-edge.js(10,23462): error TS7006: Parameter 'e' implicitly has an 'any' type.
generated/prisma/runtime/wasm-compiler-edge.js(10,23464): error TS7006: Parameter 't' implicitly has an 'any' type.
generated/prisma/runtime/wasm-compiler-edge.js(10,23639): error TS7006: Parameter 'e' implicitly has an 'any' type.
generated/prisma/runtime/wasm-compiler-edge.js(10,23641): error TS7006: Parameter 't' implicitly has an 'any' type.
generated/prisma/runtime/wasm-compiler-edge.js(10,24298): error TS7006: Parameter 'e' implicitly has an 'any' type.
generated/prisma/runtime/wasm-compiler-edge.js(10,24410): error TS7006: Parameter 'e' implicitly has an 'any' type.
generated/prisma/runtime/wasm-compiler-edge.js(10,24420): error TS7005: Variable 'y' implicitly has an 'any' type.
generated/prisma/runtime/wasm-compiler-edge.js(10,24460): error TS7005: Variable 'y' implicitly has an 'any' type.
generated/prisma/runtime/wasm-compiler-edge.js(10,24522): error TS7005: Variable 'y' implicitly has an 'any' type.
generated/prisma/runtime/wasm-compiler-edge.js(10,24560): error TS7006: Parameter 'e' implicitly has an 'any' type.
generated/prisma/runtime/wasm-compiler-edge.js(10,24660): error TS7006: Parameter 'e' implicitly has an 'any' type.
generated/prisma/runtime/wasm-compiler-edge.js(10,24759): error TS7006: Parameter 'e' implicitly has an 'any' type.
generated/prisma/runtime/wasm-compiler-edge.js(10,24838): error TS7006: Parameter 'e' implicitly has an 'any' type.
generated/prisma/runtime/wasm-compiler-edge.js(10,24926): error TS7005: Variable 'y' implicitly has an 'any' type.
generated/prisma/runtime/wasm-compiler-edge.js(10,25003): error TS7006: Parameter 'e' implicitly has an 'any' type.
generated/prisma/runtime/wasm-compiler-edge.js(10,25080): error TS7006: Parameter 'e' implicitly has an 'any' type.
generated/prisma/runtime/wasm-compiler-edge.js(10,25082): error TS7006: Parameter 't' implicitly has an 'any' type.
generated/prisma/runtime/wasm-compiler-edge.js(10,25122): error TS7053: Element implicitly has an 'any' type because expression of type 'string' can't be used to index type '{}'.
  No index signature with a parameter of type 'string' was found on type '{}'.
generated/prisma/runtime/wasm-compiler-edge.js(10,25155): error TS7023: 'De' implicitly has return type 'any' because it does not have a return type annotation and is referenced directly or indirectly in one of its return expressions.
generated/prisma/runtime/wasm-compiler-edge.js(10,25158): error TS7006: Parameter 'e' implicitly has an 'any' type.
generated/prisma/runtime/wasm-compiler-edge.js(10,25321): error TS7031: Binding element 'e' implicitly has an 'any' type.
generated/prisma/runtime/wasm-compiler-edge.js(10,25329): error TS7031: Binding element 't' implicitly has an 'any' type.
generated/prisma/runtime/wasm-compiler-edge.js(10,25426): error TS7005: Variable 'y' implicitly has an 'any' type.
generated/prisma/runtime/wasm-compiler-edge.js(10,25688): error TS7006: Parameter 'e' implicitly has an 'any' type.
generated/prisma/runtime/wasm-compiler-edge.js(10,26225): error TS7006: Parameter 't' implicitly has an 'any' type.
generated/prisma/runtime/wasm-compiler-edge.js(10,26227): error TS7006: Parameter 'r' implicitly has an 'any' type.
generated/prisma/runtime/wasm-compiler-edge.js(10,26229): error TS7006: Parameter 'n' implicitly has an 'any' type.
generated/prisma/runtime/wasm-compiler-edge.js(10,26428): error TS7006: Parameter 'e' implicitly has an 'any' type.
generated/prisma/runtime/wasm-compiler-edge.js(10,26529): error TS7006: Parameter 'e' implicitly has an 'any' type.
generated/prisma/runtime/wasm-compiler-edge.js(10,26705): error TS7006: Parameter 'e' implicitly has an 'any' type.
generated/prisma/runtime/wasm-compiler-edge.js(10,27809): error TS7006: Parameter 'e' implicitly has an 'any' type.
generated/prisma/runtime/wasm-compiler-edge.js(10,30618): error TS7006: Parameter 'e' implicitly has an 'any' type.
generated/prisma/runtime/wasm-compiler-edge.js(10,30669): error TS7006: Parameter 't' implicitly has an 'any' type.
generated/prisma/runtime/wasm-compiler-edge.js(10,30806): error TS7006: Parameter 'e' implicitly has an 'any' type.
generated/prisma/runtime/wasm-compiler-edge.js(10,30808): error TS7006: Parameter 't' implicitly has an 'any' type.
generated/prisma/runtime/wasm-compiler-edge.js(10,30823): error TS7006: Parameter 'i' implicitly has an 'any' type.
generated/prisma/runtime/wasm-compiler-edge.js(10,30841): error TS7006: Parameter 'o' implicitly has an 'any' type.
generated/prisma/runtime/wasm-compiler-edge.js(10,30843): error TS7006: Parameter 's' implicitly has an 'any' type.
generated/prisma/runtime/wasm-compiler-edge.js(10,30922): error TS7006: Parameter 'i' implicitly has an 'any' type.
generated/prisma/runtime/wasm-compiler-edge.js(10,30944): error TS7006: Parameter 's' implicitly has an 'any' type.
generated/prisma/runtime/wasm-compiler-edge.js(10,31315): error TS7006: Parameter 't' implicitly has an 'any' type.
generated/prisma/runtime/wasm-compiler-edge.js(10,31317): error TS7006: Parameter 'r' implicitly has an 'any' type.
generated/prisma/runtime/wasm-compiler-edge.js(10,31353): error TS7006: Parameter 'e' implicitly has an 'any' type.
generated/prisma/runtime/wasm-compiler-edge.js(10,31355): error TS7006: Parameter 't' implicitly has an 'any' type.
generated/prisma/runtime/wasm-compiler-edge.js(10,31357): error TS7006: Parameter 'r' implicitly has an 'any' type.
generated/prisma/runtime/wasm-compiler-edge.js(10,31670): error TS7006: Parameter 'e' implicitly has an 'any' type.
generated/prisma/runtime/wasm-compiler-edge.js(10,31672): error TS7006: Parameter 't' implicitly has an 'any' type.
generated/prisma/runtime/wasm-compiler-edge.js(10,31674): error TS7006: Parameter 'r' implicitly has an 'any' type.
generated/prisma/runtime/wasm-compiler-edge.js(10,31676): error TS7006: Parameter 'n' implicitly has an 'any' type.
generated/prisma/runtime/wasm-compiler-edge.js(10,32070): error TS7006: Parameter 'e' implicitly has an 'any' type.
generated/prisma/runtime/wasm-compiler-edge.js(10,32072): error TS7006: Parameter 't' implicitly has an 'any' type.
generated/prisma/runtime/wasm-compiler-edge.js(10,32074): error TS7006: Parameter 'r' implicitly has an 'any' type.
generated/prisma/runtime/wasm-compiler-edge.js(10,32547): error TS7053: Element implicitly has an 'any' type because expression of type 'string' can't be used to index type '{}'.
  No index signature with a parameter of type 'string' was found on type '{}'.
generated/prisma/runtime/wasm-compiler-edge.js(10,32637): error TS7053: Element implicitly has an 'any' type because expression of type 'string' can't be used to index type '{}'.
  No index signature with a parameter of type 'string' was found on type '{}'.
generated/prisma/runtime/wasm-compiler-edge.js(10,32876): error TS7006: Parameter 'e' implicitly has an 'any' type.
generated/prisma/runtime/wasm-compiler-edge.js(10,32878): error TS7006: Parameter 't' implicitly has an 'any' type.
generated/prisma/runtime/wasm-compiler-edge.js(10,32880): error TS7006: Parameter 'r' implicitly has an 'any' type.
generated/prisma/runtime/wasm-compiler-edge.js(10,32882): error TS7006: Parameter 'n' implicitly has an 'any' type.
generated/prisma/runtime/wasm-compiler-edge.js(10,32950): error TS7006: Parameter 'o' implicitly has an 'any' type.
generated/prisma/runtime/wasm-compiler-edge.js(10,32952): error TS7006: Parameter 's' implicitly has an 'any' type.
generated/prisma/runtime/wasm-compiler-edge.js(10,33004): error TS7006: Parameter 'e' implicitly has an 'any' type.
generated/prisma/runtime/wasm-compiler-edge.js(10,33006): error TS7006: Parameter 't' implicitly has an 'any' type.
generated/prisma/runtime/wasm-compiler-edge.js(10,33008): error TS7006: Parameter 'r' implicitly has an 'any' type.
generated/prisma/runtime/wasm-compiler-edge.js(10,33010): error TS7006: Parameter 'n' implicitly has an 'any' type.
generated/prisma/runtime/wasm-compiler-edge.js(10,35403): error TS7005: Variable 'y' implicitly has an 'any' type.
generated/prisma/runtime/wasm-compiler-edge.js(10,35507): error TS7005: Variable 'y' implicitly has an 'any' type.
generated/prisma/runtime/wasm-compiler-edge.js(10,35591): error TS7005: Variable 'y' implicitly has an 'any' type.
generated/prisma/runtime/wasm-compiler-edge.js(10,36090): error TS7006: Parameter 'e' implicitly has an 'any' type.
generated/prisma/runtime/wasm-compiler-edge.js(10,36405): error TS7006: Parameter 'e' implicitly has an 'any' type.
generated/prisma/runtime/wasm-compiler-edge.js(10,36636): error TS7006: Parameter 'e' implicitly has an 'any' type.
generated/prisma/runtime/wasm-compiler-edge.js(10,36638): error TS7006: Parameter 't' implicitly has an 'any' type.
generated/prisma/runtime/wasm-compiler-edge.js(10,36723): error TS7053: Element implicitly has an 'any' type because expression of type 'string' can't be used to index type '{}'.
  No index signature with a parameter of type 'string' was found on type '{}'.
generated/prisma/runtime/wasm-compiler-edge.js(10,36752): error TS7006: Parameter 'e' implicitly has an 'any' type.
generated/prisma/runtime/wasm-compiler-edge.js(10,36754): error TS7006: Parameter 't' implicitly has an 'any' type.
generated/prisma/runtime/wasm-compiler-edge.js(10,36796): error TS7006: Parameter 'e' implicitly has an 'any' type.
generated/prisma/runtime/wasm-compiler-edge.js(10,36798): error TS7006: Parameter 't' implicitly has an 'any' type.
generated/prisma/runtime/wasm-compiler-edge.js(10,36888): error TS7034: Variable 'Gt' implicitly has type 'any' in some locations where its type cannot be determined.
generated/prisma/runtime/wasm-compiler-edge.js(10,36904): error TS7053: Element implicitly has an 'any' type because expression of type '0' can't be used to index type '{}'.
  Property '0' does not exist on type '{}'.
generated/prisma/runtime/wasm-compiler-edge.js(10,36908): error TS2339: Property 'INTERNAL' does not exist on type '{}'.
generated/prisma/runtime/wasm-compiler-edge.js(10,36931): error TS7053: Element implicitly has an 'any' type because expression of type '1' can't be used to index type '{}'.
  Property '1' does not exist on type '{}'.
generated/prisma/runtime/wasm-compiler-edge.js(10,36935): error TS2339: Property 'SERVER' does not exist on type '{}'.
generated/prisma/runtime/wasm-compiler-edge.js(10,36954): error TS7053: Element implicitly has an 'any' type because expression of type '2' can't be used to index type '{}'.
  Property '2' does not exist on type '{}'.
generated/prisma/runtime/wasm-compiler-edge.js(10,36958): error TS2339: Property 'CLIENT' does not exist on type '{}'.
generated/prisma/runtime/wasm-compiler-edge.js(10,36977): error TS7053: Element implicitly has an 'any' type because expression of type '3' can't be used to index type '{}'.
  Property '3' does not exist on type '{}'.
generated/prisma/runtime/wasm-compiler-edge.js(10,36981): error TS2339: Property 'PRODUCER' does not exist on type '{}'.
generated/prisma/runtime/wasm-compiler-edge.js(10,37004): error TS7053: Element implicitly has an 'any' type because expression of type '4' can't be used to index type '{}'.
  Property '4' does not exist on type '{}'.
generated/prisma/runtime/wasm-compiler-edge.js(10,37008): error TS2339: Property 'CONSUMER' does not exist on type '{}'.
generated/prisma/runtime/wasm-compiler-edge.js(10,37058): error TS7006: Parameter 'e' implicitly has an 'any' type.
generated/prisma/runtime/wasm-compiler-edge.js(10,37304): error TS7031: Binding element 'e' implicitly has an 'any' type.
generated/prisma/runtime/wasm-compiler-edge.js(10,37320): error TS7031: Binding element 't' implicitly has an 'any' type.
generated/prisma/runtime/wasm-compiler-edge.js(10,37331): error TS7031: Binding element 'r' implicitly has an 'any' type.
generated/prisma/runtime/wasm-compiler-edge.js(10,37341): error TS7031: Binding element 'n' implicitly has an 'any' type.
generated/prisma/runtime/wasm-compiler-edge.js(10,37351): error TS7031: Binding element 'i' implicitly has an 'any' type.
generated/prisma/runtime/wasm-compiler-edge.js(10,37407): error TS7005: Variable 'Gt' implicitly has an 'any' type.
generated/prisma/runtime/wasm-compiler-edge.js(10,37503): error TS7005: Variable 'w' implicitly has an 'any' type.
generated/prisma/runtime/wasm-compiler-edge.js(10,37525): error TS7005: Variable 'w' implicitly has an 'any' type.
generated/prisma/runtime/wasm-compiler-edge.js(10,37694): error TS7006: Parameter 'e' implicitly has an 'any' type.
generated/prisma/runtime/wasm-compiler-edge.js(10,37696): error TS7006: Parameter 't' implicitly has an 'any' type.
generated/prisma/runtime/wasm-compiler-edge.js(10,37825): error TS7005: Variable 'g' implicitly has an 'any' type.
generated/prisma/runtime/wasm-compiler-edge.js(10,37855): error TS7005: Variable 'g' implicitly has an 'any' type.
generated/prisma/runtime/wasm-compiler-edge.js(10,37902): error TS18048: 'g' is possibly 'undefined'.
generated/prisma/runtime/wasm-compiler-edge.js(10,37981): error TS7006: Parameter 'e' implicitly has an 'any' type.
generated/prisma/runtime/wasm-compiler-edge.js(10,37983): error TS7006: Parameter 't' implicitly has an 'any' type.
generated/prisma/runtime/wasm-compiler-edge.js(10,38116): error TS7006: Parameter 'e' implicitly has an 'any' type.
generated/prisma/runtime/wasm-compiler-edge.js(10,38187): error TS7006: Parameter 'e' implicitly has an 'any' type.
generated/prisma/runtime/wasm-compiler-edge.js(10,38637): error TS7034: Variable 'We' implicitly has type 'any' in some locations where its type cannot be determined.
generated/prisma/runtime/wasm-compiler-edge.js(10,38640): error TS7034: Variable 'xt' implicitly has type 'any' in some locations where its type cannot be determined.
generated/prisma/runtime/wasm-compiler-edge.js(10,38655): error TS7006: Parameter 'e' implicitly has an 'any' type.
generated/prisma/runtime/wasm-compiler-edge.js(10,38659): error TS7005: Variable 'We' implicitly has an 'any' type.
generated/prisma/runtime/wasm-compiler-edge.js(10,38679): error TS7005: Variable 'y' implicitly has an 'any' type.
generated/prisma/runtime/wasm-compiler-edge.js(10,38699): error TS7005: Variable 'kt' implicitly has an 'any' type.
generated/prisma/runtime/wasm-compiler-edge.js(10,38728): error TS7005: Variable 'xt' implicitly has an 'any' type.
generated/prisma/runtime/wasm-compiler-edge.js(10,38745): error TS7005: Variable 'kt' implicitly has an 'any' type.
generated/prisma/runtime/wasm-compiler-edge.js(10,38774): error TS7005: Variable 'xt' implicitly has an 'any' type.
generated/prisma/runtime/wasm-compiler-edge.js(10,38826): error TS7005: Variable 'xt' implicitly has an 'any' type.
generated/prisma/runtime/wasm-compiler-edge.js(10,38833): error TS7005: Variable 'xt' implicitly has an 'any' type.
generated/prisma/runtime/wasm-compiler-edge.js(10,38846): error TS7005: Variable 'We' implicitly has an 'any' type.
generated/prisma/runtime/wasm-compiler-edge.js(10,38976): error TS7034: Variable 'Ge' implicitly has type 'any' in some locations where its type cannot be determined.
generated/prisma/runtime/wasm-compiler-edge.js(10,38994): error TS2339: Property 'Base32IncorrectEncoding' does not exist on type '{}'.
generated/prisma/runtime/wasm-compiler-edge.js(10,39038): error TS2339: Property 'DecodeTimeInvalidCharacter' does not exist on type '{}'.
generated/prisma/runtime/wasm-compiler-edge.js(10,39083): error TS2339: Property 'DecodeTimeValueMalformed' does not exist on type '{}'.
generated/prisma/runtime/wasm-compiler-edge.js(10,39131): error TS2339: Property 'EncodeTimeNegative' does not exist on type '{}'.
generated/prisma/runtime/wasm-compiler-edge.js(10,39167): error TS2339: Property 'EncodeTimeSizeExceeded' does not exist on type '{}'.
generated/prisma/runtime/wasm-compiler-edge.js(10,39215): error TS2339: Property 'EncodeTimeValueMalformed' does not exist on type '{}'.
generated/prisma/runtime/wasm-compiler-edge.js(10,39263): error TS2339: Property 'PRNGDetectFailure' does not exist on type '{}'.
generated/prisma/runtime/wasm-compiler-edge.js(10,39297): error TS2339: Property 'ULIDInvalid' does not exist on type '{}'.
generated/prisma/runtime/wasm-compiler-edge.js(10,39326): error TS2339: Property 'Unexpected' does not exist on type '{}'.
generated/prisma/runtime/wasm-compiler-edge.js(10,39352): error TS2339: Property 'UUIDInvalid' does not exist on type '{}'.
generated/prisma/runtime/wasm-compiler-edge.js(10,39433): error TS7006: Parameter 't' implicitly has an 'any' type.
generated/prisma/runtime/wasm-compiler-edge.js(10,39435): error TS7006: Parameter 'r' implicitly has an 'any' type.
generated/prisma/runtime/wasm-compiler-edge.js(10,39507): error TS7006: Parameter 'e' implicitly has an 'any' type.
generated/prisma/runtime/wasm-compiler-edge.js(10,39584): error TS7006: Parameter 'e' implicitly has an 'any' type.
generated/prisma/runtime/wasm-compiler-edge.js(10,39616): error TS7017: Element implicitly has an 'any' type because type 'typeof globalThis' has no index signature.
generated/prisma/runtime/wasm-compiler-edge.js(10,39635): error TS7005: Variable 'rt' implicitly has an 'any' type.
generated/prisma/runtime/wasm-compiler-edge.js(10,39642): error TS7005: Variable 'rt' implicitly has an 'any' type.
generated/prisma/runtime/wasm-compiler-edge.js(10,39755): error TS2532: Object is possibly 'undefined'.
generated/prisma/runtime/wasm-compiler-edge.js(10,39848): error TS7005: Variable 'rt' implicitly has an 'any' type.
generated/prisma/runtime/wasm-compiler-edge.js(10,39874): error TS7005: Variable 'rt' implicitly has an 'any' type.
generated/prisma/runtime/wasm-compiler-edge.js(10,39921): error TS7005: Variable 'Ge' implicitly has an 'any' type.
generated/prisma/runtime/wasm-compiler-edge.js(10,40105): error TS7006: Parameter 'e' implicitly has an 'any' type.
generated/prisma/runtime/wasm-compiler-edge.js(10,40107): error TS7006: Parameter 't' implicitly has an 'any' type.
generated/prisma/runtime/wasm-compiler-edge.js(10,40163): error TS7006: Parameter 'e' implicitly has an 'any' type.
generated/prisma/runtime/wasm-compiler-edge.js(10,40196): error TS7005: Variable 'Ge' implicitly has an 'any' type.
generated/prisma/runtime/wasm-compiler-edge.js(10,40276): error TS7005: Variable 'Ge' implicitly has an 'any' type.
generated/prisma/runtime/wasm-compiler-edge.js(10,40370): error TS7005: Variable 'Ge' implicitly has an 'any' type.
generated/prisma/runtime/wasm-compiler-edge.js(10,40464): error TS7005: Variable 'Ge' implicitly has an 'any' type.
generated/prisma/runtime/wasm-compiler-edge.js(10,40628): error TS2304: Cannot find name 'WorkerGlobalScope'.
generated/prisma/runtime/wasm-compiler-edge.js(10,40667): error TS2304: Cannot find name 'WorkerGlobalScope'.
generated/prisma/runtime/wasm-compiler-edge.js(10,40697): error TS7006: Parameter 'e' implicitly has an 'any' type.
generated/prisma/runtime/wasm-compiler-edge.js(10,40699): error TS7006: Parameter 't' implicitly has an 'any' type.
generated/prisma/runtime/wasm-compiler-edge.js(10,40813): error TS7034: Variable 'Z' implicitly has type 'any[]' in some locations where its type cannot be determined.
generated/prisma/runtime/wasm-compiler-edge.js(10,40890): error TS7006: Parameter 'e' implicitly has an 'any' type.
generated/prisma/runtime/wasm-compiler-edge.js(10,40904): error TS7005: Variable 'Z' implicitly has an 'any[]' type.
generated/prisma/runtime/wasm-compiler-edge.js(10,40914): error TS7005: Variable 'Z' implicitly has an 'any[]' type.
generated/prisma/runtime/wasm-compiler-edge.js(10,40924): error TS7005: Variable 'Z' implicitly has an 'any[]' type.
generated/prisma/runtime/wasm-compiler-edge.js(10,40934): error TS7005: Variable 'Z' implicitly has an 'any[]' type.
generated/prisma/runtime/wasm-compiler-edge.js(10,40948): error TS7005: Variable 'Z' implicitly has an 'any[]' type.
generated/prisma/runtime/wasm-compiler-edge.js(10,40958): error TS7005: Variable 'Z' implicitly has an 'any[]' type.
generated/prisma/runtime/wasm-compiler-edge.js(10,40972): error TS7005: Variable 'Z' implicitly has an 'any[]' type.
generated/prisma/runtime/wasm-compiler-edge.js(10,40982): error TS7005: Variable 'Z' implicitly has an 'any[]' type.
generated/prisma/runtime/wasm-compiler-edge.js(10,40996): error TS7005: Variable 'Z' implicitly has an 'any[]' type.
generated/prisma/runtime/wasm-compiler-edge.js(10,41006): error TS7005: Variable 'Z' implicitly has an 'any[]' type.
generated/prisma/runtime/wasm-compiler-edge.js(10,41020): error TS7005: Variable 'Z' implicitly has an 'any[]' type.
generated/prisma/runtime/wasm-compiler-edge.js(10,41031): error TS7005: Variable 'Z' implicitly has an 'any[]' type.
generated/prisma/runtime/wasm-compiler-edge.js(10,41042): error TS7005: Variable 'Z' implicitly has an 'any[]' type.
generated/prisma/runtime/wasm-compiler-edge.js(10,41053): error TS7005: Variable 'Z' implicitly has an 'any[]' type.
generated/prisma/runtime/wasm-compiler-edge.js(10,41064): error TS7005: Variable 'Z' implicitly has an 'any[]' type.
generated/prisma/runtime/wasm-compiler-edge.js(10,41075): error TS7005: Variable 'Z' implicitly has an 'any[]' type.
generated/prisma/runtime/wasm-compiler-edge.js(10,41318): error TS7006: Parameter 'e' implicitly has an 'any' type.
generated/prisma/runtime/wasm-compiler-edge.js(10,41320): error TS7006: Parameter 't' implicitly has an 'any' type.
generated/prisma/runtime/wasm-compiler-edge.js(10,41322): error TS7006: Parameter 'r' implicitly has an 'any' type.
generated/prisma/runtime/wasm-compiler-edge.js(10,41733): error TS7006: Parameter 'e' implicitly has an 'any' type.
generated/prisma/runtime/wasm-compiler-edge.js(10,41735): error TS7006: Parameter 't' implicitly has an 'any' type.
generated/prisma/runtime/wasm-compiler-edge.js(10,41737): error TS7006: Parameter 'r' implicitly has an 'any' type.
generated/prisma/runtime/wasm-compiler-edge.js(10,41851): error TS2339: Property 'msecs' does not exist on type '{}'.
generated/prisma/runtime/wasm-compiler-edge.js(10,41860): error TS2339: Property 'seq' does not exist on type '{}'.
generated/prisma/runtime/wasm-compiler-edge.js(10,41897): error TS7006: Parameter 'e' implicitly has an 'any' type.
generated/prisma/runtime/wasm-compiler-edge.js(10,41899): error TS7006: Parameter 't' implicitly has an 'any' type.
generated/prisma/runtime/wasm-compiler-edge.js(10,41901): error TS7006: Parameter 'r' implicitly has an 'any' type.
generated/prisma/runtime/wasm-compiler-edge.js(10,42048): error TS7006: Parameter 'e' implicitly has an 'any' type.
generated/prisma/runtime/wasm-compiler-edge.js(10,42050): error TS7006: Parameter 't' implicitly has an 'any' type.
generated/prisma/runtime/wasm-compiler-edge.js(10,42052): error TS7006: Parameter 'r' implicitly has an 'any' type.
generated/prisma/runtime/wasm-compiler-edge.js(10,42054): error TS7006: Parameter 'n' implicitly has an 'any' type.
generated/prisma/runtime/wasm-compiler-edge.js(10,42879): error TS7006: Parameter 't' implicitly has an 'any' type.
generated/prisma/runtime/wasm-compiler-edge.js(10,42881): error TS7006: Parameter 'r' implicitly has an 'any' type.
generated/prisma/runtime/wasm-compiler-edge.js(10,42884): error TS7053: Element implicitly has an 'any' type because expression of type 'any' can't be used to index type '{}'.
generated/prisma/runtime/wasm-compiler-edge.js(10,42980): error TS7006: Parameter 't' implicitly has an 'any' type.
generated/prisma/runtime/wasm-compiler-edge.js(10,43097): error TS7006: Parameter 't' implicitly has an 'any' type.
generated/prisma/runtime/wasm-compiler-edge.js(10,43260): error TS7006: Parameter 't' implicitly has an 'any' type.
generated/prisma/runtime/wasm-compiler-edge.js(10,43398): error TS7006: Parameter 't' implicitly has an 'any' type.
generated/prisma/runtime/wasm-compiler-edge.js(10,43400): error TS7006: Parameter 'r' implicitly has an 'any' type.
generated/prisma/runtime/wasm-compiler-edge.js(10,43661): error TS7023: 'tn' implicitly has return type 'any' because it does not have a return type annotation and is referenced directly or indirectly in one of its return expressions.
generated/prisma/runtime/wasm-compiler-edge.js(10,43664): error TS7006: Parameter 'e' implicitly has an 'any' type.
generated/prisma/runtime/wasm-compiler-edge.js(10,43666): error TS7006: Parameter 't' implicitly has an 'any' type.
generated/prisma/runtime/wasm-compiler-edge.js(10,43770): error TS7006: Parameter 'e' implicitly has an 'any' type.
generated/prisma/runtime/wasm-compiler-edge.js(10,43772): error TS7006: Parameter 't' implicitly has an 'any' type.
generated/prisma/runtime/wasm-compiler-edge.js(10,43923): error TS7006: Parameter 'e' implicitly has an 'any' type.
generated/prisma/runtime/wasm-compiler-edge.js(10,43925): error TS7006: Parameter 't' implicitly has an 'any' type.
generated/prisma/runtime/wasm-compiler-edge.js(10,43998): error TS7006: Parameter 'e' implicitly has an 'any' type.
generated/prisma/runtime/wasm-compiler-edge.js(10,44000): error TS7006: Parameter 't' implicitly has an 'any' type.
generated/prisma/runtime/wasm-compiler-edge.js(10,44234): error TS7006: Parameter 'r' implicitly has an 'any' type.
generated/prisma/runtime/wasm-compiler-edge.js(10,44265): error TS7006: Parameter 'e' implicitly has an 'any' type.
generated/prisma/runtime/wasm-compiler-edge.js(10,44267): error TS7006: Parameter 't' implicitly has an 'any' type.
generated/prisma/runtime/wasm-compiler-edge.js(10,44371): error TS7006: Parameter 'e' implicitly has an 'any' type.
generated/prisma/runtime/wasm-compiler-edge.js(10,44373): error TS7006: Parameter 't' implicitly has an 'any' type.
generated/prisma/runtime/wasm-compiler-edge.js(10,44375): error TS7006: Parameter 'r' implicitly has an 'any' type.
generated/prisma/runtime/wasm-compiler-edge.js(10,44598): error TS7006: Parameter 'e' implicitly has an 'any' type.
generated/prisma/runtime/wasm-compiler-edge.js(10,44608): error TS7031: Binding element 't' implicitly has an 'any' type.
generated/prisma/runtime/wasm-compiler-edge.js(10,44615): error TS7031: Binding element 'r' implicitly has an 'any' type.
generated/prisma/runtime/wasm-compiler-edge.js(10,44622): error TS7031: Binding element 'n' implicitly has an 'any' type.
generated/prisma/runtime/wasm-compiler-edge.js(10,44653): error TS7006: Parameter 'a' implicitly has an 'any' type.
generated/prisma/runtime/wasm-compiler-edge.js(10,44757): error TS7006: Parameter 'e' implicitly has an 'any' type.
generated/prisma/runtime/wasm-compiler-edge.js(10,44759): error TS7006: Parameter 't' implicitly has an 'any' type.
generated/prisma/runtime/wasm-compiler-edge.js(10,44790): error TS7006: Parameter 'r' implicitly has an 'any' type.
generated/prisma/runtime/wasm-compiler-edge.js(10,44852): error TS7006: Parameter 'e' implicitly has an 'any' type.
generated/prisma/runtime/wasm-compiler-edge.js(10,44929): error TS7006: Parameter 'e' implicitly has an 'any' type.
generated/prisma/runtime/wasm-compiler-edge.js(10,45014): error TS7006: Parameter 'e' implicitly has an 'any' type.
generated/prisma/runtime/wasm-compiler-edge.js(10,45016): error TS7006: Parameter 't' implicitly has an 'any' type.
generated/prisma/runtime/wasm-compiler-edge.js(10,45018): error TS7006: Parameter 'r' implicitly has an 'any' type.
generated/prisma/runtime/wasm-compiler-edge.js(10,45020): error TS7006: Parameter 'n' implicitly has an 'any' type.
generated/prisma/runtime/wasm-compiler-edge.js(10,45040): error TS7006: Parameter 'o' implicitly has an 'any' type.
generated/prisma/runtime/wasm-compiler-edge.js(10,45405): error TS7023: 'me' implicitly has return type 'any' because it does not have a return type annotation and is referenced directly or indirectly in one of its return expressions.
generated/prisma/runtime/wasm-compiler-edge.js(10,45408): error TS7006: Parameter 'e' implicitly has an 'any' type.
generated/prisma/runtime/wasm-compiler-edge.js(10,45410): error TS7006: Parameter 't' implicitly has an 'any' type.
generated/prisma/runtime/wasm-compiler-edge.js(10,45412): error TS7006: Parameter 'r' implicitly has an 'any' type.
generated/prisma/runtime/wasm-compiler-edge.js(10,45705): error TS7006: Parameter 's' implicitly has an 'any' type.
generated/prisma/runtime/wasm-compiler-edge.js(10,45806): error TS7024: Function implicitly has return type 'any' because it does not have a return type annotation and is referenced directly or indirectly in one of its return expressions.
generated/prisma/runtime/wasm-compiler-edge.js(10,45835): error TS7006: Parameter 'e' implicitly has an 'any' type.
generated/prisma/runtime/wasm-compiler-edge.js(10,45837): error TS7006: Parameter 't' implicitly has an 'any' type.
generated/prisma/runtime/wasm-compiler-edge.js(10,45839): error TS7006: Parameter 'r' implicitly has an 'any' type.
generated/prisma/runtime/wasm-compiler-edge.js(10,45841): error TS7006: Parameter 'n' implicitly has an 'any' type.
generated/prisma/runtime/wasm-compiler-edge.js(10,46403): error TS7006: Parameter 'e' implicitly has an 'any' type.
generated/prisma/runtime/wasm-compiler-edge.js(10,46405): error TS7006: Parameter 't' implicitly has an 'any' type.
generated/prisma/runtime/wasm-compiler-edge.js(10,46407): error TS7006: Parameter 'r' implicitly has an 'any' type.
generated/prisma/runtime/wasm-compiler-edge.js(10,46675): error TS7006: Parameter 'i' implicitly has an 'any' type.
generated/prisma/runtime/wasm-compiler-edge.js(10,46864): error TS7006: Parameter 'e' implicitly has an 'any' type.
generated/prisma/runtime/wasm-compiler-edge.js(10,46866): error TS7006: Parameter 't' implicitly has an 'any' type.
generated/prisma/runtime/wasm-compiler-edge.js(10,46930): error TS7006: Parameter 'e' implicitly has an 'any' type.
generated/prisma/runtime/wasm-compiler-edge.js(10,46932): error TS7006: Parameter 't' implicitly has an 'any' type.
generated/prisma/runtime/wasm-compiler-edge.js(10,46934): error TS7006: Parameter 'r' implicitly has an 'any' type.
generated/prisma/runtime/wasm-compiler-edge.js(10,46981): error TS7006: Parameter 'e' implicitly has an 'any' type.
generated/prisma/runtime/wasm-compiler-edge.js(10,47016): error TS7006: Parameter 'e' implicitly has an 'any' type.
generated/prisma/runtime/wasm-compiler-edge.js(10,47018): error TS7006: Parameter 't' implicitly has an 'any' type.
generated/prisma/runtime/wasm-compiler-edge.js(10,47020): error TS7006: Parameter 'r' implicitly has an 'any' type.
generated/prisma/runtime/wasm-compiler-edge.js(10,47972): error TS7006: Parameter 'e' implicitly has an 'any' type.
generated/prisma/runtime/wasm-compiler-edge.js(10,48164): error TS7006: Parameter 'e' implicitly has an 'any' type.
generated/prisma/runtime/wasm-compiler-edge.js(10,48166): error TS7006: Parameter 't' implicitly has an 'any' type.
generated/prisma/runtime/wasm-compiler-edge.js(10,48168): error TS7006: Parameter 'r' implicitly has an 'any' type.
generated/prisma/runtime/wasm-compiler-edge.js(10,48357): error TS2345: Argument of type 'any' is not assignable to parameter of type 'never'.
generated/prisma/runtime/wasm-compiler-edge.js(10,48530): error TS2322: Type 'any[][]' is not assignable to type 'never[][]'.
  Type 'any[]' is not assignable to type 'never[]'.
    Type 'any' is not assignable to type 'never'.
generated/prisma/runtime/wasm-compiler-edge.js(10,48619): error TS7006: Parameter 'v' implicitly has an 'any' type.
generated/prisma/runtime/wasm-compiler-edge.js(10,48621): error TS7006: Parameter 'S' implicitly has an 'any' type.
generated/prisma/runtime/wasm-compiler-edge.js(10,48644): error TS7034: Variable 'f' implicitly has type 'any[]' in some locations where its type cannot be determined.
generated/prisma/runtime/wasm-compiler-edge.js(10,48736): error TS7005: Variable 'f' implicitly has an 'any[]' type.
generated/prisma/runtime/wasm-compiler-edge.js(10,48793): error TS2322: Type 'any[][][]' is not assignable to type 'never[][]'.
  Type 'any[][]' is not assignable to type 'never[]'.
    Type 'any[]' is not assignable to type 'never'.
generated/prisma/runtime/wasm-compiler-edge.js(10,48856): error TS7006: Parameter 'e' implicitly has an 'any' type.
generated/prisma/runtime/wasm-compiler-edge.js(10,48858): error TS7006: Parameter 't' implicitly has an 'any' type.
generated/prisma/runtime/wasm-compiler-edge.js(10,48962): error TS7006: Parameter 'e' implicitly has an 'any' type.
generated/prisma/runtime/wasm-compiler-edge.js(10,48983): error TS7006: Parameter 't' implicitly has an 'any' type.
generated/prisma/runtime/wasm-compiler-edge.js(10,48996): error TS7006: Parameter 'r' implicitly has an 'any' type.
generated/prisma/runtime/wasm-compiler-edge.js(10,48998): error TS7006: Parameter 'n' implicitly has an 'any' type.
generated/prisma/runtime/wasm-compiler-edge.js(10,49000): error TS7006: Parameter 'i' implicitly has an 'any' type.
generated/prisma/runtime/wasm-compiler-edge.js(10,49047): error TS7006: Parameter 'e' implicitly has an 'any' type.
generated/prisma/runtime/wasm-compiler-edge.js(10,49103): error TS7006: Parameter 't' implicitly has an 'any' type.
generated/prisma/runtime/wasm-compiler-edge.js(10,49129): error TS7006: Parameter 't' implicitly has an 'any' type.
generated/prisma/runtime/wasm-compiler-edge.js(10,49139): error TS7006: Parameter 'r' implicitly has an 'any' type.
generated/prisma/runtime/wasm-compiler-edge.js(10,49141): error TS7006: Parameter 'n' implicitly has an 'any' type.
generated/prisma/runtime/wasm-compiler-edge.js(10,49180): error TS7023: 'tr' implicitly has return type 'any' because it does not have a return type annotation and is referenced directly or indirectly in one of its return expressions.
generated/prisma/runtime/wasm-compiler-edge.js(10,49183): error TS7006: Parameter 'e' implicitly has an 'any' type.
generated/prisma/runtime/wasm-compiler-edge.js(10,49185): error TS7006: Parameter 't' implicitly has an 'any' type.
generated/prisma/runtime/wasm-compiler-edge.js(10,49535): error TS7024: Function implicitly has return type 'any' because it does not have a return type annotation and is referenced directly or indirectly in one of its return expressions.
generated/prisma/runtime/wasm-compiler-edge.js(10,49854): error TS7024: Function implicitly has return type 'any' because it does not have a return type annotation and is referenced directly or indirectly in one of its return expressions.
generated/prisma/runtime/wasm-compiler-edge.js(10,50139): error TS7024: Function implicitly has return type 'any' because it does not have a return type annotation and is referenced directly or indirectly in one of its return expressions.
generated/prisma/runtime/wasm-compiler-edge.js(10,50490): error TS7024: Function implicitly has return type 'any' because it does not have a return type annotation and is referenced directly or indirectly in one of its return expressions.
generated/prisma/runtime/wasm-compiler-edge.js(10,50540): error TS7006: Parameter 'e' implicitly has an 'any' type.
generated/prisma/runtime/wasm-compiler-edge.js(10,51680): error TS7006: Parameter 'e' implicitly has an 'any' type.
generated/prisma/runtime/wasm-compiler-edge.js(10,51682): error TS7006: Parameter 't' implicitly has an 'any' type.
generated/prisma/runtime/wasm-compiler-edge.js(10,51684): error TS7006: Parameter 'r' implicitly has an 'any' type.
generated/prisma/runtime/wasm-compiler-edge.js(10,51699): error TS7006: Parameter 'n' implicitly has an 'any' type.
generated/prisma/runtime/wasm-compiler-edge.js(10,51774): error TS7006: Parameter 'e' implicitly has an 'any' type.
generated/prisma/runtime/wasm-compiler-edge.js(10,51776): error TS7006: Parameter 't' implicitly has an 'any' type.
generated/prisma/runtime/wasm-compiler-edge.js(10,52096): error TS7006: Parameter 'e' implicitly has an 'any' type.
generated/prisma/runtime/wasm-compiler-edge.js(10,52098): error TS7006: Parameter 't' implicitly has an 'any' type.
generated/prisma/runtime/wasm-compiler-edge.js(10,53580): error TS7006: Parameter 'e' implicitly has an 'any' type.
generated/prisma/runtime/wasm-compiler-edge.js(10,53963): error TS7031: Binding element 't' implicitly has an 'any' type.
generated/prisma/runtime/wasm-compiler-edge.js(10,53983): error TS7031: Binding element 'r' implicitly has an 'any' type.
generated/prisma/runtime/wasm-compiler-edge.js(10,53993): error TS7031: Binding element 'n' implicitly has an 'any' type.
generated/prisma/runtime/wasm-compiler-edge.js(10,54009): error TS7031: Binding element 'i' implicitly has an 'any' type.
generated/prisma/runtime/wasm-compiler-edge.js(10,54022): error TS7031: Binding element 'o' implicitly has an 'any' type.
generated/prisma/runtime/wasm-compiler-edge.js(10,54038): error TS7031: Binding element 's' implicitly has an 'any' type.
generated/prisma/runtime/wasm-compiler-edge.js(10,54049): error TS7031: Binding element 'a' implicitly has an 'any' type.
generated/prisma/runtime/wasm-compiler-edge.js(10,54066): error TS7031: Binding element 'd' implicitly has an 'any' type.
generated/prisma/runtime/wasm-compiler-edge.js(10,54081): error TS7031: Binding element 'f' implicitly has an 'any' type.
generated/prisma/runtime/wasm-compiler-edge.js(10,54192): error TS7006: Parameter 't' implicitly has an 'any' type.
generated/prisma/runtime/wasm-compiler-edge.js(10,54458): error TS7006: Parameter 't' implicitly has an 'any' type.
generated/prisma/runtime/wasm-compiler-edge.js(10,54460): error TS7006: Parameter 'r' implicitly has an 'any' type.
generated/prisma/runtime/wasm-compiler-edge.js(10,54539): error TS7006: Parameter 'i' implicitly has an 'any' type.
generated/prisma/runtime/wasm-compiler-edge.js(10,54564): error TS7023: 'interpretNode' implicitly has return type 'any' because it does not have a return type annotation and is referenced directly or indirectly in one of its return expressions.
generated/prisma/runtime/wasm-compiler-edge.js(10,54578): error TS7006: Parameter 't' implicitly has an 'any' type.
generated/prisma/runtime/wasm-compiler-edge.js(10,54580): error TS7006: Parameter 'r' implicitly has an 'any' type.
generated/prisma/runtime/wasm-compiler-edge.js(10,54582): error TS7006: Parameter 'n' implicitly has an 'any' type.
generated/prisma/runtime/wasm-compiler-edge.js(10,54584): error TS7006: Parameter 'i' implicitly has an 'any' type.
generated/prisma/runtime/wasm-compiler-edge.js(10,55107): error TS7006: Parameter 's' implicitly has an 'any' type.
generated/prisma/runtime/wasm-compiler-edge.js(10,55143): error TS7006: Parameter 'a' implicitly has an 'any' type.
generated/prisma/runtime/wasm-compiler-edge.js(10,55267): error TS7006: Parameter 's' implicitly has an 'any' type.
generated/prisma/runtime/wasm-compiler-edge.js(10,55303): error TS7006: Parameter 'a' implicitly has an 'any' type.
generated/prisma/runtime/wasm-compiler-edge.js(10,55436): error TS18048: 'o' is possibly 'undefined'.
generated/prisma/runtime/wasm-compiler-edge.js(10,55503): error TS7006: Parameter 'f' implicitly has an 'any' type.
generated/prisma/runtime/wasm-compiler-edge.js(10,55618): error TS18048: 'o' is possibly 'undefined'.
generated/prisma/runtime/wasm-compiler-edge.js(10,55682): error TS7006: Parameter 'P' implicitly has an 'any' type.
generated/prisma/runtime/wasm-compiler-edge.js(10,55905): error TS7022: 'o' implicitly has type 'any' because it does not have a type annotation and is referenced directly or indirectly in its own initializer.
generated/prisma/runtime/wasm-compiler-edge.js(10,55920): error TS7022: 's' implicitly has type 'any' because it does not have a type annotation and is referenced directly or indirectly in its own initializer.
generated/prisma/runtime/wasm-compiler-edge.js(10,56046): error TS7022: 'o' implicitly has type 'any' because it does not have a type annotation and is referenced directly or indirectly in its own initializer.
generated/prisma/runtime/wasm-compiler-edge.js(10,56061): error TS7022: 's' implicitly has type 'any' because it does not have a type annotation and is referenced directly or indirectly in its own initializer.
generated/prisma/runtime/wasm-compiler-edge.js(10,56300): error TS7022: 'o' implicitly has type 'any' because it does not have a type annotation and is referenced directly or indirectly in its own initializer.
generated/prisma/runtime/wasm-compiler-edge.js(10,56315): error TS7022: 's' implicitly has type 'any' because it does not have a type annotation and is referenced directly or indirectly in its own initializer.
generated/prisma/runtime/wasm-compiler-edge.js(10,56466): error TS7022: 'o' implicitly has type 'any' because it does not have a type annotation and is referenced directly or indirectly in its own initializer.
generated/prisma/runtime/wasm-compiler-edge.js(10,56481): error TS7022: 's' implicitly has type 'any' because it does not have a type annotation and is referenced directly or indirectly in its own initializer.
generated/prisma/runtime/wasm-compiler-edge.js(10,56601): error TS7022: 'o' implicitly has type 'any' because it does not have a type annotation and is referenced directly or indirectly in its own initializer.
generated/prisma/runtime/wasm-compiler-edge.js(10,56616): error TS7022: 's' implicitly has type 'any' because it does not have a type annotation and is referenced directly or indirectly in its own initializer.
generated/prisma/runtime/wasm-compiler-edge.js(10,56761): error TS7006: Parameter 'd' implicitly has an 'any' type.
generated/prisma/runtime/wasm-compiler-edge.js(10,57061): error TS7022: 'd' implicitly has type 'any' because it does not have a type annotation and is referenced directly or indirectly in its own initializer.
generated/prisma/runtime/wasm-compiler-edge.js(10,57220): error TS7022: 'o' implicitly has type 'any' because it does not have a type annotation and is referenced directly or indirectly in its own initializer.
generated/prisma/runtime/wasm-compiler-edge.js(10,57235): error TS7022: 's' implicitly has type 'any' because it does not have a type annotation and is referenced directly or indirectly in its own initializer.
generated/prisma/runtime/wasm-compiler-edge.js(10,57373): error TS7022: 'o' implicitly has type 'any' because it does not have a type annotation and is referenced directly or indirectly in its own initializer.
generated/prisma/runtime/wasm-compiler-edge.js(10,57388): error TS7022: 's' implicitly has type 'any' because it does not have a type annotation and is referenced directly or indirectly in its own initializer.
generated/prisma/runtime/wasm-compiler-edge.js(10,57513): error TS7022: 'o' implicitly has type 'any' because it does not have a type annotation and is referenced directly or indirectly in its own initializer.
generated/prisma/runtime/wasm-compiler-edge.js(10,57728): error TS7022: 'o' implicitly has type 'any' because it does not have a type annotation and is referenced directly or indirectly in its own initializer.
generated/prisma/runtime/wasm-compiler-edge.js(10,57782): error TS7022: 's' implicitly has type 'any' because it does not have a type annotation and is referenced directly or indirectly in its own initializer.
generated/prisma/runtime/wasm-compiler-edge.js(10,57829): error TS7006: Parameter 'f' implicitly has an 'any' type.
generated/prisma/runtime/wasm-compiler-edge.js(10,57870): error TS7022: 'd' implicitly has type 'any' because it does not have a type annotation and is referenced directly or indirectly in its own initializer.
generated/prisma/runtime/wasm-compiler-edge.js(10,57963): error TS7022: 'o' implicitly has type 'any' because it does not have a type annotation and is referenced directly or indirectly in its own initializer.
generated/prisma/runtime/wasm-compiler-edge.js(10,57978): error TS7022: 's' implicitly has type 'any' because it does not have a type annotation and is referenced directly or indirectly in its own initializer.
generated/prisma/runtime/wasm-compiler-edge.js(10,58119): error TS7022: 'o' implicitly has type 'any' because it does not have a type annotation and is referenced directly or indirectly in its own initializer.
generated/prisma/runtime/wasm-compiler-edge.js(10,58216): error TS7053: Element implicitly has an 'any' type because expression of type 'string' can't be used to index type '{}'.
  No index signature with a parameter of type 'string' was found on type '{}'.
generated/prisma/runtime/wasm-compiler-edge.js(10,58291): error TS7022: 'o' implicitly has type 'any' because it does not have a type annotation and is referenced directly or indirectly in its own initializer.
generated/prisma/runtime/wasm-compiler-edge.js(10,58306): error TS7022: 's' implicitly has type 'any' because it does not have a type annotation and is referenced directly or indirectly in its own initializer.
generated/prisma/runtime/wasm-compiler-edge.js(10,58353): error TS7022: 'a' implicitly has type 'any' because it does not have a type annotation and is referenced directly or indirectly in its own initializer.
generated/prisma/runtime/wasm-compiler-edge.js(10,58874): error TS7006: Parameter 't' implicitly has an 'any' type.
generated/prisma/runtime/wasm-compiler-edge.js(10,58876): error TS7006: Parameter 'r' implicitly has an 'any' type.
generated/prisma/runtime/wasm-compiler-edge.js(10,58878): error TS7006: Parameter 'n' implicitly has an 'any' type.
generated/prisma/runtime/wasm-compiler-edge.js(10,58982): error TS7006: Parameter 't' implicitly has an 'any' type.
generated/prisma/runtime/wasm-compiler-edge.js(10,59144): error TS7006: Parameter 'e' implicitly has an 'any' type.
generated/prisma/runtime/wasm-compiler-edge.js(10,59204): error TS7006: Parameter 'e' implicitly has an 'any' type.
generated/prisma/runtime/wasm-compiler-edge.js(10,59249): error TS7006: Parameter 'e' implicitly has an 'any' type.
generated/prisma/runtime/wasm-compiler-edge.js(10,59386): error TS7006: Parameter 'e' implicitly has an 'any' type.
generated/prisma/runtime/wasm-compiler-edge.js(10,59491): error TS7023: 'Ya' implicitly has return type 'any' because it does not have a return type annotation and is referenced directly or indirectly in one of its return expressions.
generated/prisma/runtime/wasm-compiler-edge.js(10,59494): error TS7006: Parameter 'e' implicitly has an 'any' type.
generated/prisma/runtime/wasm-compiler-edge.js(10,59496): error TS7006: Parameter 't' implicitly has an 'any' type.
generated/prisma/runtime/wasm-compiler-edge.js(10,59529): error TS7024: Function implicitly has return type 'any' because it does not have a return type annotation and is referenced directly or indirectly in one of its return expressions.
generated/prisma/runtime/wasm-compiler-edge.js(10,59595): error TS7006: Parameter 'e' implicitly has an 'any' type.
generated/prisma/runtime/wasm-compiler-edge.js(10,59597): error TS7006: Parameter 't' implicitly has an 'any' type.
generated/prisma/runtime/wasm-compiler-edge.js(10,59657): error TS7031: Binding element 'a' implicitly has an 'any' type.
generated/prisma/runtime/wasm-compiler-edge.js(10,59679): error TS7031: Binding element 'a' implicitly has an 'any' type.
generated/prisma/runtime/wasm-compiler-edge.js(10,59751): error TS7053: Element implicitly has an 'any' type because expression of type 'string' can't be used to index type '{}'.
  No index signature with a parameter of type 'string' was found on type '{}'.
generated/prisma/runtime/wasm-compiler-edge.js(10,59758): error TS7053: Element implicitly has an 'any' type because expression of type 'string' can't be used to index type '{}'.
  No index signature with a parameter of type 'string' was found on type '{}'.
generated/prisma/runtime/wasm-compiler-edge.js(10,59767): error TS7053: Element implicitly has an 'any' type because expression of type 'string' can't be used to index type '{}'.
  No index signature with a parameter of type 'string' was found on type '{}'.
generated/prisma/runtime/wasm-compiler-edge.js(10,59930): error TS7053: Element implicitly has an 'any' type because expression of type 'string' can't be used to index type '{}'.
  No index signature with a parameter of type 'string' was found on type '{}'.
generated/prisma/runtime/wasm-compiler-edge.js(10,60024): error TS7006: Parameter 'e' implicitly has an 'any' type.
generated/prisma/runtime/wasm-compiler-edge.js(10,60026): error TS7006: Parameter 't' implicitly has an 'any' type.
generated/prisma/runtime/wasm-compiler-edge.js(10,60028): error TS7006: Parameter 'r' implicitly has an 'any' type.
generated/prisma/runtime/wasm-compiler-edge.js(10,60030): error TS7006: Parameter 'n' implicitly has an 'any' type.
generated/prisma/runtime/wasm-compiler-edge.js(10,60184): error TS7006: Parameter 'e' implicitly has an 'any' type.
generated/prisma/runtime/wasm-compiler-edge.js(10,60186): error TS7006: Parameter 't' implicitly has an 'any' type.
generated/prisma/runtime/wasm-compiler-edge.js(10,60188): error TS7006: Parameter 'r' implicitly has an 'any' type.
generated/prisma/runtime/wasm-compiler-edge.js(10,60190): error TS7006: Parameter 'n' implicitly has an 'any' type.
generated/prisma/runtime/wasm-compiler-edge.js(10,60729): error TS7006: Parameter 'e' implicitly has an 'any' type.
generated/prisma/runtime/wasm-compiler-edge.js(10,60731): error TS7006: Parameter 't' implicitly has an 'any' type.
generated/prisma/runtime/wasm-compiler-edge.js(10,60879): error TS7006: Parameter 't' implicitly has an 'any' type.
generated/prisma/runtime/wasm-compiler-edge.js(10,60881): error TS7006: Parameter 'r' implicitly has an 'any' type.
generated/prisma/runtime/wasm-compiler-edge.js(10,61179): error TS7006: Parameter 't' implicitly has an 'any' type.
generated/prisma/runtime/wasm-compiler-edge.js(10,61307): error TS7006: Parameter 't' implicitly has an 'any' type.
generated/prisma/runtime/wasm-compiler-edge.js(10,61540): error TS7006: Parameter 't' implicitly has an 'any' type.
generated/prisma/runtime/wasm-compiler-edge.js(10,61551): error TS7031: Binding element 'r' implicitly has an 'any' type.
generated/prisma/runtime/wasm-compiler-edge.js(10,61563): error TS7031: Binding element 'n' implicitly has an 'any' type.
generated/prisma/runtime/wasm-compiler-edge.js(10,61899): error TS7006: Parameter 't' implicitly has an 'any' type.
generated/prisma/runtime/wasm-compiler-edge.js(10,61978): error TS7006: Parameter 't' implicitly has an 'any' type.
generated/prisma/runtime/wasm-compiler-edge.js(10,62387): error TS7008: Member 'closedTransactions' implicitly has an 'any[]' type.
generated/prisma/runtime/wasm-compiler-edge.js(10,62489): error TS7031: Binding element 't' implicitly has an 'any' type.
generated/prisma/runtime/wasm-compiler-edge.js(10,62510): error TS7031: Binding element 'r' implicitly has an 'any' type.
generated/prisma/runtime/wasm-compiler-edge.js(10,62526): error TS7031: Binding element 'n' implicitly has an 'any' type.
generated/prisma/runtime/wasm-compiler-edge.js(10,62536): error TS7031: Binding element 'i' implicitly has an 'any' type.
generated/prisma/runtime/wasm-compiler-edge.js(10,62547): error TS7031: Binding element 'o' implicitly has an 'any' type.
generated/prisma/runtime/wasm-compiler-edge.js(10,62670): error TS7006: Parameter 't' implicitly has an 'any' type.
generated/prisma/runtime/wasm-compiler-edge.js(10,62810): error TS7006: Parameter 't' implicitly has an 'any' type.
generated/prisma/runtime/wasm-compiler-edge.js(10,62956): error TS7006: Parameter 't' implicitly has an 'any' type.
generated/prisma/runtime/wasm-compiler-edge.js(10,63399): error TS7006: Parameter 's' implicitly has an 'any' type.
generated/prisma/runtime/wasm-compiler-edge.js(10,63422): error TS7006: Parameter 's' implicitly has an 'any' type.
generated/prisma/runtime/wasm-compiler-edge.js(10,63528): error TS2322: Type 'Timeout | undefined' is not assignable to type 'undefined'.
  Type 'Timeout' is not assignable to type 'undefined'.
generated/prisma/runtime/wasm-compiler-edge.js(10,63801): error TS7006: Parameter 't' implicitly has an 'any' type.
generated/prisma/runtime/wasm-compiler-edge.js(10,63965): error TS7006: Parameter 't' implicitly has an 'any' type.
generated/prisma/runtime/wasm-compiler-edge.js(10,64130): error TS7006: Parameter 't' implicitly has an 'any' type.
generated/prisma/runtime/wasm-compiler-edge.js(10,64132): error TS7006: Parameter 'r' implicitly has an 'any' type.
generated/prisma/runtime/wasm-compiler-edge.js(10,64270): error TS7006: Parameter 't' implicitly has an 'any' type.
generated/prisma/runtime/wasm-compiler-edge.js(10,64272): error TS7006: Parameter 'r' implicitly has an 'any' type.
generated/prisma/runtime/wasm-compiler-edge.js(10,65027): error TS7006: Parameter 't' implicitly has an 'any' type.
generated/prisma/runtime/wasm-compiler-edge.js(10,65029): error TS7006: Parameter 'r' implicitly has an 'any' type.
generated/prisma/runtime/wasm-compiler-edge.js(10,65354): error TS7006: Parameter 't' implicitly has an 'any' type.
generated/prisma/runtime/wasm-compiler-edge.js(10,65356): error TS7006: Parameter 'r' implicitly has an 'any' type.
generated/prisma/runtime/wasm-compiler-edge.js(10,66360): error TS7006: Parameter 't' implicitly has an 'any' type.
generated/prisma/runtime/wasm-compiler-edge.js(10,66579): error TS7006: Parameter 't' implicitly has an 'any' type.
generated/prisma/runtime/wasm-compiler-edge.js(10,66581): error TS7006: Parameter 'r' implicitly has an 'any' type.
generated/prisma/runtime/wasm-compiler-edge.js(10,66583): error TS7006: Parameter 'n' implicitly has an 'any' type.
generated/prisma/runtime/wasm-compiler-edge.js(10,66709): error TS7006: Parameter 'e' implicitly has an 'any' type.
generated/prisma/runtime/wasm-compiler-edge.js(10,66711): error TS7006: Parameter 't' implicitly has an 'any' type.
generated/prisma/runtime/wasm-compiler-edge.js(10,66848): error TS7006: Parameter 'e' implicitly has an 'any' type.
generated/prisma/runtime/wasm-compiler-edge.js(10,66850): error TS7006: Parameter 't' implicitly has an 'any' type.
generated/prisma/runtime/wasm-compiler-edge.js(10,67000): error TS7006: Parameter 'e' implicitly has an 'any' type.
generated/prisma/runtime/wasm-compiler-edge.js(10,67081): error TS7006: Parameter 't' implicitly has an 'any' type.
generated/prisma/runtime/wasm-compiler-edge.js(10,67131): error TS7006: Parameter 'e' implicitly has an 'any' type.
generated/prisma/runtime/wasm-compiler-edge.js(11,8): error TS7006: Parameter 't' implicitly has an 'any' type.
generated/prisma/runtime/wasm-compiler-edge.js(12,59): error TS7031: Binding element 'e' implicitly has an 'any' type.
generated/prisma/runtime/wasm-compiler-edge.js(12,126): error TS7031: Binding element 'i' implicitly has an 'any' type.
generated/prisma/runtime/wasm-compiler-edge.js(12,215): error TS7031: Binding element 'e' implicitly has an 'any' type.
generated/prisma/runtime/wasm-compiler-edge.js(12,230): error TS7031: Binding element 't' implicitly has an 'any' type.
generated/prisma/runtime/wasm-compiler-edge.js(12,238): error TS7031: Binding element 'r' implicitly has an 'any' type.
generated/prisma/runtime/wasm-compiler-edge.js(12,252): error TS7031: Binding element 'n' implicitly has an 'any' type.
generated/prisma/runtime/wasm-compiler-edge.js(12,268): error TS7031: Binding element 'i' implicitly has an 'any' type.
generated/prisma/runtime/wasm-compiler-edge.js(12,279): error TS7031: Binding element 'o' implicitly has an 'any' type.
generated/prisma/runtime/wasm-compiler-edge.js(12,287): error TS7031: Binding element 's' implicitly has an 'any' type.
generated/prisma/runtime/wasm-compiler-edge.js(20,23): error TS7005: Variable 'g' implicitly has an 'any' type.
generated/prisma/runtime/wasm-compiler-edge.js(56,62): error TS7006: Parameter 't' implicitly has an 'any' type.
generated/prisma/runtime/wasm-compiler-edge.js(56,64): error TS7006: Parameter 'r' implicitly has an 'any' type.
generated/prisma/runtime/wasm-compiler-edge.js(56,66): error TS7006: Parameter 'n' implicitly has an 'any' type.
generated/prisma/runtime/wasm-compiler-edge.js(56,152): error TS7006: Parameter 't' implicitly has an 'any' type.
generated/prisma/runtime/wasm-compiler-edge.js(56,551): error TS7031: Binding element 't' implicitly has an 'any' type.
generated/prisma/runtime/wasm-compiler-edge.js(56,571): error TS7031: Binding element 'r' implicitly has an 'any' type.
generated/prisma/runtime/wasm-compiler-edge.js(56,585): error TS7031: Binding element 'n' implicitly has an 'any' type.
generated/prisma/runtime/wasm-compiler-edge.js(56,598): error TS7031: Binding element 'i' implicitly has an 'any' type.
generated/prisma/runtime/wasm-compiler-edge.js(56,610): error TS7031: Binding element 'o' implicitly has an 'any' type.
generated/prisma/runtime/wasm-compiler-edge.js(56,1025): error TS7006: Parameter 't' implicitly has an 'any' type.
generated/prisma/runtime/wasm-compiler-edge.js(56,1112): error TS7006: Parameter 't' implicitly has an 'any' type.
generated/prisma/runtime/wasm-compiler-edge.js(56,1179): error TS7006: Parameter 't' implicitly has an 'any' type.
generated/prisma/runtime/wasm-compiler-edge.js(56,1485): error TS7006: Parameter 'e' implicitly has an 'any' type.
generated/prisma/runtime/wasm-compiler-edge.js(56,1487): error TS7006: Parameter 't' implicitly has an 'any' type.
generated/prisma/runtime/wasm-compiler-edge.js(56,1489): error TS7006: Parameter 'r' implicitly has an 'any' type.
generated/prisma/runtime/wasm-compiler-edge.js(56,2970): error TS7006: Parameter 'e' implicitly has an 'any' type.
generated/prisma/runtime/wasm-compiler-edge.js(56,3063): error TS7006: Parameter 'e' implicitly has an 'any' type.
generated/prisma/runtime/wasm-compiler-edge.js(56,3065): error TS7006: Parameter 't' implicitly has an 'any' type.
generated/prisma/runtime/wasm-compiler-edge.js(56,3100): error TS7006: Parameter 'd' implicitly has an 'any' type.
generated/prisma/runtime/wasm-compiler-edge.js(56,3386): error TS2339: Property 'expires' does not exist on type '{ name: string; value: string; }'.
generated/prisma/runtime/wasm-compiler-edge.js(56,3429): error TS2339: Property 'maxAge' does not exist on type '{ name: string; value: string; }'.
generated/prisma/runtime/wasm-compiler-edge.js(56,3480): error TS2339: Property 'secure' does not exist on type '{ name: string; value: string; }'.
generated/prisma/runtime/wasm-compiler-edge.js(56,3514): error TS2339: Property 'httpOnly' does not exist on type '{ name: string; value: string; }'.
generated/prisma/runtime/wasm-compiler-edge.js(56,3550): error TS2339: Property 'sameSite' does not exist on type '{ name: string; value: string; }'.
generated/prisma/runtime/wasm-compiler-edge.js(56,3575): error TS7053: Element implicitly has an 'any' type because expression of type 'any' can't be used to index type '{ name: string; value: string; }'.
generated/prisma/runtime/wasm-compiler-edge.js(56,3604): error TS7006: Parameter 'e' implicitly has an 'any' type.
generated/prisma/runtime/wasm-compiler-edge.js(56,3842): error TS7006: Parameter 't' implicitly has an 'any' type.
generated/prisma/runtime/wasm-compiler-edge.js(56,3844): error TS7006: Parameter 'r' implicitly has an 'any' type.
generated/prisma/runtime/wasm-compiler-edge.js(56,4003): error TS7006: Parameter 't' implicitly has an 'any' type.
generated/prisma/runtime/wasm-compiler-edge.js(56,4005): error TS7006: Parameter 'r' implicitly has an 'any' type.
generated/prisma/runtime/wasm-compiler-edge.js(56,4088): error TS7006: Parameter 'e' implicitly has an 'any' type.
generated/prisma/runtime/wasm-compiler-edge.js(56,4090): error TS7006: Parameter 't' implicitly has an 'any' type.
generated/prisma/runtime/wasm-compiler-edge.js(56,4199): error TS7006: Parameter 't' implicitly has an 'any' type.
generated/prisma/runtime/wasm-compiler-edge.js(56,4201): error TS7006: Parameter 'r' implicitly has an 'any' type.
generated/prisma/runtime/wasm-compiler-edge.js(56,4268): error TS7006: Parameter 'e' implicitly has an 'any' type.
generated/prisma/runtime/wasm-compiler-edge.js(56,4357): error TS18046: 'd' is of type 'unknown'.
generated/prisma/runtime/wasm-compiler-edge.js(56,4808): error TS7005: Variable 'g' implicitly has an 'any' type.
generated/prisma/runtime/wasm-compiler-edge.js(56,5069): error TS7031: Binding element 't' implicitly has an 'any' type.
generated/prisma/runtime/wasm-compiler-edge.js(56,5085): error TS7031: Binding element 'r' implicitly has an 'any' type.
generated/prisma/runtime/wasm-compiler-edge.js(56,5096): error TS7031: Binding element 'n' implicitly has an 'any' type.
generated/prisma/runtime/wasm-compiler-edge.js(56,5109): error TS7031: Binding element 'i' implicitly has an 'any' type.
generated/prisma/runtime/wasm-compiler-edge.js(56,5122): error TS7031: Binding element 'o' implicitly has an 'any' type.
generated/prisma/runtime/wasm-compiler-edge.js(56,5220): error TS2339: Property 'traceparent' does not exist on type '{}'.
generated/prisma/runtime/wasm-compiler-edge.js(56,5234): error TS2339: Property 'transactionId' does not exist on type '{}'.
generated/prisma/runtime/wasm-compiler-edge.js(56,5475): error TS2339: Property 'traceparent' does not exist on type '{ Accept: string; Authorization: string; "Content-Type": string; "Prisma-Engine-Hash": any; "Prisma-Engine-Version": any; }'.
generated/prisma/runtime/wasm-compiler-edge.js(56,5531): error TS7053: Element implicitly has an 'any' type because expression of type '"X-Transaction-Id"' can't be used to index type '{ Accept: string; Authorization: string; "Content-Type": string; "Prisma-Engine-Hash": any; "Prisma-Engine-Version": any; }'.
  Property 'X-Transaction-Id' does not exist on type '{ Accept: string; Authorization: string; "Content-Type": string; "Prisma-Engine-Hash": any; "Prisma-Engine-Version": any; }'.
generated/prisma/runtime/wasm-compiler-edge.js(56,5592): error TS7053: Element implicitly has an 'any' type because expression of type '"X-Capture-Telemetry"' can't be used to index type '{ Accept: string; Authorization: string; "Content-Type": string; "Prisma-Engine-Hash": any; "Prisma-Engine-Version": any; }'.
  Property 'X-Capture-Telemetry' does not exist on type '{ Accept: string; Authorization: string; "Content-Type": string; "Prisma-Engine-Hash": any; "Prisma-Engine-Version": any; }'.
generated/prisma/runtime/wasm-compiler-edge.js(56,5810): error TS7006: Parameter 'e' implicitly has an 'any' type.
generated/prisma/runtime/wasm-compiler-edge.js(56,5850): error TS7006: Parameter 'e' implicitly has an 'any' type.
generated/prisma/runtime/wasm-compiler-edge.js(56,5969): error TS7006: Parameter 't' implicitly has an 'any' type.
generated/prisma/runtime/wasm-compiler-edge.js(56,6344): error TS2345: Argument of type '{ path: string; method: string; }' is not assignable to parameter of type '{ path: any; method: any; body: any; fetch?: { (input: URL | RequestInfo, init?: RequestInit | undefined): Promise<Response>; (input: string | ... 1 more ... | Request, init?: RequestInit | undefined): Promise<...>; } | undefined; batchRequestIdx: any; }'.
  Type '{ path: string; method: string; }' is missing the following properties from type '{ path: any; method: any; body: any; fetch?: { (input: URL | RequestInfo, init?: RequestInit | undefined): Promise<Response>; (input: string | ... 1 more ... | Request, init?: RequestInit | undefined): Promise<...>; } | undefined; batchRequestIdx: any; }': body, batchRequestIdx
generated/prisma/runtime/wasm-compiler-edge.js(56,6404): error TS7031: Binding element 't' implicitly has an 'any' type.
generated/prisma/runtime/wasm-compiler-edge.js(56,6424): error TS7031: Binding element 'r' implicitly has an 'any' type.
generated/prisma/runtime/wasm-compiler-edge.js(56,6437): error TS7031: Binding element 'n' implicitly has an 'any' type.
generated/prisma/runtime/wasm-compiler-edge.js(56,6445): error TS7031: Binding element 'i' implicitly has an 'any' type.
generated/prisma/runtime/wasm-compiler-edge.js(56,6457): error TS7031: Binding element 'o' implicitly has an 'any' type.
generated/prisma/runtime/wasm-compiler-edge.js(56,6471): error TS7031: Binding element 's' implicitly has an 'any' type.
generated/prisma/runtime/wasm-compiler-edge.js(56,6485): error TS7031: Binding element 'a' implicitly has an 'any' type.
generated/prisma/runtime/wasm-compiler-edge.js(56,6497): error TS7031: Binding element 'd' implicitly has an 'any' type.
generated/prisma/runtime/wasm-compiler-edge.js(56,6781): error TS7006: Parameter 't' implicitly has an 'any' type.
generated/prisma/runtime/wasm-compiler-edge.js(56,6808): error TS2345: Argument of type '{ path: string; method: string; body: any; }' is not assignable to parameter of type '{ path: any; method: any; body: any; fetch?: { (input: URL | RequestInfo, init?: RequestInit | undefined): Promise<Response>; (input: string | ... 1 more ... | Request, init?: RequestInit | undefined): Promise<...>; } | undefined; batchRequestIdx: any; }'.
  Property 'batchRequestIdx' is missing in type '{ path: string; method: string; body: any; }' but required in type '{ path: any; method: any; body: any; fetch?: { (input: URL | RequestInfo, init?: RequestInit | undefined): Promise<Response>; (input: string | ... 1 more ... | Request, init?: RequestInit | undefined): Promise<...>; } | undefined; batchRequestIdx: any; }'.
generated/prisma/runtime/wasm-compiler-edge.js(56,6898): error TS7006: Parameter 't' implicitly has an 'any' type.
generated/prisma/runtime/wasm-compiler-edge.js(56,6915): error TS2345: Argument of type '{ path: string; method: string; }' is not assignable to parameter of type '{ path: any; method: any; body: any; fetch?: { (input: URL | RequestInfo, init?: RequestInit | undefined): Promise<Response>; (input: string | ... 1 more ... | Request, init?: RequestInit | undefined): Promise<...>; } | undefined; batchRequestIdx: any; }'.
  Type '{ path: string; method: string; }' is missing the following properties from type '{ path: any; method: any; body: any; fetch?: { (input: URL | RequestInfo, init?: RequestInit | undefined): Promise<Response>; (input: string | ... 1 more ... | Request, init?: RequestInit | undefined): Promise<...>; } | undefined; batchRequestIdx: any; }': body, batchRequestIdx
generated/prisma/runtime/wasm-compiler-edge.js(56,6993): error TS7006: Parameter 't' implicitly has an 'any' type.
generated/prisma/runtime/wasm-compiler-edge.js(56,7010): error TS2345: Argument of type '{ path: string; method: string; }' is not assignable to parameter of type '{ path: any; method: any; body: any; fetch?: { (input: URL | RequestInfo, init?: RequestInit | undefined): Promise<Response>; (input: string | ... 1 more ... | Request, init?: RequestInit | undefined): Promise<...>; } | undefined; batchRequestIdx: any; }'.
  Type '{ path: string; method: string; }' is missing the following properties from type '{ path: any; method: any; body: any; fetch?: { (input: URL | RequestInfo, init?: RequestInit | undefined): Promise<Response>; (input: string | ... 1 more ... | Request, init?: RequestInit | undefined): Promise<...>; } | undefined; batchRequestIdx: any; }': body, batchRequestIdx
generated/prisma/runtime/wasm-compiler-edge.js(56,7147): error TS7031: Binding element 't' implicitly has an 'any' type.
generated/prisma/runtime/wasm-compiler-edge.js(56,7156): error TS7031: Binding element 'r' implicitly has an 'any' type.
generated/prisma/runtime/wasm-compiler-edge.js(56,7163): error TS7031: Binding element 'n' implicitly has an 'any' type.
generated/prisma/runtime/wasm-compiler-edge.js(56,7206): error TS7031: Binding element 'o' implicitly has an 'any' type.
generated/prisma/runtime/wasm-compiler-edge.js(56,7433): error TS7006: Parameter 't' implicitly has an 'any' type.
generated/prisma/runtime/wasm-compiler-edge.js(56,7435): error TS7006: Parameter 'r' implicitly has an 'any' type.
generated/prisma/runtime/wasm-compiler-edge.js(56,8002): error TS7006: Parameter 't' implicitly has an 'any' type.
generated/prisma/runtime/wasm-compiler-edge.js(56,8095): error TS7006: Parameter 't' implicitly has an 'any' type.
generated/prisma/runtime/wasm-compiler-edge.js(56,8586): error TS7008: Member '#r' implicitly has an 'any' type.
generated/prisma/runtime/wasm-compiler-edge.js(56,8601): error TS7006: Parameter 't' implicitly has an 'any' type.
generated/prisma/runtime/wasm-compiler-edge.js(56,8652): error TS7031: Binding element 't' implicitly has an 'any' type.
generated/prisma/runtime/wasm-compiler-edge.js(56,8659): error TS7031: Binding element 'r' implicitly has an 'any' type.
generated/prisma/runtime/wasm-compiler-edge.js(56,8669): error TS7031: Binding element 'n' implicitly has an 'any' type.
generated/prisma/runtime/wasm-compiler-edge.js(56,8676): error TS7031: Binding element 'i' implicitly has an 'any' type.
generated/prisma/runtime/wasm-compiler-edge.js(56,8684): error TS7031: Binding element 'o' implicitly has an 'any' type.
generated/prisma/runtime/wasm-compiler-edge.js(56,8994): error TS7006: Parameter 't' implicitly has an 'any' type.
generated/prisma/runtime/wasm-compiler-edge.js(56,9254): error TS7006: Parameter 't' implicitly has an 'any' type.
generated/prisma/runtime/wasm-compiler-edge.js(56,9256): error TS7006: Parameter 'r' implicitly has an 'any' type.
generated/prisma/runtime/wasm-compiler-edge.js(56,9392): error TS2339: Property 'domain' does not exist on type '{ name: string; value: string; }'.
generated/prisma/runtime/wasm-compiler-edge.js(56,9415): error TS2339: Property 'path' does not exist on type '{ name: string; value: string; }'.
generated/prisma/runtime/wasm-compiler-edge.js(56,9516): error TS2339: Property 'expires' does not exist on type '{ name: string; value: string; }'.
generated/prisma/runtime/wasm-compiler-edge.js(56,9630): error TS7006: Parameter 'e' implicitly has an 'any' type.
generated/prisma/runtime/wasm-compiler-edge.js(56,9824): error TS7053: Element implicitly has an 'any' type because expression of type 'any' can't be used to index type '{}'.
generated/prisma/runtime/wasm-compiler-edge.js(56,10200): error TS2349: This expression is not callable.
  No constituent of type 'ExportValue' is callable.
generated/prisma/runtime/wasm-compiler-edge.js(56,10200): error TS2722: Cannot invoke an object which is possibly 'undefined'.
generated/prisma/runtime/wasm-compiler-edge.js(56,10200): error TS18048: 'd' is possibly 'undefined'.
generated/prisma/runtime/wasm-compiler-edge.js(56,10252): error TS7053: Element implicitly has an 'any' type because expression of type 'any' can't be used to index type '{}'.
generated/prisma/runtime/wasm-compiler-edge.js(56,10279): error TS7053: Element implicitly has an 'any' type because expression of type 'any' can't be used to index type '{}'.
generated/prisma/runtime/wasm-compiler-edge.js(56,10377): error TS7017: Element implicitly has an 'any' type because type 'typeof globalThis' has no index signature.
generated/prisma/runtime/wasm-compiler-edge.js(56,10417): error TS7006: Parameter 'e' implicitly has an 'any' type.
generated/prisma/runtime/wasm-compiler-edge.js(56,10500): error TS7008: Member '#t' implicitly has an 'any' type.
generated/prisma/runtime/wasm-compiler-edge.js(56,10611): error TS7006: Parameter 't' implicitly has an 'any' type.
generated/prisma/runtime/wasm-compiler-edge.js(56,10613): error TS7006: Parameter 'r' implicitly has an 'any' type.
generated/prisma/runtime/wasm-compiler-edge.js(56,11276): error TS7006: Parameter 'n' implicitly has an 'any' type.
generated/prisma/runtime/wasm-compiler-edge.js(56,11366): error TS7023: '#i' implicitly has return type 'any' because it does not have a return type annotation and is referenced directly or indirectly in one of its return expressions.
generated/prisma/runtime/wasm-compiler-edge.js(56,11668): error TS2353: Object literal may only specify known properties, and 'engine' does not exist in type '{ type: string; }'.
generated/prisma/runtime/wasm-compiler-edge.js(56,11716): error TS2353: Object literal may only specify known properties, and 'promise' does not exist in type '{ type: string; }'.
generated/prisma/runtime/wasm-compiler-edge.js(56,11773): error TS2339: Property 'promise' does not exist on type '{ type: string; }'.
generated/prisma/runtime/wasm-compiler-edge.js(56,11812): error TS2339: Property 'engine' does not exist on type '{ type: string; }'.
generated/prisma/runtime/wasm-compiler-edge.js(56,11860): error TS2339: Property 'promise' does not exist on type '{ type: string; }'.
generated/prisma/runtime/wasm-compiler-edge.js(56,12481): error TS7006: Parameter 't' implicitly has an 'any' type.
generated/prisma/runtime/wasm-compiler-edge.js(56,12756): error TS7006: Parameter 't' implicitly has an 'any' type.
generated/prisma/runtime/wasm-compiler-edge.js(56,12959): error TS7006: Parameter 't' implicitly has an 'any' type.
generated/prisma/runtime/wasm-compiler-edge.js(56,12961): error TS7006: Parameter 'r' implicitly has an 'any' type.
generated/prisma/runtime/wasm-compiler-edge.js(57,79): error TS7006: Parameter 't' implicitly has an 'any' type.
generated/prisma/runtime/wasm-compiler-edge.js(57,421): error TS7006: Parameter 't' implicitly has an 'any' type.
generated/prisma/runtime/wasm-compiler-edge.js(57,423): error TS7006: Parameter 'r' implicitly has an 'any' type.
generated/prisma/runtime/wasm-compiler-edge.js(57,440): error TS7017: Element implicitly has an 'any' type because type 'typeof globalThis' has no index signature.
generated/prisma/runtime/wasm-compiler-edge.js(57,492): error TS7017: Element implicitly has an 'any' type because type 'typeof globalThis' has no index signature.
generated/prisma/runtime/wasm-compiler-edge.js(57,531): error TS7006: Parameter 's' implicitly has an 'any' type.
generated/prisma/runtime/wasm-compiler-edge.js(57,577): error TS7017: Element implicitly has an 'any' type because type 'typeof globalThis' has no index signature.
generated/prisma/runtime/wasm-compiler-edge.js(57,662): error TS7006: Parameter 's' implicitly has an 'any' type.
generated/prisma/runtime/wasm-compiler-edge.js(57,1030): error TS7023: 'stop' implicitly has return type 'any' because it does not have a return type annotation and is referenced directly or indirectly in one of its return expressions.
generated/prisma/runtime/wasm-compiler-edge.js(57,1122): error TS2339: Property 'promise' does not exist on type '{ type: string; }'.
generated/prisma/runtime/wasm-compiler-edge.js(57,1179): error TS2339: Property 'engine' does not exist on type '{ type: string; }'.
generated/prisma/runtime/wasm-compiler-edge.js(57,1380): error TS2353: Object literal may only specify known properties, and 'promise' does not exist in type '{ type: string; }'.
generated/prisma/runtime/wasm-compiler-edge.js(57,1440): error TS2339: Property 'promise' does not exist on type '{ type: string; }'.
generated/prisma/runtime/wasm-compiler-edge.js(57,1493): error TS7006: Parameter 't' implicitly has an 'any' type.
generated/prisma/runtime/wasm-compiler-edge.js(57,1495): error TS7006: Parameter 'r' implicitly has an 'any' type.
generated/prisma/runtime/wasm-compiler-edge.js(57,1497): error TS7006: Parameter 'n' implicitly has an 'any' type.
generated/prisma/runtime/wasm-compiler-edge.js(57,1883): error TS7006: Parameter 't' implicitly has an 'any' type.
generated/prisma/runtime/wasm-compiler-edge.js(57,1909): error TS7031: Binding element 'r' implicitly has an 'any' type.
generated/prisma/runtime/wasm-compiler-edge.js(57,1932): error TS7031: Binding element 'n' implicitly has an 'any' type.
generated/prisma/runtime/wasm-compiler-edge.js(57,2033): error TS7006: Parameter 'd' implicitly has an 'any' type.
generated/prisma/runtime/wasm-compiler-edge.js(57,2525): error TS7006: Parameter 't' implicitly has an 'any' type.
generated/prisma/runtime/wasm-compiler-edge.js(57,2540): error TS7031: Binding element 'r' implicitly has an 'any' type.
generated/prisma/runtime/wasm-compiler-edge.js(57,2563): error TS7031: Binding element 'n' implicitly has an 'any' type.
generated/prisma/runtime/wasm-compiler-edge.js(57,2704): error TS7006: Parameter 'P' implicitly has an 'any' type.
generated/prisma/runtime/wasm-compiler-edge.js(57,3556): error TS7006: Parameter 'M' implicitly has an 'any' type.
generated/prisma/runtime/wasm-compiler-edge.js(57,3603): error TS7006: Parameter 'k' implicitly has an 'any' type.
generated/prisma/runtime/wasm-compiler-edge.js(57,3635): error TS7006: Parameter 'k' implicitly has an 'any' type.
generated/prisma/runtime/wasm-compiler-edge.js(57,4353): error TS7006: Parameter 'M' implicitly has an 'any' type.
generated/prisma/runtime/wasm-compiler-edge.js(57,4473): error TS7006: Parameter 't' implicitly has an 'any' type.
generated/prisma/runtime/wasm-compiler-edge.js(57,4943): error TS7031: Binding element 't' implicitly has an 'any' type.
generated/prisma/runtime/wasm-compiler-edge.js(57,4953): error TS7031: Binding element 'r' implicitly has an 'any' type.
generated/prisma/runtime/wasm-compiler-edge.js(57,5039): error TS7006: Parameter 'n' implicitly has an 'any' type.
generated/prisma/runtime/wasm-compiler-edge.js(57,5062): error TS7006: Parameter 'n' implicitly has an 'any' type.
generated/prisma/runtime/wasm-compiler-edge.js(57,5091): error TS7006: Parameter 'n' implicitly has an 'any' type.
generated/prisma/runtime/wasm-compiler-edge.js(57,5123): error TS7006: Parameter 'e' implicitly has an 'any' type.
generated/prisma/runtime/wasm-compiler-edge.js(57,5125): error TS7006: Parameter 't' implicitly has an 'any' type.
generated/prisma/runtime/wasm-compiler-edge.js(57,5127): error TS7006: Parameter 'r' implicitly has an 'any' type.
generated/prisma/runtime/wasm-compiler-edge.js(57,5140): error TS2345: Argument of type '{ binaryTarget: undefined; title: any; version: any; engineVersion: string; database: any; query: any; }' is not assignable to parameter of type '{ version: any; binaryTarget: any; title: any; description: any; engineVersion: any; database: any; query: any; }'.
  Property 'description' is missing in type '{ binaryTarget: undefined; title: any; version: any; engineVersion: string; database: any; query: any; }' but required in type '{ version: any; binaryTarget: any; title: any; description: any; engineVersion: any; database: any; query: any; }'.
generated/prisma/runtime/wasm-compiler-edge.js(57,5279): error TS7006: Parameter 'e' implicitly has an 'any' type.
generated/prisma/runtime/wasm-compiler-edge.js(57,5326): error TS7006: Parameter 'e' implicitly has an 'any' type.
generated/prisma/runtime/wasm-compiler-edge.js(57,5437): error TS7006: Parameter 'e' implicitly has an 'any' type.
generated/prisma/runtime/wasm-compiler-edge.js(57,5458): error TS7006: Parameter 't' implicitly has an 'any' type.
generated/prisma/runtime/wasm-compiler-edge.js(57,5460): error TS7006: Parameter 'r' implicitly has an 'any' type.
generated/prisma/runtime/wasm-compiler-edge.js(57,5462): error TS7006: Parameter 'n' implicitly has an 'any' type.
generated/prisma/runtime/wasm-compiler-edge.js(57,5563): error TS7006: Parameter 'e' implicitly has an 'any' type.
generated/prisma/runtime/wasm-compiler-edge.js(57,5629): error TS7006: Parameter 'e' implicitly has an 'any' type.
generated/prisma/runtime/wasm-compiler-edge.js(57,5631): error TS7006: Parameter 't' implicitly has an 'any' type.
generated/prisma/runtime/wasm-compiler-edge.js(57,5662): error TS7006: Parameter 'r' implicitly has an 'any' type.
generated/prisma/runtime/wasm-compiler-edge.js(57,5684): error TS7023: 'vl' implicitly has return type 'any' because it does not have a return type annotation and is referenced directly or indirectly in one of its return expressions.
generated/prisma/runtime/wasm-compiler-edge.js(57,5687): error TS7006: Parameter 'e' implicitly has an 'any' type.
generated/prisma/runtime/wasm-compiler-edge.js(57,5689): error TS7006: Parameter 't' implicitly has an 'any' type.
generated/prisma/runtime/wasm-compiler-edge.js(57,5725): error TS7024: Function implicitly has return type 'any' because it does not have a return type annotation and is referenced directly or indirectly in one of its return expressions.
generated/prisma/runtime/wasm-compiler-edge.js(57,5964): error TS7005: Variable 'y' implicitly has an 'any' type.
generated/prisma/runtime/wasm-compiler-edge.js(57,6093): error TS7005: Variable 'y' implicitly has an 'any' type.
generated/prisma/runtime/wasm-compiler-edge.js(57,6233): error TS7005: Variable 'y' implicitly has an 'any' type.
generated/prisma/runtime/wasm-compiler-edge.js(57,6325): error TS7006: Parameter 'e' implicitly has an 'any' type.
generated/prisma/runtime/wasm-compiler-edge.js(57,6519): error TS7023: 'Al' implicitly has return type 'any' because it does not have a return type annotation and is referenced directly or indirectly in one of its return expressions.
generated/prisma/runtime/wasm-compiler-edge.js(57,6522): error TS7006: Parameter 'e' implicitly has an 'any' type.
generated/prisma/runtime/wasm-compiler-edge.js(57,6689): error TS7053: Element implicitly has an 'any' type because expression of type 'string' can't be used to index type '{}'.
  No index signature with a parameter of type 'string' was found on type '{}'.
generated/prisma/runtime/wasm-compiler-edge.js(57,6721): error TS7023: 'Tl' implicitly has return type 'any' because it does not have a return type annotation and is referenced directly or indirectly in one of its return expressions.
generated/prisma/runtime/wasm-compiler-edge.js(57,6724): error TS7006: Parameter 'e' implicitly has an 'any' type.
generated/prisma/runtime/wasm-compiler-edge.js(57,6830): error TS7006: Parameter 'e' implicitly has an 'any' type.
generated/prisma/runtime/wasm-compiler-edge.js(57,6832): error TS7006: Parameter 't' implicitly has an 'any' type.
generated/prisma/runtime/wasm-compiler-edge.js(57,6834): error TS7006: Parameter 'r' implicitly has an 'any' type.
generated/prisma/runtime/wasm-compiler-edge.js(57,6836): error TS7006: Parameter 'n' implicitly has an 'any' type.
generated/prisma/runtime/wasm-compiler-edge.js(64,26): error TS7031: Binding element 'e' implicitly has an 'any' type.
generated/prisma/runtime/wasm-compiler-edge.js(64,43): error TS7031: Binding element 't' implicitly has an 'any' type.
generated/prisma/runtime/wasm-compiler-edge.js(64,48): error TS7006: Parameter 'r' implicitly has an 'any' type.
generated/prisma/runtime/wasm-compiler-edge.js(64,729): error TS7006: Parameter 'e' implicitly has an 'any' type.
generated/prisma/runtime/wasm-compiler-edge.js(64,791): error TS7006: Parameter 'e' implicitly has an 'any' type.
generated/prisma/runtime/wasm-compiler-edge.js(64,865): error TS7006: Parameter 'e' implicitly has an 'any' type.
generated/prisma/runtime/wasm-compiler-edge.js(64,907): error TS7006: Parameter 'e' implicitly has an 'any' type.
generated/prisma/runtime/wasm-compiler-edge.js(64,956): error TS7006: Parameter 'e' implicitly has an 'any' type.
generated/prisma/runtime/wasm-compiler-edge.js(64,975): error TS7006: Parameter 'r' implicitly has an 'any' type.
generated/prisma/runtime/wasm-compiler-edge.js(64,977): error TS7006: Parameter 'n' implicitly has an 'any' type.
generated/prisma/runtime/wasm-compiler-edge.js(64,1126): error TS7006: Parameter 's' implicitly has an 'any' type.
generated/prisma/runtime/wasm-compiler-edge.js(64,1128): error TS7006: Parameter 'a' implicitly has an 'any' type.
generated/prisma/runtime/wasm-compiler-edge.js(64,1159): error TS7006: Parameter 's' implicitly has an 'any' type.
generated/prisma/runtime/wasm-compiler-edge.js(64,1191): error TS7006: Parameter 's' implicitly has an 'any' type.
generated/prisma/runtime/wasm-compiler-edge.js(64,1236): error TS7006: Parameter 's' implicitly has an 'any' type.
generated/prisma/runtime/wasm-compiler-edge.js(64,1356): error TS7006: Parameter 'e' implicitly has an 'any' type.
generated/prisma/runtime/wasm-compiler-edge.js(64,2408): error TS7053: Element implicitly has an 'any' type because expression of type 'string' can't be used to index type 'typeof globalThis'.
  No index signature with a parameter of type 'string' was found on type 'typeof globalThis'.
generated/prisma/runtime/wasm-compiler-edge.js(64,2441): error TS7053: Element implicitly has an 'any' type because expression of type 'string' can't be used to index type 'typeof globalThis'.
  No index signature with a parameter of type 'string' was found on type 'typeof globalThis'.
generated/prisma/runtime/wasm-compiler-edge.js(64,2584): error TS7006: Parameter 'e' implicitly has an 'any' type.
generated/prisma/runtime/wasm-compiler-edge.js(64,2586): error TS7006: Parameter 't' implicitly has an 'any' type.
generated/prisma/runtime/wasm-compiler-edge.js(64,2681): error TS7006: Parameter 't' implicitly has an 'any' type.
generated/prisma/runtime/wasm-compiler-edge.js(64,2753): error TS7006: Parameter 't' implicitly has an 'any' type.
generated/prisma/runtime/wasm-compiler-edge.js(64,2894): error TS7006: Parameter 't' implicitly has an 'any' type.
generated/prisma/runtime/wasm-compiler-edge.js(64,2896): error TS7006: Parameter 'r' implicitly has an 'any' type.
generated/prisma/runtime/wasm-compiler-edge.js(64,3047): error TS7006: Parameter 'e' implicitly has an 'any' type.
generated/prisma/runtime/wasm-compiler-edge.js(64,3063): error TS7034: Variable 'r' implicitly has type 'any' in some locations where its type cannot be determined.
generated/prisma/runtime/wasm-compiler-edge.js(64,3099): error TS7006: Parameter 'i' implicitly has an 'any' type.
generated/prisma/runtime/wasm-compiler-edge.js(64,3117): error TS7005: Variable 'r' implicitly has an 'any' type.
generated/prisma/runtime/wasm-compiler-edge.js(64,3165): error TS7006: Parameter 'e' implicitly has an 'any' type.
generated/prisma/runtime/wasm-compiler-edge.js(64,3206): error TS7006: Parameter 't' implicitly has an 'any' type.
generated/prisma/runtime/wasm-compiler-edge.js(64,3208): error TS7006: Parameter 'r' implicitly has an 'any' type.
generated/prisma/runtime/wasm-compiler-edge.js(64,3414): error TS7006: Parameter 'e' implicitly has an 'any' type.
generated/prisma/runtime/wasm-compiler-edge.js(64,3631): error TS7023: 'Li' implicitly has return type 'any' because it does not have a return type annotation and is referenced directly or indirectly in one of its return expressions.
generated/prisma/runtime/wasm-compiler-edge.js(64,3634): error TS7006: Parameter 'e' implicitly has an 'any' type.
generated/prisma/runtime/wasm-compiler-edge.js(64,3673): error TS7024: Function implicitly has return type 'any' because it does not have a return type annotation and is referenced directly or indirectly in one of its return expressions.
generated/prisma/runtime/wasm-compiler-edge.js(64,4114): error TS7006: Parameter 'e' implicitly has an 'any' type.
generated/prisma/runtime/wasm-compiler-edge.js(64,4124): error TS7053: Element implicitly has an 'any' type because expression of type 'any' can't be used to index type '{ aggregate: boolean; aggregateRaw: boolean; createMany: boolean; createManyAndReturn: boolean; createOne: boolean; deleteMany: boolean; deleteOne: boolean; executeRaw: boolean; findFirst: boolean; ... 11 more ...; upsertOne: boolean; }'.
generated/prisma/runtime/wasm-compiler-edge.js(64,4175): error TS7006: Parameter 't' implicitly has an 'any' type.
generated/prisma/runtime/wasm-compiler-edge.js(64,4239): error TS7006: Parameter 't' implicitly has an 'any' type.
generated/prisma/runtime/wasm-compiler-edge.js(64,4282): error TS7053: Element implicitly has an 'any' type because expression of type 'any' can't be used to index type '{}'.
generated/prisma/runtime/wasm-compiler-edge.js(64,4300): error TS7053: Element implicitly has an 'any' type because expression of type 'any' can't be used to index type '{}'.
generated/prisma/runtime/wasm-compiler-edge.js(64,4356): error TS7005: Variable 'g' implicitly has an 'any' type.
generated/prisma/runtime/wasm-compiler-edge.js(64,4438): error TS7053: Element implicitly has an 'any' type because expression of type 'any' can't be used to index type '{}'.
generated/prisma/runtime/wasm-compiler-edge.js(64,4574): error TS7053: Element implicitly has an 'any' type because expression of type 'string' can't be used to index type '{}'.
  No index signature with a parameter of type 'string' was found on type '{}'.
generated/prisma/runtime/wasm-compiler-edge.js(64,4597): error TS7053: Element implicitly has an 'any' type because expression of type 'string' can't be used to index type '{}'.
  No index signature with a parameter of type 'string' was found on type '{}'.
generated/prisma/runtime/wasm-compiler-edge.js(64,4671): error TS7006: Parameter 'n' implicitly has an 'any' type.
generated/prisma/runtime/wasm-compiler-edge.js(64,4733): error TS7006: Parameter 'n' implicitly has an 'any' type.
generated/prisma/runtime/wasm-compiler-edge.js(64,4763): error TS7006: Parameter 'n' implicitly has an 'any' type.
generated/prisma/runtime/wasm-compiler-edge.js(64,4765): error TS7006: Parameter 'i' implicitly has an 'any' type.
generated/prisma/runtime/wasm-compiler-edge.js(64,4846): error TS7006: Parameter 'n' implicitly has an 'any' type.
generated/prisma/runtime/wasm-compiler-edge.js(64,4866): error TS7006: Parameter 'n' implicitly has an 'any' type.
generated/prisma/runtime/wasm-compiler-edge.js(64,5037): error TS7006: Parameter 'n' implicitly has an 'any' type.
generated/prisma/runtime/wasm-compiler-edge.js(64,5213): error TS7006: Parameter 'e' implicitly has an 'any' type.
generated/prisma/runtime/wasm-compiler-edge.js(64,5215): error TS7006: Parameter 't' implicitly has an 'any' type.
generated/prisma/runtime/wasm-compiler-edge.js(64,5332): error TS7005: Variable 'y' implicitly has an 'any' type.
generated/prisma/runtime/wasm-compiler-edge.js(64,5543): error TS7006: Parameter 'r' implicitly has an 'any' type.
generated/prisma/runtime/wasm-compiler-edge.js(64,5593): error TS7006: Parameter 'r' implicitly has an 'any' type.
generated/prisma/runtime/wasm-compiler-edge.js(64,5644): error TS7006: Parameter 'r' implicitly has an 'any' type.
generated/prisma/runtime/wasm-compiler-edge.js(64,5698): error TS7006: Parameter 'r' implicitly has an 'any' type.
generated/prisma/runtime/wasm-compiler-edge.js(64,5749): error TS7006: Parameter 'r' implicitly has an 'any' type.
generated/prisma/runtime/wasm-compiler-edge.js(64,5796): error TS7006: Parameter 'r' implicitly has an 'any' type.
generated/prisma/runtime/wasm-compiler-edge.js(64,5843): error TS7006: Parameter 'e' implicitly has an 'any' type.
generated/prisma/runtime/wasm-compiler-edge.js(64,5948): error TS7053: Element implicitly has an 'any' type because expression of type 'any' can't be used to index type '{}'.
generated/prisma/runtime/wasm-compiler-edge.js(64,6015): error TS7006: Parameter 'e' implicitly has an 'any' type.
generated/prisma/runtime/wasm-compiler-edge.js(64,6062): error TS7053: Element implicitly has an 'any' type because expression of type 'any' can't be used to index type '{}'.
generated/prisma/runtime/wasm-compiler-edge.js(64,6184): error TS7006: Parameter 't' implicitly has an 'any' type.
generated/prisma/runtime/wasm-compiler-edge.js(64,6186): error TS7006: Parameter 'r' implicitly has an 'any' type.
generated/prisma/runtime/wasm-compiler-edge.js(64,6276): error TS7031: Binding element 'n' implicitly has an 'any' type.
generated/prisma/runtime/wasm-compiler-edge.js(64,6299): error TS7031: Binding element 'i' implicitly has an 'any' type.
generated/prisma/runtime/wasm-compiler-edge.js(64,6353): error TS7006: Parameter 'v' implicitly has an 'any' type.
generated/prisma/runtime/wasm-compiler-edge.js(64,6429): error TS7006: Parameter 'v' implicitly has an 'any' type.
generated/prisma/runtime/wasm-compiler-edge.js(64,6588): error TS7006: Parameter 'v' implicitly has an 'any' type.
generated/prisma/runtime/wasm-compiler-edge.js(64,6590): error TS7006: Parameter 'S' implicitly has an 'any' type.
generated/prisma/runtime/wasm-compiler-edge.js(64,6713): error TS7006: Parameter 'n' implicitly has an 'any' type.
generated/prisma/runtime/wasm-compiler-edge.js(64,7038): error TS7006: Parameter 'n' implicitly has an 'any' type.
generated/prisma/runtime/wasm-compiler-edge.js(64,7124): error TS7006: Parameter 'n' implicitly has an 'any' type.
generated/prisma/runtime/wasm-compiler-edge.js(64,7126): error TS7006: Parameter 'i' implicitly has an 'any' type.
generated/prisma/runtime/wasm-compiler-edge.js(64,7256): error TS7006: Parameter 't' implicitly has an 'any' type.
generated/prisma/runtime/wasm-compiler-edge.js(64,7534): error TS7031: Binding element 't' implicitly has an 'any' type.
generated/prisma/runtime/wasm-compiler-edge.js(64,7545): error TS7031: Binding element 'r' implicitly has an 'any' type.
generated/prisma/runtime/wasm-compiler-edge.js(64,7548): error TS7006: Parameter 'n' implicitly has an 'any' type.
generated/prisma/runtime/wasm-compiler-edge.js(64,7593): error TS7005: Variable 'g' implicitly has an 'any' type.
generated/prisma/runtime/wasm-compiler-edge.js(64,7658): error TS7006: Parameter 't' implicitly has an 'any' type.
generated/prisma/runtime/wasm-compiler-edge.js(64,7762): error TS18046: 'r' is of type 'unknown'.
generated/prisma/runtime/wasm-compiler-edge.js(64,7844): error TS7031: Binding element 't' implicitly has an 'any' type.
generated/prisma/runtime/wasm-compiler-edge.js(64,7859): error TS7031: Binding element 'r' implicitly has an 'any' type.
generated/prisma/runtime/wasm-compiler-edge.js(64,7870): error TS7031: Binding element 'n' implicitly has an 'any' type.
generated/prisma/runtime/wasm-compiler-edge.js(64,7884): error TS7031: Binding element 'i' implicitly has an 'any' type.
generated/prisma/runtime/wasm-compiler-edge.js(64,7891): error TS7031: Binding element 'o' implicitly has an 'any' type.
generated/prisma/runtime/wasm-compiler-edge.js(64,7903): error TS7031: Binding element 's' implicitly has an 'any' type.
generated/prisma/runtime/wasm-compiler-edge.js(64,7916): error TS7031: Binding element 'a' implicitly has an 'any' type.
generated/prisma/runtime/wasm-compiler-edge.js(64,9076): error TS7006: Parameter 't' implicitly has an 'any' type.
generated/prisma/runtime/wasm-compiler-edge.js(64,9163): error TS7006: Parameter 't' implicitly has an 'any' type.
generated/prisma/runtime/wasm-compiler-edge.js(64,9165): error TS7006: Parameter 'r' implicitly has an 'any' type.
generated/prisma/runtime/wasm-compiler-edge.js(64,9167): error TS7006: Parameter 'n' implicitly has an 'any' type.
generated/prisma/runtime/wasm-compiler-edge.js(64,9267): error TS7006: Parameter 'f' implicitly has an 'any' type.
generated/prisma/runtime/wasm-compiler-edge.js(64,9417): error TS7006: Parameter 'e' implicitly has an 'any' type.
generated/prisma/runtime/wasm-compiler-edge.js(64,9606): error TS7006: Parameter 'e' implicitly has an 'any' type.
generated/prisma/runtime/wasm-compiler-edge.js(64,9655): error TS7006: Parameter 'e' implicitly has an 'any' type.
generated/prisma/runtime/wasm-compiler-edge.js(64,9657): error TS7006: Parameter 't' implicitly has an 'any' type.
generated/prisma/runtime/wasm-compiler-edge.js(64,9750): error TS7006: Parameter 'e' implicitly has an 'any' type.
generated/prisma/runtime/wasm-compiler-edge.js(64,9807): error TS7006: Parameter 'e' implicitly has an 'any' type.
generated/prisma/runtime/wasm-compiler-edge.js(64,10099): error TS7006: Parameter 't' implicitly has an 'any' type.
generated/prisma/runtime/wasm-compiler-edge.js(65,437): error TS7006: Parameter 'e' implicitly has an 'any' type.
generated/prisma/runtime/wasm-compiler-edge.js(65,719): error TS7006: Parameter 'e' implicitly has an 'any' type.
generated/prisma/runtime/wasm-compiler-edge.js(65,981): error TS7006: Parameter 'e' implicitly has an 'any' type.
generated/prisma/runtime/wasm-compiler-edge.js(65,1128): error TS7006: Parameter 'r' implicitly has an 'any' type.
generated/prisma/runtime/wasm-compiler-edge.js(65,1310): error TS7006: Parameter 'i' implicitly has an 'any' type.
generated/prisma/runtime/wasm-compiler-edge.js(65,1551): error TS7053: Element implicitly has an 'any' type because expression of type 'string' can't be used to index type '{ level: (r: any) => void; emit: (i: any) => void; }'.
  No index signature with a parameter of type 'string' was found on type '{ level: (r: any) => void; emit: (i: any) => void; }'.
generated/prisma/runtime/wasm-compiler-edge.js(65,1556): error TS7053: Element implicitly has an 'any' type because expression of type 'string' can't be used to index type '{ level: (r: any) => void; emit: (i: any) => void; }'.
  No index signature with a parameter of type 'string' was found on type '{ level: (r: any) => void; emit: (i: any) => void; }'.
generated/prisma/runtime/wasm-compiler-edge.js(65,1674): error TS7006: Parameter 'e' implicitly has an 'any' type.
generated/prisma/runtime/wasm-compiler-edge.js(65,2050): error TS7006: Parameter 'e' implicitly has an 'any' type.
generated/prisma/runtime/wasm-compiler-edge.js(65,2052): error TS7006: Parameter 't' implicitly has an 'any' type.
generated/prisma/runtime/wasm-compiler-edge.js(65,2381): error TS7006: Parameter 'f' implicitly has an 'any' type.
generated/prisma/runtime/wasm-compiler-edge.js(65,2673): error TS7006: Parameter 'e' implicitly has an 'any' type.
generated/prisma/runtime/wasm-compiler-edge.js(65,3055): error TS7006: Parameter 'e' implicitly has an 'any' type.
generated/prisma/runtime/wasm-compiler-edge.js(65,3422): error TS7006: Parameter 'e' implicitly has an 'any' type.
generated/prisma/runtime/wasm-compiler-edge.js(65,3752): error TS7006: Parameter 'e' implicitly has an 'any' type.
generated/prisma/runtime/wasm-compiler-edge.js(65,3754): error TS7006: Parameter 't' implicitly has an 'any' type.
generated/prisma/runtime/wasm-compiler-edge.js(65,3905): error TS7053: Element implicitly has an 'any' type because expression of type 'string' can't be used to index type '{ adapter: () => void; accelerateUrl: (e: any) => void; errorFormat: (e: any) => void; log: (e: any) => void; transactionOptions: (e: any) => void; omit: (e: any, t: any) => void; comments: (e: any) => void; __internal: (e: any) => void; }'.
  No index signature with a parameter of type 'string' was found on type '{ adapter: () => void; accelerateUrl: (e: any) => void; errorFormat: (e: any) => void; log: (e: any) => void; transactionOptions: (e: any) => void; omit: (e: any, t: any) => void; comments: (e: any) => void; __internal: (e: any) => void; }'.
generated/prisma/runtime/wasm-compiler-edge.js(65,3934): error TS7006: Parameter 'e' implicitly has an 'any' type.
generated/prisma/runtime/wasm-compiler-edge.js(65,3936): error TS7006: Parameter 't' implicitly has an 'any' type.
generated/prisma/runtime/wasm-compiler-edge.js(65,4046): error TS7006: Parameter 'e' implicitly has an 'any' type.
generated/prisma/runtime/wasm-compiler-edge.js(65,4048): error TS7006: Parameter 't' implicitly has an 'any' type.
generated/prisma/runtime/wasm-compiler-edge.js(65,4091): error TS7006: Parameter 'i' implicitly has an 'any' type.
generated/prisma/runtime/wasm-compiler-edge.js(65,4144): error TS7006: Parameter 'i' implicitly has an 'any' type.
generated/prisma/runtime/wasm-compiler-edge.js(65,4146): error TS7006: Parameter 'o' implicitly has an 'any' type.
generated/prisma/runtime/wasm-compiler-edge.js(65,4234): error TS7006: Parameter 'e' implicitly has an 'any' type.
generated/prisma/runtime/wasm-compiler-edge.js(65,4236): error TS7006: Parameter 't' implicitly has an 'any' type.
generated/prisma/runtime/wasm-compiler-edge.js(65,4288): error TS7006: Parameter 'e' implicitly has an 'any' type.
generated/prisma/runtime/wasm-compiler-edge.js(65,4290): error TS7006: Parameter 't' implicitly has an 'any' type.
generated/prisma/runtime/wasm-compiler-edge.js(65,4362): error TS7006: Parameter 'e' implicitly has an 'any' type.
generated/prisma/runtime/wasm-compiler-edge.js(65,4364): error TS7006: Parameter 't' implicitly has an 'any' type.
generated/prisma/runtime/wasm-compiler-edge.js(69,86): error TS7006: Parameter 'e' implicitly has an 'any' type.
generated/prisma/runtime/wasm-compiler-edge.js(69,175): error TS7034: Variable 'i' implicitly has type 'any' in some locations where its type cannot be determined.
generated/prisma/runtime/wasm-compiler-edge.js(69,226): error TS7005: Variable 'i' implicitly has an 'any' type.
generated/prisma/runtime/wasm-compiler-edge.js(69,243): error TS7006: Parameter 'f' implicitly has an 'any' type.
generated/prisma/runtime/wasm-compiler-edge.js(69,300): error TS7006: Parameter 'P' implicitly has an 'any' type.
generated/prisma/runtime/wasm-compiler-edge.js(69,316): error TS7006: Parameter 'P' implicitly has an 'any' type.
generated/prisma/runtime/wasm-compiler-edge.js(69,389): error TS7005: Variable 'i' implicitly has an 'any' type.
generated/prisma/runtime/wasm-compiler-edge.js(69,474): error TS7017: Element implicitly has an 'any' type because type 'typeof globalThis' has no index signature.
generated/prisma/runtime/wasm-compiler-edge.js(69,526): error TS7006: Parameter 'e' implicitly has an 'any' type.
generated/prisma/runtime/wasm-compiler-edge.js(69,559): error TS7006: Parameter 'e' implicitly has an 'any' type.
generated/prisma/runtime/wasm-compiler-edge.js(69,659): error TS7006: Parameter 'e' implicitly has an 'any' type.
generated/prisma/runtime/wasm-compiler-edge.js(69,725): error TS7008: Member '_connectionPromise' implicitly has an 'any' type.
generated/prisma/runtime/wasm-compiler-edge.js(69,744): error TS7008: Member '_disconnectionPromise' implicitly has an 'any' type.
generated/prisma/runtime/wasm-compiler-edge.js(69,965): error TS7006: Parameter 'n' implicitly has an 'any' type.
generated/prisma/runtime/wasm-compiler-edge.js(69,1279): error TS7005: Variable '$r' implicitly has an 'any' type.
generated/prisma/runtime/wasm-compiler-edge.js(69,1918): error TS2339: Property 'enable' does not exist on type '(e: any) => (...n: any[]) => void'.
generated/prisma/runtime/wasm-compiler-edge.js(69,1988): error TS7005: Variable 'g' implicitly has an 'any' type.
generated/prisma/runtime/wasm-compiler-edge.js(69,2046): error TS7005: Variable 'g' implicitly has an 'any' type.
generated/prisma/runtime/wasm-compiler-edge.js(69,2298): error TS7006: Parameter 'f' implicitly has an 'any' type.
generated/prisma/runtime/wasm-compiler-edge.js(74,228): error TS7006: Parameter 'v' implicitly has an 'any' type.
generated/prisma/runtime/wasm-compiler-edge.js(74,235): error TS2339: Property 'log' does not exist on type '{}'.
generated/prisma/runtime/wasm-compiler-edge.js(74,245): error TS2339: Property 'tags' does not exist on type '{}'.
generated/prisma/runtime/wasm-compiler-edge.js(74,297): error TS18046: 's' is of type 'unknown'.
generated/prisma/runtime/wasm-compiler-edge.js(74,422): error TS7006: Parameter 'n' implicitly has an 'any' type.
generated/prisma/runtime/wasm-compiler-edge.js(74,424): error TS7006: Parameter 'i' implicitly has an 'any' type.
generated/prisma/runtime/wasm-compiler-edge.js(74,477): error TS2554: Expected 0 arguments, but got 1.
generated/prisma/runtime/wasm-compiler-edge.js(74,584): error TS18046: 'n' is of type 'unknown'.
generated/prisma/runtime/wasm-compiler-edge.js(74,688): error TS18046: 'n' is of type 'unknown'.
generated/prisma/runtime/wasm-compiler-edge.js(74,760): error TS7006: Parameter 'n' implicitly has an 'any' type.
generated/prisma/runtime/wasm-compiler-edge.js(74,762): error TS7006: Parameter 'i' implicitly has an 'any' type.
generated/prisma/runtime/wasm-compiler-edge.js(74,764): error TS7006: Parameter 'o' implicitly has an 'any' type.
generated/prisma/runtime/wasm-compiler-edge.js(74,766): error TS7006: Parameter 's' implicitly has an 'any' type.
generated/prisma/runtime/wasm-compiler-edge.js(74,1003): error TS7006: Parameter 'n' implicitly has an 'any' type.
generated/prisma/runtime/wasm-compiler-edge.js(74,1005): error TS7019: Rest parameter 'i' implicitly has an 'any[]' type.
generated/prisma/runtime/wasm-compiler-edge.js(74,1044): error TS7006: Parameter 'o' implicitly has an 'any' type.
generated/prisma/runtime/wasm-compiler-edge.js(74,1673): error TS7006: Parameter 'n' implicitly has an 'any' type.
generated/prisma/runtime/wasm-compiler-edge.js(74,1675): error TS7019: Rest parameter 'i' implicitly has an 'any[]' type.
generated/prisma/runtime/wasm-compiler-edge.js(74,1714): error TS7006: Parameter 'o' implicitly has an 'any' type.
generated/prisma/runtime/wasm-compiler-edge.js(74,1868): error TS7006: Parameter 'n' implicitly has an 'any' type.
generated/prisma/runtime/wasm-compiler-edge.js(74,2107): error TS7006: Parameter 'i' implicitly has an 'any' type.
generated/prisma/runtime/wasm-compiler-edge.js(74,2283): error TS7006: Parameter 'n' implicitly has an 'any' type.
generated/prisma/runtime/wasm-compiler-edge.js(74,2285): error TS7006: Parameter 'i' implicitly has an 'any' type.
generated/prisma/runtime/wasm-compiler-edge.js(74,2287): error TS7006: Parameter 'o' implicitly has an 'any' type.
generated/prisma/runtime/wasm-compiler-edge.js(74,2289): error TS7006: Parameter 's' implicitly has an 'any' type.
generated/prisma/runtime/wasm-compiler-edge.js(74,2522): error TS7006: Parameter 'n' implicitly has an 'any' type.
generated/prisma/runtime/wasm-compiler-edge.js(74,2524): error TS7019: Rest parameter 'i' implicitly has an 'any[]' type.
generated/prisma/runtime/wasm-compiler-edge.js(74,2563): error TS7006: Parameter 'o' implicitly has an 'any' type.
generated/prisma/runtime/wasm-compiler-edge.js(74,3050): error TS7006: Parameter 'n' implicitly has an 'any' type.
generated/prisma/runtime/wasm-compiler-edge.js(74,3086): error TS7006: Parameter 'i' implicitly has an 'any' type.
generated/prisma/runtime/wasm-compiler-edge.js(74,3357): error TS7006: Parameter 'n' implicitly has an 'any' type.
generated/prisma/runtime/wasm-compiler-edge.js(74,3359): error TS7019: Rest parameter 'i' implicitly has an 'any[]' type.
generated/prisma/runtime/wasm-compiler-edge.js(74,3398): error TS7006: Parameter 'o' implicitly has an 'any' type.
generated/prisma/runtime/wasm-compiler-edge.js(74,3487): error TS7031: Binding element 'n' implicitly has an 'any' type.
generated/prisma/runtime/wasm-compiler-edge.js(74,3497): error TS7031: Binding element 'i' implicitly has an 'any' type.
generated/prisma/runtime/wasm-compiler-edge.js(74,3543): error TS7006: Parameter 'd' implicitly has an 'any' type.
generated/prisma/runtime/wasm-compiler-edge.js(74,3545): error TS7006: Parameter 'f' implicitly has an 'any' type.
generated/prisma/runtime/wasm-compiler-edge.js(74,4018): error TS7031: Binding element 'n' implicitly has an 'any' type.
generated/prisma/runtime/wasm-compiler-edge.js(74,4028): error TS7031: Binding element 'i' implicitly has an 'any' type.
generated/prisma/runtime/wasm-compiler-edge.js(74,4573): error TS7006: Parameter 'n' implicitly has an 'any' type.
generated/prisma/runtime/wasm-compiler-edge.js(74,4746): error TS7006: Parameter 'n' implicitly has an 'any' type.
generated/prisma/runtime/wasm-compiler-edge.js(74,4748): error TS7006: Parameter 'i' implicitly has an 'any' type.
generated/prisma/runtime/wasm-compiler-edge.js(74,5309): error TS7006: Parameter 'n' implicitly has an 'any' type.
generated/prisma/runtime/wasm-compiler-edge.js(74,5661): error TS7006: Parameter 'd' implicitly has an 'any' type.
generated/prisma/runtime/wasm-compiler-edge.js(74,6089): error TS7031: Binding element 'n' implicitly has an 'any' type.
generated/prisma/runtime/wasm-compiler-edge.js(74,6104): error TS7031: Binding element 'i' implicitly has an 'any' type.
generated/prisma/runtime/wasm-compiler-edge.js(74,6115): error TS7031: Binding element 'o' implicitly has an 'any' type.
generated/prisma/runtime/wasm-compiler-edge.js(74,6126): error TS7031: Binding element 's' implicitly has an 'any' type.
generated/prisma/runtime/wasm-compiler-edge.js(74,6135): error TS7031: Binding element 'a' implicitly has an 'any' type.
generated/prisma/runtime/wasm-compiler-edge.js(74,6143): error TS7031: Binding element 'd' implicitly has an 'any' type.
generated/prisma/runtime/wasm-compiler-edge.js(74,6156): error TS7031: Binding element 'f' implicitly has an 'any' type.
generated/prisma/runtime/wasm-compiler-edge.js(74,6170): error TS7031: Binding element 'P' implicitly has an 'any' type.
generated/prisma/runtime/wasm-compiler-edge.js(74,6181): error TS7031: Binding element 'v' implicitly has an 'any' type.
generated/prisma/runtime/wasm-compiler-edge.js(74,6197): error TS7031: Binding element 'S' implicitly has an 'any' type.
generated/prisma/runtime/wasm-compiler-edge.js(74,6220): error TS7031: Binding element 'C' implicitly has an 'any' type.
generated/prisma/runtime/wasm-compiler-edge.js(74,6575): error TS2339: Property 'enabled' does not exist on type '(e: any) => (...n: any[]) => void'.
generated/prisma/runtime/wasm-compiler-edge.js(75,337): error TS18046: 'M' is of type 'unknown'.
generated/prisma/runtime/wasm-compiler-edge.js(75,392): error TS7006: Parameter 'n' implicitly has an 'any' type.
generated/prisma/runtime/wasm-compiler-edge.js(75,484): error TS7006: Parameter 'e' implicitly has an 'any' type.
generated/prisma/runtime/wasm-compiler-edge.js(75,486): error TS7006: Parameter 't' implicitly has an 'any' type.
generated/prisma/runtime/wasm-compiler-edge.js(75,542): error TS7006: Parameter 'e' implicitly has an 'any' type.
generated/prisma/runtime/wasm-compiler-edge.js(75,586): error TS2339: Property 'raw' does not exist on type 'any[]'.
generated/prisma/runtime/wasm-compiler-edge.js(75,759): error TS7006: Parameter 'e' implicitly has an 'any' type.
generated/prisma/runtime/wasm-compiler-edge.js(75,980): error TS7017: Element implicitly has an 'any' type because type 'typeof globalThis' has no index signature.
generated/prisma/runtime/wasm-compiler-edge.js(75,1041): error TS7017: Element implicitly has an 'any' type because type 'typeof globalThis' has no index signature.
generated/prisma/runtime/wasm-compiler-edge.js(75,1071): error TS7017: Element implicitly has an 'any' type because type 'typeof globalThis' has no index signature.
generated/prisma/runtime/wasm-compiler-edge.js(75,1114): error TS7017: Element implicitly has an 'any' type because type 'typeof globalThis' has no index signature.
generated/prisma/runtime/wasm-compiler-edge.js(75,1314): error TS2349: This expression is not callable.
  Not all constituents of type 'string | (() => boolean)' are callable.
    Type 'string' has no call signatures.
generated/prisma/runtime/wasm-compiler-edge.js(75,1314): error TS2722: Cannot invoke an object which is possibly 'undefined'.
generated/prisma/runtime/wasm-compiler-edge.js(75,1684): error TS7053: Element implicitly has an 'any' type because expression of type 'string | (() => boolean)' can't be used to index type '{ node: string; workerd: string; deno: string; netlify: string; "edge-light": string; }'.
  No index signature with a parameter of type 'string' was found on type '{ node: string; workerd: string; deno: string; netlify: string; "edge-light": string; }'.
generated/prisma/runtime/wasm-compiler-edge.js(75,1687): error TS2538: Type '() => boolean' cannot be used as an index type.
generated/prisma/runtime/wasm-compiler-edge.js(75,1751): error TS2345: Argument of type 'string | (() => boolean)' is not assignable to parameter of type 'string'.
  Type '() => boolean' is not assignable to type 'string'.
generated/prisma/runtime/wasm-compiler-edge.js(75,1950): error TS2303: Circular definition of import alias 'AnyNull'.
generated/prisma/runtime/wasm-compiler-edge.js(75,1950): error TS18004: No value exists in scope for the shorthand property 'AnyNull'. Either declare one or provide an initializer.
generated/prisma/runtime/wasm-compiler-edge.js(75,1958): error TS2303: Circular definition of import alias 'DMMF'.
generated/prisma/runtime/wasm-compiler-edge.js(75,1958): error TS18004: No value exists in scope for the shorthand property 'DMMF'. Either declare one or provide an initializer.
generated/prisma/runtime/wasm-compiler-edge.js(75,1963): error TS2303: Circular definition of import alias 'DbNull'.
generated/prisma/runtime/wasm-compiler-edge.js(75,1963): error TS18004: No value exists in scope for the shorthand property 'DbNull'. Either declare one or provide an initializer.
generated/prisma/runtime/wasm-compiler-edge.js(75,1970): error TS2303: Circular definition of import alias 'Debug'.
generated/prisma/runtime/wasm-compiler-edge.js(75,1970): error TS18004: No value exists in scope for the shorthand property 'Debug'. Either declare one or provide an initializer.
generated/prisma/runtime/wasm-compiler-edge.js(75,1976): error TS2303: Circular definition of import alias 'Decimal'.
generated/prisma/runtime/wasm-compiler-edge.js(75,1976): error TS18004: No value exists in scope for the shorthand property 'Decimal'. Either declare one or provide an initializer.
generated/prisma/runtime/wasm-compiler-edge.js(75,1984): error TS2303: Circular definition of import alias 'Extensions'.
generated/prisma/runtime/wasm-compiler-edge.js(75,1984): error TS18004: No value exists in scope for the shorthand property 'Extensions'. Either declare one or provide an initializer.
generated/prisma/runtime/wasm-compiler-edge.js(75,1995): error TS2303: Circular definition of import alias 'JsonNull'.
generated/prisma/runtime/wasm-compiler-edge.js(75,1995): error TS18004: No value exists in scope for the shorthand property 'JsonNull'. Either declare one or provide an initializer.
generated/prisma/runtime/wasm-compiler-edge.js(75,2004): error TS2303: Circular definition of import alias 'NullTypes'.
generated/prisma/runtime/wasm-compiler-edge.js(75,2004): error TS18004: No value exists in scope for the shorthand property 'NullTypes'. Either declare one or provide an initializer.
generated/prisma/runtime/wasm-compiler-edge.js(75,2014): error TS2303: Circular definition of import alias 'ObjectEnumValue'.
generated/prisma/runtime/wasm-compiler-edge.js(75,2014): error TS18004: No value exists in scope for the shorthand property 'ObjectEnumValue'. Either declare one or provide an initializer.
generated/prisma/runtime/wasm-compiler-edge.js(75,2030): error TS2303: Circular definition of import alias 'PrismaClientInitializationError'.
generated/prisma/runtime/wasm-compiler-edge.js(75,2030): error TS18004: No value exists in scope for the shorthand property 'PrismaClientInitializationError'. Either declare one or provide an initializer.
generated/prisma/runtime/wasm-compiler-edge.js(75,2062): error TS2303: Circular definition of import alias 'PrismaClientKnownRequestError'.
generated/prisma/runtime/wasm-compiler-edge.js(75,2062): error TS18004: No value exists in scope for the shorthand property 'PrismaClientKnownRequestError'. Either declare one or provide an initializer.
generated/prisma/runtime/wasm-compiler-edge.js(75,2092): error TS2303: Circular definition of import alias 'PrismaClientRustPanicError'.
generated/prisma/runtime/wasm-compiler-edge.js(75,2092): error TS18004: No value exists in scope for the shorthand property 'PrismaClientRustPanicError'. Either declare one or provide an initializer.
generated/prisma/runtime/wasm-compiler-edge.js(75,2119): error TS2303: Circular definition of import alias 'PrismaClientUnknownRequestError'.
generated/prisma/runtime/wasm-compiler-edge.js(75,2119): error TS18004: No value exists in scope for the shorthand property 'PrismaClientUnknownRequestError'. Either declare one or provide an initializer.
generated/prisma/runtime/wasm-compiler-edge.js(75,2151): error TS2303: Circular definition of import alias 'PrismaClientValidationError'.
generated/prisma/runtime/wasm-compiler-edge.js(75,2151): error TS18004: No value exists in scope for the shorthand property 'PrismaClientValidationError'. Either declare one or provide an initializer.
generated/prisma/runtime/wasm-compiler-edge.js(75,2179): error TS2303: Circular definition of import alias 'Public'.
generated/prisma/runtime/wasm-compiler-edge.js(75,2179): error TS18004: No value exists in scope for the shorthand property 'Public'. Either declare one or provide an initializer.
generated/prisma/runtime/wasm-compiler-edge.js(75,2186): error TS2303: Circular definition of import alias 'Sql'.
generated/prisma/runtime/wasm-compiler-edge.js(75,2186): error TS18004: No value exists in scope for the shorthand property 'Sql'. Either declare one or provide an initializer.
generated/prisma/runtime/wasm-compiler-edge.js(75,2190): error TS2303: Circular definition of import alias 'createParam'.
generated/prisma/runtime/wasm-compiler-edge.js(75,2190): error TS18004: No value exists in scope for the shorthand property 'createParam'. Either declare one or provide an initializer.
generated/prisma/runtime/wasm-compiler-edge.js(75,2202): error TS2303: Circular definition of import alias 'defineDmmfProperty'.
generated/prisma/runtime/wasm-compiler-edge.js(75,2202): error TS18004: No value exists in scope for the shorthand property 'defineDmmfProperty'. Either declare one or provide an initializer.
generated/prisma/runtime/wasm-compiler-edge.js(75,2221): error TS2303: Circular definition of import alias 'deserializeJsonResponse'.
generated/prisma/runtime/wasm-compiler-edge.js(75,2221): error TS18004: No value exists in scope for the shorthand property 'deserializeJsonResponse'. Either declare one or provide an initializer.
generated/prisma/runtime/wasm-compiler-edge.js(75,2245): error TS2303: Circular definition of import alias 'deserializeRawResult'.
generated/prisma/runtime/wasm-compiler-edge.js(75,2245): error TS18004: No value exists in scope for the shorthand property 'deserializeRawResult'. Either declare one or provide an initializer.
generated/prisma/runtime/wasm-compiler-edge.js(75,2266): error TS2303: Circular definition of import alias 'dmmfToRuntimeDataModel'.
generated/prisma/runtime/wasm-compiler-edge.js(75,2266): error TS18004: No value exists in scope for the shorthand property 'dmmfToRuntimeDataModel'. Either declare one or provide an initializer.
generated/prisma/runtime/wasm-compiler-edge.js(75,2289): error TS2303: Circular definition of import alias 'empty'.
generated/prisma/runtime/wasm-compiler-edge.js(75,2289): error TS18004: No value exists in scope for the shorthand property 'empty'. Either declare one or provide an initializer.
generated/prisma/runtime/wasm-compiler-edge.js(75,2295): error TS2303: Circular definition of import alias 'getPrismaClient'.
generated/prisma/runtime/wasm-compiler-edge.js(75,2295): error TS18004: No value exists in scope for the shorthand property 'getPrismaClient'. Either declare one or provide an initializer.
generated/prisma/runtime/wasm-compiler-edge.js(75,2311): error TS2303: Circular definition of import alias 'getRuntime'.
generated/prisma/runtime/wasm-compiler-edge.js(75,2311): error TS18004: No value exists in scope for the shorthand property 'getRuntime'. Either declare one or provide an initializer.
generated/prisma/runtime/wasm-compiler-edge.js(75,2322): error TS2303: Circular definition of import alias 'isAnyNull'.
generated/prisma/runtime/wasm-compiler-edge.js(75,2322): error TS18004: No value exists in scope for the shorthand property 'isAnyNull'. Either declare one or provide an initializer.
generated/prisma/runtime/wasm-compiler-edge.js(75,2332): error TS2303: Circular definition of import alias 'isDbNull'.
generated/prisma/runtime/wasm-compiler-edge.js(75,2332): error TS18004: No value exists in scope for the shorthand property 'isDbNull'. Either declare one or provide an initializer.
generated/prisma/runtime/wasm-compiler-edge.js(75,2341): error TS2303: Circular definition of import alias 'isJsonNull'.
generated/prisma/runtime/wasm-compiler-edge.js(75,2341): error TS18004: No value exists in scope for the shorthand property 'isJsonNull'. Either declare one or provide an initializer.
generated/prisma/runtime/wasm-compiler-edge.js(75,2352): error TS2303: Circular definition of import alias 'join'.
generated/prisma/runtime/wasm-compiler-edge.js(75,2352): error TS18004: No value exists in scope for the shorthand property 'join'. Either declare one or provide an initializer.
generated/prisma/runtime/wasm-compiler-edge.js(75,2357): error TS2303: Circular definition of import alias 'makeStrictEnum'.
generated/prisma/runtime/wasm-compiler-edge.js(75,2357): error TS18004: No value exists in scope for the shorthand property 'makeStrictEnum'. Either declare one or provide an initializer.
generated/prisma/runtime/wasm-compiler-edge.js(75,2372): error TS2303: Circular definition of import alias 'makeTypedQueryFactory'.
generated/prisma/runtime/wasm-compiler-edge.js(75,2372): error TS18004: No value exists in scope for the shorthand property 'makeTypedQueryFactory'. Either declare one or provide an initializer.
generated/prisma/runtime/wasm-compiler-edge.js(75,2394): error TS2303: Circular definition of import alias 'raw'.
generated/prisma/runtime/wasm-compiler-edge.js(75,2394): error TS18004: No value exists in scope for the shorthand property 'raw'. Either declare one or provide an initializer.
generated/prisma/runtime/wasm-compiler-edge.js(75,2398): error TS2303: Circular definition of import alias 'serializeJsonQuery'.
generated/prisma/runtime/wasm-compiler-edge.js(75,2398): error TS18004: No value exists in scope for the shorthand property 'serializeJsonQuery'. Either declare one or provide an initializer.
generated/prisma/runtime/wasm-compiler-edge.js(75,2417): error TS2303: Circular definition of import alias 'skip'.
generated/prisma/runtime/wasm-compiler-edge.js(75,2417): error TS18004: No value exists in scope for the shorthand property 'skip'. Either declare one or provide an initializer.
generated/prisma/runtime/wasm-compiler-edge.js(75,2422): error TS2303: Circular definition of import alias 'sqltag'.
generated/prisma/runtime/wasm-compiler-edge.js(75,2422): error TS18004: No value exists in scope for the shorthand property 'sqltag'. Either declare one or provide an initializer.
generated/prisma/runtime/wasm-compiler-edge.js(75,2429): error TS2303: Circular definition of import alias 'warnOnce'.
generated/prisma/runtime/wasm-compiler-edge.js(75,2429): error TS18004: No value exists in scope for the shorthand property 'warnOnce'. Either declare one or provide an initializer.
generated/prisma/wasm-worker-loader.mjs(5,23): error TS2307: Cannot find module './query_compiler_bg.wasm' or its corresponding type declarations.
